Archive member included to satisfy reference by file (symbol)

/home/access/code/toolchains/gnu_arm/7.2_2017q4/bin/../lib/gcc/arm-none-eabi/7.2.1/thumb/v6-m/libgcc.a(_udivsi3.o)
                              ./dw1000_tofCalcs.o (__aeabi_uidiv)
/home/access/code/toolchains/gnu_arm/7.2_2017q4/bin/../lib/gcc/arm-none-eabi/7.2.1/thumb/v6-m/libgcc.a(_dvmd_tls.o)
                              /home/access/code/toolchains/gnu_arm/7.2_2017q4/bin/../lib/gcc/arm-none-eabi/7.2.1/thumb/v6-m/libgcc.a(_udivsi3.o) (__aeabi_idiv0)
/home/access/code/toolchains/gnu_arm/7.2_2017q4/bin/../lib/gcc/arm-none-eabi/7.2.1/thumb/v6-m/libgcc.a(_arm_cmpsf2.o)
                              ./dw1000_tofCalcs.o (__aeabi_fcmple)
/home/access/code/toolchains/gnu_arm/7.2_2017q4/bin/../lib/gcc/arm-none-eabi/7.2.1/thumb/v6-m/libgcc.a(eqsf2.o)
                              /home/access/code/toolchains/gnu_arm/7.2_2017q4/bin/../lib/gcc/arm-none-eabi/7.2.1/thumb/v6-m/libgcc.a(_arm_cmpsf2.o) (__eqsf2)
/home/access/code/toolchains/gnu_arm/7.2_2017q4/bin/../lib/gcc/arm-none-eabi/7.2.1/thumb/v6-m/libgcc.a(gesf2.o)
                              /home/access/code/toolchains/gnu_arm/7.2_2017q4/bin/../lib/gcc/arm-none-eabi/7.2.1/thumb/v6-m/libgcc.a(_arm_cmpsf2.o) (__gesf2)
/home/access/code/toolchains/gnu_arm/7.2_2017q4/bin/../lib/gcc/arm-none-eabi/7.2.1/thumb/v6-m/libgcc.a(lesf2.o)
                              /home/access/code/toolchains/gnu_arm/7.2_2017q4/bin/../lib/gcc/arm-none-eabi/7.2.1/thumb/v6-m/libgcc.a(_arm_cmpsf2.o) (__lesf2)
/home/access/code/toolchains/gnu_arm/7.2_2017q4/bin/../lib/gcc/arm-none-eabi/7.2.1/thumb/v6-m/libgcc.a(muldf3.o)
                              ./dw1000_tofCalcs.o (__aeabi_dmul)
/home/access/code/toolchains/gnu_arm/7.2_2017q4/bin/../lib/gcc/arm-none-eabi/7.2.1/thumb/v6-m/libgcc.a(floatunsidf.o)
                              ./dw1000_tofCalcs.o (__aeabi_ui2d)
/home/access/code/toolchains/gnu_arm/7.2_2017q4/bin/../lib/gcc/arm-none-eabi/7.2.1/thumb/v6-m/libgcc.a(truncdfsf2.o)
                              ./dw1000_tofCalcs.o (__aeabi_d2f)
/home/access/code/toolchains/gnu_arm/7.2_2017q4/bin/../lib/gcc/arm-none-eabi/7.2.1/thumb/v6-m/libgcc.a(_clzsi2.o)
                              /home/access/code/toolchains/gnu_arm/7.2_2017q4/bin/../lib/gcc/arm-none-eabi/7.2.1/thumb/v6-m/libgcc.a(muldf3.o) (__clzsi2)
/home/access/code/toolchains/gnu_arm/7.2_2017q4/bin/../lib/gcc/arm-none-eabi/7.2.1/../../../../arm-none-eabi/lib/thumb/v6-m/libc_nano.a(lib_a-exit.o)
                              /home/access/code/toolchains/gnu_arm/7.2_2017q4/bin/../lib/gcc/arm-none-eabi/7.2.1/../../../../arm-none-eabi/lib/thumb/v6-m/crt0.o (exit)
/home/access/code/toolchains/gnu_arm/7.2_2017q4/bin/../lib/gcc/arm-none-eabi/7.2.1/../../../../arm-none-eabi/lib/thumb/v6-m/libc_nano.a(lib_a-impure.o)
                              /home/access/code/toolchains/gnu_arm/7.2_2017q4/bin/../lib/gcc/arm-none-eabi/7.2.1/../../../../arm-none-eabi/lib/thumb/v6-m/libc_nano.a(lib_a-exit.o) (_global_impure_ptr)
/home/access/code/toolchains/gnu_arm/7.2_2017q4/bin/../lib/gcc/arm-none-eabi/7.2.1/../../../../arm-none-eabi/lib/thumb/v6-m/libc_nano.a(lib_a-init.o)
                              /home/access/code/toolchains/gnu_arm/7.2_2017q4/bin/../lib/gcc/arm-none-eabi/7.2.1/../../../../arm-none-eabi/lib/thumb/v6-m/crt0.o (__libc_init_array)
/home/access/code/toolchains/gnu_arm/7.2_2017q4/bin/../lib/gcc/arm-none-eabi/7.2.1/../../../../arm-none-eabi/lib/thumb/v6-m/libc_nano.a(lib_a-memcpy-stub.o)
                              ./dw1000_tofCalcs.o (memcpy)
/home/access/code/toolchains/gnu_arm/7.2_2017q4/bin/../lib/gcc/arm-none-eabi/7.2.1/../../../../arm-none-eabi/lib/thumb/v6-m/libc_nano.a(lib_a-memset.o)
                              /home/access/code/toolchains/gnu_arm/7.2_2017q4/bin/../lib/gcc/arm-none-eabi/7.2.1/../../../../arm-none-eabi/lib/thumb/v6-m/crt0.o (memset)
/home/access/code/toolchains/gnu_arm/7.2_2017q4/bin/../lib/gcc/arm-none-eabi/7.2.1/../../../../arm-none-eabi/lib/thumb/v6-m/libnosys.a(_exit.o)
                              /home/access/code/toolchains/gnu_arm/7.2_2017q4/bin/../lib/gcc/arm-none-eabi/7.2.1/../../../../arm-none-eabi/lib/thumb/v6-m/libc_nano.a(lib_a-exit.o) (_exit)

Allocating common symbols
Common symbol       size              file

venus_config_query  0x1               ./config_venus638.o
timer0_ms_ticks     0x2               ./config_efm32zg222f32.o
timer1_us_ticks     0x2               ./config_efm32zg222f32.o
usart_data          0x28              ./config_efm32zg222f32.o
usart_rx_tx_table   0xc               ./config_venus638.o
timer0_us_ticks     0x2               ./config_efm32zg222f32.o
usart_status        0xd               ./config_efm32zg222f32.o
venus_response      0x190             ./config_venus638.o
usart_frameconf_rwc
                    0xc               ./efm32zg_usart_IO_HAL.o
timer1_ms_ticks     0x2               ./config_efm32zg222f32.o
usart_error         0xe               ./config_efm32zg222f32.o
[...]
Memory Configuration

Name             Origin             Length             Attributes
FLASH            0x0000000000000000 0x0000000000008000 xr
RAM              0x0000000020000000 0x0000000000001000 xrw
*default*        0x0000000000000000 0xffffffffffffffff

Linker script and memory map

LOAD /home/access/code/toolchains/gnu_arm/7.2_2017q4/bin/../lib/gcc/arm-none-eabi/7.2.1/thumb/v6-m/crti.o
LOAD /home/access/code/toolchains/gnu_arm/7.2_2017q4/bin/../lib/gcc/arm-none-eabi/7.2.1/thumb/v6-m/crtbegin.o
LOAD /home/access/code/toolchains/gnu_arm/7.2_2017q4/bin/../lib/gcc/arm-none-eabi/7.2.1/../../../../arm-none-eabi/lib/thumb/v6-m/crt0.o
LOAD ./dw1000_types.o
LOAD ./mpi_cmu.o
LOAD ./mpi_usart.o
LOAD ./mpi_ext_dev.o
LOAD ./config_efm32zg222f32.o
LOAD ./config_dw1000.o
LOAD ./efm32zg_gpio_IO_HAL.o
LOAD ./dw1000_tofCalcs.o
LOAD ./spidriver_adaptor.o
LOAD ./config_venus638.o
LOAD ./mpi_gpio.o
LOAD ./efm32zg_usart_IO_HAL.o
LOAD ./efm32zg222f32_adaptor.o
LOAD ./efm32zg_gpio_HAL.o
LOAD ./system_efm32zg.o
LOAD ./venus638_adaptor.o
LOAD ./startup_efm32zg.o
LOAD ./config_example.o
LOAD ./STK3200_config.o
LOAD ./dw1000_adaptor.o
LOAD ./dw1000_nodeMgmt.o
LOAD ./dw1000_commRxTx.o
LOAD ./efm32zg_timer_HAL.o
LOAD ./main.o
LOAD ./dw1000_decodeMAC.o
LOAD ./config_spidriver.o
LOAD ./dw1000_buildMAC.o
LOAD ./efm32zg_cmu_HAL.o
LOAD ./venus638.o
LOAD ./efm32zg_usart_HAL.o
LOAD ./efm32zg_types_HAL.o
LOAD ./mpi_timer.o
START GROUP
LOAD /home/access/code/toolchains/gnu_arm/7.2_2017q4/bin/../lib/gcc/arm-none-eabi/7.2.1/thumb/v6-m/libgcc.a
LOAD /home/access/code/toolchains/gnu_arm/7.2_2017q4/bin/../lib/gcc/arm-none-eabi/7.2.1/../../../../arm-none-eabi/lib/thumb/v6-m/libc_nano.a
LOAD /home/access/code/toolchains/gnu_arm/7.2_2017q4/bin/../lib/gcc/arm-none-eabi/7.2.1/../../../../arm-none-eabi/lib/thumb/v6-m/libnosys.a
END GROUP
START GROUP
LOAD /home/access/code/toolchains/gnu_arm/7.2_2017q4/bin/../lib/gcc/arm-none-eabi/7.2.1/thumb/v6-m/libgcc.a
LOAD /home/access/code/toolchains/gnu_arm/7.2_2017q4/bin/../lib/gcc/arm-none-eabi/7.2.1/../../../../arm-none-eabi/lib/thumb/v6-m/libg_nano.a
LOAD /home/access/code/toolchains/gnu_arm/7.2_2017q4/bin/../lib/gcc/arm-none-eabi/7.2.1/../../../../arm-none-eabi/lib/thumb/v6-m/libc_nano.a
END GROUP
START GROUP
LOAD /home/access/code/toolchains/gnu_arm/7.2_2017q4/bin/../lib/gcc/arm-none-eabi/7.2.1/thumb/v6-m/libgcc.a
LOAD /home/access/code/toolchains/gnu_arm/7.2_2017q4/bin/../lib/gcc/arm-none-eabi/7.2.1/../../../../arm-none-eabi/lib/thumb/v6-m/libc_nano.a
END GROUP
LOAD /home/access/code/toolchains/gnu_arm/7.2_2017q4/bin/../lib/gcc/arm-none-eabi/7.2.1/thumb/v6-m/crtend.o
LOAD /home/access/code/toolchains/gnu_arm/7.2_2017q4/bin/../lib/gcc/arm-none-eabi/7.2.1/thumb/v6-m/crtn.o

.text           0x0000000000000000     0x70d8
 *(.vectors)
 .vectors       0x0000000000000000       0x8c ./startup_efm32zg.o
                0x0000000000000000                __Vectors
                0x000000000000008c                __Vectors_End = .
                0x000000000000008c                __Vectors_Size = (__Vectors_End - __Vectors)
                0x000000000000008c                __end__ = .
 *(.text*)
 .text          0x000000000000008c       0x48 /home/access/code/toolchains/gnu_arm/7.2_2017q4/bin/../lib/gcc/arm-none-eabi/7.2.1/thumb/v6-m/crtbegin.o
 .text          0x00000000000000d4       0x78 /home/access/code/toolchains/gnu_arm/7.2_2017q4/bin/../lib/gcc/arm-none-eabi/7.2.1/../../../../arm-none-eabi/lib/thumb/v6-m/crt0.o
                0x00000000000000d4                _mainCRTStartup
                0x00000000000000d4                _start
 .text.config_unique_id
                0x000000000000014c       0x58 ./dw1000_types.o
                0x000000000000014c                config_unique_id
 .text.config_pan_id
                0x00000000000001a4       0x58 ./dw1000_types.o
                0x00000000000001a4                config_pan_id
 .text.config_sys_conf
                0x00000000000001fc       0x58 ./dw1000_types.o
                0x00000000000001fc                config_sys_conf
 .text.config_tx_frame_ctrl
                0x0000000000000254       0x58 ./dw1000_types.o
                0x0000000000000254                config_tx_frame_ctrl
 .text.config_rf_tx_delay
                0x00000000000002ac       0x58 ./dw1000_types.o
                0x00000000000002ac                config_rf_tx_delay
 .text.config_sys_ctrl_reg
                0x0000000000000304       0x58 ./dw1000_types.o
                0x0000000000000304                config_sys_ctrl_reg
 .text.config_sys_event_mask
                0x000000000000035c       0x58 ./dw1000_types.o
                0x000000000000035c                config_sys_event_mask
 .text.config_sys_event_status
                0x00000000000003b4       0x58 ./dw1000_types.o
                0x00000000000003b4                config_sys_event_status
 .text.config_tx_ant_delay
                0x000000000000040c       0x58 ./dw1000_types.o
                0x000000000000040c                config_tx_ant_delay
 .text.config_ack_resp_time
                0x0000000000000464       0x58 ./dw1000_types.o
                0x0000000000000464                config_ack_resp_time
 .text.config_preamble_rx_config
                0x00000000000004bc       0x58 ./dw1000_types.o
                0x00000000000004bc                config_preamble_rx_config
 .text.config_tx_power_ctrl
                0x0000000000000514       0x58 ./dw1000_types.o
                0x0000000000000514                config_tx_power_ctrl
 .text.config_chan_ctrl
                0x000000000000056c       0x58 ./dw1000_types.o
                0x000000000000056c                config_chan_ctrl
 .text.query_dev_id
                0x00000000000005c4       0x58 ./dw1000_types.o
                0x00000000000005c4                query_dev_id
 .text.query_sys_time
                0x000000000000061c       0x58 ./dw1000_types.o
                0x000000000000061c                query_sys_time
 .text.query_rx_frame_timeout
                0x0000000000000674       0x58 ./dw1000_types.o
                0x0000000000000674                query_rx_frame_timeout
 .text.query_rx_frame_qual
                0x00000000000006cc       0x58 ./dw1000_types.o
                0x00000000000006cc                query_rx_frame_qual
 .text.query_rx_time_interval
                0x0000000000000724       0x58 ./dw1000_types.o
                0x0000000000000724                query_rx_time_interval
 .text.query_sys_state_info
                0x000000000000077c       0x10 ./dw1000_types.o
                0x000000000000077c                query_sys_state_info
 .text.query_unique_id
                0x000000000000078c       0x58 ./dw1000_types.o
                0x000000000000078c                query_unique_id
 .text.query_pan_id
                0x00000000000007e4       0x58 ./dw1000_types.o
                0x00000000000007e4                query_pan_id
 .text.query_sys_conf
                0x000000000000083c       0x10 ./dw1000_types.o
                0x000000000000083c                query_sys_conf
 .text.query_tx_frame_ctrl
                0x000000000000084c       0x10 ./dw1000_types.o
                0x000000000000084c                query_tx_frame_ctrl
 .text.query_rf_tx_delay
                0x000000000000085c       0x58 ./dw1000_types.o
                0x000000000000085c                query_rf_tx_delay
 .text.query_sys_ctrl_reg
                0x00000000000008b4       0x58 ./dw1000_types.o
                0x00000000000008b4                query_sys_ctrl_reg
 .text.query_sys_event_mask
                0x000000000000090c       0x10 ./dw1000_types.o
                0x000000000000090c                query_sys_event_mask
 .text.query_sys_event_status
                0x000000000000091c       0x10 ./dw1000_types.o
                0x000000000000091c                query_sys_event_status
 .text.query_tx_ant_delay
                0x000000000000092c       0x58 ./dw1000_types.o
                0x000000000000092c                query_tx_ant_delay
 .text.query_ack_resp_time
                0x0000000000000984       0x10 ./dw1000_types.o
                0x0000000000000984                query_ack_resp_time
 .text.query_preamble_rx_config
                0x0000000000000994       0x10 ./dw1000_types.o
                0x0000000000000994                query_preamble_rx_config
 .text.query_tx_power_ctrl
                0x00000000000009a4       0x10 ./dw1000_types.o
                0x00000000000009a4                query_tx_power_ctrl
 .text.query_chan_ctrl
                0x00000000000009b4       0x10 ./dw1000_types.o
                0x00000000000009b4                query_chan_ctrl
 .text.mpi_cmuInit
                0x00000000000009c4       0x1c ./mpi_cmu.o
                0x00000000000009c4                mpi_cmuInit
 .text.mpi_cmuConfigReg
                0x00000000000009e0       0x20 ./mpi_cmu.o
                0x00000000000009e0                mpi_cmuConfigReg
 .text.mpi_cmuQueryReg
                0x0000000000000a00       0x20 ./mpi_cmu.o
                0x0000000000000a00                mpi_cmuQueryReg
 .text.mpi_usartInit
                0x0000000000000a20       0x1c ./mpi_usart.o
                0x0000000000000a20                mpi_usartInit
 .text.mpi_extdevInit
                0x0000000000000a3c       0x22 ./mpi_ext_dev.o
                0x0000000000000a3c                mpi_extdevInit
 .text.mpi_extdevData
                0x0000000000000a5e       0x24 ./mpi_ext_dev.o
                0x0000000000000a5e                mpi_extdevData
 *fill*         0x0000000000000a82        0x2 
 .text.zg_gpioReadIn
                0x0000000000000a84       0x44 ./efm32zg_gpio_IO_HAL.o
                0x0000000000000a84                zg_gpioReadIn
 .text.zg_gpioOutTgl
                0x0000000000000ac8       0x3c ./efm32zg_gpio_IO_HAL.o
                0x0000000000000ac8                zg_gpioOutTgl
 .text.zg_gpioOutRead
                0x0000000000000b04       0x44 ./efm32zg_gpio_IO_HAL.o
                0x0000000000000b04                zg_gpioOutRead
 .text.zg_gpioOutWrite
                0x0000000000000b48       0x5c ./efm32zg_gpio_IO_HAL.o
                0x0000000000000b48                zg_gpioOutWrite
 .text.zg_gpioOutClr
                0x0000000000000ba4       0x5c ./efm32zg_gpio_IO_HAL.o
                0x0000000000000ba4                zg_gpioOutClr
 .text.dw_tx_poll_ts
                0x0000000000000c00       0x9e ./dw1000_tofCalcs.o
                0x0000000000000c00                dw_tx_poll_ts
 *fill*         0x0000000000000c9e        0x2 
 .text.dw_tx_resp_ts
                0x0000000000000ca0      0x168 ./dw1000_tofCalcs.o
                0x0000000000000ca0                dw_tx_resp_ts
 .text.dw_tx_final_ts
                0x0000000000000e08      0x180 ./dw1000_tofCalcs.o
                0x0000000000000e08                dw_tx_final_ts
 .text.dw_tof_dist
                0x0000000000000f88       0xdc ./dw1000_tofCalcs.o
                0x0000000000000f88                dw_tof_dist
 .text.dw_deviceStore
                0x0000000000001064      0x288 ./dw1000_tofCalcs.o
                0x0000000000001064                dw_deviceStore
 .text.mpi_gpioInit
                0x00000000000012ec       0x1c ./mpi_gpio.o
                0x00000000000012ec                mpi_gpioInit
 .text.zg_usartRxdataxRead
                0x0000000000001308       0xa4 ./efm32zg_usart_IO_HAL.o
                0x0000000000001308                zg_usartRxdataxRead
 .text.zg_usartRxdataRead
                0x00000000000013ac       0x54 ./efm32zg_usart_IO_HAL.o
                0x00000000000013ac                zg_usartRxdataRead
 .text.zg_usartRxdataxpRead
                0x0000000000001400       0xa4 ./efm32zg_usart_IO_HAL.o
                0x0000000000001400                zg_usartRxdataxpRead
 .text.zg_usartRxdoublexRead
                0x00000000000014a4      0x100 ./efm32zg_usart_IO_HAL.o
                0x00000000000014a4                zg_usartRxdoublexRead
 .text.zg_usartRxdoubleRead
                0x00000000000015a4       0x54 ./efm32zg_usart_IO_HAL.o
                0x00000000000015a4                zg_usartRxdoubleRead
 .text.zg_usartRxdoublexpRead
                0x00000000000015f8      0x100 ./efm32zg_usart_IO_HAL.o
                0x00000000000015f8                zg_usartRxdoublexpRead
 .text.zg_usartTxdataxWrite
                0x00000000000016f8       0xc8 ./efm32zg_usart_IO_HAL.o
                0x00000000000016f8                zg_usartTxdataxWrite
 .text.zg_usartTxdataWrite
                0x00000000000017c0       0x44 ./efm32zg_usart_IO_HAL.o
                0x00000000000017c0                zg_usartTxdataWrite
 .text.zg_usartTxdoublexWrite
                0x0000000000001804       0xd4 ./efm32zg_usart_IO_HAL.o
                0x0000000000001804                zg_usartTxdoublexWrite
 .text.zg_usartTxdoubleWrite
                0x00000000000018d8       0x44 ./efm32zg_usart_IO_HAL.o
                0x00000000000018d8                zg_usartTxdoubleWrite
 .text.usart_assign_rx_data_8_x
                0x000000000000191c       0x26 ./efm32zg_usart_IO_HAL.o
                0x000000000000191c                usart_assign_rx_data_8_x
 .text.usart_assign_rx_data_8
                0x0000000000001942       0x26 ./efm32zg_usart_IO_HAL.o
                0x0000000000001942                usart_assign_rx_data_8
 .text.usart_assign_rx_data_16_x
                0x0000000000001968       0x28 ./efm32zg_usart_IO_HAL.o
                0x0000000000001968                usart_assign_rx_data_16_x
 .text.usart_assign_rx_data_16
                0x0000000000001990       0x28 ./efm32zg_usart_IO_HAL.o
                0x0000000000001990                usart_assign_rx_data_16
 .text.usart_assign_rx_data_8_xp
                0x00000000000019b8       0x26 ./efm32zg_usart_IO_HAL.o
                0x00000000000019b8                usart_assign_rx_data_8_xp
 .text.usart_assign_rx_data_16_xp
                0x00000000000019de       0x28 ./efm32zg_usart_IO_HAL.o
                0x00000000000019de                usart_assign_rx_data_16_xp
 .text.usart_assign_tx_data_8_x
                0x0000000000001a06       0x26 ./efm32zg_usart_IO_HAL.o
                0x0000000000001a06                usart_assign_tx_data_8_x
 .text.usart_assign_tx_data_8
                0x0000000000001a2c       0x26 ./efm32zg_usart_IO_HAL.o
                0x0000000000001a2c                usart_assign_tx_data_8
 .text.usart_assign_tx_data_16_x
                0x0000000000001a52       0x28 ./efm32zg_usart_IO_HAL.o
                0x0000000000001a52                usart_assign_tx_data_16_x
 .text.usart_assign_tx_data_16
                0x0000000000001a7a       0x28 ./efm32zg_usart_IO_HAL.o
                0x0000000000001a7a                usart_assign_tx_data_16
 *fill*         0x0000000000001aa2        0x2 
 .text.__NVIC_EnableIRQ
                0x0000000000001aa4       0x34 ./efm32zg222f32_adaptor.o
 .text.__NVIC_ClearPendingIRQ
                0x0000000000001ad8       0x38 ./efm32zg222f32_adaptor.o
 .text.usart_Init
                0x0000000000001b10       0x74 ./efm32zg222f32_adaptor.o
                0x0000000000001b10                usart_Init
 .text.usart_ConfigReg
                0x0000000000001b84       0x40 ./efm32zg222f32_adaptor.o
                0x0000000000001b84                usart_ConfigReg
 .text.usart_QueryReg
                0x0000000000001bc4       0x40 ./efm32zg222f32_adaptor.o
                0x0000000000001bc4                usart_QueryReg
 .text.usart_Data
                0x0000000000001c04       0xd8 ./efm32zg222f32_adaptor.o
                0x0000000000001c04                usart_Data
 .text.gpio_Init
                0x0000000000001cdc       0xc8 ./efm32zg222f32_adaptor.o
                0x0000000000001cdc                gpio_Init
 .text.gpio_ConfigReg
                0x0000000000001da4       0x40 ./efm32zg222f32_adaptor.o
                0x0000000000001da4                gpio_ConfigReg
 .text.gpio_QueryReg
                0x0000000000001de4       0x40 ./efm32zg222f32_adaptor.o
                0x0000000000001de4                gpio_QueryReg
 .text.gpio_Data
                0x0000000000001e24       0xc4 ./efm32zg222f32_adaptor.o
                0x0000000000001e24                gpio_Data
 .text.cmu_Init
                0x0000000000001ee8       0x90 ./efm32zg222f32_adaptor.o
                0x0000000000001ee8                cmu_Init
 .text.cmu_ConfigReg
                0x0000000000001f78       0x40 ./efm32zg222f32_adaptor.o
                0x0000000000001f78                cmu_ConfigReg
 .text.cmu_QueryReg
                0x0000000000001fb8       0x40 ./efm32zg222f32_adaptor.o
                0x0000000000001fb8                cmu_QueryReg
 .text.timer_Init
                0x0000000000001ff8       0x70 ./efm32zg222f32_adaptor.o
                0x0000000000001ff8                timer_Init
 .text.timer_ConfigReg
                0x0000000000002068       0x40 ./efm32zg222f32_adaptor.o
                0x0000000000002068                timer_ConfigReg
 .text.timer_QueryReg
                0x00000000000020a8       0x40 ./efm32zg222f32_adaptor.o
                0x00000000000020a8                timer_QueryReg
 .text.timer_Delay
                0x00000000000020e8       0x40 ./efm32zg222f32_adaptor.o
                0x00000000000020e8                timer_Delay
 .text.zg_gpioPCtrlRead
                0x0000000000002128       0x38 ./efm32zg_gpio_HAL.o
                0x0000000000002128                zg_gpioPCtrlRead
 .text.zg_gpioPCtrlWrite
                0x0000000000002160       0x4c ./efm32zg_gpio_HAL.o
                0x0000000000002160                zg_gpioPCtrlWrite
 .text.zg_gpioPinModeLowRead
                0x00000000000021ac       0x40 ./efm32zg_gpio_HAL.o
                0x00000000000021ac                zg_gpioPinModeLowRead
 .text.zg_gpioPinModeLowWrite
                0x00000000000021ec       0x58 ./efm32zg_gpio_HAL.o
                0x00000000000021ec                zg_gpioPinModeLowWrite
 .text.zg_gpioPinModeLowClear
                0x0000000000002244       0x5c ./efm32zg_gpio_HAL.o
                0x0000000000002244                zg_gpioPinModeLowClear
 .text.zg_gpioPinModeHighRead
                0x00000000000022a0       0x40 ./efm32zg_gpio_HAL.o
                0x00000000000022a0                zg_gpioPinModeHighRead
 .text.zg_gpioPinModeHighWrite
                0x00000000000022e0       0x58 ./efm32zg_gpio_HAL.o
                0x00000000000022e0                zg_gpioPinModeHighWrite
 .text.zg_gpioPinModeHighClear
                0x0000000000002338       0x5c ./efm32zg_gpio_HAL.o
                0x0000000000002338                zg_gpioPinModeHighClear
 .text.zg_gpioPinLockRead
                0x0000000000002394       0x40 ./efm32zg_gpio_HAL.o
                0x0000000000002394                zg_gpioPinLockRead
 .text.zg_gpioPinLockWrite
                0x00000000000023d4       0x58 ./efm32zg_gpio_HAL.o
                0x00000000000023d4                zg_gpioPinLockWrite
 .text.zg_gpioPinLockClr
                0x000000000000242c       0x5c ./efm32zg_gpio_HAL.o
                0x000000000000242c                zg_gpioPinLockClr
 .text.zg_gpioExtIntPinLowRead
                0x0000000000002488       0x24 ./efm32zg_gpio_HAL.o
                0x0000000000002488                zg_gpioExtIntPinLowRead
 .text.zg_gpioExtIntPinLowWrite
                0x00000000000024ac       0x30 ./efm32zg_gpio_HAL.o
                0x00000000000024ac                zg_gpioExtIntPinLowWrite
 .text.zg_gpioExtIntPinLowClr
                0x00000000000024dc       0x34 ./efm32zg_gpio_HAL.o
                0x00000000000024dc                zg_gpioExtIntPinLowClr
 .text.zg_gpioExtIntPinHighRead
                0x0000000000002510       0x24 ./efm32zg_gpio_HAL.o
                0x0000000000002510                zg_gpioExtIntPinHighRead
 .text.zg_gpioExtIntPinHighWrite
                0x0000000000002534       0x30 ./efm32zg_gpio_HAL.o
                0x0000000000002534                zg_gpioExtIntPinHighWrite
 .text.zg_gpioExtIntPinHighClr
                0x0000000000002564       0x34 ./efm32zg_gpio_HAL.o
                0x0000000000002564                zg_gpioExtIntPinHighClr
 .text.zg_gpioExtIntRiseEdgeRead
                0x0000000000002598       0x24 ./efm32zg_gpio_HAL.o
                0x0000000000002598                zg_gpioExtIntRiseEdgeRead
 .text.zg_gpioExtIntRiseEdgeWrite
                0x00000000000025bc       0x38 ./efm32zg_gpio_HAL.o
                0x00000000000025bc                zg_gpioExtIntRiseEdgeWrite
 .text.zg_gpioExtIntRiseEdgeClr
                0x00000000000025f4       0x34 ./efm32zg_gpio_HAL.o
                0x00000000000025f4                zg_gpioExtIntRiseEdgeClr
 .text.zg_gpioExtIntFallEdgeRead
                0x0000000000002628       0x24 ./efm32zg_gpio_HAL.o
                0x0000000000002628                zg_gpioExtIntFallEdgeRead
 .text.zg_gpioExtIntFallEdgeWrite
                0x000000000000264c       0x38 ./efm32zg_gpio_HAL.o
                0x000000000000264c                zg_gpioExtIntFallEdgeWrite
 .text.zg_gpioExtIntFallEdgeClr
                0x0000000000002684       0x34 ./efm32zg_gpio_HAL.o
                0x0000000000002684                zg_gpioExtIntFallEdgeClr
 .text.zg_gpioIntEnRead
                0x00000000000026b8       0x24 ./efm32zg_gpio_HAL.o
                0x00000000000026b8                zg_gpioIntEnRead
 .text.zg_gpioIntEnWrite
                0x00000000000026dc       0x30 ./efm32zg_gpio_HAL.o
                0x00000000000026dc                zg_gpioIntEnWrite
 .text.zg_gpioIntClr
                0x000000000000270c       0x34 ./efm32zg_gpio_HAL.o
                0x000000000000270c                zg_gpioIntClr
 .text.zg_gpioIntFlagRead
                0x0000000000002740       0x24 ./efm32zg_gpio_HAL.o
                0x0000000000002740                zg_gpioIntFlagRead
 .text.zg_gpioIntFlagWrite
                0x0000000000002764       0x30 ./efm32zg_gpio_HAL.o
                0x0000000000002764                zg_gpioIntFlagWrite
 .text.zg_gpioIntFlagClr
                0x0000000000002794       0x24 ./efm32zg_gpio_HAL.o
                0x0000000000002794                zg_gpioIntFlagClr
 .text.zg_gpioSerialWireEnRead
                0x00000000000027b8       0x24 ./efm32zg_gpio_HAL.o
                0x00000000000027b8                zg_gpioSerialWireEnRead
 .text.zg_gpioSerialWireEnWrite
                0x00000000000027dc       0x30 ./efm32zg_gpio_HAL.o
                0x00000000000027dc                zg_gpioSerialWireEnWrite
 .text.zg_gpioSerialWireEnClr
                0x000000000000280c       0x34 ./efm32zg_gpio_HAL.o
                0x000000000000280c                zg_gpioSerialWireEnClr
 .text.zg_gpioSenseRead
                0x0000000000002840       0x24 ./efm32zg_gpio_HAL.o
                0x0000000000002840                zg_gpioSenseRead
 .text.zg_gpioSenseWrite
                0x0000000000002864       0x30 ./efm32zg_gpio_HAL.o
                0x0000000000002864                zg_gpioSenseWrite
 .text.zg_gpioSenseClr
                0x0000000000002894       0x34 ./efm32zg_gpio_HAL.o
                0x0000000000002894                zg_gpioSenseClr
 .text.zg_gpioConfLockRead
                0x00000000000028c8       0x28 ./efm32zg_gpio_HAL.o
                0x00000000000028c8                zg_gpioConfLockRead
 .text.zg_gpioConfLockWrite
                0x00000000000028f0       0x28 ./efm32zg_gpio_HAL.o
                0x00000000000028f0                zg_gpioConfLockWrite
 .text.zg_gpioConfLockClr
                0x0000000000002918       0x28 ./efm32zg_gpio_HAL.o
                0x0000000000002918                zg_gpioConfLockClr
 .text.zg_gpioEm4RetRead
                0x0000000000002940       0x28 ./efm32zg_gpio_HAL.o
                0x0000000000002940                zg_gpioEm4RetRead
 .text.zg_gpioEm4RetWrite
                0x0000000000002968       0x34 ./efm32zg_gpio_HAL.o
                0x0000000000002968                zg_gpioEm4RetWrite
 .text.zg_gpioEm4RetClr
                0x000000000000299c       0x34 ./efm32zg_gpio_HAL.o
                0x000000000000299c                zg_gpioEm4RetClr
 .text.zg_EM4WakeRead
                0x00000000000029d0       0x28 ./efm32zg_gpio_HAL.o
                0x00000000000029d0                zg_EM4WakeRead
 .text.zg_EM4WakeWrite
                0x00000000000029f8       0x34 ./efm32zg_gpio_HAL.o
                0x00000000000029f8                zg_EM4WakeWrite
 .text.zg_EM4WakeClr
                0x0000000000002a2c       0x34 ./efm32zg_gpio_HAL.o
                0x0000000000002a2c                zg_EM4WakeClr
 .text.zg_EM4PolRead
                0x0000000000002a60       0x28 ./efm32zg_gpio_HAL.o
                0x0000000000002a60                zg_EM4PolRead
 .text.zg_EM4PolWrite
                0x0000000000002a88       0x34 ./efm32zg_gpio_HAL.o
                0x0000000000002a88                zg_EM4PolWrite
 .text.zg_EM4PolClr
                0x0000000000002abc       0x34 ./efm32zg_gpio_HAL.o
                0x0000000000002abc                zg_EM4PolClr
 .text.zg_gpioClrEm4Request
                0x0000000000002af0       0x1c ./efm32zg_gpio_HAL.o
                0x0000000000002af0                zg_gpioClrEm4Request
 .text.zg_EM4Cause
                0x0000000000002b0c       0x28 ./efm32zg_gpio_HAL.o
                0x0000000000002b0c                zg_EM4Cause
 .text.SystemInit
                0x0000000000002b34       0x10 ./system_efm32zg.o
                0x0000000000002b34                SystemInit
 .text          0x0000000000002b44       0x30 ./startup_efm32zg.o
                0x0000000000002b44                Reset_Handler
                0x0000000000002b70                I2C0_IRQHandler
                0x0000000000002b70                HardFault_Handler
                0x0000000000002b70                SysTick_Handler
                0x0000000000002b70                USART1_RX_IRQHandler
                0x0000000000002b70                PendSV_Handler
                0x0000000000002b70                NMI_Handler
                0x0000000000002b70                USART1_TX_IRQHandler
                0x0000000000002b70                MSC_IRQHandler
                0x0000000000002b70                ADC0_IRQHandler
                0x0000000000002b70                LEUART0_IRQHandler
                0x0000000000002b70                GPIO_EVEN_IRQHandler
                0x0000000000002b70                RTC_IRQHandler
                0x0000000000002b70                TIMER0_IRQHandler
                0x0000000000002b70                TIMER1_IRQHandler
                0x0000000000002b70                Default_Handler
                0x0000000000002b70                PCNT0_IRQHandler
                0x0000000000002b70                ACMP0_IRQHandler
                0x0000000000002b70                SVC_Handler
                0x0000000000002b70                CMU_IRQHandler
                0x0000000000002b70                GPIO_ODD_IRQHandler
                0x0000000000002b70                AES_IRQHandler
                0x0000000000002b70                VCMP_IRQHandler
                0x0000000000002b70                DMA_IRQHandler
 .text.dw_Init  0x0000000000002b74       0xb4 ./dw1000_adaptor.o
                0x0000000000002b74                dw_Init
 .text.dw_RegDump
                0x0000000000002c28       0x7c ./dw1000_adaptor.o
                0x0000000000002c28                dw_RegDump
 .text.dw_ConfigReg
                0x0000000000002ca4       0x9c ./dw1000_adaptor.o
                0x0000000000002ca4                dw_ConfigReg
 .text.dw_QueryReg
                0x0000000000002d40       0x70 ./dw1000_adaptor.o
                0x0000000000002d40                dw_QueryReg
 .text.dw_Data  0x0000000000002db0      0x13c ./dw1000_adaptor.o
                0x0000000000002db0                dw_Data
 .text.dw_nodeCreate
                0x0000000000002eec       0xa0 ./dw1000_nodeMgmt.o
                0x0000000000002eec                dw_nodeCreate
 .text.dw_nodeSort
                0x0000000000002f8c       0x84 ./dw1000_nodeMgmt.o
                0x0000000000002f8c                dw_nodeSort
 .text.dw_nodeDelete
                0x0000000000003010       0xa4 ./dw1000_nodeMgmt.o
                0x0000000000003010                dw_nodeDelete
 .text.dw_nodeSearch
                0x00000000000030b4       0x98 ./dw1000_nodeMgmt.o
                0x00000000000030b4                dw_nodeSearch
 .text.dw_Tx    0x000000000000314c       0x28 ./dw1000_commRxTx.o
                0x000000000000314c                dw_Tx
 .text.dw_Rx    0x0000000000003174       0x58 ./dw1000_commRxTx.o
                0x0000000000003174                dw_Rx
 .text.zg_timerCtrlRead
                0x00000000000031cc       0x20 ./efm32zg_timer_HAL.o
                0x00000000000031cc                zg_timerCtrlRead
 .text.zg_timerCtrlWrite
                0x00000000000031ec       0x28 ./efm32zg_timer_HAL.o
                0x00000000000031ec                zg_timerCtrlWrite
 .text.zg_timerCtrlClr
                0x0000000000003214       0x2c ./efm32zg_timer_HAL.o
                0x0000000000003214                zg_timerCtrlClr
 .text.zg_timerCmdWrite
                0x0000000000003240       0x28 ./efm32zg_timer_HAL.o
                0x0000000000003240                zg_timerCmdWrite
 .text.zg_timerStatusRead
                0x0000000000003268       0x20 ./efm32zg_timer_HAL.o
                0x0000000000003268                zg_timerStatusRead
 .text.zg_timerIenRead
                0x0000000000003288       0x20 ./efm32zg_timer_HAL.o
                0x0000000000003288                zg_timerIenRead
 .text.zg_timerIenWrite
                0x00000000000032a8       0x28 ./efm32zg_timer_HAL.o
                0x00000000000032a8                zg_timerIenWrite
 .text.zg_timerIenClr
                0x00000000000032d0       0x2c ./efm32zg_timer_HAL.o
                0x00000000000032d0                zg_timerIenClr
 .text.zg_timerIfrRead
                0x00000000000032fc       0x20 ./efm32zg_timer_HAL.o
                0x00000000000032fc                zg_timerIfrRead
 .text.zg_timerIfsWrite
                0x000000000000331c       0x28 ./efm32zg_timer_HAL.o
                0x000000000000331c                zg_timerIfsWrite
 .text.zg_timerIfcClr
                0x0000000000003344       0x2c ./efm32zg_timer_HAL.o
                0x0000000000003344                zg_timerIfcClr
 .text.zg_timerTopRead
                0x0000000000003370       0x20 ./efm32zg_timer_HAL.o
                0x0000000000003370                zg_timerTopRead
 .text.zg_timerTopWrite
                0x0000000000003390       0x28 ./efm32zg_timer_HAL.o
                0x0000000000003390                zg_timerTopWrite
 .text.zg_timerTopClr
                0x00000000000033b8       0x2c ./efm32zg_timer_HAL.o
                0x00000000000033b8                zg_timerTopClr
 .text.zg_timerTopbRead
                0x00000000000033e4       0x20 ./efm32zg_timer_HAL.o
                0x00000000000033e4                zg_timerTopbRead
 .text.zg_timerTopbWrite
                0x0000000000003404       0x28 ./efm32zg_timer_HAL.o
                0x0000000000003404                zg_timerTopbWrite
 .text.zg_timerTopbClr
                0x000000000000342c       0x2c ./efm32zg_timer_HAL.o
                0x000000000000342c                zg_timerTopbClr
 .text.zg_timerCntRead
                0x0000000000003458       0x20 ./efm32zg_timer_HAL.o
                0x0000000000003458                zg_timerCntRead
 .text.zg_timerCntWrite
                0x0000000000003478       0x28 ./efm32zg_timer_HAL.o
                0x0000000000003478                zg_timerCntWrite
 .text.zg_timerCntClr
                0x00000000000034a0       0x2c ./efm32zg_timer_HAL.o
                0x00000000000034a0                zg_timerCntClr
 .text.zg_timerRouteRead
                0x00000000000034cc       0x20 ./efm32zg_timer_HAL.o
                0x00000000000034cc                zg_timerRouteRead
 .text.zg_timerRouteWrite
                0x00000000000034ec       0x28 ./efm32zg_timer_HAL.o
                0x00000000000034ec                zg_timerRouteWrite
 .text.zg_timerRouteClr
                0x0000000000003514       0x2c ./efm32zg_timer_HAL.o
                0x0000000000003514                zg_timerRouteClr
 .text.zg_timerCc0_ctrlRead
                0x0000000000003540       0x20 ./efm32zg_timer_HAL.o
                0x0000000000003540                zg_timerCc0_ctrlRead
 .text.zg_timerCc0_ctrlWrite
                0x0000000000003560       0x28 ./efm32zg_timer_HAL.o
                0x0000000000003560                zg_timerCc0_ctrlWrite
 .text.zg_timerCc0_ctrlClr
                0x0000000000003588       0x2c ./efm32zg_timer_HAL.o
                0x0000000000003588                zg_timerCc0_ctrlClr
 .text.zg_timerCc0_ccvRead
                0x00000000000035b4       0x20 ./efm32zg_timer_HAL.o
                0x00000000000035b4                zg_timerCc0_ccvRead
 .text.zg_timerCc0_ccvWrite
                0x00000000000035d4       0x28 ./efm32zg_timer_HAL.o
                0x00000000000035d4                zg_timerCc0_ccvWrite
 .text.zg_timerCc0_ccvClr
                0x00000000000035fc       0x2c ./efm32zg_timer_HAL.o
                0x00000000000035fc                zg_timerCc0_ccvClr
 .text.zg_timerCc0_ccvbRead
                0x0000000000003628       0x20 ./efm32zg_timer_HAL.o
                0x0000000000003628                zg_timerCc0_ccvbRead
 .text.zg_timerCc0_ccvbWrite
                0x0000000000003648       0x28 ./efm32zg_timer_HAL.o
                0x0000000000003648                zg_timerCc0_ccvbWrite
 .text.zg_timerCc0_ccvbClr
                0x0000000000003670       0x2c ./efm32zg_timer_HAL.o
                0x0000000000003670                zg_timerCc0_ccvbClr
 .text.zg_timerCc1_ctrlRead
                0x000000000000369c       0x20 ./efm32zg_timer_HAL.o
                0x000000000000369c                zg_timerCc1_ctrlRead
 .text.zg_timerCc1_ctrlWrite
                0x00000000000036bc       0x28 ./efm32zg_timer_HAL.o
                0x00000000000036bc                zg_timerCc1_ctrlWrite
 .text.zg_timerCc1_ctrlClr
                0x00000000000036e4       0x2c ./efm32zg_timer_HAL.o
                0x00000000000036e4                zg_timerCc1_ctrlClr
 .text.zg_timerCc1_ccvRead
                0x0000000000003710       0x20 ./efm32zg_timer_HAL.o
                0x0000000000003710                zg_timerCc1_ccvRead
 .text.zg_timerCc1_ccvWrite
                0x0000000000003730       0x28 ./efm32zg_timer_HAL.o
                0x0000000000003730                zg_timerCc1_ccvWrite
 .text.zg_timerCc1_ccvClr
                0x0000000000003758       0x2c ./efm32zg_timer_HAL.o
                0x0000000000003758                zg_timerCc1_ccvClr
 .text.zg_timerCc1_ccvbRead
                0x0000000000003784       0x20 ./efm32zg_timer_HAL.o
                0x0000000000003784                zg_timerCc1_ccvbRead
 .text.zg_timerCc1_ccvbWrite
                0x00000000000037a4       0x28 ./efm32zg_timer_HAL.o
                0x00000000000037a4                zg_timerCc1_ccvbWrite
 .text.zg_timerCc1_ccvbClr
                0x00000000000037cc       0x2c ./efm32zg_timer_HAL.o
                0x00000000000037cc                zg_timerCc1_ccvbClr
 .text.zg_timerCc2_ctrlRead
                0x00000000000037f8       0x20 ./efm32zg_timer_HAL.o
                0x00000000000037f8                zg_timerCc2_ctrlRead
 .text.zg_timerCc2_ctrlWrite
                0x0000000000003818       0x28 ./efm32zg_timer_HAL.o
                0x0000000000003818                zg_timerCc2_ctrlWrite
 .text.zg_timerCc2_ctrlClr
                0x0000000000003840       0x2c ./efm32zg_timer_HAL.o
                0x0000000000003840                zg_timerCc2_ctrlClr
 .text.zg_timerCc2_ccvRead
                0x000000000000386c       0x20 ./efm32zg_timer_HAL.o
                0x000000000000386c                zg_timerCc2_ccvRead
 .text.zg_timerCc2_ccvWrite
                0x000000000000388c       0x28 ./efm32zg_timer_HAL.o
                0x000000000000388c                zg_timerCc2_ccvWrite
 .text.zg_timerCc2_ccvClr
                0x00000000000038b4       0x2c ./efm32zg_timer_HAL.o
                0x00000000000038b4                zg_timerCc2_ccvClr
 .text.zg_timerCc2_ccvbRead
                0x00000000000038e0       0x20 ./efm32zg_timer_HAL.o
                0x00000000000038e0                zg_timerCc2_ccvbRead
 .text.zg_timerCc2_ccvbWrite
                0x0000000000003900       0x28 ./efm32zg_timer_HAL.o
                0x0000000000003900                zg_timerCc2_ccvbWrite
 .text.zg_timerCc2_ccvbClr
                0x0000000000003928       0x2c ./efm32zg_timer_HAL.o
                0x0000000000003928                zg_timerCc2_ccvbClr
 .text.zg_timerCc0_ccvpRead
                0x0000000000003954       0x20 ./efm32zg_timer_HAL.o
                0x0000000000003954                zg_timerCc0_ccvpRead
 .text.zg_timerCc1_ccvpRead
                0x0000000000003974       0x20 ./efm32zg_timer_HAL.o
                0x0000000000003974                zg_timerCc1_ccvpRead
 .text.zg_timerCc2_ccvpRead
                0x0000000000003994       0x20 ./efm32zg_timer_HAL.o
                0x0000000000003994                zg_timerCc2_ccvpRead
 .text.CHIP_Init
                0x00000000000039b4       0x14 ./main.o
 .text.main     0x00000000000039c8      0x118 ./main.o
                0x00000000000039c8                main
 .text.dw_decodeFrameCtrl
                0x0000000000003ae0       0xa4 ./dw1000_decodeMAC.o
                0x0000000000003ae0                dw_decodeFrameCtrl
 .text.dw_decodeFrameIn
                0x0000000000003b84       0xe8 ./dw1000_decodeMAC.o
                0x0000000000003b84                dw_decodeFrameIn
 .text.dw_handlerBlink
                0x0000000000003c6c      0x1ec ./dw1000_decodeMAC.o
                0x0000000000003c6c                dw_handlerBlink
 .text.dw_handlerRangeInit
                0x0000000000003e58      0x1e0 ./dw1000_decodeMAC.o
                0x0000000000003e58                dw_handlerRangeInit
 .text.dw_handlerPollRespFinal
                0x0000000000004038       0xc4 ./dw1000_decodeMAC.o
                0x0000000000004038                dw_handlerPollRespFinal
 .text.dw_handlerPoll
                0x00000000000040fc      0x15c ./dw1000_decodeMAC.o
                0x00000000000040fc                dw_handlerPoll
 .text.dw_handlerResp
                0x0000000000004258      0x18c ./dw1000_decodeMAC.o
                0x0000000000004258                dw_handlerResp
 .text.dw_handlerFinal
                0x00000000000043e4      0x1e4 ./dw1000_decodeMAC.o
                0x00000000000043e4                dw_handlerFinal
 .text.dw_buildMessageOut
                0x00000000000045c8       0xc0 ./dw1000_buildMAC.o
                0x00000000000045c8                dw_buildMessageOut
 .text.dw_buildMessageHeader
                0x0000000000004688       0x60 ./dw1000_buildMAC.o
                0x0000000000004688                dw_buildMessageHeader
 .text.dw_reg_read_write
                0x00000000000046e8       0x80 ./dw1000_buildMAC.o
                0x00000000000046e8                dw_reg_read_write
 .text.dw_sub_read_write
                0x0000000000004768       0x68 ./dw1000_buildMAC.o
                0x0000000000004768                dw_sub_read_write
 .text.dw_ext_read_write
                0x00000000000047d0       0x2a ./dw1000_buildMAC.o
                0x00000000000047d0                dw_ext_read_write
 .text.dw_buildConfig
                0x00000000000047fa       0x66 ./dw1000_buildMAC.o
                0x00000000000047fa                dw_buildConfig
 .text.dw_buildQuery
                0x0000000000004860       0x66 ./dw1000_buildMAC.o
                0x0000000000004860                dw_buildQuery
 *fill*         0x00000000000048c6        0x2 
 .text.dw_buildBlinkFrame
                0x00000000000048c8      0x178 ./dw1000_buildMAC.o
                0x00000000000048c8                dw_buildBlinkFrame
 .text.dw_buildRangeInitFrame
                0x0000000000004a40      0x270 ./dw1000_buildMAC.o
                0x0000000000004a40                dw_buildRangeInitFrame
 .text.dw_buildPollFrame
                0x0000000000004cb0      0x168 ./dw1000_buildMAC.o
                0x0000000000004cb0                dw_buildPollFrame
 .text.dw_buildResponseFrame
                0x0000000000004e18      0x1c8 ./dw1000_buildMAC.o
                0x0000000000004e18                dw_buildResponseFrame
 .text.dw_buildFinalFrame
                0x0000000000004fe0      0x218 ./dw1000_buildMAC.o
                0x0000000000004fe0                dw_buildFinalFrame
 .text.zg_cmuCtrlRead
                0x00000000000051f8       0x20 ./efm32zg_cmu_HAL.o
                0x00000000000051f8                zg_cmuCtrlRead
 .text.zg_cmuCtrlWrite
                0x0000000000005218       0x28 ./efm32zg_cmu_HAL.o
                0x0000000000005218                zg_cmuCtrlWrite
 .text.zg_cmuCtrlClr
                0x0000000000005240       0x2c ./efm32zg_cmu_HAL.o
                0x0000000000005240                zg_cmuCtrlClr
 .text.zg_cmuHfcoreclkdivRead
                0x000000000000526c       0x20 ./efm32zg_cmu_HAL.o
                0x000000000000526c                zg_cmuHfcoreclkdivRead
 .text.zg_cmuHfcoreclkdivWrite
                0x000000000000528c       0x28 ./efm32zg_cmu_HAL.o
                0x000000000000528c                zg_cmuHfcoreclkdivWrite
 .text.zg_cmuHfcoreclkdivClr
                0x00000000000052b4       0x2c ./efm32zg_cmu_HAL.o
                0x00000000000052b4                zg_cmuHfcoreclkdivClr
 .text.zg_cmuHfperclkdivRead
                0x00000000000052e0       0x20 ./efm32zg_cmu_HAL.o
                0x00000000000052e0                zg_cmuHfperclkdivRead
 .text.zg_cmuHfperclkdivWrite
                0x0000000000005300       0x28 ./efm32zg_cmu_HAL.o
                0x0000000000005300                zg_cmuHfperclkdivWrite
 .text.zg_cmuHfperclkdivClr
                0x0000000000005328       0x2c ./efm32zg_cmu_HAL.o
                0x0000000000005328                zg_cmuHfperclkdivClr
 .text.zg_cmuHfrcoctrlRead
                0x0000000000005354       0x20 ./efm32zg_cmu_HAL.o
                0x0000000000005354                zg_cmuHfrcoctrlRead
 .text.zg_cmuHfrcoctrlWrite
                0x0000000000005374       0x28 ./efm32zg_cmu_HAL.o
                0x0000000000005374                zg_cmuHfrcoctrlWrite
 .text.zg_cmuHfrcoctrlClr
                0x000000000000539c       0x2c ./efm32zg_cmu_HAL.o
                0x000000000000539c                zg_cmuHfrcoctrlClr
 .text.zg_cmuLfrcoctrlRead
                0x00000000000053c8       0x20 ./efm32zg_cmu_HAL.o
                0x00000000000053c8                zg_cmuLfrcoctrlRead
 .text.zg_cmuLfrcoctrlWrite
                0x00000000000053e8       0x28 ./efm32zg_cmu_HAL.o
                0x00000000000053e8                zg_cmuLfrcoctrlWrite
 .text.zg_cmuLfrcoctrlClr
                0x0000000000005410       0x2c ./efm32zg_cmu_HAL.o
                0x0000000000005410                zg_cmuLfrcoctrlClr
 .text.zg_cmuAuxhfrcoctrlRead
                0x000000000000543c       0x20 ./efm32zg_cmu_HAL.o
                0x000000000000543c                zg_cmuAuxhfrcoctrlRead
 .text.zg_cmuAuxhfrcoctrlWrite
                0x000000000000545c       0x28 ./efm32zg_cmu_HAL.o
                0x000000000000545c                zg_cmuAuxhfrcoctrlWrite
 .text.zg_cmuAuxhfrcoctrlClr
                0x0000000000005484       0x2c ./efm32zg_cmu_HAL.o
                0x0000000000005484                zg_cmuAuxhfrcoctrlClr
 .text.zg_cmuCalctrlRead
                0x00000000000054b0       0x20 ./efm32zg_cmu_HAL.o
                0x00000000000054b0                zg_cmuCalctrlRead
 .text.zg_cmuCalctrlWrite
                0x00000000000054d0       0x28 ./efm32zg_cmu_HAL.o
                0x00000000000054d0                zg_cmuCalctrlWrite
 .text.zg_cmuCalctrlClr
                0x00000000000054f8       0x2c ./efm32zg_cmu_HAL.o
                0x00000000000054f8                zg_cmuCalctrlClr
 .text.zg_cmuCalcntRead
                0x0000000000005524       0x20 ./efm32zg_cmu_HAL.o
                0x0000000000005524                zg_cmuCalcntRead
 .text.zg_cmuCalcntWrite
                0x0000000000005544       0x28 ./efm32zg_cmu_HAL.o
                0x0000000000005544                zg_cmuCalcntWrite
 .text.zg_cmuCalcntClr
                0x000000000000556c       0x2c ./efm32zg_cmu_HAL.o
                0x000000000000556c                zg_cmuCalcntClr
 .text.zg_cmuOscencmdWrite
                0x0000000000005598       0x20 ./efm32zg_cmu_HAL.o
                0x0000000000005598                zg_cmuOscencmdWrite
 .text.zg_cmuCmdWrite
                0x00000000000055b8       0x28 ./efm32zg_cmu_HAL.o
                0x00000000000055b8                zg_cmuCmdWrite
 .text.zg_cmuLfclkselRead
                0x00000000000055e0       0x20 ./efm32zg_cmu_HAL.o
                0x00000000000055e0                zg_cmuLfclkselRead
 .text.zg_cmuLfclkselWrite
                0x0000000000005600       0x28 ./efm32zg_cmu_HAL.o
                0x0000000000005600                zg_cmuLfclkselWrite
 .text.zg_cmuLfclkselClr
                0x0000000000005628       0x2c ./efm32zg_cmu_HAL.o
                0x0000000000005628                zg_cmuLfclkselClr
 .text.zg_cmuStatusRead
                0x0000000000005654       0x20 ./efm32zg_cmu_HAL.o
                0x0000000000005654                zg_cmuStatusRead
 .text.zg_cmuIntfRead
                0x0000000000005674       0x20 ./efm32zg_cmu_HAL.o
                0x0000000000005674                zg_cmuIntfRead
 .text.zg_cmuIntfWrite
                0x0000000000005694       0x28 ./efm32zg_cmu_HAL.o
                0x0000000000005694                zg_cmuIntfWrite
 .text.zg_cmuIntfClr
                0x00000000000056bc       0x2c ./efm32zg_cmu_HAL.o
                0x00000000000056bc                zg_cmuIntfClr
 .text.zg_cmuIntenRead
                0x00000000000056e8       0x20 ./efm32zg_cmu_HAL.o
                0x00000000000056e8                zg_cmuIntenRead
 .text.zg_cmuIntenWrite
                0x0000000000005708       0x28 ./efm32zg_cmu_HAL.o
                0x0000000000005708                zg_cmuIntenWrite
 .text.zg_cmuIntenClr
                0x0000000000005730       0x2c ./efm32zg_cmu_HAL.o
                0x0000000000005730                zg_cmuIntenClr
 .text.zg_cmuHfcoreclken0Read
                0x000000000000575c       0x20 ./efm32zg_cmu_HAL.o
                0x000000000000575c                zg_cmuHfcoreclken0Read
 .text.zg_cmuHfcoreclken0Write
                0x000000000000577c       0x28 ./efm32zg_cmu_HAL.o
                0x000000000000577c                zg_cmuHfcoreclken0Write
 .text.zg_cmuHfcoreclken0Clr
                0x00000000000057a4       0x2c ./efm32zg_cmu_HAL.o
                0x00000000000057a4                zg_cmuHfcoreclken0Clr
 .text.zg_cmuHfperclken0Read
                0x00000000000057d0       0x20 ./efm32zg_cmu_HAL.o
                0x00000000000057d0                zg_cmuHfperclken0Read
 .text.zg_cmuHfperclken0Write
                0x00000000000057f0       0x28 ./efm32zg_cmu_HAL.o
                0x00000000000057f0                zg_cmuHfperclken0Write
 .text.zg_cmuHfperclken0Clr
                0x0000000000005818       0x2c ./efm32zg_cmu_HAL.o
                0x0000000000005818                zg_cmuHfperclken0Clr
 .text.zg_cmuSyncbusyRead
                0x0000000000005844       0x20 ./efm32zg_cmu_HAL.o
                0x0000000000005844                zg_cmuSyncbusyRead
 .text.zg_cmuFreezeRead
                0x0000000000005864       0x20 ./efm32zg_cmu_HAL.o
                0x0000000000005864                zg_cmuFreezeRead
 .text.zg_cmuFreezeWrite
                0x0000000000005884       0x28 ./efm32zg_cmu_HAL.o
                0x0000000000005884                zg_cmuFreezeWrite
 .text.zg_cmuFreezeClr
                0x00000000000058ac       0x2c ./efm32zg_cmu_HAL.o
                0x00000000000058ac                zg_cmuFreezeClr
 .text.zg_cmuLfaclken0Read
                0x00000000000058d8       0x20 ./efm32zg_cmu_HAL.o
                0x00000000000058d8                zg_cmuLfaclken0Read
 .text.zg_cmuLfaclken0Write
                0x00000000000058f8       0x28 ./efm32zg_cmu_HAL.o
                0x00000000000058f8                zg_cmuLfaclken0Write
 .text.zg_cmuLfaclken0Clr
                0x0000000000005920       0x2c ./efm32zg_cmu_HAL.o
                0x0000000000005920                zg_cmuLfaclken0Clr
 .text.zg_cmuLfbclken0Read
                0x000000000000594c       0x20 ./efm32zg_cmu_HAL.o
                0x000000000000594c                zg_cmuLfbclken0Read
 .text.zg_cmuLfbclken0Write
                0x000000000000596c       0x28 ./efm32zg_cmu_HAL.o
                0x000000000000596c                zg_cmuLfbclken0Write
 .text.zg_cmuLfbclken0Clr
                0x0000000000005994       0x2c ./efm32zg_cmu_HAL.o
                0x0000000000005994                zg_cmuLfbclken0Clr
 .text.zg_cmuLfapresc0Read
                0x00000000000059c0       0x20 ./efm32zg_cmu_HAL.o
                0x00000000000059c0                zg_cmuLfapresc0Read
 .text.zg_cmuLfapresc0Write
                0x00000000000059e0       0x28 ./efm32zg_cmu_HAL.o
                0x00000000000059e0                zg_cmuLfapresc0Write
 .text.zg_cmuLfapresc0Clr
                0x0000000000005a08       0x2c ./efm32zg_cmu_HAL.o
                0x0000000000005a08                zg_cmuLfapresc0Clr
 .text.zg_cmuLfbpresc0Read
                0x0000000000005a34       0x20 ./efm32zg_cmu_HAL.o
                0x0000000000005a34                zg_cmuLfbpresc0Read
 .text.zg_cmuLfbpresc0Write
                0x0000000000005a54       0x28 ./efm32zg_cmu_HAL.o
                0x0000000000005a54                zg_cmuLfbpresc0Write
 .text.zg_cmuLfbpresc0Clr
                0x0000000000005a7c       0x2c ./efm32zg_cmu_HAL.o
                0x0000000000005a7c                zg_cmuLfbpresc0Clr
 .text.zg_cmuPcntctrlRead
                0x0000000000005aa8       0x20 ./efm32zg_cmu_HAL.o
                0x0000000000005aa8                zg_cmuPcntctrlRead
 .text.zg_cmuPcntctrlWrite
                0x0000000000005ac8       0x28 ./efm32zg_cmu_HAL.o
                0x0000000000005ac8                zg_cmuPcntctrlWrite
 .text.zg_cmuPcntctrlClr
                0x0000000000005af0       0x2c ./efm32zg_cmu_HAL.o
                0x0000000000005af0                zg_cmuPcntctrlClr
 .text.zg_cmuRouteRead
                0x0000000000005b1c       0x24 ./efm32zg_cmu_HAL.o
                0x0000000000005b1c                zg_cmuRouteRead
 .text.zg_cmuRouteWrite
                0x0000000000005b40       0x2c ./efm32zg_cmu_HAL.o
                0x0000000000005b40                zg_cmuRouteWrite
 .text.zg_cmuRouteClr
                0x0000000000005b6c       0x30 ./efm32zg_cmu_HAL.o
                0x0000000000005b6c                zg_cmuRouteClr
 .text.zg_cmuLockRead
                0x0000000000005b9c       0x24 ./efm32zg_cmu_HAL.o
                0x0000000000005b9c                zg_cmuLockRead
 .text.zg_cmuLockWrite
                0x0000000000005bc0       0x2c ./efm32zg_cmu_HAL.o
                0x0000000000005bc0                zg_cmuLockWrite
 .text.zg_cmuLockClr
                0x0000000000005bec       0x30 ./efm32zg_cmu_HAL.o
                0x0000000000005bec                zg_cmuLockClr
 .text.zg_usartCtrlRead
                0x0000000000005c1c       0x20 ./efm32zg_usart_HAL.o
                0x0000000000005c1c                zg_usartCtrlRead
 .text.zg_usartCtrlWrite
                0x0000000000005c3c       0x28 ./efm32zg_usart_HAL.o
                0x0000000000005c3c                zg_usartCtrlWrite
 .text.zg_usartCtrlClr
                0x0000000000005c64       0x2c ./efm32zg_usart_HAL.o
                0x0000000000005c64                zg_usartCtrlClr
 .text.zg_usartFrameRead
                0x0000000000005c90       0x20 ./efm32zg_usart_HAL.o
                0x0000000000005c90                zg_usartFrameRead
 .text.zg_usartFrameWrite
                0x0000000000005cb0       0x28 ./efm32zg_usart_HAL.o
                0x0000000000005cb0                zg_usartFrameWrite
 .text.zg_usartFrameClr
                0x0000000000005cd8       0x2c ./efm32zg_usart_HAL.o
                0x0000000000005cd8                zg_usartFrameClr
 .text.zg_usartTrigctrlRead
                0x0000000000005d04       0x20 ./efm32zg_usart_HAL.o
                0x0000000000005d04                zg_usartTrigctrlRead
 .text.zg_usartTrigctrlWrite
                0x0000000000005d24       0x28 ./efm32zg_usart_HAL.o
                0x0000000000005d24                zg_usartTrigctrlWrite
 .text.zg_usartTrigctrlClr
                0x0000000000005d4c       0x2c ./efm32zg_usart_HAL.o
                0x0000000000005d4c                zg_usartTrigctrlClr
 .text.zg_usartStatusRead
                0x0000000000005d78       0x20 ./efm32zg_usart_HAL.o
                0x0000000000005d78                zg_usartStatusRead
 .text.zg_usartCmdWrite
                0x0000000000005d98       0x28 ./efm32zg_usart_HAL.o
                0x0000000000005d98                zg_usartCmdWrite
 .text.zg_usartCmdClr
                0x0000000000005dc0       0x2c ./efm32zg_usart_HAL.o
                0x0000000000005dc0                zg_usartCmdClr
 .text.zg_usartClkdivRead
                0x0000000000005dec       0x20 ./efm32zg_usart_HAL.o
                0x0000000000005dec                zg_usartClkdivRead
 .text.zg_usartClkdivWrite
                0x0000000000005e0c       0x28 ./efm32zg_usart_HAL.o
                0x0000000000005e0c                zg_usartClkdivWrite
 .text.zg_usartClkdivClr
                0x0000000000005e34       0x2c ./efm32zg_usart_HAL.o
                0x0000000000005e34                zg_usartClkdivClr
 .text.zg_usartIntflagRead
                0x0000000000005e60       0x20 ./efm32zg_usart_HAL.o
                0x0000000000005e60                zg_usartIntflagRead
 .text.zg_usartIntflagWrite
                0x0000000000005e80       0x28 ./efm32zg_usart_HAL.o
                0x0000000000005e80                zg_usartIntflagWrite
 .text.zg_usartIntflagClr
                0x0000000000005ea8       0x2c ./efm32zg_usart_HAL.o
                0x0000000000005ea8                zg_usartIntflagClr
 .text.zg_usartIrctrlRead
                0x0000000000005ed4       0x20 ./efm32zg_usart_HAL.o
                0x0000000000005ed4                zg_usartIrctrlRead
 .text.zg_usartIrctrlWrite
                0x0000000000005ef4       0x28 ./efm32zg_usart_HAL.o
                0x0000000000005ef4                zg_usartIrctrlWrite
 .text.zg_usartIrctrlClr
                0x0000000000005f1c       0x2c ./efm32zg_usart_HAL.o
                0x0000000000005f1c                zg_usartIrctrlClr
 .text.zg_usartRouteRead
                0x0000000000005f48       0x20 ./efm32zg_usart_HAL.o
                0x0000000000005f48                zg_usartRouteRead
 .text.zg_usartRouteWrite
                0x0000000000005f68       0x28 ./efm32zg_usart_HAL.o
                0x0000000000005f68                zg_usartRouteWrite
 .text.zg_usartRouteClr
                0x0000000000005f90       0x2c ./efm32zg_usart_HAL.o
                0x0000000000005f90                zg_usartRouteClr
 .text.zg_usartInputRead
                0x0000000000005fbc       0x20 ./efm32zg_usart_HAL.o
                0x0000000000005fbc                zg_usartInputRead
 .text.zg_usartInputWrite
                0x0000000000005fdc       0x28 ./efm32zg_usart_HAL.o
                0x0000000000005fdc                zg_usartInputWrite
 .text.zg_usartInputClr
                0x0000000000006004       0x2c ./efm32zg_usart_HAL.o
                0x0000000000006004                zg_usartInputClr
 .text.zg_usartI2sctrlRead
                0x0000000000006030       0x20 ./efm32zg_usart_HAL.o
                0x0000000000006030                zg_usartI2sctrlRead
 .text.zg_usartI2sctrlWrite
                0x0000000000006050       0x28 ./efm32zg_usart_HAL.o
                0x0000000000006050                zg_usartI2sctrlWrite
 .text.zg_usartI2sctrlClr
                0x0000000000006078       0x2c ./efm32zg_usart_HAL.o
                0x0000000000006078                zg_usartI2sctrlClr
 .text.mpi_timerInit
                0x00000000000060a4       0x1c ./mpi_timer.o
                0x00000000000060a4                mpi_timerInit
 .text.mpi_timerDelay
                0x00000000000060c0       0x1c ./mpi_timer.o
                0x00000000000060c0                mpi_timerDelay
 .text          0x00000000000060dc      0x114 /home/access/code/toolchains/gnu_arm/7.2_2017q4/bin/../lib/gcc/arm-none-eabi/7.2.1/thumb/v6-m/libgcc.a(_udivsi3.o)
                0x00000000000060dc                __udivsi3
                0x00000000000060dc                __aeabi_uidiv
                0x00000000000061e8                __aeabi_uidivmod
 .text          0x00000000000061f0        0x4 /home/access/code/toolchains/gnu_arm/7.2_2017q4/bin/../lib/gcc/arm-none-eabi/7.2.1/thumb/v6-m/libgcc.a(_dvmd_tls.o)
                0x00000000000061f0                __aeabi_ldiv0
                0x00000000000061f0                __aeabi_idiv0
 .text          0x00000000000061f4       0x74 /home/access/code/toolchains/gnu_arm/7.2_2017q4/bin/../lib/gcc/arm-none-eabi/7.2.1/thumb/v6-m/libgcc.a(_arm_cmpsf2.o)
                0x00000000000061f4                __aeabi_cfrcmple
                0x00000000000061fc                __aeabi_cfcmple
                0x00000000000061fc                __aeabi_cfcmpeq
                0x000000000000620c                __aeabi_fcmpeq
                0x0000000000006218                __aeabi_fcmplt
                0x000000000000622c                __aeabi_fcmple
                0x0000000000006240                __aeabi_fcmpgt
                0x0000000000006254                __aeabi_fcmpge
 .text          0x0000000000006268       0x50 /home/access/code/toolchains/gnu_arm/7.2_2017q4/bin/../lib/gcc/arm-none-eabi/7.2.1/thumb/v6-m/libgcc.a(eqsf2.o)
                0x0000000000006268                __nesf2
                0x0000000000006268                __eqsf2
 .text          0x00000000000062b8       0x9c /home/access/code/toolchains/gnu_arm/7.2_2017q4/bin/../lib/gcc/arm-none-eabi/7.2.1/thumb/v6-m/libgcc.a(gesf2.o)
                0x00000000000062b8                __gtsf2
                0x00000000000062b8                __gesf2
 .text          0x0000000000006354       0xa0 /home/access/code/toolchains/gnu_arm/7.2_2017q4/bin/../lib/gcc/arm-none-eabi/7.2.1/thumb/v6-m/libgcc.a(lesf2.o)
                0x0000000000006354                __lesf2
                0x0000000000006354                __ltsf2
 .text          0x00000000000063f4      0x4e4 /home/access/code/toolchains/gnu_arm/7.2_2017q4/bin/../lib/gcc/arm-none-eabi/7.2.1/thumb/v6-m/libgcc.a(muldf3.o)
                0x00000000000063f4                __aeabi_dmul
 .text          0x00000000000068d8       0x64 /home/access/code/toolchains/gnu_arm/7.2_2017q4/bin/../lib/gcc/arm-none-eabi/7.2.1/thumb/v6-m/libgcc.a(floatunsidf.o)
                0x00000000000068d8                __aeabi_ui2d
 .text          0x000000000000693c      0x108 /home/access/code/toolchains/gnu_arm/7.2_2017q4/bin/../lib/gcc/arm-none-eabi/7.2.1/thumb/v6-m/libgcc.a(truncdfsf2.o)
                0x000000000000693c                __aeabi_d2f
 .text          0x0000000000006a44       0x3c /home/access/code/toolchains/gnu_arm/7.2_2017q4/bin/../lib/gcc/arm-none-eabi/7.2.1/thumb/v6-m/libgcc.a(_clzsi2.o)
                0x0000000000006a44                __clzsi2
 .text.exit     0x0000000000006a80       0x2c /home/access/code/toolchains/gnu_arm/7.2_2017q4/bin/../lib/gcc/arm-none-eabi/7.2.1/../../../../arm-none-eabi/lib/thumb/v6-m/libc_nano.a(lib_a-exit.o)
                0x0000000000006a80                exit
 .text.__libc_init_array
                0x0000000000006aac       0x48 /home/access/code/toolchains/gnu_arm/7.2_2017q4/bin/../lib/gcc/arm-none-eabi/7.2.1/../../../../arm-none-eabi/lib/thumb/v6-m/libc_nano.a(lib_a-init.o)
                0x0000000000006aac                __libc_init_array
 .text.memcpy   0x0000000000006af4       0x12 /home/access/code/toolchains/gnu_arm/7.2_2017q4/bin/../lib/gcc/arm-none-eabi/7.2.1/../../../../arm-none-eabi/lib/thumb/v6-m/libc_nano.a(lib_a-memcpy-stub.o)
                0x0000000000006af4                memcpy
 .text.memset   0x0000000000006b06       0x10 /home/access/code/toolchains/gnu_arm/7.2_2017q4/bin/../lib/gcc/arm-none-eabi/7.2.1/../../../../arm-none-eabi/lib/thumb/v6-m/libc_nano.a(lib_a-memset.o)
                0x0000000000006b06                memset
 *fill*         0x0000000000006b16        0x2 
 .text._exit    0x0000000000006b18        0x4 /home/access/code/toolchains/gnu_arm/7.2_2017q4/bin/../lib/gcc/arm-none-eabi/7.2.1/../../../../arm-none-eabi/lib/thumb/v6-m/libnosys.a(_exit.o)
                0x0000000000006b18                _exit
 *(.init)
 .init          0x0000000000006b1c        0x4 /home/access/code/toolchains/gnu_arm/7.2_2017q4/bin/../lib/gcc/arm-none-eabi/7.2.1/thumb/v6-m/crti.o
                0x0000000000006b1c                _init
 .init          0x0000000000006b20        0x8 /home/access/code/toolchains/gnu_arm/7.2_2017q4/bin/../lib/gcc/arm-none-eabi/7.2.1/thumb/v6-m/crtn.o
 *(.fini)
 .fini          0x0000000000006b28        0x4 /home/access/code/toolchains/gnu_arm/7.2_2017q4/bin/../lib/gcc/arm-none-eabi/7.2.1/thumb/v6-m/crti.o
                0x0000000000006b28                _fini
 .fini          0x0000000000006b2c        0x8 /home/access/code/toolchains/gnu_arm/7.2_2017q4/bin/../lib/gcc/arm-none-eabi/7.2.1/thumb/v6-m/crtn.o
 *crtbegin.o(.ctors)
 *crtbegin?.o(.ctors)
 *(EXCLUDE_FILE(*crtend.o *crtend?.o) .ctors)
 *(SORT_BY_NAME(.ctors.*))
 *(.ctors)
 *crtbegin.o(.dtors)
 *crtbegin?.o(.dtors)
 *(EXCLUDE_FILE(*crtend.o *crtend?.o) .dtors)
 *(SORT_BY_NAME(.dtors.*))
 *(.dtors)
 *(.rodata*)
 .rodata.dw_fn_code_table
                0x0000000000006b34       0x18 ./dw1000_types.o
                0x0000000000006b34                dw_fn_code_table
 .rodata.gpio_pinin_read
                0x0000000000006b4c        0x4 ./efm32zg_gpio_IO_HAL.o
                0x0000000000006b4c                gpio_pinin_read
 .rodata.gpio_out
                0x0000000000006b50        0xc ./efm32zg_gpio_IO_HAL.o
                0x0000000000006b50                gpio_out
 .rodata.gpio_pinout_tgl
                0x0000000000006b5c        0x4 ./efm32zg_gpio_IO_HAL.o
                0x0000000000006b5c                gpio_pinout_tgl
 .rodata.usart_IO_table
                0x0000000000006b60       0x18 ./efm32zg_usart_IO_HAL.o
                0x0000000000006b60                usart_IO_table
 .rodata.usart_IO_host_slave_transfer
                0x0000000000006b78        0x8 ./efm32zg_usart_IO_HAL.o
                0x0000000000006b78                usart_IO_host_slave_transfer
 .rodata.usart_rx_8_xp
                0x0000000000006b80        0x4 ./efm32zg_usart_IO_HAL.o
                0x0000000000006b80                usart_rx_8_xp
 .rodata.usart_rx_16_xp
                0x0000000000006b84        0x4 ./efm32zg_usart_IO_HAL.o
                0x0000000000006b84                usart_rx_16_xp
 .rodata.usart_rxtx_data_x
                0x0000000000006b88        0x8 ./efm32zg_usart_IO_HAL.o
                0x0000000000006b88                usart_rxtx_data_x
 .rodata.usart_rxtx_data
                0x0000000000006b90        0x8 ./efm32zg_usart_IO_HAL.o
                0x0000000000006b90                usart_rxtx_data
 .rodata.usart_rxtx_double_x
                0x0000000000006b98        0x8 ./efm32zg_usart_IO_HAL.o
                0x0000000000006b98                usart_rxtx_double_x
 .rodata.usart_rxtx_double
                0x0000000000006ba0        0x8 ./efm32zg_usart_IO_HAL.o
                0x0000000000006ba0                usart_rxtx_double
 .rodata.usart_rx_bitwidth_table
                0x0000000000006ba8       0x18 ./efm32zg_usart_IO_HAL.o
                0x0000000000006ba8                usart_rx_bitwidth_table
 .rodata.usart_tx_bitwidth_table
                0x0000000000006bc0       0x18 ./efm32zg_usart_IO_HAL.o
                0x0000000000006bc0                usart_tx_bitwidth_table
 .rodata.gpio_config_table
                0x0000000000006bd8       0x80 ./efm32zg_gpio_HAL.o
                0x0000000000006bd8                gpio_config_table
 .rodata.gpio_port_config_table
                0x0000000000006c58       0x14 ./efm32zg_gpio_HAL.o
                0x0000000000006c58                gpio_port_config_table
 .rodata.gpio_int_ctrl
                0x0000000000006c6c        0xc ./efm32zg_gpio_HAL.o
                0x0000000000006c6c                gpio_int_ctrl
 .rodata.gpio_extint_low_pins
                0x0000000000006c78        0xc ./efm32zg_gpio_HAL.o
                0x0000000000006c78                gpio_extint_low_pins
 .rodata.gpio_extint_high_pins
                0x0000000000006c84        0xc ./efm32zg_gpio_HAL.o
                0x0000000000006c84                gpio_extint_high_pins
 .rodata.gpio_extint_rise_edge
                0x0000000000006c90        0xc ./efm32zg_gpio_HAL.o
                0x0000000000006c90                gpio_extint_rise_edge
 .rodata.gpio_extint_fall_edge
                0x0000000000006c9c        0xc ./efm32zg_gpio_HAL.o
                0x0000000000006c9c                gpio_extint_fall_edge
 .rodata.gpio_int_flag
                0x0000000000006ca8        0xc ./efm32zg_gpio_HAL.o
                0x0000000000006ca8                gpio_int_flag
 .rodata.gpio_route
                0x0000000000006cb4        0xc ./efm32zg_gpio_HAL.o
                0x0000000000006cb4                gpio_route
 .rodata.gpio_insense
                0x0000000000006cc0        0xc ./efm32zg_gpio_HAL.o
                0x0000000000006cc0                gpio_insense
 .rodata.gpio_conf_lock
                0x0000000000006ccc        0xc ./efm32zg_gpio_HAL.o
                0x0000000000006ccc                gpio_conf_lock
 .rodata.gpio_em4retention
                0x0000000000006cd8        0xc ./efm32zg_gpio_HAL.o
                0x0000000000006cd8                gpio_em4retention
 .rodata.gpio_em4wake
                0x0000000000006ce4        0xc ./efm32zg_gpio_HAL.o
                0x0000000000006ce4                gpio_em4wake
 .rodata.gpio_em4polarity
                0x0000000000006cf0        0xc ./efm32zg_gpio_HAL.o
                0x0000000000006cf0                gpio_em4polarity
 .rodata.gpio_ctrl
                0x0000000000006cfc        0xc ./efm32zg_gpio_HAL.o
                0x0000000000006cfc                gpio_ctrl
 .rodata.gpio_low_pinmode
                0x0000000000006d08        0xc ./efm32zg_gpio_HAL.o
                0x0000000000006d08                gpio_low_pinmode
 .rodata.gpio_high_pinmode
                0x0000000000006d14        0xc ./efm32zg_gpio_HAL.o
                0x0000000000006d14                gpio_high_pinmode
 .rodata.gpio_pinlock
                0x0000000000006d20        0xc ./efm32zg_gpio_HAL.o
                0x0000000000006d20                gpio_pinlock
 .rodata.gpio_em4clr_all
                0x0000000000006d2c        0x4 ./efm32zg_gpio_HAL.o
                0x0000000000006d2c                gpio_em4clr_all
 .rodata.gpio_em4cause
                0x0000000000006d30        0x4 ./efm32zg_gpio_HAL.o
                0x0000000000006d30                gpio_em4cause
 .rodata.timer_config_table
                0x0000000000006d34       0x80 ./efm32zg_timer_HAL.o
                0x0000000000006d34                timer_config_table
 .rodata.dw_handler_table
                0x0000000000006db4       0x10 ./dw1000_decodeMAC.o
                0x0000000000006db4                dw_handler_table
 .rodata.dw_frame_build_table
                0x0000000000006dc4       0x18 ./dw1000_buildMAC.o
                0x0000000000006dc4                dw_frame_build_table
 .rodata.dw_frame_header_read_write_table
                0x0000000000006ddc       0x10 ./dw1000_buildMAC.o
                0x0000000000006ddc                dw_frame_header_read_write_table
 .rodata.cmu_config_table
                0x0000000000006dec       0x80 ./efm32zg_cmu_HAL.o
                0x0000000000006dec                cmu_config_table
 .rodata.cmu_ctrl_table
                0x0000000000006e6c        0xc ./efm32zg_cmu_HAL.o
                0x0000000000006e6c                cmu_ctrl_table
 .rodata.cmu_hfcoreclkdiv_table
                0x0000000000006e78        0xc ./efm32zg_cmu_HAL.o
                0x0000000000006e78                cmu_hfcoreclkdiv_table
 .rodata.cmu_hfperclkdiv_table
                0x0000000000006e84        0xc ./efm32zg_cmu_HAL.o
                0x0000000000006e84                cmu_hfperclkdiv_table
 .rodata.cmu_hfrcoctrl_table
                0x0000000000006e90        0xc ./efm32zg_cmu_HAL.o
                0x0000000000006e90                cmu_hfrcoctrl_table
 .rodata.cmu_lfrcoctrl_table
                0x0000000000006e9c        0xc ./efm32zg_cmu_HAL.o
                0x0000000000006e9c                cmu_lfrcoctrl_table
 .rodata.cmu_auxhfrcoctrl_table
                0x0000000000006ea8        0xc ./efm32zg_cmu_HAL.o
                0x0000000000006ea8                cmu_auxhfrcoctrl_table
 .rodata.cmu_calctrl_table
                0x0000000000006eb4        0xc ./efm32zg_cmu_HAL.o
                0x0000000000006eb4                cmu_calctrl_table
 .rodata.cmu_calcnt_table
                0x0000000000006ec0        0xc ./efm32zg_cmu_HAL.o
                0x0000000000006ec0                cmu_calcnt_table
 .rodata.cmu_lfclksel_table
                0x0000000000006ecc        0xc ./efm32zg_cmu_HAL.o
                0x0000000000006ecc                cmu_lfclksel_table
 .rodata.cmu_intf_table
                0x0000000000006ed8        0xc ./efm32zg_cmu_HAL.o
                0x0000000000006ed8                cmu_intf_table
 .rodata.cmu_inten_table
                0x0000000000006ee4        0xc ./efm32zg_cmu_HAL.o
                0x0000000000006ee4                cmu_inten_table
 .rodata.cmu_hfcoreclken0_table
                0x0000000000006ef0        0xc ./efm32zg_cmu_HAL.o
                0x0000000000006ef0                cmu_hfcoreclken0_table
 .rodata.cmu_hfperclken0_table
                0x0000000000006efc        0xc ./efm32zg_cmu_HAL.o
                0x0000000000006efc                cmu_hfperclken0_table
 .rodata.cmu_freeze_table
                0x0000000000006f08        0xc ./efm32zg_cmu_HAL.o
                0x0000000000006f08                cmu_freeze_table
 .rodata.cmu_lfaclken0_table
                0x0000000000006f14        0xc ./efm32zg_cmu_HAL.o
                0x0000000000006f14                cmu_lfaclken0_table
 .rodata.cmu_lfbclken0_table
                0x0000000000006f20        0xc ./efm32zg_cmu_HAL.o
                0x0000000000006f20                cmu_lfbclken0_table
 .rodata.cmu_lfapresc0_table
                0x0000000000006f2c        0xc ./efm32zg_cmu_HAL.o
                0x0000000000006f2c                cmu_lfapresc0_table
 .rodata.cmu_lfbpresc0_table
                0x0000000000006f38        0xc ./efm32zg_cmu_HAL.o
                0x0000000000006f38                cmu_lfbpresc0_table
 .rodata.cmu_pcntctrl_table
                0x0000000000006f44        0xc ./efm32zg_cmu_HAL.o
                0x0000000000006f44                cmu_pcntctrl_table
 .rodata.cmu_route_table
                0x0000000000006f50        0xc ./efm32zg_cmu_HAL.o
                0x0000000000006f50                cmu_route_table
 .rodata.cmu_lock_table
                0x0000000000006f5c        0xc ./efm32zg_cmu_HAL.o
                0x0000000000006f5c                cmu_lock_table
 .rodata.cmu_oscencmd_WRITE
                0x0000000000006f68        0xc ./efm32zg_cmu_HAL.o
                0x0000000000006f68                cmu_oscencmd_WRITE
 .rodata.cmu_cmd_WRITE
                0x0000000000006f74        0xc ./efm32zg_cmu_HAL.o
                0x0000000000006f74                cmu_cmd_WRITE
 .rodata.cmu_status_READ
                0x0000000000006f80        0xc ./efm32zg_cmu_HAL.o
                0x0000000000006f80                cmu_status_READ
 .rodata.cmu_syncbusy_READ
                0x0000000000006f8c        0xc ./efm32zg_cmu_HAL.o
                0x0000000000006f8c                cmu_syncbusy_READ
 .rodata.usart_config_table
                0x0000000000006f98       0x80 ./efm32zg_usart_HAL.o
                0x0000000000006f98                usart_config_table
 .rodata.usart_ctrl_table
                0x0000000000007018        0xc ./efm32zg_usart_HAL.o
                0x0000000000007018                usart_ctrl_table
 .rodata.usart_frame_table
                0x0000000000007024        0xc ./efm32zg_usart_HAL.o
                0x0000000000007024                usart_frame_table
 .rodata.usart_trig_ctrl_table
                0x0000000000007030        0xc ./efm32zg_usart_HAL.o
                0x0000000000007030                usart_trig_ctrl_table
 .rodata.usart_status_cmd_table
                0x000000000000703c        0xc ./efm32zg_usart_HAL.o
                0x000000000000703c                usart_status_cmd_table
 .rodata.usart_clkdiv_table
                0x0000000000007048        0xc ./efm32zg_usart_HAL.o
                0x0000000000007048                usart_clkdiv_table
 .rodata.usart_int_flag_table
                0x0000000000007054        0xc ./efm32zg_usart_HAL.o
                0x0000000000007054                usart_int_flag_table
 .rodata.usart_ir_ctrl_table
                0x0000000000007060        0xc ./efm32zg_usart_HAL.o
                0x0000000000007060                usart_ir_ctrl_table
 .rodata.usart_route_table
                0x000000000000706c        0xc ./efm32zg_usart_HAL.o
                0x000000000000706c                usart_route_table
 .rodata.usart_input_table
                0x0000000000007078        0xc ./efm32zg_usart_HAL.o
                0x0000000000007078                usart_input_table
 .rodata.usart_i2s_ctrl_table
                0x0000000000007084        0xc ./efm32zg_usart_HAL.o
                0x0000000000007084                usart_i2s_ctrl_table
 .rodata        0x0000000000007090       0x40 /home/access/code/toolchains/gnu_arm/7.2_2017q4/bin/../lib/gcc/arm-none-eabi/7.2.1/thumb/v6-m/libgcc.a(muldf3.o)
 .rodata._global_impure_ptr
                0x00000000000070d0        0x4 /home/access/code/toolchains/gnu_arm/7.2_2017q4/bin/../lib/gcc/arm-none-eabi/7.2.1/../../../../arm-none-eabi/lib/thumb/v6-m/libc_nano.a(lib_a-impure.o)
                0x00000000000070d0                _global_impure_ptr
 *(.eh_frame*)
 .eh_frame      0x00000000000070d4        0x0 /home/access/code/toolchains/gnu_arm/7.2_2017q4/bin/../lib/gcc/arm-none-eabi/7.2.1/thumb/v6-m/crtbegin.o
 .eh_frame      0x00000000000070d4        0x4 /home/access/code/toolchains/gnu_arm/7.2_2017q4/bin/../lib/gcc/arm-none-eabi/7.2.1/thumb/v6-m/crtend.o

.glue_7         0x00000000000070d8        0x0
 .glue_7        0x00000000000070d8        0x0 linker stubs

.glue_7t        0x00000000000070d8        0x0
 .glue_7t       0x00000000000070d8        0x0 linker stubs

.vfp11_veneer   0x00000000000070d8        0x0
 .vfp11_veneer  0x00000000000070d8        0x0 linker stubs

.v4_bx          0x00000000000070d8        0x0
 .v4_bx         0x00000000000070d8        0x0 linker stubs

.iplt           0x00000000000070d8        0x0
 .iplt          0x00000000000070d8        0x0 /home/access/code/toolchains/gnu_arm/7.2_2017q4/bin/../lib/gcc/arm-none-eabi/7.2.1/thumb/v6-m/crtbegin.o

.ARM.extab
 *(.ARM.extab* .gnu.linkonce.armextab.*)
                0x00000000000070d8                __exidx_start = .

.ARM.exidx      0x00000000000070d8        0x8
 *(.ARM.exidx* .gnu.linkonce.armexidx.*)
 .ARM.exidx     0x00000000000070d8        0x8 /home/access/code/toolchains/gnu_arm/7.2_2017q4/bin/../lib/gcc/arm-none-eabi/7.2.1/../../../../arm-none-eabi/lib/thumb/v6-m/crt0.o
                0x00000000000070e0                __exidx_end = .
                0x00000000000070e0                __etext = .

.rel.dyn        0x00000000000070e0        0x0
 .rel.iplt      0x00000000000070e0        0x0 /home/access/code/toolchains/gnu_arm/7.2_2017q4/bin/../lib/gcc/arm-none-eabi/7.2.1/thumb/v6-m/crtbegin.o

.data           0x0000000020000000      0xa60 load address 0x00000000000070e0
                0x0000000020000000                __data_start__ = .
 *(vtable)
 *(.data*)
 .data.dw_reg_id_table
                0x0000000020000000       0x28 ./dw1000_types.o
                0x0000000020000000                dw_reg_id_table
 .data.dw_decode_build_table
                0x0000000020000028        0xc ./dw1000_types.o
                0x0000000020000028                dw_decode_build_table
 .data.dw_frame_ctrl_table
                0x0000000020000034        0x6 ./dw1000_types.o
                0x0000000020000034                dw_frame_ctrl_table
 *fill*         0x000000002000003a        0x2 
 .data.config_table_len
                0x000000002000003c       0x34 ./dw1000_types.o
                0x000000002000003c                config_table_len
 .data.config_table
                0x0000000020000070       0x34 ./dw1000_types.o
                0x0000000020000070                config_table
 .data.query_table_len
                0x00000000200000a4       0x60 ./dw1000_types.o
                0x00000000200000a4                query_table_len
 .data.query_table
                0x0000000020000104       0x64 ./dw1000_types.o
                0x0000000020000104                query_table
 .data.cmu_periphconf
                0x0000000020000168       0x70 ./config_efm32zg222f32.o
                0x0000000020000168                cmu_periphconf
 .data.timer0_periphconf
                0x00000000200001d8       0x5c ./config_efm32zg222f32.o
                0x00000000200001d8                timer0_periphconf
 .data.usart_sync
                0x0000000020000234       0x38 ./config_efm32zg222f32.o
                0x0000000020000234                usart_sync
 .data.usart_frameconf
                0x000000002000026c       0x40 ./config_efm32zg222f32.o
                0x000000002000026c                usart_frameconf
 .data.gpio_data
                0x00000000200002ac       0x28 ./config_efm32zg222f32.o
                0x00000000200002ac                gpio_data
 .data.gpio_periphconf
                0x00000000200002d4       0x98 ./config_efm32zg222f32.o
                0x00000000200002d4                gpio_periphconf
 .data.efm32zg222f32_host
                0x000000002000036c      0x180 ./config_efm32zg222f32.o
                0x000000002000036c                efm32zg222f32_host
 .data.dw_devconf
                0x00000000200004ec       0xc4 ./config_dw1000.o
                0x00000000200004ec                dw_devconf
 .data.dw_list  0x00000000200005b0      0x260 ./config_dw1000.o
                0x00000000200005b0                dw_list
 .data.dw1000   0x0000000020000810       0xa0 ./config_dw1000.o
                0x0000000020000810                dw1000
 .data.dw_ts_handler_table
                0x00000000200008b0       0x1c ./dw1000_tofCalcs.o
                0x00000000200008b0                dw_ts_handler_table
 .data.node_list_table
                0x00000000200008cc       0x14 ./dw1000_nodeMgmt.o
                0x00000000200008cc                node_list_table
 .data.timer_ctrl_table
                0x00000000200008e0        0xc ./efm32zg_timer_HAL.o
                0x00000000200008e0                timer_ctrl_table
 .data.timer_ien_table
                0x00000000200008ec        0xc ./efm32zg_timer_HAL.o
                0x00000000200008ec                timer_ien_table
 .data.timer_ifrsc_table
                0x00000000200008f8        0xc ./efm32zg_timer_HAL.o
                0x00000000200008f8                timer_ifrsc_table
 .data.timer_top_table
                0x0000000020000904        0xc ./efm32zg_timer_HAL.o
                0x0000000020000904                timer_top_table
 .data.timer_topb_table
                0x0000000020000910        0xc ./efm32zg_timer_HAL.o
                0x0000000020000910                timer_topb_table
 .data.timer_cnt_table
                0x000000002000091c        0xc ./efm32zg_timer_HAL.o
                0x000000002000091c                timer_cnt_table
 .data.timer_route_table
                0x0000000020000928        0xc ./efm32zg_timer_HAL.o
                0x0000000020000928                timer_route_table
 .data.timer_cc0_ctrl_table
                0x0000000020000934        0xc ./efm32zg_timer_HAL.o
                0x0000000020000934                timer_cc0_ctrl_table
 .data.timer_cc0_ccv_table
                0x0000000020000940        0xc ./efm32zg_timer_HAL.o
                0x0000000020000940                timer_cc0_ccv_table
 .data.timer_cc0_ccvb_table
                0x000000002000094c        0xc ./efm32zg_timer_HAL.o
                0x000000002000094c                timer_cc0_ccvb_table
 .data.timer_cc1_ctrl_table
                0x0000000020000958        0xc ./efm32zg_timer_HAL.o
                0x0000000020000958                timer_cc1_ctrl_table
 .data.timer_cc1_ccv_table
                0x0000000020000964        0xc ./efm32zg_timer_HAL.o
                0x0000000020000964                timer_cc1_ccv_table
 .data.timer_cc1_ccvb_table
                0x0000000020000970        0xc ./efm32zg_timer_HAL.o
                0x0000000020000970                timer_cc1_ccvb_table
 .data.timer_cc2_ctrl_table
                0x000000002000097c        0xc ./efm32zg_timer_HAL.o
                0x000000002000097c                timer_cc2_ctrl_table
 .data.timer_cc2_ccv_table
                0x0000000020000988        0xc ./efm32zg_timer_HAL.o
                0x0000000020000988                timer_cc2_ccv_table
 .data.timer_cc2_ccvb_table
                0x0000000020000994        0xc ./efm32zg_timer_HAL.o
                0x0000000020000994                timer_cc2_ccvb_table
 .data.timer_cc0_ccvp_table
                0x00000000200009a0        0x4 ./efm32zg_timer_HAL.o
                0x00000000200009a0                timer_cc0_ccvp_table
 .data.timer_cc1_ccvp_table
                0x00000000200009a4        0x4 ./efm32zg_timer_HAL.o
                0x00000000200009a4                timer_cc1_ccvp_table
 .data.timer_cc2_ccvp_table
                0x00000000200009a8        0x4 ./efm32zg_timer_HAL.o
                0x00000000200009a8                timer_cc2_ccvp_table
 .data.timer_cmd_table
                0x00000000200009ac        0x4 ./efm32zg_timer_HAL.o
                0x00000000200009ac                timer_cmd_table
 .data.timer_status_table
                0x00000000200009b0        0x4 ./efm32zg_timer_HAL.o
                0x00000000200009b0                timer_status_table
 .data.pan_id_index_table
                0x00000000200009b4        0x3 ./dw1000_decodeMAC.o
                0x00000000200009b4                pan_id_index_table
 *fill*         0x00000000200009b7        0x1 
 .data.dest_addr_index_table
                0x00000000200009b8        0x3 ./dw1000_decodeMAC.o
                0x00000000200009b8                dest_addr_index_table
 *fill*         0x00000000200009bb        0x1 
 .data.src_addr_index_table
                0x00000000200009bc        0x3 ./dw1000_decodeMAC.o
                0x00000000200009bc                src_addr_index_table
 *fill*         0x00000000200009bf        0x1 
 .data.msg_index_table
                0x00000000200009c0        0x3 ./dw1000_decodeMAC.o
                0x00000000200009c0                msg_index_table
 *fill*         0x00000000200009c3        0x1 
 .data.fn_code_index_table
                0x00000000200009c4        0x3 ./dw1000_decodeMAC.o
                0x00000000200009c4                fn_code_index_table
 *fill*         0x00000000200009c7        0x1 
 .data.poll_resp_final_handler_table
                0x00000000200009c8        0xc ./dw1000_decodeMAC.o
                0x00000000200009c8                poll_resp_final_handler_table
 .data.frame_len_table
                0x00000000200009d4        0x3 ./dw1000_decodeMAC.o
                0x00000000200009d4                frame_len_table
 *fill*         0x00000000200009d7        0x1 
 .data.dw_config_query_table
                0x00000000200009d8        0xc ./dw1000_buildMAC.o
                0x00000000200009d8                dw_config_query_table
 .data.dw_rw_bool_table
                0x00000000200009e4        0x3 ./dw1000_buildMAC.o
                0x00000000200009e4                dw_rw_bool_table
 *fill*         0x00000000200009e7        0x1 
 .data.cmu      0x00000000200009e8        0x4 ./efm32zg_types_HAL.o
                0x00000000200009e8                cmu
 .data.usart    0x00000000200009ec        0x4 ./efm32zg_types_HAL.o
                0x00000000200009ec                usart
 .data.gpio     0x00000000200009f0        0x4 ./efm32zg_types_HAL.o
                0x00000000200009f0                gpio
 .data.timer0   0x00000000200009f4        0x4 ./efm32zg_types_HAL.o
                0x00000000200009f4                timer0
 .data.impure_data
                0x00000000200009f8       0x60 /home/access/code/toolchains/gnu_arm/7.2_2017q4/bin/../lib/gcc/arm-none-eabi/7.2.1/../../../../arm-none-eabi/lib/thumb/v6-m/libc_nano.a(lib_a-impure.o)
                0x0000000020000a58                . = ALIGN (0x4)
 *(.ram)
                0x0000000020000a58                . = ALIGN (0x4)
                0x0000000020000a58                PROVIDE (__preinit_array_start, .)
 *(.preinit_array)
                0x0000000020000a58                PROVIDE (__preinit_array_end, .)
                0x0000000020000a58                . = ALIGN (0x4)
                0x0000000020000a58                PROVIDE (__init_array_start, .)
 *(SORT_BY_NAME(.init_array.*))
 *(.init_array)
 .init_array    0x0000000020000a58        0x4 /home/access/code/toolchains/gnu_arm/7.2_2017q4/bin/../lib/gcc/arm-none-eabi/7.2.1/thumb/v6-m/crtbegin.o
                0x0000000020000a5c                PROVIDE (__init_array_end, .)
                0x0000000020000a5c                . = ALIGN (0x4)
                [!provide]                        PROVIDE (__fini_array_start, .)
 *(SORT_BY_NAME(.fini_array.*))
 *(.fini_array)
 .fini_array    0x0000000020000a5c        0x4 /home/access/code/toolchains/gnu_arm/7.2_2017q4/bin/../lib/gcc/arm-none-eabi/7.2.1/thumb/v6-m/crtbegin.o
                [!provide]                        PROVIDE (__fini_array_end, .)
 *(.jcr*)
                0x0000000020000a60                . = ALIGN (0x4)
                0x0000000020000a60                __data_end__ = .

.igot.plt       0x0000000020000a60        0x0 load address 0x0000000000007b40
 .igot.plt      0x0000000020000a60        0x0 /home/access/code/toolchains/gnu_arm/7.2_2017q4/bin/../lib/gcc/arm-none-eabi/7.2.1/thumb/v6-m/crtbegin.o

.bss            0x0000000020000a60       0x78 load address 0x0000000000007b40
                0x0000000020000a60                . = ALIGN (0x4)
                0x0000000020000a60                __bss_start__ = .
 *(.bss*)
 .bss           0x0000000020000a60       0x1c /home/access/code/toolchains/gnu_arm/7.2_2017q4/bin/../lib/gcc/arm-none-eabi/7.2.1/thumb/v6-m/crtbegin.o
 .bss.frame_index
                0x0000000020000a7c        0xc ./dw1000_decodeMAC.o
 *(COMMON)
 COMMON         0x0000000020000a88       0x4e ./config_efm32zg222f32.o
                0x0000000020000a88                timer0_ms_ticks
                0x0000000020000a8a                timer1_us_ticks
                0x0000000020000a8c                usart_data
                0x0000000020000ab4                timer0_us_ticks
                0x0000000020000ab8                usart_status
                0x0000000020000ac6                timer1_ms_ticks
                0x0000000020000ac8                usart_error
                0x0000000020000ad8                . = ALIGN (0x4)
 *fill*         0x0000000020000ad6        0x2 
                0x0000000020000ad8                __bss_end__ = .

.heap           0x0000000020000ad8        0x0
                0x0000000020000ad8                __HeapBase = .
                0x0000000020000ad8                __end__ = .
                0x0000000020000ad8                end = __end__
                0x0000000020000ad8                _end = __end__
 *(.heap*)
 .heap          0x0000000020000ad8        0x0 ./startup_efm32zg.o
                0x0000000020000ad8                __HeapLimit = .

.stack_dummy    0x0000000020000ad8      0x400
 *(.stack*)
 .stack         0x0000000020000ad8      0x400 ./startup_efm32zg.o
                0x0000000020001000                __StackTop = (ORIGIN (RAM) + LENGTH (RAM))
                0x0000000020000c00                __StackLimit = (__StackTop - SIZEOF (.stack_dummy))
                0x0000000020001000                PROVIDE (__stack, __StackTop)
                0x0000000000000001                ASSERT ((__StackLimit >= __HeapLimit), region RAM overflowed with stack)
                0x0000000000000001                ASSERT ((LENGTH (FLASH) >= (__etext + SIZEOF (.data))), FLASH memory overflowed !)
OUTPUT(theseus.axf elf32-littlearm)

.ARM.attributes
                0x0000000000000000       0x28
 .ARM.attributes
                0x0000000000000000       0x1e /home/access/code/toolchains/gnu_arm/7.2_2017q4/bin/../lib/gcc/arm-none-eabi/7.2.1/thumb/v6-m/crti.o
 .ARM.attributes
                0x000000000000001e       0x2c /home/access/code/toolchains/gnu_arm/7.2_2017q4/bin/../lib/gcc/arm-none-eabi/7.2.1/thumb/v6-m/crtbegin.o
 .ARM.attributes
                0x000000000000004a       0x1b /home/access/code/toolchains/gnu_arm/7.2_2017q4/bin/../lib/gcc/arm-none-eabi/7.2.1/../../../../arm-none-eabi/lib/thumb/v6-m/crt0.o
 .ARM.attributes
                0x0000000000000065       0x32 ./dw1000_types.o
 .ARM.attributes
                0x0000000000000097       0x32 ./mpi_cmu.o
 .ARM.attributes
                0x00000000000000c9       0x32 ./mpi_usart.o
 .ARM.attributes
                0x00000000000000fb       0x32 ./mpi_ext_dev.o
 .ARM.attributes
                0x000000000000012d       0x32 ./config_efm32zg222f32.o
 .ARM.attributes
                0x000000000000015f       0x32 ./config_dw1000.o
 .ARM.attributes
                0x0000000000000191       0x32 ./efm32zg_gpio_IO_HAL.o
 .ARM.attributes
                0x00000000000001c3       0x32 ./dw1000_tofCalcs.o
 .ARM.attributes
                0x00000000000001f5       0x32 ./mpi_gpio.o
 .ARM.attributes
                0x0000000000000227       0x32 ./efm32zg_usart_IO_HAL.o
 .ARM.attributes
                0x0000000000000259       0x32 ./efm32zg222f32_adaptor.o
 .ARM.attributes
                0x000000000000028b       0x32 ./efm32zg_gpio_HAL.o
 .ARM.attributes
                0x00000000000002bd       0x32 ./system_efm32zg.o
 .ARM.attributes
                0x00000000000002ef       0x1b ./startup_efm32zg.o
 .ARM.attributes
                0x000000000000030a       0x32 ./dw1000_adaptor.o
 .ARM.attributes
                0x000000000000033c       0x32 ./dw1000_nodeMgmt.o
 .ARM.attributes
                0x000000000000036e       0x32 ./dw1000_commRxTx.o
 .ARM.attributes
                0x00000000000003a0       0x32 ./efm32zg_timer_HAL.o
 .ARM.attributes
                0x00000000000003d2       0x32 ./main.o
 .ARM.attributes
                0x0000000000000404       0x32 ./dw1000_decodeMAC.o
 .ARM.attributes
                0x0000000000000436       0x32 ./dw1000_buildMAC.o
 .ARM.attributes
                0x0000000000000468       0x32 ./efm32zg_cmu_HAL.o
 .ARM.attributes
                0x000000000000049a       0x32 ./efm32zg_usart_HAL.o
 .ARM.attributes
                0x00000000000004cc       0x32 ./efm32zg_types_HAL.o
 .ARM.attributes
                0x00000000000004fe       0x32 ./mpi_timer.o
 .ARM.attributes
                0x0000000000000530       0x1e /home/access/code/toolchains/gnu_arm/7.2_2017q4/bin/../lib/gcc/arm-none-eabi/7.2.1/thumb/v6-m/libgcc.a(_udivsi3.o)
 .ARM.attributes
                0x000000000000054e       0x1e /home/access/code/toolchains/gnu_arm/7.2_2017q4/bin/../lib/gcc/arm-none-eabi/7.2.1/thumb/v6-m/libgcc.a(_dvmd_tls.o)
 .ARM.attributes
                0x000000000000056c       0x1e /home/access/code/toolchains/gnu_arm/7.2_2017q4/bin/../lib/gcc/arm-none-eabi/7.2.1/thumb/v6-m/libgcc.a(_arm_cmpsf2.o)
 .ARM.attributes
                0x000000000000058a       0x2c /home/access/code/toolchains/gnu_arm/7.2_2017q4/bin/../lib/gcc/arm-none-eabi/7.2.1/thumb/v6-m/libgcc.a(eqsf2.o)
 .ARM.attributes
                0x00000000000005b6       0x2c /home/access/code/toolchains/gnu_arm/7.2_2017q4/bin/../lib/gcc/arm-none-eabi/7.2.1/thumb/v6-m/libgcc.a(gesf2.o)
 .ARM.attributes
                0x00000000000005e2       0x2c /home/access/code/toolchains/gnu_arm/7.2_2017q4/bin/../lib/gcc/arm-none-eabi/7.2.1/thumb/v6-m/libgcc.a(lesf2.o)
 .ARM.attributes
                0x000000000000060e       0x2c /home/access/code/toolchains/gnu_arm/7.2_2017q4/bin/../lib/gcc/arm-none-eabi/7.2.1/thumb/v6-m/libgcc.a(muldf3.o)
 .ARM.attributes
                0x000000000000063a       0x2c /home/access/code/toolchains/gnu_arm/7.2_2017q4/bin/../lib/gcc/arm-none-eabi/7.2.1/thumb/v6-m/libgcc.a(floatunsidf.o)
 .ARM.attributes
                0x0000000000000666       0x2c /home/access/code/toolchains/gnu_arm/7.2_2017q4/bin/../lib/gcc/arm-none-eabi/7.2.1/thumb/v6-m/libgcc.a(truncdfsf2.o)
 .ARM.attributes
                0x0000000000000692       0x1e /home/access/code/toolchains/gnu_arm/7.2_2017q4/bin/../lib/gcc/arm-none-eabi/7.2.1/thumb/v6-m/libgcc.a(_clzsi2.o)
 .ARM.attributes
                0x00000000000006b0       0x2c /home/access/code/toolchains/gnu_arm/7.2_2017q4/bin/../lib/gcc/arm-none-eabi/7.2.1/../../../../arm-none-eabi/lib/thumb/v6-m/libc_nano.a(lib_a-exit.o)
 .ARM.attributes
                0x00000000000006dc       0x2c /home/access/code/toolchains/gnu_arm/7.2_2017q4/bin/../lib/gcc/arm-none-eabi/7.2.1/../../../../arm-none-eabi/lib/thumb/v6-m/libc_nano.a(lib_a-impure.o)
 .ARM.attributes
                0x0000000000000708       0x2c /home/access/code/toolchains/gnu_arm/7.2_2017q4/bin/../lib/gcc/arm-none-eabi/7.2.1/../../../../arm-none-eabi/lib/thumb/v6-m/libc_nano.a(lib_a-init.o)
 .ARM.attributes
                0x0000000000000734       0x2c /home/access/code/toolchains/gnu_arm/7.2_2017q4/bin/../lib/gcc/arm-none-eabi/7.2.1/../../../../arm-none-eabi/lib/thumb/v6-m/libc_nano.a(lib_a-memcpy-stub.o)
 .ARM.attributes
                0x0000000000000760       0x2c /home/access/code/toolchains/gnu_arm/7.2_2017q4/bin/../lib/gcc/arm-none-eabi/7.2.1/../../../../arm-none-eabi/lib/thumb/v6-m/libc_nano.a(lib_a-memset.o)
 .ARM.attributes