Archive member included to satisfy reference by file (symbol)

/usr/lib/gcc/arm-none-eabi/9.1.0/libgcc.a(_arm_muldf3.o)
                              ./dw1000_tofCalcs.o (__aeabi_dmul)
/usr/lib/gcc/arm-none-eabi/9.1.0/libgcc.a(_udivsi3.o)
                              ./dw1000_tofCalcs.o (__aeabi_uidiv)
/usr/lib/gcc/arm-none-eabi/9.1.0/libgcc.a(_dvmd_tls.o)
                              /usr/lib/gcc/arm-none-eabi/9.1.0/libgcc.a(_udivsi3.o) (__aeabi_idiv0)
/usr/lib/gcc/arm-none-eabi/9.1.0/libgcc.a(_arm_addsubdf3.o)
                              ./dw1000_tofCalcs.o (__aeabi_ui2d)
/usr/lib/gcc/arm-none-eabi/9.1.0/libgcc.a(_arm_truncdfsf2.o)
                              ./dw1000_tofCalcs.o (__aeabi_d2f)
/usr/lib/gcc/arm-none-eabi/9.1.0/libgcc.a(_arm_cmpsf2.o)
                              ./dw1000_tofCalcs.o (__aeabi_fcmple)
/usr/arm-none-eabi/lib/thumb/v6-m/nofp/libc_nano.a(lib_a-atexit.o)
                              /usr/lib/gcc/arm-none-eabi/9.1.0/../../../../arm-none-eabi/lib/crt0.o (atexit)
/usr/arm-none-eabi/lib/thumb/v6-m/nofp/libc_nano.a(lib_a-exit.o)
                              /usr/lib/gcc/arm-none-eabi/9.1.0/../../../../arm-none-eabi/lib/crt0.o (exit)
/usr/arm-none-eabi/lib/thumb/v6-m/nofp/libc_nano.a(lib_a-fini.o)
                              /usr/lib/gcc/arm-none-eabi/9.1.0/../../../../arm-none-eabi/lib/crt0.o (__libc_fini_array)
/usr/arm-none-eabi/lib/thumb/v6-m/nofp/libc_nano.a(lib_a-impure.o)
                              /usr/arm-none-eabi/lib/thumb/v6-m/nofp/libc_nano.a(lib_a-exit.o) (_global_impure_ptr)
/usr/arm-none-eabi/lib/thumb/v6-m/nofp/libc_nano.a(lib_a-init.o)
                              /usr/lib/gcc/arm-none-eabi/9.1.0/../../../../arm-none-eabi/lib/crt0.o (__libc_init_array)
/usr/arm-none-eabi/lib/thumb/v6-m/nofp/libc_nano.a(lib_a-memcpy-stub.o)
                              ./dw1000_nodeMgmt.o (memcpy)
/usr/arm-none-eabi/lib/thumb/v6-m/nofp/libc_nano.a(lib_a-memset.o)
                              /usr/lib/gcc/arm-none-eabi/9.1.0/../../../../arm-none-eabi/lib/crt0.o (memset)
/usr/arm-none-eabi/lib/thumb/v6-m/nofp/libc_nano.a(lib_a-__atexit.o)
                              /usr/arm-none-eabi/lib/thumb/v6-m/nofp/libc_nano.a(lib_a-atexit.o) (__register_exitproc)
/usr/arm-none-eabi/lib/thumb/v6-m/nofp/libc_nano.a(lib_a-__call_atexit.o)
                              /usr/arm-none-eabi/lib/thumb/v6-m/nofp/libc_nano.a(lib_a-__atexit.o) (__call_exitprocs)
/usr/arm-none-eabi/lib/thumb/v6-m/nofp/libnosys.a(_exit.o)
                              /usr/arm-none-eabi/lib/thumb/v6-m/nofp/libc_nano.a(lib_a-exit.o) (_exit)

Allocating common symbols
Common symbol       size              file

SystemCoreClock     0x4               ./system_efm32zg.o
usart_frameconf_rwc
                    0xc               ./efm32zg_usart_IO_HPI.o
dw_status           0x4               ./dw1000_types.o
transmitBuffer      0x3               ./efm32zg_usart_IO_HPI.o
regid               0x1               ./dw1000_buildMAC.o
receiveBuffer       0x3               ./efm32zg_usart_IO_HPI.o

Discarded input sections

 .text          0x0000000000000000        0x0 /usr/lib/gcc/arm-none-eabi/9.1.0/crti.o
 .data          0x0000000000000000        0x0 /usr/lib/gcc/arm-none-eabi/9.1.0/crti.o
 .bss           0x0000000000000000        0x0 /usr/lib/gcc/arm-none-eabi/9.1.0/crti.o
 .text          0x0000000000000000        0x0 /usr/lib/gcc/arm-none-eabi/9.1.0/crtbegin.o
 .data          0x0000000000000000        0x0 /usr/lib/gcc/arm-none-eabi/9.1.0/crtbegin.o
 .bss           0x0000000000000000        0x0 /usr/lib/gcc/arm-none-eabi/9.1.0/crtbegin.o
 .data.__dso_handle
                0x0000000000000000        0x4 /usr/lib/gcc/arm-none-eabi/9.1.0/crtbegin.o
 .data          0x0000000000000000        0x0 /usr/lib/gcc/arm-none-eabi/9.1.0/../../../../arm-none-eabi/lib/crt0.o
 .bss           0x0000000000000000        0x0 /usr/lib/gcc/arm-none-eabi/9.1.0/../../../../arm-none-eabi/lib/crt0.o
 .ARM.extab     0x0000000000000000        0x0 /usr/lib/gcc/arm-none-eabi/9.1.0/../../../../arm-none-eabi/lib/crt0.o
 .text          0x0000000000000000        0x0 ./dw1000_types.o
 .data          0x0000000000000000        0x0 ./dw1000_types.o
 .bss           0x0000000000000000        0x0 ./dw1000_types.o
 .data.dw_frame_ctrl_table
                0x0000000000000000        0x6 ./dw1000_types.o
 .rodata.dw_fn_code_table
                0x0000000000000000       0x18 ./dw1000_types.o
 .data.dw_decode_build_table
                0x0000000000000000        0x8 ./dw1000_types.o
 .bss.config_table_reg_id_table
                0x0000000000000000       0x48 ./dw1000_types.o
 .data.config_table_len
                0x0000000000000000       0x48 ./dw1000_types.o
 .text.config_device_id
                0x0000000000000000       0x40 ./dw1000_types.o
 .text.config_part_id
                0x0000000000000000       0x1a ./dw1000_types.o
 .text.config_lot_id
                0x0000000000000000       0x1a ./dw1000_types.o
 .text.config_pan_id
                0x0000000000000000       0x38 ./dw1000_types.o
 .text.config_channel
                0x0000000000000000       0x1a ./dw1000_types.o
 .text.config_otp_rev
                0x0000000000000000       0x1a ./dw1000_types.o
 .text.config_tx_fctrl
                0x0000000000000000       0x1a ./dw1000_types.o
 .text.config_rf_tx_delay
                0x0000000000000000       0x3c ./dw1000_types.o
 .text.config_rf_rx_delay
                0x0000000000000000       0x3c ./dw1000_types.o
 .text.config_ant_delay
                0x0000000000000000       0x1a ./dw1000_types.o
 .text.config_xtrim
                0x0000000000000000       0x1a ./dw1000_types.o
 .text.config_dbl_buff_on
                0x0000000000000000       0x1a ./dw1000_types.o
 .text.config_sys_config_reg
                0x0000000000000000       0x1a ./dw1000_types.o
 .text.config_tx_pow_config
                0x0000000000000000       0x3c ./dw1000_types.o
 .text.config_prf_index
                0x0000000000000000       0x1e ./dw1000_types.o
 .text.config_ldo_tune_low32
                0x0000000000000000       0x1c ./dw1000_types.o
 .text.config_long_frames
                0x0000000000000000       0x1c ./dw1000_types.o
 .data.config_table
                0x0000000000000000       0x4c ./dw1000_types.o
 .bss.query_table_reg_id_table
                0x0000000000000000       0x48 ./dw1000_types.o
 .data.query_table_len
                0x0000000000000000       0x48 ./dw1000_types.o
 .text.query_device_id
                0x0000000000000000       0x46 ./dw1000_types.o
 .text.query_part_id
                0x0000000000000000       0x1a ./dw1000_types.o
 .text.query_lot_id
                0x0000000000000000       0x1a ./dw1000_types.o
 .text.query_pan_id
                0x0000000000000000       0x38 ./dw1000_types.o
 .text.query_channel
                0x0000000000000000       0x1a ./dw1000_types.o
 .text.query_otp_rev
                0x0000000000000000       0x10 ./dw1000_types.o
 .text.query_tx_fctrl
                0x0000000000000000       0x10 ./dw1000_types.o
 .text.query_rf_tx_delay
                0x0000000000000000       0x10 ./dw1000_types.o
 .text.query_rf_rx_delay
                0x0000000000000000       0x10 ./dw1000_types.o
 .text.query_ant_delay
                0x0000000000000000       0x10 ./dw1000_types.o
 .text.query_xtrim
                0x0000000000000000       0x10 ./dw1000_types.o
 .text.query_dbl_buff_on
                0x0000000000000000       0x10 ./dw1000_types.o
 .text.query_sys_config_reg
                0x0000000000000000       0x10 ./dw1000_types.o
 .text.query_tx_pow_config
                0x0000000000000000       0x10 ./dw1000_types.o
 .text.query_prf_index
                0x0000000000000000       0x10 ./dw1000_types.o
 .text.query_ldo_tune_low32
                0x0000000000000000       0x10 ./dw1000_types.o
 .text.query_long_frames
                0x0000000000000000       0x10 ./dw1000_types.o
 .data.query_table
                0x0000000000000000       0x4c ./dw1000_types.o
 .debug_info    0x0000000000000000     0x17fc ./dw1000_types.o
 .debug_abbrev  0x0000000000000000      0x2ac ./dw1000_types.o
 .debug_loc     0x0000000000000000      0x770 ./dw1000_types.o
 .debug_aranges
                0x0000000000000000      0x128 ./dw1000_types.o
 .debug_ranges  0x0000000000000000      0x118 ./dw1000_types.o
 .debug_line    0x0000000000000000      0x5cd ./dw1000_types.o
 .debug_str     0x0000000000000000      0xc22 ./dw1000_types.o
 .comment       0x0000000000000000       0x1e ./dw1000_types.o
 .debug_frame   0x0000000000000000      0x450 ./dw1000_types.o
 .ARM.attributes
                0x0000000000000000       0x2c ./dw1000_types.o
 COMMON         0x0000000000000000        0x4 ./dw1000_types.o
 .text          0x0000000000000000        0x0 ./dw1000_nodeMgmt.o
 .data          0x0000000000000000        0x0 ./dw1000_nodeMgmt.o
 .bss           0x0000000000000000        0x0 ./dw1000_nodeMgmt.o
 .data.node_list_table
                0x0000000000000000       0x14 ./dw1000_nodeMgmt.o
 .text.dw_nodeCreate
                0x0000000000000000       0x9c ./dw1000_nodeMgmt.o
 .text.dw_nodeSort
                0x0000000000000000       0x7c ./dw1000_nodeMgmt.o
 .text.dw_nodeDelete
                0x0000000000000000       0x9c ./dw1000_nodeMgmt.o
 .text.dw_nodeSearch
                0x0000000000000000       0x98 ./dw1000_nodeMgmt.o
 .debug_info    0x0000000000000000     0x10a8 ./dw1000_nodeMgmt.o
 .debug_abbrev  0x0000000000000000      0x2b0 ./dw1000_nodeMgmt.o
 .debug_loc     0x0000000000000000       0xe0 ./dw1000_nodeMgmt.o
 .debug_aranges
                0x0000000000000000       0x38 ./dw1000_nodeMgmt.o
 .debug_ranges  0x0000000000000000       0x28 ./dw1000_nodeMgmt.o
 .debug_line    0x0000000000000000      0x271 ./dw1000_nodeMgmt.o
 .debug_str     0x0000000000000000      0x856 ./dw1000_nodeMgmt.o
 .comment       0x0000000000000000       0x1e ./dw1000_nodeMgmt.o
 .debug_frame   0x0000000000000000       0x90 ./dw1000_nodeMgmt.o
 .ARM.attributes
                0x0000000000000000       0x2c ./dw1000_nodeMgmt.o
 .data          0x0000000000000000        0x0 ./startup_efm32zg.o
 .bss           0x0000000000000000        0x0 ./startup_efm32zg.o
 .text          0x0000000000000000        0x0 ./mpi_usart.o
 .data          0x0000000000000000        0x0 ./mpi_usart.o
 .bss           0x0000000000000000        0x0 ./mpi_usart.o
 .text.mpi_usartInit
                0x0000000000000000       0x20 ./mpi_usart.o
 .text.mpi_usartConfigReg
                0x0000000000000000       0x20 ./mpi_usart.o
 .text.mpi_usartWrite
                0x0000000000000000       0x24 ./mpi_usart.o
 .text.mpi_usartRead
                0x0000000000000000       0x24 ./mpi_usart.o
 .debug_info    0x0000000000000000      0x1f7 ./mpi_usart.o
 .debug_abbrev  0x0000000000000000       0xa4 ./mpi_usart.o
 .debug_loc     0x0000000000000000       0xe0 ./mpi_usart.o
 .debug_aranges
                0x0000000000000000       0x38 ./mpi_usart.o
 .debug_ranges  0x0000000000000000       0x28 ./mpi_usart.o
 .debug_line    0x0000000000000000      0x100 ./mpi_usart.o
 .debug_str     0x0000000000000000      0x270 ./mpi_usart.o
 .comment       0x0000000000000000       0x1e ./mpi_usart.o
 .debug_frame   0x0000000000000000       0x90 ./mpi_usart.o
 .ARM.attributes
                0x0000000000000000       0x2c ./mpi_usart.o
 .text          0x0000000000000000        0x0 ./mpi_ext_dev.o
 .data          0x0000000000000000        0x0 ./mpi_ext_dev.o
 .bss           0x0000000000000000        0x0 ./mpi_ext_dev.o
 .text.mpi_extdevInit
                0x0000000000000000       0x20 ./mpi_ext_dev.o
 .text.mpi_extdevConfigReg
                0x0000000000000000       0x20 ./mpi_ext_dev.o
 .text.mpi_extdevStop
                0x0000000000000000       0x20 ./mpi_ext_dev.o
 .text.mpi_extdev_IO
                0x0000000000000000       0x24 ./mpi_ext_dev.o
 .debug_info    0x0000000000000000      0x1bf ./mpi_ext_dev.o
 .debug_abbrev  0x0000000000000000       0x8a ./mpi_ext_dev.o
 .debug_loc     0x0000000000000000       0xe0 ./mpi_ext_dev.o
 .debug_aranges
                0x0000000000000000       0x38 ./mpi_ext_dev.o
 .debug_ranges  0x0000000000000000       0x28 ./mpi_ext_dev.o
 .debug_line    0x0000000000000000       0xa0 ./mpi_ext_dev.o
 .debug_str     0x0000000000000000      0x191 ./mpi_ext_dev.o
 .comment       0x0000000000000000       0x1e ./mpi_ext_dev.o
 .debug_frame   0x0000000000000000       0x90 ./mpi_ext_dev.o
 .ARM.attributes
                0x0000000000000000       0x2c ./mpi_ext_dev.o
 .text          0x0000000000000000        0x0 ./mpi_cmu.o
 .data          0x0000000000000000        0x0 ./mpi_cmu.o
 .bss           0x0000000000000000        0x0 ./mpi_cmu.o
 .text.mpi_cmuInit
                0x0000000000000000       0x20 ./mpi_cmu.o
 .text.mpi_cmuConfigReg
                0x0000000000000000       0x20 ./mpi_cmu.o
 .debug_info    0x0000000000000000      0x13f ./mpi_cmu.o
 .debug_abbrev  0x0000000000000000       0xa4 ./mpi_cmu.o
 .debug_loc     0x0000000000000000       0x70 ./mpi_cmu.o
 .debug_aranges
                0x0000000000000000       0x28 ./mpi_cmu.o
 .debug_ranges  0x0000000000000000       0x18 ./mpi_cmu.o
 .debug_line    0x0000000000000000       0xd0 ./mpi_cmu.o
 .debug_str     0x0000000000000000      0x20d ./mpi_cmu.o
 .comment       0x0000000000000000       0x1e ./mpi_cmu.o
 .debug_frame   0x0000000000000000       0x50 ./mpi_cmu.o
 .ARM.attributes
                0x0000000000000000       0x2c ./mpi_cmu.o
 .text          0x0000000000000000        0x0 ./dw1000_mutex.o
 .data          0x0000000000000000        0x0 ./dw1000_mutex.o
 .bss           0x0000000000000000        0x0 ./dw1000_mutex.o
 .text.decamutexon
                0x0000000000000000       0x14 ./dw1000_mutex.o
 .text.decamutexoff
                0x0000000000000000       0x10 ./dw1000_mutex.o
 .debug_info    0x0000000000000000      0xb87 ./dw1000_mutex.o
 .debug_abbrev  0x0000000000000000      0x21c ./dw1000_mutex.o
 .debug_loc     0x0000000000000000       0x70 ./dw1000_mutex.o
 .debug_aranges
                0x0000000000000000       0x28 ./dw1000_mutex.o
 .debug_ranges  0x0000000000000000       0x18 ./dw1000_mutex.o
 .debug_line    0x0000000000000000      0x169 ./dw1000_mutex.o
 .debug_str     0x0000000000000000      0x66e ./dw1000_mutex.o
 .comment       0x0000000000000000       0x1e ./dw1000_mutex.o
 .debug_frame   0x0000000000000000       0x50 ./dw1000_mutex.o
 .ARM.attributes
                0x0000000000000000       0x2c ./dw1000_mutex.o
 .text          0x0000000000000000        0x0 ./dw1000_buildMAC.o
 .data          0x0000000000000000        0x0 ./dw1000_buildMAC.o
 .bss           0x0000000000000000        0x0 ./dw1000_buildMAC.o
 .text.dw_reg_read_write
                0x0000000000000000       0x7c ./dw1000_buildMAC.o
 .text.dw_sub_read_write
                0x0000000000000000       0x6c ./dw1000_buildMAC.o
 .text.dw_ext_read_write
                0x0000000000000000       0x34 ./dw1000_buildMAC.o
 .text.dw_buildBlinkFrame
                0x0000000000000000      0x118 ./dw1000_buildMAC.o
 .text.dw_buildRangeInitFrame
                0x0000000000000000      0x208 ./dw1000_buildMAC.o
 .text.dw_buildPollFrame
                0x0000000000000000      0x114 ./dw1000_buildMAC.o
 .text.dw_buildResponseFrame
                0x0000000000000000      0x178 ./dw1000_buildMAC.o
 .text.dw_buildFinalFrame
                0x0000000000000000      0x1c8 ./dw1000_buildMAC.o
 .text.dw_buildConfig
                0x0000000000000000       0x5e ./dw1000_buildMAC.o
 .text.dw_queryConfig
                0x0000000000000000       0x5e ./dw1000_buildMAC.o
 .data.dw_config_query_table
                0x0000000000000000        0xc ./dw1000_buildMAC.o
 .text.dw_buildMessageOut
                0x0000000000000000      0x194 ./dw1000_buildMAC.o
 .text.dw_buildMessageHeader
                0x0000000000000000       0x4c ./dw1000_buildMAC.o
 .data.dw_frame_build_table
                0x0000000000000000       0x18 ./dw1000_buildMAC.o
 .rodata.dw_frame_header_read_write_table
                0x0000000000000000       0x10 ./dw1000_buildMAC.o
 .data.dw_rw_bool_table
                0x0000000000000000        0x3 ./dw1000_buildMAC.o
 .data.dw_sub_bool_table
                0x0000000000000000        0x3 ./dw1000_buildMAC.o
 .data.dw_ext_bool_table
                0x0000000000000000        0x3 ./dw1000_buildMAC.o
 .data.dw_reg_addr_table
                0x0000000000000000      0x4e0 ./dw1000_buildMAC.o
 .data.dw_sub_addr_table
                0x0000000000000000      0x4e0 ./dw1000_buildMAC.o
 .data.dw_ext_addr_table
                0x0000000000000000      0x4e0 ./dw1000_buildMAC.o
 .data.dw_reg_table
                0x0000000000000000       0x9c ./dw1000_buildMAC.o
 .debug_info    0x0000000000000000     0x1b91 ./dw1000_buildMAC.o
 .debug_abbrev  0x0000000000000000      0x337 ./dw1000_buildMAC.o
 .debug_loc     0x0000000000000000      0x2a4 ./dw1000_buildMAC.o
 .debug_aranges
                0x0000000000000000       0x78 ./dw1000_buildMAC.o
 .debug_ranges  0x0000000000000000       0x68 ./dw1000_buildMAC.o
 .debug_line    0x0000000000000000      0x787 ./dw1000_buildMAC.o
 .debug_str     0x0000000000000000      0xcdb ./dw1000_buildMAC.o
 .comment       0x0000000000000000       0x1e ./dw1000_buildMAC.o
 .debug_frame   0x0000000000000000      0x198 ./dw1000_buildMAC.o
 .ARM.attributes
                0x0000000000000000       0x2c ./dw1000_buildMAC.o
 COMMON         0x0000000000000000        0x1 ./dw1000_buildMAC.o
 .text          0x0000000000000000        0x0 ./efm32zg_timer_HPI.o
 .data          0x0000000000000000        0x0 ./efm32zg_timer_HPI.o
 .bss           0x0000000000000000        0x0 ./efm32zg_timer_HPI.o
 .rodata.timer_config_table
                0x0000000000000000       0x80 ./efm32zg_timer_HPI.o
 .data.timer_ctrl_table
                0x0000000000000000        0xc ./efm32zg_timer_HPI.o
 .data.timer_cmd_table
                0x0000000000000000        0xc ./efm32zg_timer_HPI.o
 .data.timer_status_table
                0x0000000000000000        0xc ./efm32zg_timer_HPI.o
 .data.timer_ien_table
                0x0000000000000000        0xc ./efm32zg_timer_HPI.o
 .data.timer_ifrsc_table
                0x0000000000000000        0xc ./efm32zg_timer_HPI.o
 .data.timer_top_table
                0x0000000000000000        0xc ./efm32zg_timer_HPI.o
 .data.timer_topb_table
                0x0000000000000000        0xc ./efm32zg_timer_HPI.o
 .data.timer_cnt_table
                0x0000000000000000        0xc ./efm32zg_timer_HPI.o
 .data.timer_route_table
                0x0000000000000000        0xc ./efm32zg_timer_HPI.o
 .data.timer_cc0_ctrl_table
                0x0000000000000000        0xc ./efm32zg_timer_HPI.o
 .data.timer_cc0_ccv_table
                0x0000000000000000        0xc ./efm32zg_timer_HPI.o
 .data.timer_cc0_ccvp_table
                0x0000000000000000        0xc ./efm32zg_timer_HPI.o
 .data.timer_cc0_ccvb_table
                0x0000000000000000        0xc ./efm32zg_timer_HPI.o
 .data.timer_cc1_ctrl_table
                0x0000000000000000        0xc ./efm32zg_timer_HPI.o
 .data.timer_cc1_ccv_table
                0x0000000000000000        0xc ./efm32zg_timer_HPI.o
 .data.timer_cc1_ccvp_table
                0x0000000000000000        0xc ./efm32zg_timer_HPI.o
 .data.timer_cc1_ccvb_table
                0x0000000000000000        0xc ./efm32zg_timer_HPI.o
 .data.timer_cc2_ctrl_table
                0x0000000000000000        0xc ./efm32zg_timer_HPI.o
 .data.timer_cc2_ccv_table
                0x0000000000000000        0xc ./efm32zg_timer_HPI.o
 .data.timer_cc2_ccvp_table
                0x0000000000000000        0xc ./efm32zg_timer_HPI.o
 .data.timer_cc2_ccvb_table
                0x0000000000000000        0xc ./efm32zg_timer_HPI.o
 .text.zg_timerCtrlRead
                0x0000000000000000       0x20 ./efm32zg_timer_HPI.o
 .text.zg_timerCtrlWrite
                0x0000000000000000       0x28 ./efm32zg_timer_HPI.o
 .text.zg_timerCtrlClr
                0x0000000000000000       0x2c ./efm32zg_timer_HPI.o
 .text.zg_timerCmdWrite
                0x0000000000000000       0x28 ./efm32zg_timer_HPI.o
 .text.zg_timerStatusRead
                0x0000000000000000       0x20 ./efm32zg_timer_HPI.o
 .text.zg_timerIenRead
                0x0000000000000000       0x20 ./efm32zg_timer_HPI.o
 .text.zg_timerIenWrite
                0x0000000000000000       0x28 ./efm32zg_timer_HPI.o
 .text.zg_timerIenClr
                0x0000000000000000       0x2c ./efm32zg_timer_HPI.o
 .text.zg_timerIfrRead
                0x0000000000000000       0x20 ./efm32zg_timer_HPI.o
 .text.zg_timerIfsWrite
                0x0000000000000000       0x28 ./efm32zg_timer_HPI.o
 .text.zg_timerIfcClr
                0x0000000000000000       0x2c ./efm32zg_timer_HPI.o
 .text.zg_timerTopRead
                0x0000000000000000       0x20 ./efm32zg_timer_HPI.o
 .text.zg_timerTopWrite
                0x0000000000000000       0x28 ./efm32zg_timer_HPI.o
 .text.zg_timerTopClr
                0x0000000000000000       0x2c ./efm32zg_timer_HPI.o
 .text.zg_timerTopbRead
                0x0000000000000000       0x20 ./efm32zg_timer_HPI.o
 .text.zg_timerTopbWrite
                0x0000000000000000       0x28 ./efm32zg_timer_HPI.o
 .text.zg_timerTopbClr
                0x0000000000000000       0x2c ./efm32zg_timer_HPI.o
 .text.zg_timerCntRead
                0x0000000000000000       0x20 ./efm32zg_timer_HPI.o
 .text.zg_timerCntWrite
                0x0000000000000000       0x28 ./efm32zg_timer_HPI.o
 .text.zg_timerCntClr
                0x0000000000000000       0x2c ./efm32zg_timer_HPI.o
 .text.zg_timerRouteRead
                0x0000000000000000       0x20 ./efm32zg_timer_HPI.o
 .text.zg_timerRouteWrite
                0x0000000000000000       0x28 ./efm32zg_timer_HPI.o
 .text.zg_timerRouteClr
                0x0000000000000000       0x2c ./efm32zg_timer_HPI.o
 .text.zg_timerCc0_ctrlRead
                0x0000000000000000       0x20 ./efm32zg_timer_HPI.o
 .text.zg_timerCc0_ctrlWrite
                0x0000000000000000       0x28 ./efm32zg_timer_HPI.o
 .text.zg_timerCc0_ctrlClr
                0x0000000000000000       0x2c ./efm32zg_timer_HPI.o
 .text.zg_timerCc0_ccvRead
                0x0000000000000000       0x20 ./efm32zg_timer_HPI.o
 .text.zg_timerCc0_ccvWrite
                0x0000000000000000       0x28 ./efm32zg_timer_HPI.o
 .text.zg_timerCc0_ccvClr
                0x0000000000000000       0x2c ./efm32zg_timer_HPI.o
 .text.zg_timerCc0_ccvbRead
                0x0000000000000000       0x20 ./efm32zg_timer_HPI.o
 .text.zg_timerCc0_ccvbWrite
                0x0000000000000000       0x28 ./efm32zg_timer_HPI.o
 .text.zg_timerCc0_ccvbClr
                0x0000000000000000       0x2c ./efm32zg_timer_HPI.o
 .text.zg_timerCc1_ctrlRead
                0x0000000000000000       0x20 ./efm32zg_timer_HPI.o
 .text.zg_timerCc1_ctrlWrite
                0x0000000000000000       0x28 ./efm32zg_timer_HPI.o
 .text.zg_timerCc1_ctrlClr
                0x0000000000000000       0x2c ./efm32zg_timer_HPI.o
 .text.zg_timerCc1_ccvRead
                0x0000000000000000       0x20 ./efm32zg_timer_HPI.o
 .text.zg_timerCc1_ccvWrite
                0x0000000000000000       0x28 ./efm32zg_timer_HPI.o
 .text.zg_timerCc1_ccvClr
                0x0000000000000000       0x2c ./efm32zg_timer_HPI.o
 .text.zg_timerCc1_ccvbRead
                0x0000000000000000       0x20 ./efm32zg_timer_HPI.o
 .text.zg_timerCc1_ccvbWrite
                0x0000000000000000       0x28 ./efm32zg_timer_HPI.o
 .text.zg_timerCc1_ccvbClr
                0x0000000000000000       0x2c ./efm32zg_timer_HPI.o
 .text.zg_timerCc2_ctrlRead
                0x0000000000000000       0x20 ./efm32zg_timer_HPI.o
 .text.zg_timerCc2_ctrlWrite
                0x0000000000000000       0x28 ./efm32zg_timer_HPI.o
 .text.zg_timerCc2_ctrlClr
                0x0000000000000000       0x2c ./efm32zg_timer_HPI.o
 .text.zg_timerCc2_ccvRead
                0x0000000000000000       0x20 ./efm32zg_timer_HPI.o
 .text.zg_timerCc2_ccvWrite
                0x0000000000000000       0x28 ./efm32zg_timer_HPI.o
 .text.zg_timerCc2_ccvClr
                0x0000000000000000       0x2c ./efm32zg_timer_HPI.o
 .text.zg_timerCc2_ccvbRead
                0x0000000000000000       0x20 ./efm32zg_timer_HPI.o
 .text.zg_timerCc2_ccvbWrite
                0x0000000000000000       0x28 ./efm32zg_timer_HPI.o
 .text.zg_timerCc2_ccvbClr
                0x0000000000000000       0x2c ./efm32zg_timer_HPI.o
 .text.zg_timerCc0_ccvpRead
                0x0000000000000000       0x20 ./efm32zg_timer_HPI.o
 .text.zg_timerCc1_ccvpRead
                0x0000000000000000       0x20 ./efm32zg_timer_HPI.o
 .text.zg_timerCc2_ccvpRead
                0x0000000000000000       0x20 ./efm32zg_timer_HPI.o
 .debug_info    0x0000000000000000     0x1ef6 ./efm32zg_timer_HPI.o
 .debug_abbrev  0x0000000000000000      0x291 ./efm32zg_timer_HPI.o
 .debug_loc     0x0000000000000000      0xb98 ./efm32zg_timer_HPI.o
 .debug_aranges
                0x0000000000000000      0x1c0 ./efm32zg_timer_HPI.o
 .debug_ranges  0x0000000000000000      0x1b0 ./efm32zg_timer_HPI.o
 .debug_line    0x0000000000000000      0x929 ./efm32zg_timer_HPI.o
 .debug_str     0x0000000000000000      0xec1 ./efm32zg_timer_HPI.o
 .comment       0x0000000000000000       0x1e ./efm32zg_timer_HPI.o
 .debug_frame   0x0000000000000000      0x6b0 ./efm32zg_timer_HPI.o
 .ARM.attributes
                0x0000000000000000       0x2c ./efm32zg_timer_HPI.o
 .text          0x0000000000000000        0x0 ./dw1000_tofCalcs.o
 .data          0x0000000000000000        0x0 ./dw1000_tofCalcs.o
 .bss           0x0000000000000000        0x0 ./dw1000_tofCalcs.o
 .text.dw_tx_poll_ts
                0x0000000000000000       0x6c ./dw1000_tofCalcs.o
 .text.dw_tx_resp_ts
                0x0000000000000000       0x7c ./dw1000_tofCalcs.o
 .text.dw_tx_final_ts
                0x0000000000000000       0x98 ./dw1000_tofCalcs.o
 .text.dw_tof_dist
                0x0000000000000000       0xb4 ./dw1000_tofCalcs.o
 .text.dw_deviceStore
                0x0000000000000000      0x23c ./dw1000_tofCalcs.o
 .data.dw_ts_handler_table
                0x0000000000000000       0x1c ./dw1000_tofCalcs.o
 .debug_info    0x0000000000000000     0x1501 ./dw1000_tofCalcs.o
 .debug_abbrev  0x0000000000000000      0x2cd ./dw1000_tofCalcs.o
 .debug_loc     0x0000000000000000      0x11d ./dw1000_tofCalcs.o
 .debug_aranges
                0x0000000000000000       0x40 ./dw1000_tofCalcs.o
 .debug_ranges  0x0000000000000000       0x30 ./dw1000_tofCalcs.o
 .debug_line    0x0000000000000000      0x335 ./dw1000_tofCalcs.o
 .debug_str     0x0000000000000000      0xacd ./dw1000_tofCalcs.o
 .comment       0x0000000000000000       0x1e ./dw1000_tofCalcs.o
 .debug_frame   0x0000000000000000       0xb4 ./dw1000_tofCalcs.o
 .ARM.attributes
                0x0000000000000000       0x2c ./dw1000_tofCalcs.o
 .text          0x0000000000000000        0x0 ./efm32zg_gpio_HPI.o
 .data          0x0000000000000000        0x0 ./efm32zg_gpio_HPI.o
 .bss           0x0000000000000000        0x0 ./efm32zg_gpio_HPI.o
 .rodata.gpio_config_table
                0x0000000000000000       0x80 ./efm32zg_gpio_HPI.o
 .rodata.gpio_ctrl
                0x0000000000000000        0xc ./efm32zg_gpio_HPI.o
 .rodata.gpio_low_pinmode
                0x0000000000000000        0xc ./efm32zg_gpio_HPI.o
 .rodata.gpio_high_pinmode
                0x0000000000000000        0xc ./efm32zg_gpio_HPI.o
 .rodata.gpio_pinlock
                0x0000000000000000        0xc ./efm32zg_gpio_HPI.o
 .rodata.gpio_int_ctrl
                0x0000000000000000        0xc ./efm32zg_gpio_HPI.o
 .rodata.gpio_extint_low_pins
                0x0000000000000000        0xc ./efm32zg_gpio_HPI.o
 .rodata.gpio_extint_high_pins
                0x0000000000000000        0xc ./efm32zg_gpio_HPI.o
 .rodata.gpio_extint_rise_edge
                0x0000000000000000        0xc ./efm32zg_gpio_HPI.o
 .rodata.gpio_extint_fall_edge
                0x0000000000000000        0xc ./efm32zg_gpio_HPI.o
 .rodata.gpio_int_flag
                0x0000000000000000        0xc ./efm32zg_gpio_HPI.o
 .rodata.gpio_serial_wire
                0x0000000000000000        0xc ./efm32zg_gpio_HPI.o
 .rodata.gpio_insense
                0x0000000000000000        0xc ./efm32zg_gpio_HPI.o
 .rodata.gpio_conf_lock
                0x0000000000000000        0xc ./efm32zg_gpio_HPI.o
 .rodata.gpio_em4retention
                0x0000000000000000        0xc ./efm32zg_gpio_HPI.o
 .rodata.gpio_em4wake
                0x0000000000000000        0xc ./efm32zg_gpio_HPI.o
 .rodata.gpio_em4polarity
                0x0000000000000000        0xc ./efm32zg_gpio_HPI.o
 .rodata.gpio_em4clr_all
                0x0000000000000000        0xc ./efm32zg_gpio_HPI.o
 .rodata.gpio_em4cause
                0x0000000000000000        0xc ./efm32zg_gpio_HPI.o
 .text.zg_gpioPCtrlRead
                0x0000000000000000       0x2c ./efm32zg_gpio_HPI.o
 .text.zg_gpioPCtrlWrite
                0x0000000000000000       0x40 ./efm32zg_gpio_HPI.o
 .text.zg_gpioPCtrlClr
                0x0000000000000000       0x44 ./efm32zg_gpio_HPI.o
 .text.zg_gpioPinModeLowRead
                0x0000000000000000       0x30 ./efm32zg_gpio_HPI.o
 .text.zg_gpioPinModeLowWrite
                0x0000000000000000       0x48 ./efm32zg_gpio_HPI.o
 .text.zg_gpioPinModeLowClear
                0x0000000000000000       0x4c ./efm32zg_gpio_HPI.o
 .text.zg_gpioPinModeHighRead
                0x0000000000000000       0x30 ./efm32zg_gpio_HPI.o
 .text.zg_gpioPinModeHighWrite
                0x0000000000000000       0x48 ./efm32zg_gpio_HPI.o
 .text.zg_gpioPinModeHighClear
                0x0000000000000000       0x4c ./efm32zg_gpio_HPI.o
 .text.zg_gpioPinLockRead
                0x0000000000000000       0x30 ./efm32zg_gpio_HPI.o
 .text.zg_gpioPinLockWrite
                0x0000000000000000       0x48 ./efm32zg_gpio_HPI.o
 .text.zg_gpioPinLockClr
                0x0000000000000000       0x4c ./efm32zg_gpio_HPI.o
 .text.zg_gpioExtIntPinLowRead
                0x0000000000000000       0x24 ./efm32zg_gpio_HPI.o
 .text.zg_gpioExtIntPinLowWrite
                0x0000000000000000       0x30 ./efm32zg_gpio_HPI.o
 .text.zg_gpioExtIntPinLowClr
                0x0000000000000000       0x34 ./efm32zg_gpio_HPI.o
 .text.zg_gpioExtIntPinHighRead
                0x0000000000000000       0x24 ./efm32zg_gpio_HPI.o
 .text.zg_gpioExtIntPinHighWrite
                0x0000000000000000       0x30 ./efm32zg_gpio_HPI.o
 .text.zg_gpioExtIntPinHighClr
                0x0000000000000000       0x34 ./efm32zg_gpio_HPI.o
 .text.zg_gpioExtIntRiseEdgeRead
                0x0000000000000000       0x24 ./efm32zg_gpio_HPI.o
 .text.zg_gpioExtIntRiseEdgeWrite
                0x0000000000000000       0x38 ./efm32zg_gpio_HPI.o
 .text.zg_gpioExtIntRiseEdgeClr
                0x0000000000000000       0x34 ./efm32zg_gpio_HPI.o
 .text.zg_gpioExtIntFallEdgeRead
                0x0000000000000000       0x24 ./efm32zg_gpio_HPI.o
 .text.zg_gpioExtIntFallEdgeWrite
                0x0000000000000000       0x38 ./efm32zg_gpio_HPI.o
 .text.zg_gpioExtIntFallEdgeClr
                0x0000000000000000       0x34 ./efm32zg_gpio_HPI.o
 .text.zg_gpioIntEnRead
                0x0000000000000000       0x24 ./efm32zg_gpio_HPI.o
 .text.zg_gpioIntEnWrite
                0x0000000000000000       0x30 ./efm32zg_gpio_HPI.o
 .text.zg_gpioIntClr
                0x0000000000000000       0x34 ./efm32zg_gpio_HPI.o
 .text.zg_gpioIntFlagRead
                0x0000000000000000       0x24 ./efm32zg_gpio_HPI.o
 .text.zg_gpioIntFlagWrite
                0x0000000000000000       0x30 ./efm32zg_gpio_HPI.o
 .text.zg_gpioIntFlagClr
                0x0000000000000000       0x24 ./efm32zg_gpio_HPI.o
 .text.zg_gpioSerialWireEnRead
                0x0000000000000000       0x24 ./efm32zg_gpio_HPI.o
 .text.zg_gpioSerialWireEnWrite
                0x0000000000000000       0x30 ./efm32zg_gpio_HPI.o
 .text.zg_gpioSerialWireEnClr
                0x0000000000000000       0x34 ./efm32zg_gpio_HPI.o
 .text.zg_gpioSenseRead
                0x0000000000000000       0x24 ./efm32zg_gpio_HPI.o
 .text.zg_gpioSenseWrite
                0x0000000000000000       0x30 ./efm32zg_gpio_HPI.o
 .text.zg_gpioSenseClr
                0x0000000000000000       0x34 ./efm32zg_gpio_HPI.o
 .text.zg_gpioConfLockRead
                0x0000000000000000       0x24 ./efm32zg_gpio_HPI.o
 .text.zg_gpioConfLockWrite
                0x0000000000000000       0x24 ./efm32zg_gpio_HPI.o
 .text.zg_gpioConfLockClr
                0x0000000000000000       0x28 ./efm32zg_gpio_HPI.o
 .text.zg_gpioEm4RetRead
                0x0000000000000000       0x24 ./efm32zg_gpio_HPI.o
 .text.zg_gpioEm4RetWrite
                0x0000000000000000       0x30 ./efm32zg_gpio_HPI.o
 .text.zg_gpioEm4RetClr
                0x0000000000000000       0x30 ./efm32zg_gpio_HPI.o
 .text.zg_EM4WakeRead
                0x0000000000000000       0x24 ./efm32zg_gpio_HPI.o
 .text.zg_EM4WakeWrite
                0x0000000000000000       0x30 ./efm32zg_gpio_HPI.o
 .text.zg_EM4WakeClr
                0x0000000000000000       0x30 ./efm32zg_gpio_HPI.o
 .text.zg_EM4PolRead
                0x0000000000000000       0x24 ./efm32zg_gpio_HPI.o
 .text.zg_EM4PolWrite
                0x0000000000000000       0x30 ./efm32zg_gpio_HPI.o
 .text.zg_EM4PolClr
                0x0000000000000000       0x30 ./efm32zg_gpio_HPI.o
 .text.zg_gpioClrEm4Request
                0x0000000000000000       0x1c ./efm32zg_gpio_HPI.o
 .text.zg_EM4Cause
                0x0000000000000000       0x24 ./efm32zg_gpio_HPI.o
 .debug_info    0x0000000000000000     0x1e03 ./efm32zg_gpio_HPI.o
 .debug_abbrev  0x0000000000000000      0x2e9 ./efm32zg_gpio_HPI.o
 .debug_loc     0x0000000000000000      0xae4 ./efm32zg_gpio_HPI.o
 .debug_aranges
                0x0000000000000000      0x1a8 ./efm32zg_gpio_HPI.o
 .debug_ranges  0x0000000000000000      0x198 ./efm32zg_gpio_HPI.o
 .debug_line    0x0000000000000000      0x90c ./efm32zg_gpio_HPI.o
 .debug_str     0x0000000000000000      0xe89 ./efm32zg_gpio_HPI.o
 .comment       0x0000000000000000       0x1e ./efm32zg_gpio_HPI.o
 .debug_frame   0x0000000000000000      0x64c ./efm32zg_gpio_HPI.o
 .ARM.attributes
                0x0000000000000000       0x2c ./efm32zg_gpio_HPI.o
 COMMON         0x0000000000000000        0x0 ./efm32zg_gpio_HPI.o
 .text          0x0000000000000000        0x0 ./main.o
 .data          0x0000000000000000        0x0 ./main.o
 .bss           0x0000000000000000        0x0 ./main.o
 .text          0x0000000000000000        0x0 ./efm32zg_cmu_HPI.o
 .data          0x0000000000000000        0x0 ./efm32zg_cmu_HPI.o
 .bss           0x0000000000000000        0x0 ./efm32zg_cmu_HPI.o
 .rodata.cmu_config_table
                0x0000000000000000       0x80 ./efm32zg_cmu_HPI.o
 .rodata.cmu_ctrl_table
                0x0000000000000000        0xc ./efm32zg_cmu_HPI.o
 .rodata.cmu_hfcoreclkdiv_table
                0x0000000000000000        0xc ./efm32zg_cmu_HPI.o
 .rodata.cmu_hfperclkdiv_table
                0x0000000000000000        0xc ./efm32zg_cmu_HPI.o
 .rodata.cmu_hfrcoctrl_table
                0x0000000000000000        0xc ./efm32zg_cmu_HPI.o
 .rodata.cmu_lfrcoctrl_table
                0x0000000000000000        0xc ./efm32zg_cmu_HPI.o
 .rodata.cmu_auxhfrcoctrl_table
                0x0000000000000000        0xc ./efm32zg_cmu_HPI.o
 .rodata.cmu_calctrl_table
                0x0000000000000000        0xc ./efm32zg_cmu_HPI.o
 .rodata.cmu_calcnt_table
                0x0000000000000000        0xc ./efm32zg_cmu_HPI.o
 .rodata.cmu_oscencmd_table
                0x0000000000000000        0xc ./efm32zg_cmu_HPI.o
 .rodata.cmu_cmd_table
                0x0000000000000000        0xc ./efm32zg_cmu_HPI.o
 .rodata.cmu_lfclksel_table
                0x0000000000000000        0xc ./efm32zg_cmu_HPI.o
 .rodata.cmu_status_table
                0x0000000000000000        0xc ./efm32zg_cmu_HPI.o
 .rodata.cmu_intfread_table
                0x0000000000000000        0xc ./efm32zg_cmu_HPI.o
 .rodata.cmu_intfset_table
                0x0000000000000000        0xc ./efm32zg_cmu_HPI.o
 .rodata.cmu_intfclear_table
                0x0000000000000000        0xc ./efm32zg_cmu_HPI.o
 .rodata.cmu_inten_table
                0x0000000000000000        0xc ./efm32zg_cmu_HPI.o
 .rodata.cmu_hfcoreclken0_table
                0x0000000000000000        0xc ./efm32zg_cmu_HPI.o
 .rodata.cmu_hfperclken0_table
                0x0000000000000000        0xc ./efm32zg_cmu_HPI.o
 .rodata.cmu_syncbusy_table
                0x0000000000000000        0xc ./efm32zg_cmu_HPI.o
 .rodata.cmu_freeze_table
                0x0000000000000000        0xc ./efm32zg_cmu_HPI.o
 .rodata.cmu_lfaclken0_table
                0x0000000000000000        0xc ./efm32zg_cmu_HPI.o
 .rodata.cmu_lfbclken0_table
                0x0000000000000000        0xc ./efm32zg_cmu_HPI.o
 .rodata.cmu_lfapresc0_table
                0x0000000000000000        0xc ./efm32zg_cmu_HPI.o
 .rodata.cmu_lfbpresc0_table
                0x0000000000000000        0xc ./efm32zg_cmu_HPI.o
 .rodata.cmu_pcntctrl_table
                0x0000000000000000        0xc ./efm32zg_cmu_HPI.o
 .rodata.cmu_route_table
                0x0000000000000000        0xc ./efm32zg_cmu_HPI.o
 .rodata.cmu_lock_table
                0x0000000000000000        0xc ./efm32zg_cmu_HPI.o
 .text.zg_cmuCtrlRead
                0x0000000000000000       0x20 ./efm32zg_cmu_HPI.o
 .text.zg_cmuCtrlWrite
                0x0000000000000000       0x28 ./efm32zg_cmu_HPI.o
 .text.zg_cmuCtrlClr
                0x0000000000000000       0x2c ./efm32zg_cmu_HPI.o
 .text.zg_cmuHfcoreclkdivRead
                0x0000000000000000       0x20 ./efm32zg_cmu_HPI.o
 .text.zg_cmuHfcoreclkdivWrite
                0x0000000000000000       0x28 ./efm32zg_cmu_HPI.o
 .text.zg_cmuHfcoreclkdivClr
                0x0000000000000000       0x2c ./efm32zg_cmu_HPI.o
 .text.zg_cmuHfperclkdivRead
                0x0000000000000000       0x20 ./efm32zg_cmu_HPI.o
 .text.zg_cmuHfperclkdivWrite
                0x0000000000000000       0x28 ./efm32zg_cmu_HPI.o
 .text.zg_cmuHfperclkdivClr
                0x0000000000000000       0x2c ./efm32zg_cmu_HPI.o
 .text.zg_cmuHfrcoctrlRead
                0x0000000000000000       0x20 ./efm32zg_cmu_HPI.o
 .text.zg_cmuHfrcoctrlWrite
                0x0000000000000000       0x28 ./efm32zg_cmu_HPI.o
 .text.zg_cmuHfrcoctrlClr
                0x0000000000000000       0x2c ./efm32zg_cmu_HPI.o
 .text.zg_cmuLfrcoctrlRead
                0x0000000000000000       0x20 ./efm32zg_cmu_HPI.o
 .text.zg_cmuLfrcoctrlWrite
                0x0000000000000000       0x28 ./efm32zg_cmu_HPI.o
 .text.zg_cmuLfrcoctrlClr
                0x0000000000000000       0x2c ./efm32zg_cmu_HPI.o
 .text.zg_cmuAuxhfrcoctrlRead
                0x0000000000000000       0x20 ./efm32zg_cmu_HPI.o
 .text.zg_cmuAuxhfrcoctrlWrite
                0x0000000000000000       0x28 ./efm32zg_cmu_HPI.o
 .text.zg_cmuAuxhfrcoctrlClr
                0x0000000000000000       0x2c ./efm32zg_cmu_HPI.o
 .text.zg_cmuCalctrlRead
                0x0000000000000000       0x20 ./efm32zg_cmu_HPI.o
 .text.zg_cmuCalctrlWrite
                0x0000000000000000       0x28 ./efm32zg_cmu_HPI.o
 .text.zg_cmuCalctrlClr
                0x0000000000000000       0x2c ./efm32zg_cmu_HPI.o
 .text.zg_cmuCalcntRead
                0x0000000000000000       0x20 ./efm32zg_cmu_HPI.o
 .text.zg_cmuCalcntWrite
                0x0000000000000000       0x28 ./efm32zg_cmu_HPI.o
 .text.zg_cmuCalcntClr
                0x0000000000000000       0x2c ./efm32zg_cmu_HPI.o
 .text.zg_cmuOscencmdWrite
                0x0000000000000000       0x28 ./efm32zg_cmu_HPI.o
 .text.zg_cmuCmdWrite
                0x0000000000000000       0x28 ./efm32zg_cmu_HPI.o
 .text.zg_cmuLfclkselRead
                0x0000000000000000       0x20 ./efm32zg_cmu_HPI.o
 .text.zg_cmuLfclkselWrite
                0x0000000000000000       0x28 ./efm32zg_cmu_HPI.o
 .text.zg_cmuLfclkselClr
                0x0000000000000000       0x2c ./efm32zg_cmu_HPI.o
 .text.zg_cmuStatusRead
                0x0000000000000000       0x20 ./efm32zg_cmu_HPI.o
 .text.zg_cmuIntfreadRead
                0x0000000000000000       0x20 ./efm32zg_cmu_HPI.o
 .text.zg_cmuIntfsetWrite
                0x0000000000000000       0x28 ./efm32zg_cmu_HPI.o
 .text.zg_cmuIntfclearClr
                0x0000000000000000       0x2c ./efm32zg_cmu_HPI.o
 .text.zg_cmuIntenRead
                0x0000000000000000       0x20 ./efm32zg_cmu_HPI.o
 .text.zg_cmuIntenWrite
                0x0000000000000000       0x28 ./efm32zg_cmu_HPI.o
 .text.zg_cmuIntenClr
                0x0000000000000000       0x2c ./efm32zg_cmu_HPI.o
 .text.zg_cmuHfcoreclken0Read
                0x0000000000000000       0x20 ./efm32zg_cmu_HPI.o
 .text.zg_cmuHfcoreclken0Write
                0x0000000000000000       0x28 ./efm32zg_cmu_HPI.o
 .text.zg_cmuHfcoreclken0Clr
                0x0000000000000000       0x2c ./efm32zg_cmu_HPI.o
 .text.zg_cmuHfperclken0Read
                0x0000000000000000       0x20 ./efm32zg_cmu_HPI.o
 .text.zg_cmuHfperclken0Write
                0x0000000000000000       0x28 ./efm32zg_cmu_HPI.o
 .text.zg_cmuHfperclken0Clr
                0x0000000000000000       0x2c ./efm32zg_cmu_HPI.o
 .text.zg_cmuSyncbusyRead
                0x0000000000000000       0x20 ./efm32zg_cmu_HPI.o
 .text.zg_cmuFreezeRead
                0x0000000000000000       0x20 ./efm32zg_cmu_HPI.o
 .text.zg_cmuFreezeWrite
                0x0000000000000000       0x28 ./efm32zg_cmu_HPI.o
 .text.zg_cmuFreezeClr
                0x0000000000000000       0x2c ./efm32zg_cmu_HPI.o
 .text.zg_cmuLfaclken0Read
                0x0000000000000000       0x20 ./efm32zg_cmu_HPI.o
 .text.zg_cmuLfaclken0Write
                0x0000000000000000       0x28 ./efm32zg_cmu_HPI.o
 .text.zg_cmuLfaclken0Clr
                0x0000000000000000       0x2c ./efm32zg_cmu_HPI.o
 .text.zg_cmuLfbclken0Read
                0x0000000000000000       0x20 ./efm32zg_cmu_HPI.o
 .text.zg_cmuLfbclken0Write
                0x0000000000000000       0x28 ./efm32zg_cmu_HPI.o
 .text.zg_cmuLfbclken0Clr
                0x0000000000000000       0x2c ./efm32zg_cmu_HPI.o
 .text.zg_cmuLfapresc0Read
                0x0000000000000000       0x20 ./efm32zg_cmu_HPI.o
 .text.zg_cmuLfapresc0Write
                0x0000000000000000       0x28 ./efm32zg_cmu_HPI.o
 .text.zg_cmuLfapresc0Clr
                0x0000000000000000       0x2c ./efm32zg_cmu_HPI.o
 .text.zg_cmuLfbpresc0Read
                0x0000000000000000       0x20 ./efm32zg_cmu_HPI.o
 .text.zg_cmuLfbpresc0Write
                0x0000000000000000       0x28 ./efm32zg_cmu_HPI.o
 .text.zg_cmuLfbpresc0Clr
                0x0000000000000000       0x2c ./efm32zg_cmu_HPI.o
 .text.zg_cmuPcntctrlRead
                0x0000000000000000       0x20 ./efm32zg_cmu_HPI.o
 .text.zg_cmuPcntctrlWrite
                0x0000000000000000       0x28 ./efm32zg_cmu_HPI.o
 .text.zg_cmuPcntctrlClr
                0x0000000000000000       0x2c ./efm32zg_cmu_HPI.o
 .text.zg_cmuRouteRead
                0x0000000000000000       0x24 ./efm32zg_cmu_HPI.o
 .text.zg_cmuRouteWrite
                0x0000000000000000       0x2c ./efm32zg_cmu_HPI.o
 .text.zg_cmuRouteClr
                0x0000000000000000       0x30 ./efm32zg_cmu_HPI.o
 .text.zg_cmuLockRead
                0x0000000000000000       0x24 ./efm32zg_cmu_HPI.o
 .text.zg_cmuLockWrite
                0x0000000000000000       0x2c ./efm32zg_cmu_HPI.o
 .text.zg_cmuLockClr
                0x0000000000000000       0x30 ./efm32zg_cmu_HPI.o
 .debug_info    0x0000000000000000     0x228d ./efm32zg_cmu_HPI.o
 .debug_abbrev  0x0000000000000000      0x291 ./efm32zg_cmu_HPI.o
 .debug_loc     0x0000000000000000      0xea8 ./efm32zg_cmu_HPI.o
 .debug_aranges
                0x0000000000000000      0x230 ./efm32zg_cmu_HPI.o
 .debug_ranges  0x0000000000000000      0x220 ./efm32zg_cmu_HPI.o
 .debug_line    0x0000000000000000      0xac9 ./efm32zg_cmu_HPI.o
 .debug_str     0x0000000000000000     0x10ab ./efm32zg_cmu_HPI.o
 .comment       0x0000000000000000       0x1e ./efm32zg_cmu_HPI.o
 .debug_frame   0x0000000000000000      0x870 ./efm32zg_cmu_HPI.o
 .ARM.attributes
                0x0000000000000000       0x2c ./efm32zg_cmu_HPI.o
 .text          0x0000000000000000        0x0 ./efm32zg_interrupts_HPI.o
 .data          0x0000000000000000        0x0 ./efm32zg_interrupts_HPI.o
 .bss           0x0000000000000000        0x0 ./efm32zg_interrupts_HPI.o
 .text.NVIC_EnableIRQ
                0x0000000000000000       0x2c ./efm32zg_interrupts_HPI.o
 .text.NVIC_DisableIRQ
                0x0000000000000000       0x30 ./efm32zg_interrupts_HPI.o
 .text.NVIC_ClearPendingIRQ
                0x0000000000000000       0x30 ./efm32zg_interrupts_HPI.o
 .text.zg_RxIntSetup
                0x0000000000000000       0x70 ./efm32zg_interrupts_HPI.o
 .text.zg_TxIntSetup
                0x0000000000000000       0x70 ./efm32zg_interrupts_HPI.o
 .debug_info    0x0000000000000000     0x1440 ./efm32zg_interrupts_HPI.o
 .debug_abbrev  0x0000000000000000      0x29b ./efm32zg_interrupts_HPI.o
 .debug_loc     0x0000000000000000      0x118 ./efm32zg_interrupts_HPI.o
 .debug_aranges
                0x0000000000000000       0x40 ./efm32zg_interrupts_HPI.o
 .debug_ranges  0x0000000000000000       0x30 ./efm32zg_interrupts_HPI.o
 .debug_line    0x0000000000000000      0x34d ./efm32zg_interrupts_HPI.o
 .debug_str     0x0000000000000000      0xa4f ./efm32zg_interrupts_HPI.o
 .comment       0x0000000000000000       0x1e ./efm32zg_interrupts_HPI.o
 .debug_frame   0x0000000000000000       0xb0 ./efm32zg_interrupts_HPI.o
 .ARM.attributes
                0x0000000000000000       0x2c ./efm32zg_interrupts_HPI.o
 .text          0x0000000000000000        0x0 ./efm32zg_usart_HPI.o
 .data          0x0000000000000000        0x0 ./efm32zg_usart_HPI.o
 .bss           0x0000000000000000        0x0 ./efm32zg_usart_HPI.o
 .rodata.usart_config_table
                0x0000000000000000       0x80 ./efm32zg_usart_HPI.o
 .rodata.usart_ctrl_table
                0x0000000000000000        0xc ./efm32zg_usart_HPI.o
 .rodata.usart_frame_table
                0x0000000000000000        0xc ./efm32zg_usart_HPI.o
 .rodata.usart_trig_ctrl_table
                0x0000000000000000        0xc ./efm32zg_usart_HPI.o
 .rodata.usart_status_cmd_table
                0x0000000000000000        0xc ./efm32zg_usart_HPI.o
 .rodata.usart_clkdiv_table
                0x0000000000000000        0xc ./efm32zg_usart_HPI.o
 .rodata.usart_int_flag_table
                0x0000000000000000        0xc ./efm32zg_usart_HPI.o
 .rodata.usart_ir_ctrl_table
                0x0000000000000000        0xc ./efm32zg_usart_HPI.o
 .rodata.usart_route_table
                0x0000000000000000        0xc ./efm32zg_usart_HPI.o
 .rodata.usart_input_table
                0x0000000000000000        0xc ./efm32zg_usart_HPI.o
 .rodata.usart_i2s_ctrl_table
                0x0000000000000000        0xc ./efm32zg_usart_HPI.o
 .text.zg_usartCtrlRead
                0x0000000000000000       0x20 ./efm32zg_usart_HPI.o
 .text.zg_usartCtrlWrite
                0x0000000000000000       0x28 ./efm32zg_usart_HPI.o
 .text.zg_usartCtrlClr
                0x0000000000000000       0x2c ./efm32zg_usart_HPI.o
 .text.zg_usartFrameRead
                0x0000000000000000       0x20 ./efm32zg_usart_HPI.o
 .text.zg_usartFrameWrite
                0x0000000000000000       0x28 ./efm32zg_usart_HPI.o
 .text.zg_usartFrameClr
                0x0000000000000000       0x2c ./efm32zg_usart_HPI.o
 .text.zg_usartTrigctrlRead
                0x0000000000000000       0x20 ./efm32zg_usart_HPI.o
 .text.zg_usartTrigctrlWrite
                0x0000000000000000       0x28 ./efm32zg_usart_HPI.o
 .text.zg_usartTrigctrlClr
                0x0000000000000000       0x2c ./efm32zg_usart_HPI.o
 .text.zg_usartStatusRead
                0x0000000000000000       0x20 ./efm32zg_usart_HPI.o
 .text.zg_usartCmdWrite
                0x0000000000000000       0x28 ./efm32zg_usart_HPI.o
 .text.zg_usartCmdClr
                0x0000000000000000       0x2c ./efm32zg_usart_HPI.o
 .text.zg_usartClkdivRead
                0x0000000000000000       0x20 ./efm32zg_usart_HPI.o
 .text.zg_usartClkdivWrite
                0x0000000000000000       0x28 ./efm32zg_usart_HPI.o
 .text.zg_usartClkdivClr
                0x0000000000000000       0x2c ./efm32zg_usart_HPI.o
 .text.zg_usartIntflagRead
                0x0000000000000000       0x20 ./efm32zg_usart_HPI.o
 .text.zg_usartIntflagWrite
                0x0000000000000000       0x28 ./efm32zg_usart_HPI.o
 .text.zg_usartIntflagClr
                0x0000000000000000       0x2c ./efm32zg_usart_HPI.o
 .text.zg_usartIrctrlRead
                0x0000000000000000       0x20 ./efm32zg_usart_HPI.o
 .text.zg_usartIrctrlWrite
                0x0000000000000000       0x28 ./efm32zg_usart_HPI.o
 .text.zg_usartIrctrlClr
                0x0000000000000000       0x2c ./efm32zg_usart_HPI.o
 .text.zg_usartRouteRead
                0x0000000000000000       0x20 ./efm32zg_usart_HPI.o
 .text.zg_usartRouteWrite
                0x0000000000000000       0x28 ./efm32zg_usart_HPI.o
 .text.zg_usartRouteClr
                0x0000000000000000       0x2c ./efm32zg_usart_HPI.o
 .text.zg_usartInputRead
                0x0000000000000000       0x20 ./efm32zg_usart_HPI.o
 .text.zg_usartInputWrite
                0x0000000000000000       0x28 ./efm32zg_usart_HPI.o
 .text.zg_usartInputClr
                0x0000000000000000       0x2c ./efm32zg_usart_HPI.o
 .text.zg_usartI2sctrlRead
                0x0000000000000000       0x20 ./efm32zg_usart_HPI.o
 .text.zg_usartI2sctrlWrite
                0x0000000000000000       0x28 ./efm32zg_usart_HPI.o
 .text.zg_usartI2sctrlClr
                0x0000000000000000       0x2c ./efm32zg_usart_HPI.o
 .debug_info    0x0000000000000000     0x1911 ./efm32zg_usart_HPI.o
 .debug_abbrev  0x0000000000000000      0x251 ./efm32zg_usart_HPI.o
 .debug_loc     0x0000000000000000      0x690 ./efm32zg_usart_HPI.o
 .debug_aranges
                0x0000000000000000      0x108 ./efm32zg_usart_HPI.o
 .debug_ranges  0x0000000000000000       0xf8 ./efm32zg_usart_HPI.o
 .debug_line    0x0000000000000000      0x60b ./efm32zg_usart_HPI.o
 .debug_str     0x0000000000000000      0xc0a ./efm32zg_usart_HPI.o
 .comment       0x0000000000000000       0x1e ./efm32zg_usart_HPI.o
 .debug_frame   0x0000000000000000      0x3d0 ./efm32zg_usart_HPI.o
 .ARM.attributes
                0x0000000000000000       0x2c ./efm32zg_usart_HPI.o
 .text          0x0000000000000000        0x0 ./efm32zg_types_HPI.o
 .data          0x0000000000000000        0x0 ./efm32zg_types_HPI.o
 .bss           0x0000000000000000        0x0 ./efm32zg_types_HPI.o
 .data.cmu      0x0000000000000000        0x4 ./efm32zg_types_HPI.o
 .data.usart    0x0000000000000000        0x4 ./efm32zg_types_HPI.o
 .data.gpio     0x0000000000000000        0x4 ./efm32zg_types_HPI.o
 .data.timer0   0x0000000000000000        0x4 ./efm32zg_types_HPI.o
 .debug_info    0x0000000000000000     0x11b5 ./efm32zg_types_HPI.o
 .debug_abbrev  0x0000000000000000      0x1ee ./efm32zg_types_HPI.o
 .debug_aranges
                0x0000000000000000       0x18 ./efm32zg_types_HPI.o
 .debug_line    0x0000000000000000      0x219 ./efm32zg_types_HPI.o
 .debug_str     0x0000000000000000      0x88b ./efm32zg_types_HPI.o
 .comment       0x0000000000000000       0x1e ./efm32zg_types_HPI.o
 .ARM.attributes
                0x0000000000000000       0x32 ./efm32zg_types_HPI.o
 .text          0x0000000000000000        0x0 ./system_efm32zg.o
 .data          0x0000000000000000        0x0 ./system_efm32zg.o
 .bss           0x0000000000000000        0x0 ./system_efm32zg.o
 .text.SystemCoreClockGet
                0x0000000000000000       0xcc ./system_efm32zg.o
 .text.SystemMaxCoreClockGet
                0x0000000000000000        0x8 ./system_efm32zg.o
 .text.SystemHFClockGet
                0x0000000000000000       0xb8 ./system_efm32zg.o
 .text.SystemHFXOClockGet
                0x0000000000000000        0xc ./system_efm32zg.o
 .text.SystemHFXOClockSet
                0x0000000000000000       0xd4 ./system_efm32zg.o
 .text.SystemLFRCOClockGet
                0x0000000000000000        0x8 ./system_efm32zg.o
 .text.SystemULFRCOClockGet
                0x0000000000000000        0x8 ./system_efm32zg.o
 .text.SystemLFXOClockGet
                0x0000000000000000        0xc ./system_efm32zg.o
 .text.SystemLFXOClockSet
                0x0000000000000000       0xd4 ./system_efm32zg.o
 .data.SystemHFXOClock
                0x0000000000000000        0x4 ./system_efm32zg.o
 .data.SystemLFXOClock
                0x0000000000000000        0x4 ./system_efm32zg.o
 COMMON         0x0000000000000000        0x4 ./system_efm32zg.o
 .text          0x0000000000000000        0x0 ./dw1000_param_types.o
 .data          0x0000000000000000        0x0 ./dw1000_param_types.o
 .bss           0x0000000000000000        0x0 ./dw1000_param_types.o
 .rodata.chan_idx
                0x0000000000000000        0x8 ./dw1000_param_types.o
 .rodata.tx_config
                0x0000000000000000       0x18 ./dw1000_param_types.o
 .rodata.pll2_config
                0x0000000000000000       0x1e ./dw1000_param_types.o
 .rodata.pll2calcfg
                0x0000000000000000        0x1 ./dw1000_param_types.o
 .rodata.rx_config
                0x0000000000000000        0x2 ./dw1000_param_types.o
 .rodata.agc_config
                0x0000000000000000        0x8 ./dw1000_param_types.o
 .rodata.dwnsSFDlen
                0x0000000000000000        0x3 ./dw1000_param_types.o
 .rodata.sftsh  0x0000000000000000        0xc ./dw1000_param_types.o
 .rodata.dtune1
                0x0000000000000000        0x4 ./dw1000_param_types.o
 .rodata.digital_bb_config
                0x0000000000000000       0x20 ./dw1000_param_types.o
 .rodata.lde_replicaCoeff
                0x0000000000000000       0x32 ./dw1000_param_types.o
 .debug_info    0x0000000000000000      0xd8a ./dw1000_param_types.o
 .debug_abbrev  0x0000000000000000      0x1cb ./dw1000_param_types.o
 .debug_aranges
                0x0000000000000000       0x18 ./dw1000_param_types.o
 .debug_line    0x0000000000000000      0x15a ./dw1000_param_types.o
 .debug_str     0x0000000000000000      0x6f4 ./dw1000_param_types.o
 .comment       0x0000000000000000       0x1e ./dw1000_param_types.o
 .ARM.attributes
                0x0000000000000000       0x32 ./dw1000_param_types.o
 .text          0x0000000000000000        0x0 ./STK3200_config.o
 .data          0x0000000000000000        0x0 ./STK3200_config.o
 .bss           0x0000000000000000        0x0 ./STK3200_config.o
 .debug_info    0x0000000000000000       0x64 ./STK3200_config.o
 .debug_abbrev  0x0000000000000000       0x26 ./STK3200_config.o
 .debug_aranges
                0x0000000000000000       0x18 ./STK3200_config.o
 .debug_line    0x0000000000000000       0x1d ./STK3200_config.o
 .debug_str     0x0000000000000000      0x180 ./STK3200_config.o
 .comment       0x0000000000000000       0x1e ./STK3200_config.o
 .ARM.attributes
                0x0000000000000000       0x32 ./STK3200_config.o
 .text          0x0000000000000000        0x0 ./dw1000_commRxTx.o
 .data          0x0000000000000000        0x0 ./dw1000_commRxTx.o
 .bss           0x0000000000000000        0x0 ./dw1000_commRxTx.o
 .text.dw_Tx    0x0000000000000000       0x2c ./dw1000_commRxTx.o
 .text.dw_Rx    0x0000000000000000       0x4c ./dw1000_commRxTx.o
 .text.dw_lpol_lpha_high
                0x0000000000000000       0x1e ./dw1000_commRxTx.o
 .text.dw_lpol_hpha_high
                0x0000000000000000       0x1e ./dw1000_commRxTx.o
 .text.dw_hpol_lpha_high
                0x0000000000000000       0x1e ./dw1000_commRxTx.o
 .text.dw_hpol_hpha_high
                0x0000000000000000       0x1e ./dw1000_commRxTx.o
 .text.dw_lpol_lpha_low
                0x0000000000000000       0x1e ./dw1000_commRxTx.o
 .text.dw_lpol_hpha_low
                0x0000000000000000       0x1e ./dw1000_commRxTx.o
 .text.dw_hpol_lpha_low
                0x0000000000000000       0x1e ./dw1000_commRxTx.o
 .text.dw_hpol_hpha_low
                0x0000000000000000       0x1e ./dw1000_commRxTx.o
 .data.dw_PolAlphaAssert
                0x0000000000000000       0x10 ./dw1000_commRxTx.o
 .data.dw_PolAlphaDeAssert
                0x0000000000000000       0x10 ./dw1000_commRxTx.o
 .debug_info    0x0000000000000000     0x1342 ./dw1000_commRxTx.o
 .debug_abbrev  0x0000000000000000      0x2a5 ./dw1000_commRxTx.o
 .debug_loc     0x0000000000000000      0x230 ./dw1000_commRxTx.o
 .debug_aranges
                0x0000000000000000       0x68 ./dw1000_commRxTx.o
 .debug_ranges  0x0000000000000000       0x58 ./dw1000_commRxTx.o
 .debug_line    0x0000000000000000      0x25a ./dw1000_commRxTx.o
 .debug_str     0x0000000000000000      0x970 ./dw1000_commRxTx.o
 .comment       0x0000000000000000       0x1e ./dw1000_commRxTx.o
 .debug_frame   0x0000000000000000      0x150 ./dw1000_commRxTx.o
 .ARM.attributes
                0x0000000000000000       0x2c ./dw1000_commRxTx.o
 .text          0x0000000000000000        0x0 ./dw1000_decodeMAC.o
 .data          0x0000000000000000        0x0 ./dw1000_decodeMAC.o
 .bss           0x0000000000000000        0x0 ./dw1000_decodeMAC.o
 .bss.frame_index
                0x0000000000000000        0xc ./dw1000_decodeMAC.o
 .text.dw_decodeFrameCtrl
                0x0000000000000000       0xa4 ./dw1000_decodeMAC.o
 .text.dw_decodeFrameIn
                0x0000000000000000       0xf4 ./dw1000_decodeMAC.o
 .text.dw_handlerBlink
                0x0000000000000000      0x1cc ./dw1000_decodeMAC.o
 .text.dw_handlerRangeInit
                0x0000000000000000      0x148 ./dw1000_decodeMAC.o
 .text.dw_handlerPollRespFinal
                0x0000000000000000       0xb8 ./dw1000_decodeMAC.o
 .text.dw_handlerPoll
                0x0000000000000000      0x224 ./dw1000_decodeMAC.o
 .text.dw_handlerResp
                0x0000000000000000      0x270 ./dw1000_decodeMAC.o
 .text.dw_handlerFinal
                0x0000000000000000      0x304 ./dw1000_decodeMAC.o
 .data.frame_src_addr_index_start_table
                0x0000000000000000        0x3 ./dw1000_decodeMAC.o
 .data.pan_id_index_table
                0x0000000000000000        0x3 ./dw1000_decodeMAC.o
 .data.dest_addr_index_table
                0x0000000000000000        0x3 ./dw1000_decodeMAC.o
 .data.src_addr_index_table
                0x0000000000000000        0x3 ./dw1000_decodeMAC.o
 .data.msg_index_table
                0x0000000000000000        0x3 ./dw1000_decodeMAC.o
 .data.fn_code_index_table
                0x0000000000000000        0x3 ./dw1000_decodeMAC.o
 .rodata.dw_handler_table
                0x0000000000000000       0x10 ./dw1000_decodeMAC.o
 .data.poll_resp_final_handler_table
                0x0000000000000000        0xc ./dw1000_decodeMAC.o
 .data.frame_len_table
                0x0000000000000000        0x3 ./dw1000_decodeMAC.o
 .debug_info    0x0000000000000000     0x1bd5 ./dw1000_decodeMAC.o
 .debug_abbrev  0x0000000000000000      0x33c ./dw1000_decodeMAC.o
 .debug_loc     0x0000000000000000      0x1d0 ./dw1000_decodeMAC.o
 .debug_aranges
                0x0000000000000000       0x58 ./dw1000_decodeMAC.o
 .debug_ranges  0x0000000000000000       0x48 ./dw1000_decodeMAC.o
 .debug_line    0x0000000000000000      0x819 ./dw1000_decodeMAC.o
 .debug_str     0x0000000000000000      0xc61 ./dw1000_decodeMAC.o
 .comment       0x0000000000000000       0x1e ./dw1000_decodeMAC.o
 .debug_frame   0x0000000000000000      0x128 ./dw1000_decodeMAC.o
 .ARM.attributes
                0x0000000000000000       0x2c ./dw1000_decodeMAC.o
 .text          0x0000000000000000        0x0 ./efm32zg_gpio_IO_HPI.o
 .data          0x0000000000000000        0x0 ./efm32zg_gpio_IO_HPI.o
 .bss           0x0000000000000000        0x0 ./efm32zg_gpio_IO_HPI.o
 .rodata.gpio_I_O_TGL
                0x0000000000000000        0xc ./efm32zg_gpio_IO_HPI.o
 .rodata.gpio_IO_host_slave_transfer
                0x0000000000000000        0x8 ./efm32zg_gpio_IO_HPI.o
 .text.zg_gpioReadIn
                0x0000000000000000       0x30 ./efm32zg_gpio_IO_HPI.o
 .text.zg_gpioOutTgl
                0x0000000000000000       0x30 ./efm32zg_gpio_IO_HPI.o
 .text.zg_gpioOutRead
                0x0000000000000000       0x30 ./efm32zg_gpio_IO_HPI.o
 .text.zg_gpioOutWrite
                0x0000000000000000       0x48 ./efm32zg_gpio_IO_HPI.o
 .text.zg_gpioOutClr
                0x0000000000000000       0x4c ./efm32zg_gpio_IO_HPI.o
 .rodata.gpio_pinin_read
                0x0000000000000000        0xc ./efm32zg_gpio_IO_HPI.o
 .rodata.gpio_out
                0x0000000000000000        0xc ./efm32zg_gpio_IO_HPI.o
 .rodata.gpio_pinout_tgl
                0x0000000000000000        0xc ./efm32zg_gpio_IO_HPI.o
 .text.gpio_assign_rx_data
                0x0000000000000000       0x22 ./efm32zg_gpio_IO_HPI.o
 .text.gpio_assign_tx_data
                0x0000000000000000       0x22 ./efm32zg_gpio_IO_HPI.o
 .debug_info    0x0000000000000000     0x143c ./efm32zg_gpio_IO_HPI.o
 .debug_abbrev  0x0000000000000000      0x285 ./efm32zg_gpio_IO_HPI.o
 .debug_loc     0x0000000000000000      0x188 ./efm32zg_gpio_IO_HPI.o
 .debug_aranges
                0x0000000000000000       0x50 ./efm32zg_gpio_IO_HPI.o
 .debug_ranges  0x0000000000000000       0x40 ./efm32zg_gpio_IO_HPI.o
 .debug_line    0x0000000000000000      0x32f ./efm32zg_gpio_IO_HPI.o
 .debug_str     0x0000000000000000      0x9a1 ./efm32zg_gpio_IO_HPI.o
 .comment       0x0000000000000000       0x1e ./efm32zg_gpio_IO_HPI.o
 .debug_frame   0x0000000000000000       0xf0 ./efm32zg_gpio_IO_HPI.o
 .ARM.attributes
                0x0000000000000000       0x2c ./efm32zg_gpio_IO_HPI.o
 .text          0x0000000000000000        0x0 ./mpi_gpio.o
 .data          0x0000000000000000        0x0 ./mpi_gpio.o
 .bss           0x0000000000000000        0x0 ./mpi_gpio.o
 .text.mpi_gpioInit
                0x0000000000000000       0x20 ./mpi_gpio.o
 .text.mpi_gpioConfigReg
                0x0000000000000000       0x20 ./mpi_gpio.o
 .text.mpi_gpioRead
                0x0000000000000000       0x24 ./mpi_gpio.o
 .text.mpi_gpioWrite
                0x0000000000000000       0x24 ./mpi_gpio.o
 .text.mpi_gpioToggle
                0x0000000000000000       0x24 ./mpi_gpio.o
 .debug_info    0x0000000000000000      0x253 ./mpi_gpio.o
 .debug_abbrev  0x0000000000000000       0xa4 ./mpi_gpio.o
 .debug_loc     0x0000000000000000      0x118 ./mpi_gpio.o
 .debug_aranges
                0x0000000000000000       0x40 ./mpi_gpio.o
 .debug_ranges  0x0000000000000000       0x30 ./mpi_gpio.o
 .debug_line    0x0000000000000000      0x116 ./mpi_gpio.o
 .debug_str     0x0000000000000000      0x27b ./mpi_gpio.o
 .comment       0x0000000000000000       0x1e ./mpi_gpio.o
 .debug_frame   0x0000000000000000       0xb0 ./mpi_gpio.o
 .ARM.attributes
                0x0000000000000000       0x2c ./mpi_gpio.o
 .text          0x0000000000000000        0x0 ./venus638.o
 .data          0x0000000000000000        0x0 ./venus638.o
 .bss           0x0000000000000000        0x0 ./venus638.o
 .rodata.nmea_sent_len
                0x0000000000000000        0x6 ./venus638.o
 .rodata.venus_nmea_id_table
                0x0000000000000000       0x24 ./venus638.o
 .text.venus638_Tx
                0x0000000000000000       0x8c ./venus638.o
 .text.venus638_Rx
                0x0000000000000000      0x190 ./venus638.o
 .text.venus_buildMessageOut
                0x0000000000000000      0x12c ./venus638.o
 .text.venus_decodeNmeaId
                0x0000000000000000       0x90 ./venus638.o
 .text.venus_decodeNmeaMessage
                0x0000000000000000       0x30 ./venus638.o
 .text.venus_nullMessageArray
                0x0000000000000000       0x3a ./venus638.o
 .text.venus_buildMessageBody
                0x0000000000000000       0x54 ./venus638.o
 .text.venus_makeChecksum
                0x0000000000000000       0x50 ./venus638.o
 .text.decode_gga_fn
                0x0000000000000000       0x50 ./venus638.o
 .text.decode_gll_fn
                0x0000000000000000       0x50 ./venus638.o
 .text.decode_gsa_fn
                0x0000000000000000       0x50 ./venus638.o
 .text.decode_gsv_fn
                0x0000000000000000       0x50 ./venus638.o
 .text.decode_rmc_fn
                0x0000000000000000       0x54 ./venus638.o
 .text.decode_vtg_fn
                0x0000000000000000       0x54 ./venus638.o
 .text.venus_status_sw_version
                0x0000000000000000       0x4c ./venus638.o
 .text.venus_status_sw_crc
                0x0000000000000000       0x30 ./venus638.o
 .text.venus_status_ack
                0x0000000000000000       0x24 ./venus638.o
 .text.venus_status_nack
                0x0000000000000000       0x24 ./venus638.o
 .text.venus_status_pin_info
                0x0000000000000000       0x24 ./venus638.o
 .text.venus_status_eph_data
                0x0000000000000000       0xb0 ./venus638.o
 .text.venus_status_datum
                0x0000000000000000       0x28 ./venus638.o
 .text.venus_status_waas
                0x0000000000000000       0x28 ./venus638.o
 .text.venus_status_pin
                0x0000000000000000       0x28 ./venus638.o
 .text.venus_status_nav
                0x0000000000000000       0x28 ./venus638.o
 .text.venus_status_1pps
                0x0000000000000000       0x28 ./venus638.o
 .text.venus_sys_reset
                0x0000000000000000       0x7e ./venus638.o
 .text.venus_query_sw_rev
                0x0000000000000000       0x1e ./venus638.o
 .text.venus_query_sw_crc
                0x0000000000000000       0x1e ./venus638.o
 .text.venus_factory_reset
                0x0000000000000000       0x1e ./venus638.o
 .text.venus_config_serial
                0x0000000000000000       0x32 ./venus638.o
 .text.venus_config_nmea
                0x0000000000000000       0x64 ./venus638.o
 .text.venus_config_message
                0x0000000000000000       0x1e ./venus638.o
 .text.venus_config_sys_pwr
                0x0000000000000000       0x2a ./venus638.o
 .text.venus_config_update_rate
                0x0000000000000000       0x2c ./venus638.o
 .text.venus_query_update_rate
                0x0000000000000000       0x1a ./venus638.o
 .text.venus_config_datum
                0x0000000000000000       0x6a ./venus638.o
 .text.venus_query_datum
                0x0000000000000000       0x1a ./venus638.o
 .text.venus_query_get_eph
                0x0000000000000000       0x20 ./venus638.o
 .text.venus_config_set_eph
                0x0000000000000000       0x1e ./venus638.o
 .text.venus_config_waas
                0x0000000000000000       0x2c ./venus638.o
 .text.venus_query_waas
                0x0000000000000000       0x1a ./venus638.o
 .text.venus_config_pos_pin
                0x0000000000000000       0x20 ./venus638.o
 .text.venus_query_pos_pin
                0x0000000000000000       0x1a ./venus638.o
 .text.venus_config_pos_pin_param
                0x0000000000000000       0x50 ./venus638.o
 .text.venus_config_nav_mode
                0x0000000000000000       0x2c ./venus638.o
 .text.venus_query_nav_mode
                0x0000000000000000       0x1a ./venus638.o
 .text.venus_config_1pps_mode
                0x0000000000000000       0x2c ./venus638.o
 .text.venus_query_1pps_mode
                0x0000000000000000       0x1a ./venus638.o
 .rodata.venus_config_query_fn_table
                0x0000000000000000       0x60 ./venus638.o
 .data.venus_query_lookup_table
                0x0000000000000000       0x18 ./venus638.o
 .data.venus_query_lookup_table_member_length
                0x0000000000000000       0x18 ./venus638.o
 .data.venus_response_lookup_table
                0x0000000000000000        0xc ./venus638.o
 .data.venus_response_lookup_table_member_length
                0x0000000000000000        0xc ./venus638.o
 .rodata.venus_handler_table
                0x0000000000000000       0x30 ./venus638.o
 .rodata.nmea_decode_table
                0x0000000000000000       0x18 ./venus638.o
 .debug_info    0x0000000000000000     0x2251 ./venus638.o
 .debug_abbrev  0x0000000000000000      0x2fd ./venus638.o
 .debug_loc     0x0000000000000000      0xa82 ./venus638.o
 .debug_aranges
                0x0000000000000000      0x198 ./venus638.o
 .debug_ranges  0x0000000000000000      0x188 ./venus638.o
 .debug_line    0x0000000000000000      0xb18 ./venus638.o
 .debug_str     0x0000000000000000     0x11ce ./venus638.o
 .comment       0x0000000000000000       0x1e ./venus638.o
 .debug_frame   0x0000000000000000      0x610 ./venus638.o
 .ARM.attributes
                0x0000000000000000       0x2c ./venus638.o
 .text          0x0000000000000000        0x0 ./efm32zg_usart_IO_HPI.o
 .data          0x0000000000000000        0x0 ./efm32zg_usart_IO_HPI.o
 .bss           0x0000000000000000        0x0 ./efm32zg_usart_IO_HPI.o
 .rodata.usart_IO_table
                0x0000000000000000       0x18 ./efm32zg_usart_IO_HPI.o
 .rodata.usart_IO_host_slave_transfer
                0x0000000000000000        0x8 ./efm32zg_usart_IO_HPI.o
 .rodata.USART_RXDATAX_DATABITS
                0x0000000000000000        0x1 ./efm32zg_usart_IO_HPI.o
 .rodata.USART_RXDATAX_CTRLBIT
                0x0000000000000000        0x2 ./efm32zg_usart_IO_HPI.o
 .rodata.USART_RXDATAXP_DATABITS
                0x0000000000000000        0x1 ./efm32zg_usart_IO_HPI.o
 .rodata.USART_RXDATAXP_CTRLBIT
                0x0000000000000000        0x2 ./efm32zg_usart_IO_HPI.o
 .rodata.USART_RXDOUBLEX_DATA_0
                0x0000000000000000        0x1 ./efm32zg_usart_IO_HPI.o
 .rodata.USART_RXDOUBLEX_DATA_1
                0x0000000000000000        0x1 ./efm32zg_usart_IO_HPI.o
 .rodata.USART_RXDOUBLEX_CTRLBIT_0
                0x0000000000000000        0x2 ./efm32zg_usart_IO_HPI.o
 .rodata.USART_RXDOUBLEX_CTRLBIT_1
                0x0000000000000000        0x4 ./efm32zg_usart_IO_HPI.o
 .rodata.USART_RXDOUBLEXP_DATA_0
                0x0000000000000000        0x1 ./efm32zg_usart_IO_HPI.o
 .rodata.USART_RXDOUBLEXP_DATA_1
                0x0000000000000000        0x1 ./efm32zg_usart_IO_HPI.o
 .rodata.USART_RXDOUBLEXP_CTRLBIT_0
                0x0000000000000000        0x2 ./efm32zg_usart_IO_HPI.o
 .rodata.USART_RXDOUBLEXP_CTRLBIT_1
                0x0000000000000000        0x4 ./efm32zg_usart_IO_HPI.o
 .rodata.USART_TXDATAX_DATABITS
                0x0000000000000000        0x1 ./efm32zg_usart_IO_HPI.o
 .rodata.USART_TXDOUBLEX_DATABITS_0
                0x0000000000000000        0x1 ./efm32zg_usart_IO_HPI.o
 .rodata.USART_TXDATA_DATABITS
                0x0000000000000000        0x1 ./efm32zg_usart_IO_HPI.o
 .text.zg_usartRxdataxRead
                0x0000000000000000       0x9c ./efm32zg_usart_IO_HPI.o
 .text.zg_usartRxdataRead
                0x0000000000000000       0x4c ./efm32zg_usart_IO_HPI.o
 .text.zg_usartRxdataxpRead
                0x0000000000000000       0x9c ./efm32zg_usart_IO_HPI.o
 .text.zg_usartRxdoublexRead
                0x0000000000000000       0xf8 ./efm32zg_usart_IO_HPI.o
 .text.zg_usartRxdoubleRead
                0x0000000000000000       0x4c ./efm32zg_usart_IO_HPI.o
 .text.zg_usartRxdoublexpRead
                0x0000000000000000       0xf8 ./efm32zg_usart_IO_HPI.o
 .text.zg_usartTxdataxWrite
                0x0000000000000000       0xc8 ./efm32zg_usart_IO_HPI.o
 .text.zg_usartTxdataWrite
                0x0000000000000000       0x50 ./efm32zg_usart_IO_HPI.o
 .text.zg_usartTxdoublexWrite
                0x0000000000000000       0xd8 ./efm32zg_usart_IO_HPI.o
 .text.zg_usartTxdoubleWrite
                0x0000000000000000       0x4c ./efm32zg_usart_IO_HPI.o
 .rodata.usart_rx_8_xp
                0x0000000000000000        0x4 ./efm32zg_usart_IO_HPI.o
 .rodata.usart_rx_16_xp
                0x0000000000000000        0x4 ./efm32zg_usart_IO_HPI.o
 .rodata.usart_rxtx_data_x
                0x0000000000000000        0x8 ./efm32zg_usart_IO_HPI.o
 .rodata.usart_rxtx_data
                0x0000000000000000        0x8 ./efm32zg_usart_IO_HPI.o
 .rodata.usart_rxtx_double_x
                0x0000000000000000        0x8 ./efm32zg_usart_IO_HPI.o
 .rodata.usart_rxtx_double
                0x0000000000000000        0x8 ./efm32zg_usart_IO_HPI.o
 .text.usart_assign_rx_data_8_x
                0x0000000000000000       0x22 ./efm32zg_usart_IO_HPI.o
 .text.usart_assign_rx_data_8
                0x0000000000000000       0x22 ./efm32zg_usart_IO_HPI.o
 .text.usart_assign_rx_data_16_x
                0x0000000000000000       0x22 ./efm32zg_usart_IO_HPI.o
 .text.usart_assign_rx_data_16
                0x0000000000000000       0x22 ./efm32zg_usart_IO_HPI.o
 .text.usart_assign_rx_data_8_xp
                0x0000000000000000       0x22 ./efm32zg_usart_IO_HPI.o
 .text.usart_assign_rx_data_16_xp
                0x0000000000000000       0x22 ./efm32zg_usart_IO_HPI.o
 .text.usart_assign_tx_data_8_x
                0x0000000000000000       0x22 ./efm32zg_usart_IO_HPI.o
 .text.usart_assign_tx_data_8
                0x0000000000000000       0x22 ./efm32zg_usart_IO_HPI.o
 .text.usart_assign_tx_data_16_x
                0x0000000000000000       0x22 ./efm32zg_usart_IO_HPI.o
 .text.usart_assign_tx_data_16
                0x0000000000000000       0x22 ./efm32zg_usart_IO_HPI.o
 .rodata.usart_rx_bitwidth_table
                0x0000000000000000       0x18 ./efm32zg_usart_IO_HPI.o
 .rodata.usart_tx_bitwidth_table
                0x0000000000000000       0x18 ./efm32zg_usart_IO_HPI.o
 .debug_info    0x0000000000000000     0x2001 ./efm32zg_usart_IO_HPI.o
 .debug_abbrev  0x0000000000000000      0x2ec ./efm32zg_usart_IO_HPI.o
 .debug_loc     0x0000000000000000      0x460 ./efm32zg_usart_IO_HPI.o
 .debug_aranges
                0x0000000000000000       0xb8 ./efm32zg_usart_IO_HPI.o
 .debug_ranges  0x0000000000000000       0xa8 ./efm32zg_usart_IO_HPI.o
 .debug_line    0x0000000000000000      0x726 ./efm32zg_usart_IO_HPI.o
 .debug_str     0x0000000000000000     0x1034 ./efm32zg_usart_IO_HPI.o
 .comment       0x0000000000000000       0x1e ./efm32zg_usart_IO_HPI.o
 .debug_frame   0x0000000000000000      0x290 ./efm32zg_usart_IO_HPI.o
 .ARM.attributes
                0x0000000000000000       0x2c ./efm32zg_usart_IO_HPI.o
 COMMON         0x0000000000000000       0x13 ./efm32zg_usart_IO_HPI.o
 .text          0x0000000000000000        0x0 ./mpi_timer.o
 .data          0x0000000000000000        0x0 ./mpi_timer.o
 .bss           0x0000000000000000        0x0 ./mpi_timer.o
 .text.mpi_timerInit
                0x0000000000000000       0x20 ./mpi_timer.o
 .text.mpi_timerConfigReg
                0x0000000000000000       0x20 ./mpi_timer.o
 .debug_info    0x0000000000000000      0x13f ./mpi_timer.o
 .debug_abbrev  0x0000000000000000       0xa4 ./mpi_timer.o
 .debug_loc     0x0000000000000000       0x70 ./mpi_timer.o
 .debug_aranges
                0x0000000000000000       0x28 ./mpi_timer.o
 .debug_ranges  0x0000000000000000       0x18 ./mpi_timer.o
 .debug_line    0x0000000000000000       0xd2 ./mpi_timer.o
 .debug_str     0x0000000000000000      0x217 ./mpi_timer.o
 .comment       0x0000000000000000       0x1e ./mpi_timer.o
 .debug_frame   0x0000000000000000       0x50 ./mpi_timer.o
 .ARM.attributes
                0x0000000000000000       0x2c ./mpi_timer.o
 .text          0x0000000000000000      0x290 /usr/lib/gcc/arm-none-eabi/9.1.0/libgcc.a(_arm_muldf3.o)
 .data          0x0000000000000000        0x0 /usr/lib/gcc/arm-none-eabi/9.1.0/libgcc.a(_arm_muldf3.o)
 .bss           0x0000000000000000        0x0 /usr/lib/gcc/arm-none-eabi/9.1.0/libgcc.a(_arm_muldf3.o)
 .debug_frame   0x0000000000000000       0x30 /usr/lib/gcc/arm-none-eabi/9.1.0/libgcc.a(_arm_muldf3.o)
 .ARM.attributes
                0x0000000000000000       0x1c /usr/lib/gcc/arm-none-eabi/9.1.0/libgcc.a(_arm_muldf3.o)
 .text          0x0000000000000000      0x114 /usr/lib/gcc/arm-none-eabi/9.1.0/libgcc.a(_udivsi3.o)
 .data          0x0000000000000000        0x0 /usr/lib/gcc/arm-none-eabi/9.1.0/libgcc.a(_udivsi3.o)
 .bss           0x0000000000000000        0x0 /usr/lib/gcc/arm-none-eabi/9.1.0/libgcc.a(_udivsi3.o)
 .debug_frame   0x0000000000000000       0x20 /usr/lib/gcc/arm-none-eabi/9.1.0/libgcc.a(_udivsi3.o)
 .ARM.attributes
                0x0000000000000000       0x1c /usr/lib/gcc/arm-none-eabi/9.1.0/libgcc.a(_udivsi3.o)
 .text          0x0000000000000000        0x4 /usr/lib/gcc/arm-none-eabi/9.1.0/libgcc.a(_dvmd_tls.o)
 .data          0x0000000000000000        0x0 /usr/lib/gcc/arm-none-eabi/9.1.0/libgcc.a(_dvmd_tls.o)
 .bss           0x0000000000000000        0x0 /usr/lib/gcc/arm-none-eabi/9.1.0/libgcc.a(_dvmd_tls.o)
 .ARM.attributes
                0x0000000000000000       0x1c /usr/lib/gcc/arm-none-eabi/9.1.0/libgcc.a(_dvmd_tls.o)
 .text          0x0000000000000000      0x424 /usr/lib/gcc/arm-none-eabi/9.1.0/libgcc.a(_arm_addsubdf3.o)
 .data          0x0000000000000000        0x0 /usr/lib/gcc/arm-none-eabi/9.1.0/libgcc.a(_arm_addsubdf3.o)
 .bss           0x0000000000000000        0x0 /usr/lib/gcc/arm-none-eabi/9.1.0/libgcc.a(_arm_addsubdf3.o)
 .debug_frame   0x0000000000000000       0xac /usr/lib/gcc/arm-none-eabi/9.1.0/libgcc.a(_arm_addsubdf3.o)
 .ARM.attributes
                0x0000000000000000       0x1c /usr/lib/gcc/arm-none-eabi/9.1.0/libgcc.a(_arm_addsubdf3.o)
 .text          0x0000000000000000       0xa0 /usr/lib/gcc/arm-none-eabi/9.1.0/libgcc.a(_arm_truncdfsf2.o)
 .data          0x0000000000000000        0x0 /usr/lib/gcc/arm-none-eabi/9.1.0/libgcc.a(_arm_truncdfsf2.o)
 .bss           0x0000000000000000        0x0 /usr/lib/gcc/arm-none-eabi/9.1.0/libgcc.a(_arm_truncdfsf2.o)
 .debug_frame   0x0000000000000000       0x24 /usr/lib/gcc/arm-none-eabi/9.1.0/libgcc.a(_arm_truncdfsf2.o)
 .ARM.attributes
                0x0000000000000000       0x1c /usr/lib/gcc/arm-none-eabi/9.1.0/libgcc.a(_arm_truncdfsf2.o)
 .text          0x0000000000000000      0x114 /usr/lib/gcc/arm-none-eabi/9.1.0/libgcc.a(_arm_cmpsf2.o)
 .data          0x0000000000000000        0x0 /usr/lib/gcc/arm-none-eabi/9.1.0/libgcc.a(_arm_cmpsf2.o)
 .bss           0x0000000000000000        0x0 /usr/lib/gcc/arm-none-eabi/9.1.0/libgcc.a(_arm_cmpsf2.o)
 .debug_frame   0x0000000000000000       0xc8 /usr/lib/gcc/arm-none-eabi/9.1.0/libgcc.a(_arm_cmpsf2.o)
 .ARM.attributes
                0x0000000000000000       0x1c /usr/lib/gcc/arm-none-eabi/9.1.0/libgcc.a(_arm_cmpsf2.o)
 .text          0x0000000000000000        0x0 /usr/arm-none-eabi/lib/thumb/v6-m/nofp/libc_nano.a(lib_a-atexit.o)
 .data          0x0000000000000000        0x0 /usr/arm-none-eabi/lib/thumb/v6-m/nofp/libc_nano.a(lib_a-atexit.o)
 .bss           0x0000000000000000        0x0 /usr/arm-none-eabi/lib/thumb/v6-m/nofp/libc_nano.a(lib_a-atexit.o)
 .text          0x0000000000000000        0x0 /usr/arm-none-eabi/lib/thumb/v6-m/nofp/libc_nano.a(lib_a-exit.o)
 .data          0x0000000000000000        0x0 /usr/arm-none-eabi/lib/thumb/v6-m/nofp/libc_nano.a(lib_a-exit.o)
 .bss           0x0000000000000000        0x0 /usr/arm-none-eabi/lib/thumb/v6-m/nofp/libc_nano.a(lib_a-exit.o)
 .text          0x0000000000000000        0x0 /usr/arm-none-eabi/lib/thumb/v6-m/nofp/libc_nano.a(lib_a-fini.o)
 .data          0x0000000000000000        0x0 /usr/arm-none-eabi/lib/thumb/v6-m/nofp/libc_nano.a(lib_a-fini.o)
 .bss           0x0000000000000000        0x0 /usr/arm-none-eabi/lib/thumb/v6-m/nofp/libc_nano.a(lib_a-fini.o)
 .text          0x0000000000000000        0x0 /usr/arm-none-eabi/lib/thumb/v6-m/nofp/libc_nano.a(lib_a-impure.o)
 .data          0x0000000000000000        0x0 /usr/arm-none-eabi/lib/thumb/v6-m/nofp/libc_nano.a(lib_a-impure.o)
 .bss           0x0000000000000000        0x0 /usr/arm-none-eabi/lib/thumb/v6-m/nofp/libc_nano.a(lib_a-impure.o)
 .data._impure_ptr
                0x0000000000000000        0x4 /usr/arm-none-eabi/lib/thumb/v6-m/nofp/libc_nano.a(lib_a-impure.o)
 .text          0x0000000000000000        0x0 /usr/arm-none-eabi/lib/thumb/v6-m/nofp/libc_nano.a(lib_a-init.o)
 .data          0x0000000000000000        0x0 /usr/arm-none-eabi/lib/thumb/v6-m/nofp/libc_nano.a(lib_a-init.o)
 .bss           0x0000000000000000        0x0 /usr/arm-none-eabi/lib/thumb/v6-m/nofp/libc_nano.a(lib_a-init.o)
 .text          0x0000000000000000        0x0 /usr/arm-none-eabi/lib/thumb/v6-m/nofp/libc_nano.a(lib_a-memcpy-stub.o)
 .data          0x0000000000000000        0x0 /usr/arm-none-eabi/lib/thumb/v6-m/nofp/libc_nano.a(lib_a-memcpy-stub.o)
 .bss           0x0000000000000000        0x0 /usr/arm-none-eabi/lib/thumb/v6-m/nofp/libc_nano.a(lib_a-memcpy-stub.o)
 .text.memcpy   0x0000000000000000       0x12 /usr/arm-none-eabi/lib/thumb/v6-m/nofp/libc_nano.a(lib_a-memcpy-stub.o)
 .debug_frame   0x0000000000000000       0x28 /usr/arm-none-eabi/lib/thumb/v6-m/nofp/libc_nano.a(lib_a-memcpy-stub.o)
 .ARM.attributes
                0x0000000000000000       0x2c /usr/arm-none-eabi/lib/thumb/v6-m/nofp/libc_nano.a(lib_a-memcpy-stub.o)
 .text          0x0000000000000000        0x0 /usr/arm-none-eabi/lib/thumb/v6-m/nofp/libc_nano.a(lib_a-memset.o)
 .data          0x0000000000000000        0x0 /usr/arm-none-eabi/lib/thumb/v6-m/nofp/libc_nano.a(lib_a-memset.o)
 .bss           0x0000000000000000        0x0 /usr/arm-none-eabi/lib/thumb/v6-m/nofp/libc_nano.a(lib_a-memset.o)
 .text          0x0000000000000000        0x0 /usr/arm-none-eabi/lib/thumb/v6-m/nofp/libc_nano.a(lib_a-__atexit.o)
 .data          0x0000000000000000        0x0 /usr/arm-none-eabi/lib/thumb/v6-m/nofp/libc_nano.a(lib_a-__atexit.o)
 .bss           0x0000000000000000        0x0 /usr/arm-none-eabi/lib/thumb/v6-m/nofp/libc_nano.a(lib_a-__atexit.o)
 .data.__atexit_dummy
                0x0000000000000000        0x4 /usr/arm-none-eabi/lib/thumb/v6-m/nofp/libc_nano.a(lib_a-__atexit.o)
 .text          0x0000000000000000        0x0 /usr/arm-none-eabi/lib/thumb/v6-m/nofp/libc_nano.a(lib_a-__call_atexit.o)
 .data          0x0000000000000000        0x0 /usr/arm-none-eabi/lib/thumb/v6-m/nofp/libc_nano.a(lib_a-__call_atexit.o)
 .bss           0x0000000000000000        0x0 /usr/arm-none-eabi/lib/thumb/v6-m/nofp/libc_nano.a(lib_a-__call_atexit.o)
 .text          0x0000000000000000        0x0 /usr/arm-none-eabi/lib/thumb/v6-m/nofp/libnosys.a(_exit.o)
 .data          0x0000000000000000        0x0 /usr/arm-none-eabi/lib/thumb/v6-m/nofp/libnosys.a(_exit.o)
 .bss           0x0000000000000000        0x0 /usr/arm-none-eabi/lib/thumb/v6-m/nofp/libnosys.a(_exit.o)
 .text          0x0000000000000000        0x0 /usr/lib/gcc/arm-none-eabi/9.1.0/crtend.o
 .data          0x0000000000000000        0x0 /usr/lib/gcc/arm-none-eabi/9.1.0/crtend.o
 .bss           0x0000000000000000        0x0 /usr/lib/gcc/arm-none-eabi/9.1.0/crtend.o
 .text          0x0000000000000000        0x0 /usr/lib/gcc/arm-none-eabi/9.1.0/crtn.o
 .data          0x0000000000000000        0x0 /usr/lib/gcc/arm-none-eabi/9.1.0/crtn.o
 .bss           0x0000000000000000        0x0 /usr/lib/gcc/arm-none-eabi/9.1.0/crtn.o

Memory Configuration

Name             Origin             Length             Attributes
FLASH            0x0000000000000000 0x0000000000008000 xr
RAM              0x0000000020000000 0x0000000000001000 xrw
*default*        0x0000000000000000 0xffffffffffffffff

Linker script and memory map

LOAD /usr/lib/gcc/arm-none-eabi/9.1.0/crti.o
LOAD /usr/lib/gcc/arm-none-eabi/9.1.0/crtbegin.o
LOAD /usr/lib/gcc/arm-none-eabi/9.1.0/../../../../arm-none-eabi/lib/crt0.o
LOAD ./dw1000_types.o
LOAD ./dw1000_nodeMgmt.o
LOAD ./startup_efm32zg.o
LOAD ./mpi_usart.o
LOAD ./mpi_ext_dev.o
LOAD ./mpi_cmu.o
LOAD ./dw1000_mutex.o
LOAD ./dw1000_buildMAC.o
LOAD ./efm32zg_timer_HPI.o
LOAD ./dw1000_tofCalcs.o
LOAD ./efm32zg_gpio_HPI.o
LOAD ./main.o
LOAD ./efm32zg_cmu_HPI.o
LOAD ./efm32zg_interrupts_HPI.o
LOAD ./efm32zg_usart_HPI.o
LOAD ./efm32zg_types_HPI.o
LOAD ./system_efm32zg.o
LOAD ./dw1000_param_types.o
LOAD ./STK3200_config.o
LOAD ./dw1000_commRxTx.o
LOAD ./dw1000_decodeMAC.o
LOAD ./efm32zg_gpio_IO_HPI.o
LOAD ./mpi_gpio.o
LOAD ./venus638.o
LOAD ./efm32zg_usart_IO_HPI.o
LOAD ./mpi_timer.o
START GROUP
LOAD /usr/lib/gcc/arm-none-eabi/9.1.0/libgcc.a
LOAD /usr/arm-none-eabi/lib/thumb/v6-m/nofp/libc_nano.a
LOAD /usr/arm-none-eabi/lib/thumb/v6-m/nofp/libnosys.a
END GROUP
START GROUP
LOAD /usr/lib/gcc/arm-none-eabi/9.1.0/libgcc.a
LOAD /usr/arm-none-eabi/lib/thumb/v6-m/nofp/libc_nano.a
END GROUP
START GROUP
LOAD /usr/lib/gcc/arm-none-eabi/9.1.0/libgcc.a
LOAD /usr/arm-none-eabi/lib/thumb/v6-m/nofp/libc_nano.a
END GROUP
LOAD /usr/lib/gcc/arm-none-eabi/9.1.0/crtend.o
LOAD /usr/lib/gcc/arm-none-eabi/9.1.0/crtn.o

.text           0x0000000000000000      0x4e8
 *(.vectors)
 .vectors       0x0000000000000000       0x8c ./startup_efm32zg.o
                0x0000000000000000                __Vectors
                0x000000000000008c                __Vectors_End = .
                0x000000000000008c                __Vectors_Size = (__Vectors_End - __Vectors)
                0x0000000020000118                __end__ = .
 *(.text*)
 .text.__do_global_dtors_aux
                0x000000000000008c       0x44 /usr/lib/gcc/arm-none-eabi/9.1.0/crtbegin.o
 .text.frame_dummy
                0x00000000000000d0       0x30 /usr/lib/gcc/arm-none-eabi/9.1.0/crtbegin.o
 .text          0x0000000000000100      0x104 /usr/lib/gcc/arm-none-eabi/9.1.0/../../../../arm-none-eabi/lib/crt0.o
                0x0000000000000100                _mainCRTStartup
                0x0000000000000100                _start
 .text          0x0000000000000204       0x30 ./startup_efm32zg.o
                0x0000000000000204                Reset_Handler
                0x0000000000000230                I2C0_IRQHandler
                0x0000000000000230                HardFault_Handler
                0x0000000000000230                SysTick_Handler
                0x0000000000000230                USART1_RX_IRQHandler
                0x0000000000000230                PendSV_Handler
                0x0000000000000230                NMI_Handler
                0x0000000000000230                USART1_TX_IRQHandler
                0x0000000000000230                MSC_IRQHandler
                0x0000000000000230                ADC0_IRQHandler
                0x0000000000000230                LEUART0_IRQHandler
                0x0000000000000230                GPIO_EVEN_IRQHandler
                0x0000000000000230                RTC_IRQHandler
                0x0000000000000230                TIMER0_IRQHandler
                0x0000000000000230                TIMER1_IRQHandler
                0x0000000000000230                Default_Handler
                0x0000000000000230                PCNT0_IRQHandler
                0x0000000000000230                ACMP0_IRQHandler
                0x0000000000000230                SVC_Handler
                0x0000000000000230                CMU_IRQHandler
                0x0000000000000230                GPIO_ODD_IRQHandler
                0x0000000000000230                AES_IRQHandler
                0x0000000000000230                VCMP_IRQHandler
                0x0000000000000230                DMA_IRQHandler
 .text.CHIP_Init
                0x0000000000000234        0xa ./main.o
 *fill*         0x000000000000023e        0x2 
 .text.main     0x0000000000000240       0x14 ./main.o
                0x0000000000000240                main
 .text.SystemInit
                0x0000000000000254        0x4 ./system_efm32zg.o
                0x0000000000000254                SystemInit
 .text.atexit   0x0000000000000258       0x10 /usr/arm-none-eabi/lib/thumb/v6-m/nofp/libc_nano.a(lib_a-atexit.o)
                0x0000000000000258                atexit
 .text.exit     0x0000000000000268       0x2c /usr/arm-none-eabi/lib/thumb/v6-m/nofp/libc_nano.a(lib_a-exit.o)
                0x0000000000000268                exit
 .text.__libc_fini_array
                0x0000000000000294       0x28 /usr/arm-none-eabi/lib/thumb/v6-m/nofp/libc_nano.a(lib_a-fini.o)
                0x0000000000000294                __libc_fini_array
 .text.__libc_init_array
                0x00000000000002bc       0x48 /usr/arm-none-eabi/lib/thumb/v6-m/nofp/libc_nano.a(lib_a-init.o)
                0x00000000000002bc                __libc_init_array
 .text.memset   0x0000000000000304       0x10 /usr/arm-none-eabi/lib/thumb/v6-m/nofp/libc_nano.a(lib_a-memset.o)
                0x0000000000000304                memset
 .text.__register_exitproc
                0x0000000000000314       0xa8 /usr/arm-none-eabi/lib/thumb/v6-m/nofp/libc_nano.a(lib_a-__atexit.o)
                0x0000000000000314                __register_exitproc
 .text.__call_exitprocs
                0x00000000000003bc       0x9c /usr/arm-none-eabi/lib/thumb/v6-m/nofp/libc_nano.a(lib_a-__call_atexit.o)
                0x00000000000003bc                __call_exitprocs
 .text._exit    0x0000000000000458        0x4 /usr/arm-none-eabi/lib/thumb/v6-m/nofp/libnosys.a(_exit.o)
                0x0000000000000458                _exit
 *(.init)
 .init          0x000000000000045c        0xc /usr/lib/gcc/arm-none-eabi/9.1.0/crti.o
                0x000000000000045c                _init
 .init          0x0000000000000468        0xc /usr/lib/gcc/arm-none-eabi/9.1.0/crtn.o
 *(.fini)
 .fini          0x0000000000000474        0xc /usr/lib/gcc/arm-none-eabi/9.1.0/crti.o
                0x0000000000000474                _fini
 .fini          0x0000000000000480        0xc /usr/lib/gcc/arm-none-eabi/9.1.0/crtn.o
 *fill*         0x000000000000048c        0x4 
 .fini.__stub   0x0000000000000490       0x3c linker stubs
 *crtbegin.o(.ctors)
 *crtbegin?.o(.ctors)
 *(EXCLUDE_FILE(*crtend.o *crtend?.o) .ctors)
 *(SORT_BY_NAME(.ctors.*))
 *(.ctors)
 *crtbegin.o(.dtors)
 *crtbegin?.o(.dtors)
 *(EXCLUDE_FILE(*crtend.o *crtend?.o) .dtors)
 *(SORT_BY_NAME(.dtors.*))
 *(.dtors)
 *(.rodata*)
 .rodata._global_impure_ptr
                0x00000000000004e0        0x4 /usr/arm-none-eabi/lib/thumb/v6-m/nofp/libc_nano.a(lib_a-impure.o)
                0x00000000000004e0                _global_impure_ptr
 *(.eh_frame*)
 .eh_frame      0x00000000000004e4        0x0 /usr/lib/gcc/arm-none-eabi/9.1.0/crtbegin.o
 .eh_frame      0x00000000000004e4        0x4 /usr/lib/gcc/arm-none-eabi/9.1.0/crtend.o

.glue_7         0x00000000000004e8        0x0
 .glue_7        0x00000000000004e8        0x0 linker stubs

.glue_7t        0x00000000000004e8        0x0
 .glue_7t       0x00000000000004e8        0x0 linker stubs

.vfp11_veneer   0x00000000000004e8        0x0
 .vfp11_veneer  0x00000000000004e8        0x0 linker stubs

.v4_bx          0x00000000000004e8        0x0
 .v4_bx         0x00000000000004e8        0x0 linker stubs

.iplt           0x00000000000004e8        0x0
 .iplt          0x00000000000004e8        0x0 /usr/lib/gcc/arm-none-eabi/9.1.0/crtbegin.o

.ARM.extab
 *(.ARM.extab* .gnu.linkonce.armextab.*)
                0x00000000000004e8                __exidx_start = .

.ARM.exidx      0x00000000000004e8        0x8
 *(.ARM.exidx* .gnu.linkonce.armexidx.*)
 .ARM.exidx     0x00000000000004e8        0x8 /usr/lib/gcc/arm-none-eabi/9.1.0/../../../../arm-none-eabi/lib/crt0.o
                0x00000000000004f0                __exidx_end = .
                0x00000000000004f0                __etext = .

.rel.dyn        0x00000000000004f0        0x0
 .rel.iplt      0x00000000000004f0        0x0 /usr/lib/gcc/arm-none-eabi/9.1.0/crtbegin.o

.data           0x0000000020000000       0x68 load address 0x00000000000004f0
                0x0000000020000000                __data_start__ = .
 *(vtable)
 *(.data*)
 .data.impure_data
                0x0000000020000000       0x60 /usr/arm-none-eabi/lib/thumb/v6-m/nofp/libc_nano.a(lib_a-impure.o)
                0x0000000020000060                . = ALIGN (0x4)
 *(.ram)
                0x0000000020000060                . = ALIGN (0x4)
                0x0000000020000060                PROVIDE (__preinit_array_start = .)
 *(.preinit_array)
                0x0000000020000060                PROVIDE (__preinit_array_end = .)
                0x0000000020000060                . = ALIGN (0x4)
                0x0000000020000060                PROVIDE (__init_array_start = .)
 *(SORT_BY_NAME(.init_array.*))
 *(.init_array)
 .init_array    0x0000000020000060        0x4 /usr/lib/gcc/arm-none-eabi/9.1.0/crtbegin.o
                0x0000000020000064                PROVIDE (__init_array_end = .)
                0x0000000020000064                . = ALIGN (0x4)
                0x0000000020000064                PROVIDE (__fini_array_start = .)
 *(SORT_BY_NAME(.fini_array.*))
 *(.fini_array)
 .fini_array    0x0000000020000064        0x4 /usr/lib/gcc/arm-none-eabi/9.1.0/crtbegin.o
                0x0000000020000068                PROVIDE (__fini_array_end = .)
 *(.jcr*)
                0x0000000020000068                . = ALIGN (0x4)
                0x0000000020000068                __data_end__ = .

.igot.plt       0x0000000020000068        0x0 load address 0x0000000000000558
 .igot.plt      0x0000000020000068        0x0 /usr/lib/gcc/arm-none-eabi/9.1.0/crtbegin.o

.bss            0x0000000020000068       0xac load address 0x0000000000000558
                0x0000000020000068                . = ALIGN (0x4)
                0x0000000020000068                __bss_start__ = .
 *(.bss*)
 .bss.completed.8888
                0x0000000020000068        0x1 /usr/lib/gcc/arm-none-eabi/9.1.0/crtbegin.o
 *fill*         0x0000000020000069        0x3 
 .bss.object.8893
                0x000000002000006c       0x18 /usr/lib/gcc/arm-none-eabi/9.1.0/crtbegin.o
 .bss._global_atexit0
                0x0000000020000084       0x8c /usr/arm-none-eabi/lib/thumb/v6-m/nofp/libc_nano.a(lib_a-__atexit.o)
 .bss._global_atexit
                0x0000000020000110        0x4 /usr/arm-none-eabi/lib/thumb/v6-m/nofp/libc_nano.a(lib_a-__call_atexit.o)
                0x0000000020000110                _global_atexit
 *(COMMON)
                0x0000000020000114                . = ALIGN (0x4)
                0x0000000020000114                __bss_end__ = .

.heap           0x0000000020000118        0x0
                0x0000000020000118                __HeapBase = .
                0x0000000020000118                __end__ = .
                0x0000000020000118                end = __end__
                0x0000000020000118                _end = __end__
 *(.heap*)
 .heap          0x0000000020000118        0x0 ./startup_efm32zg.o
                0x0000000020000118                __HeapLimit = .

.stack_dummy    0x0000000020000118      0x400
 *(.stack*)
 .stack         0x0000000020000118      0x400 ./startup_efm32zg.o
                0x0000000020001000                __StackTop = (ORIGIN (RAM) + LENGTH (RAM))
                0x0000000020000c00                __StackLimit = (__StackTop - SIZEOF (.stack_dummy))
                0x0000000020001000                PROVIDE (__stack = __StackTop)
                0x0000000000000001                ASSERT ((__StackLimit >= __HeapLimit), region RAM overflowed with stack)
                0x0000000000000001                ASSERT ((LENGTH (FLASH) >= (__etext + SIZEOF (.data))), FLASH memory overflowed !)
OUTPUT(spongecake.axf elf32-littlearm)

.ARM.attributes
                0x0000000000000000       0x2d
 .ARM.attributes
                0x0000000000000000       0x1c /usr/lib/gcc/arm-none-eabi/9.1.0/crti.o
 .ARM.attributes
                0x000000000000001c       0x2a /usr/lib/gcc/arm-none-eabi/9.1.0/crtbegin.o
 .ARM.attributes
                0x0000000000000046       0x1a /usr/lib/gcc/arm-none-eabi/9.1.0/../../../../arm-none-eabi/lib/crt0.o
 .ARM.attributes
                0x0000000000000060       0x1b ./startup_efm32zg.o
 .ARM.attributes
                0x000000000000007b       0x2c ./main.o
 .ARM.attributes
                0x00000000000000a7       0x2c ./system_efm32zg.o
 .ARM.attributes
                0x00000000000000d3       0x2c /usr/arm-none-eabi/lib/thumb/v6-m/nofp/libc_nano.a(lib_a-atexit.o)
 .ARM.attributes
                0x00000000000000ff       0x2c /usr/arm-none-eabi/lib/thumb/v6-m/nofp/libc_nano.a(lib_a-exit.o)
 .ARM.attributes
                0x000000000000012b       0x2c /usr/arm-none-eabi/lib/thumb/v6-m/nofp/libc_nano.a(lib_a-fini.o)
 .ARM.attributes
                0x0000000000000157       0x2c /usr/arm-none-eabi/lib/thumb/v6-m/nofp/libc_nano.a(lib_a-impure.o)
 .ARM.attributes
                0x0000000000000183       0x2c /usr/arm-none-eabi/lib/thumb/v6-m/nofp/libc_nano.a(lib_a-init.o)
 .ARM.attributes
                0x00000000000001af       0x2c /usr/arm-none-eabi/lib/thumb/v6-m/nofp/libc_nano.a(lib_a-memset.o)
 .ARM.attributes
                0x00000000000001db       0x2c /usr/arm-none-eabi/lib/thumb/v6-m/nofp/libc_nano.a(lib_a-__atexit.o)
 .ARM.attributes
                0x0000000000000207       0x2c /usr/arm-none-eabi/lib/thumb/v6-m/nofp/libc_nano.a(lib_a-__call_atexit.o)
 .ARM.attributes
                0x0000000000000233       0x2c /usr/arm-none-eabi/lib/thumb/v6-m/nofp/libnosys.a(_exit.o)
 .ARM.attributes
                0x000000000000025f       0x30 /usr/lib/gcc/arm-none-eabi/9.1.0/crtend.o
 .ARM.attributes
                0x000000000000028f       0x1c /usr/lib/gcc/arm-none-eabi/9.1.0/crtn.o

.comment        0x0000000000000000       0x1d
 .comment       0x0000000000000000       0x1d ./main.o
                                         0x1e (size before relaxing)
 .comment       0x000000000000001d       0x1e ./system_efm32zg.o

.debug_line     0x0000000000000000      0x916
 .debug_line    0x0000000000000000       0xaa ./startup_efm32zg.o
 .debug_line    0x00000000000000aa      0x39c ./main.o
 .debug_line    0x0000000000000446      0x4d0 ./system_efm32zg.o

.debug_info     0x0000000000000000     0x3ea8
 .debug_info    0x0000000000000000       0x26 ./startup_efm32zg.o
 .debug_info    0x0000000000000026     0x2f55 ./main.o
 .debug_info    0x0000000000002f7b      0xf2d ./system_efm32zg.o

.debug_abbrev   0x0000000000000000      0x59e
 .debug_abbrev  0x0000000000000000       0x14 ./startup_efm32zg.o
 .debug_abbrev  0x0000000000000014      0x2c2 ./main.o
 .debug_abbrev  0x00000000000002d6      0x2c8 ./system_efm32zg.o

.debug_aranges  0x0000000000000000       0xb0
 .debug_aranges
                0x0000000000000000       0x20 ./startup_efm32zg.o
 .debug_aranges
                0x0000000000000020       0x28 ./main.o
 .debug_aranges
                0x0000000000000048       0x68 ./system_efm32zg.o

.debug_str      0x0000000000000000     0x1de1
 .debug_str     0x0000000000000000       0x8e ./startup_efm32zg.o
 .debug_str     0x000000000000008e     0x1b80 ./main.o
                                       0x1d01 (size before relaxing)
 .debug_str     0x0000000000001c0e      0x1d3 ./system_efm32zg.o
                                        0x7a5 (size before relaxing)

.debug_loc      0x0000000000000000      0x2be
 .debug_loc     0x0000000000000000       0x68 ./main.o
 .debug_loc     0x0000000000000068      0x256 ./system_efm32zg.o

.debug_ranges   0x0000000000000000      0x168
 .debug_ranges  0x0000000000000000       0x18 ./main.o
 .debug_ranges  0x0000000000000018      0x150 ./system_efm32zg.o

.debug_frame    0x0000000000000000      0x258
 .debug_frame   0x0000000000000000       0x4c ./main.o
 .debug_frame   0x000000000000004c       0xc0 ./system_efm32zg.o
 .debug_frame   0x000000000000010c       0x28 /usr/arm-none-eabi/lib/thumb/v6-m/nofp/libc_nano.a(lib_a-atexit.o)
 .debug_frame   0x0000000000000134       0x28 /usr/arm-none-eabi/lib/thumb/v6-m/nofp/libc_nano.a(lib_a-exit.o)
 .debug_frame   0x000000000000015c       0x2c /usr/arm-none-eabi/lib/thumb/v6-m/nofp/libc_nano.a(lib_a-fini.o)
 .debug_frame   0x0000000000000188       0x2c /usr/arm-none-eabi/lib/thumb/v6-m/nofp/libc_nano.a(lib_a-init.o)
 .debug_frame   0x00000000000001b4       0x20 /usr/arm-none-eabi/lib/thumb/v6-m/nofp/libc_nano.a(lib_a-memset.o)
 .debug_frame   0x00000000000001d4       0x30 /usr/arm-none-eabi/lib/thumb/v6-m/nofp/libc_nano.a(lib_a-__atexit.o)
 .debug_frame   0x0000000000000204       0x34 /usr/arm-none-eabi/lib/thumb/v6-m/nofp/libc_nano.a(lib_a-__call_atexit.o)
 .debug_frame   0x0000000000000238       0x20 /usr/arm-none-eabi/lib/thumb/v6-m/nofp/libnosys.a(_exit.o)
