Archive member included to satisfy reference by file (symbol)

/usr/lib/gcc/arm-none-eabi/9.1.0/libgcc.a(_arm_muldf3.o)
                              ./dw1000_tofCalcs.o (__aeabi_dmul)
/usr/lib/gcc/arm-none-eabi/9.1.0/libgcc.a(_udivsi3.o)
                              ./dw1000_tofCalcs.o (__aeabi_uidiv)
/usr/lib/gcc/arm-none-eabi/9.1.0/libgcc.a(_dvmd_tls.o)
                              /usr/lib/gcc/arm-none-eabi/9.1.0/libgcc.a(_udivsi3.o) (__aeabi_idiv0)
/usr/lib/gcc/arm-none-eabi/9.1.0/libgcc.a(_arm_addsubdf3.o)
                              ./dw1000_tofCalcs.o (__aeabi_ui2d)
/usr/lib/gcc/arm-none-eabi/9.1.0/libgcc.a(_arm_truncdfsf2.o)
                              ./dw1000_tofCalcs.o (__aeabi_d2f)
/usr/lib/gcc/arm-none-eabi/9.1.0/libgcc.a(_arm_cmpsf2.o)
                              ./dw1000_tofCalcs.o (__aeabi_fcmple)
/usr/arm-none-eabi/lib/thumb/v6-m/nofp/libc_nano.a(lib_a-atexit.o)
                              /usr/lib/gcc/arm-none-eabi/9.1.0/../../../../arm-none-eabi/lib/crt0.o (atexit)
/usr/arm-none-eabi/lib/thumb/v6-m/nofp/libc_nano.a(lib_a-exit.o)
                              /usr/lib/gcc/arm-none-eabi/9.1.0/../../../../arm-none-eabi/lib/crt0.o (exit)
/usr/arm-none-eabi/lib/thumb/v6-m/nofp/libc_nano.a(lib_a-fini.o)
                              /usr/lib/gcc/arm-none-eabi/9.1.0/../../../../arm-none-eabi/lib/crt0.o (__libc_fini_array)
/usr/arm-none-eabi/lib/thumb/v6-m/nofp/libc_nano.a(lib_a-impure.o)
                              /usr/arm-none-eabi/lib/thumb/v6-m/nofp/libc_nano.a(lib_a-exit.o) (_global_impure_ptr)
/usr/arm-none-eabi/lib/thumb/v6-m/nofp/libc_nano.a(lib_a-init.o)
                              /usr/lib/gcc/arm-none-eabi/9.1.0/../../../../arm-none-eabi/lib/crt0.o (__libc_init_array)
/usr/arm-none-eabi/lib/thumb/v6-m/nofp/libc_nano.a(lib_a-memcpy-stub.o)
                              ./dw1000_nodeMgmt.o (memcpy)
/usr/arm-none-eabi/lib/thumb/v6-m/nofp/libc_nano.a(lib_a-memset.o)
                              /usr/lib/gcc/arm-none-eabi/9.1.0/../../../../arm-none-eabi/lib/crt0.o (memset)
/usr/arm-none-eabi/lib/thumb/v6-m/nofp/libc_nano.a(lib_a-__atexit.o)
                              /usr/arm-none-eabi/lib/thumb/v6-m/nofp/libc_nano.a(lib_a-atexit.o) (__register_exitproc)
/usr/arm-none-eabi/lib/thumb/v6-m/nofp/libc_nano.a(lib_a-__call_atexit.o)
                              /usr/arm-none-eabi/lib/thumb/v6-m/nofp/libc_nano.a(lib_a-__atexit.o) (__call_exitprocs)
/usr/arm-none-eabi/lib/thumb/v6-m/nofp/libnosys.a(_exit.o)
                              /usr/arm-none-eabi/lib/thumb/v6-m/nofp/libc_nano.a(lib_a-exit.o) (_exit)

Allocating common symbols
Common symbol       size              file

dw_devconf          0x124             ./config_dw1000.o
usart_frameconf     0x40              ./config_efm32zg222f32.o
usart_periphconf    0x38              ./config_efm32zg222f32.o
SystemCoreClock     0x4               ./system_efm32zg.o
gpio_periphconf     0x48              ./config_efm32zg222f32.o
cmu_periphconf      0x70              ./config_efm32zg222f32.o
usart_data          0x28              ./config_efm32zg222f32.o
gpio_data           0x10              ./config_efm32zg222f32.o
usart_status        0xd               ./config_efm32zg222f32.o
timer_periphconf    0x5c              ./config_efm32zg222f32.o
venus_response      0x190             ./config_venus638.o
usart_frameconf_rwc
                    0xc               ./efm32zg222f32_adaptor.o
dw_status           0x4               ./dw1000_types.o
usart_error         0xe               ./config_efm32zg222f32.o
transmitBuffer      0x3               ./efm32zg222f32_adaptor.o
venus_nmea          0x188             ./config_venus638.o
regid               0x1               ./dw1000_buildMAC.o
venus_config        0xa0              ./config_venus638.o
venus_message       0x2818            ./config_venus638.o
receiveBuffer       0x3               ./efm32zg222f32_adaptor.o

Discarded input sections

 .text          0x0000000000000000        0x0 /usr/lib/gcc/arm-none-eabi/9.1.0/crti.o
 .data          0x0000000000000000        0x0 /usr/lib/gcc/arm-none-eabi/9.1.0/crti.o
 .bss           0x0000000000000000        0x0 /usr/lib/gcc/arm-none-eabi/9.1.0/crti.o
 .text          0x0000000000000000        0x0 /usr/lib/gcc/arm-none-eabi/9.1.0/crtbegin.o
 .data          0x0000000000000000        0x0 /usr/lib/gcc/arm-none-eabi/9.1.0/crtbegin.o
 .bss           0x0000000000000000        0x0 /usr/lib/gcc/arm-none-eabi/9.1.0/crtbegin.o
 .data.__dso_handle
                0x0000000000000000        0x4 /usr/lib/gcc/arm-none-eabi/9.1.0/crtbegin.o
 .data          0x0000000000000000        0x0 /usr/lib/gcc/arm-none-eabi/9.1.0/../../../../arm-none-eabi/lib/crt0.o
 .bss           0x0000000000000000        0x0 /usr/lib/gcc/arm-none-eabi/9.1.0/../../../../arm-none-eabi/lib/crt0.o
 .ARM.extab     0x0000000000000000        0x0 /usr/lib/gcc/arm-none-eabi/9.1.0/../../../../arm-none-eabi/lib/crt0.o
 .text          0x0000000000000000        0x0 ./dw1000_types.o
[...]
Memory Configuration

Name             Origin             Length             Attributes
FLASH            0x0000000000000000 0x0000000000008000 xr
RAM              0x0000000020000000 0x0000000000001000 xrw
*default*        0x0000000000000000 0xffffffffffffffff

Linker script and memory map

LOAD /usr/lib/gcc/arm-none-eabi/9.1.0/crti.o
LOAD /usr/lib/gcc/arm-none-eabi/9.1.0/crtbegin.o
LOAD /usr/lib/gcc/arm-none-eabi/9.1.0/../../../../arm-none-eabi/lib/crt0.o
LOAD ./dw1000_types.o
LOAD ./dw1000_nodeMgmt.o
LOAD ./startup_efm32zg.o
LOAD ./mpi_usart.o
LOAD ./mpi_ext_dev.o
LOAD ./config_efm32zg222f32.o
LOAD ./mpi_cmu.o
LOAD ./efm32zg_types_HAL.o
LOAD ./config_dw1000.o
LOAD ./dw1000_commRxTx.o
LOAD ./efm32zg_gpio_HAL.o
LOAD ./dw1000_tofCalcs.o
LOAD ./efm32zg_gpio_IO_HAL.o
LOAD ./config_venus638.o
LOAD ./mpi_gpio.o
LOAD ./efm32zg222f32_adaptor.o
LOAD ./system_efm32zg.o
LOAD ./venus638_adaptor.o
LOAD ./config_example.o
LOAD ./dw1000_adaptor.o
LOAD ./STK3200_config.o
LOAD ./dw1000_decodeMAC.o
LOAD ./efm32zg_timer_HAL.o
LOAD ./main.o
LOAD ./dw1000_buildMAC.o
LOAD ./efm32zg_cmu_HAL.o
LOAD ./venus638.o
LOAD ./efm32zg_usart_IO_HAL.o
LOAD ./efm32zg_interrupts_HAL.o
LOAD ./efm32zg_usart_HAL.o
LOAD ./mpi_timer.o
START GROUP
LOAD /usr/lib/gcc/arm-none-eabi/9.1.0/libgcc.a
LOAD /usr/arm-none-eabi/lib/thumb/v6-m/nofp/libc_nano.a
LOAD /usr/arm-none-eabi/lib/thumb/v6-m/nofp/libnosys.a
END GROUP
START GROUP
LOAD /usr/lib/gcc/arm-none-eabi/9.1.0/libgcc.a
LOAD /usr/arm-none-eabi/lib/thumb/v6-m/nofp/libc_nano.a
END GROUP
START GROUP
LOAD /usr/lib/gcc/arm-none-eabi/9.1.0/libgcc.a
LOAD /usr/arm-none-eabi/lib/thumb/v6-m/nofp/libc_nano.a
END GROUP
LOAD /usr/lib/gcc/arm-none-eabi/9.1.0/crtend.o
LOAD /usr/lib/gcc/arm-none-eabi/9.1.0/crtn.o

.text           0x0000000000000000     0x116c
 *(.vectors)
 .vectors       0x0000000000000000       0x8c ./startup_efm32zg.o
                0x0000000000000000                __Vectors
                0x000000000000008c                __Vectors_End = .
                0x000000000000008c                __Vectors_Size = (__Vectors_End - __Vectors)
                0x0000000020000810                __end__ = .
 *(.text*)
 .text.__do_global_dtors_aux
                0x000000000000008c       0x44 /usr/lib/gcc/arm-none-eabi/9.1.0/crtbegin.o
 .text.frame_dummy
                0x00000000000000d0       0x30 /usr/lib/gcc/arm-none-eabi/9.1.0/crtbegin.o
 .text          0x0000000000000100      0x104 /usr/lib/gcc/arm-none-eabi/9.1.0/../../../../arm-none-eabi/lib/crt0.o
                0x0000000000000100                _mainCRTStartup
                0x0000000000000100                _start
 .text          0x0000000000000204       0x30 ./startup_efm32zg.o
                0x0000000000000204                Reset_Handler
                0x0000000000000230                I2C0_IRQHandler
                0x0000000000000230                HardFault_Handler
                0x0000000000000230                SysTick_Handler
                0x0000000000000230                USART1_RX_IRQHandler
                0x0000000000000230                PendSV_Handler
                0x0000000000000230                NMI_Handler
                0x0000000000000230                USART1_TX_IRQHandler
                0x0000000000000230                MSC_IRQHandler
                0x0000000000000230                ADC0_IRQHandler
                0x0000000000000230                LEUART0_IRQHandler
                0x0000000000000230                GPIO_EVEN_IRQHandler
                0x0000000000000230                RTC_IRQHandler
                0x0000000000000230                TIMER0_IRQHandler
                0x0000000000000230                TIMER1_IRQHandler
                0x0000000000000230                Default_Handler
                0x0000000000000230                PCNT0_IRQHandler
                0x0000000000000230                ACMP0_IRQHandler
                0x0000000000000230                SVC_Handler
                0x0000000000000230                CMU_IRQHandler
                0x0000000000000230                GPIO_ODD_IRQHandler
                0x0000000000000230                AES_IRQHandler
                0x0000000000000230                VCMP_IRQHandler
                0x0000000000000230                DMA_IRQHandler
 .text.mpi_cmuConfigReg
                0x0000000000000234       0x20 ./mpi_cmu.o
                0x0000000000000234                mpi_cmuConfigReg
 .text.cmu_ConfigReg
                0x0000000000000254       0x48 ./efm32zg222f32_adaptor.o
                0x0000000000000254                cmu_ConfigReg
 .text.SystemInit
                0x000000000000029c        0x4 ./system_efm32zg.o
                0x000000000000029c                SystemInit
 .text.CHIP_Init
                0x00000000000002a0        0xa ./main.o
 *fill*         0x00000000000002aa        0x2 
 .text.main     0x00000000000002ac       0x44 ./main.o
                0x00000000000002ac                main
 .text.zg_cmuCtrlRead
                0x00000000000002f0       0x20 ./efm32zg_cmu_HAL.o
                0x00000000000002f0                zg_cmuCtrlRead
 .text.zg_cmuCtrlWrite
                0x0000000000000310       0x28 ./efm32zg_cmu_HAL.o
                0x0000000000000310                zg_cmuCtrlWrite
 .text.zg_cmuCtrlClr
                0x0000000000000338       0x2c ./efm32zg_cmu_HAL.o
                0x0000000000000338                zg_cmuCtrlClr
 .text.zg_cmuHfcoreclkdivRead
                0x0000000000000364       0x20 ./efm32zg_cmu_HAL.o
                0x0000000000000364                zg_cmuHfcoreclkdivRead
 .text.zg_cmuHfcoreclkdivWrite
                0x0000000000000384       0x28 ./efm32zg_cmu_HAL.o
                0x0000000000000384                zg_cmuHfcoreclkdivWrite
 .text.zg_cmuHfcoreclkdivClr
                0x00000000000003ac       0x2c ./efm32zg_cmu_HAL.o
                0x00000000000003ac                zg_cmuHfcoreclkdivClr
 .text.zg_cmuHfperclkdivRead
                0x00000000000003d8       0x20 ./efm32zg_cmu_HAL.o
                0x00000000000003d8                zg_cmuHfperclkdivRead
 .text.zg_cmuHfperclkdivWrite
                0x00000000000003f8       0x28 ./efm32zg_cmu_HAL.o
                0x00000000000003f8                zg_cmuHfperclkdivWrite
 .text.zg_cmuHfperclkdivClr
                0x0000000000000420       0x2c ./efm32zg_cmu_HAL.o
                0x0000000000000420                zg_cmuHfperclkdivClr
 .text.zg_cmuHfrcoctrlRead
                0x000000000000044c       0x20 ./efm32zg_cmu_HAL.o
                0x000000000000044c                zg_cmuHfrcoctrlRead
 .text.zg_cmuHfrcoctrlWrite
                0x000000000000046c       0x28 ./efm32zg_cmu_HAL.o
                0x000000000000046c                zg_cmuHfrcoctrlWrite
 .text.zg_cmuHfrcoctrlClr
                0x0000000000000494       0x2c ./efm32zg_cmu_HAL.o
                0x0000000000000494                zg_cmuHfrcoctrlClr
 .text.zg_cmuLfrcoctrlRead
                0x00000000000004c0       0x20 ./efm32zg_cmu_HAL.o
                0x00000000000004c0                zg_cmuLfrcoctrlRead
 .text.zg_cmuLfrcoctrlWrite
                0x00000000000004e0       0x28 ./efm32zg_cmu_HAL.o
                0x00000000000004e0                zg_cmuLfrcoctrlWrite
 .text.zg_cmuLfrcoctrlClr
                0x0000000000000508       0x2c ./efm32zg_cmu_HAL.o
                0x0000000000000508                zg_cmuLfrcoctrlClr
 .text.zg_cmuAuxhfrcoctrlRead
                0x0000000000000534       0x20 ./efm32zg_cmu_HAL.o
                0x0000000000000534                zg_cmuAuxhfrcoctrlRead
 .text.zg_cmuAuxhfrcoctrlWrite
                0x0000000000000554       0x28 ./efm32zg_cmu_HAL.o
                0x0000000000000554                zg_cmuAuxhfrcoctrlWrite
 .text.zg_cmuAuxhfrcoctrlClr
                0x000000000000057c       0x2c ./efm32zg_cmu_HAL.o
                0x000000000000057c                zg_cmuAuxhfrcoctrlClr
 .text.zg_cmuCalctrlRead
                0x00000000000005a8       0x20 ./efm32zg_cmu_HAL.o
                0x00000000000005a8                zg_cmuCalctrlRead
 .text.zg_cmuCalctrlWrite
                0x00000000000005c8       0x28 ./efm32zg_cmu_HAL.o
                0x00000000000005c8                zg_cmuCalctrlWrite
 .text.zg_cmuCalctrlClr
                0x00000000000005f0       0x2c ./efm32zg_cmu_HAL.o
                0x00000000000005f0                zg_cmuCalctrlClr
 .text.zg_cmuCalcntRead
                0x000000000000061c       0x20 ./efm32zg_cmu_HAL.o
                0x000000000000061c                zg_cmuCalcntRead
 .text.zg_cmuCalcntWrite
                0x000000000000063c       0x28 ./efm32zg_cmu_HAL.o
                0x000000000000063c                zg_cmuCalcntWrite
 .text.zg_cmuCalcntClr
                0x0000000000000664       0x2c ./efm32zg_cmu_HAL.o
                0x0000000000000664                zg_cmuCalcntClr
 .text.zg_cmuOscencmdWrite
                0x0000000000000690       0x28 ./efm32zg_cmu_HAL.o
                0x0000000000000690                zg_cmuOscencmdWrite
 .text.zg_cmuCmdWrite
                0x00000000000006b8       0x28 ./efm32zg_cmu_HAL.o
                0x00000000000006b8                zg_cmuCmdWrite
 .text.zg_cmuLfclkselRead
                0x00000000000006e0       0x20 ./efm32zg_cmu_HAL.o
                0x00000000000006e0                zg_cmuLfclkselRead
 .text.zg_cmuLfclkselWrite
                0x0000000000000700       0x28 ./efm32zg_cmu_HAL.o
                0x0000000000000700                zg_cmuLfclkselWrite
 .text.zg_cmuLfclkselClr
                0x0000000000000728       0x2c ./efm32zg_cmu_HAL.o
                0x0000000000000728                zg_cmuLfclkselClr
 .text.zg_cmuStatusRead
                0x0000000000000754       0x20 ./efm32zg_cmu_HAL.o
                0x0000000000000754                zg_cmuStatusRead
 .text.zg_cmuIntfreadRead
                0x0000000000000774       0x20 ./efm32zg_cmu_HAL.o
                0x0000000000000774                zg_cmuIntfreadRead
 .text.zg_cmuIntfsetWrite
                0x0000000000000794       0x28 ./efm32zg_cmu_HAL.o
                0x0000000000000794                zg_cmuIntfsetWrite
 .text.zg_cmuIntfclearClr
                0x00000000000007bc       0x2c ./efm32zg_cmu_HAL.o
                0x00000000000007bc                zg_cmuIntfclearClr
 .text.zg_cmuIntenRead
                0x00000000000007e8       0x20 ./efm32zg_cmu_HAL.o
                0x00000000000007e8                zg_cmuIntenRead
 .text.zg_cmuIntenWrite
                0x0000000000000808       0x28 ./efm32zg_cmu_HAL.o
                0x0000000000000808                zg_cmuIntenWrite
 .text.zg_cmuIntenClr
                0x0000000000000830       0x2c ./efm32zg_cmu_HAL.o
                0x0000000000000830                zg_cmuIntenClr
 .text.zg_cmuHfcoreclken0Read
                0x000000000000085c       0x20 ./efm32zg_cmu_HAL.o
                0x000000000000085c                zg_cmuHfcoreclken0Read
 .text.zg_cmuHfcoreclken0Write
                0x000000000000087c       0x28 ./efm32zg_cmu_HAL.o
                0x000000000000087c                zg_cmuHfcoreclken0Write
 .text.zg_cmuHfcoreclken0Clr
                0x00000000000008a4       0x2c ./efm32zg_cmu_HAL.o
                0x00000000000008a4                zg_cmuHfcoreclken0Clr
 .text.zg_cmuHfperclken0Read
                0x00000000000008d0       0x20 ./efm32zg_cmu_HAL.o
                0x00000000000008d0                zg_cmuHfperclken0Read
 .text.zg_cmuHfperclken0Write
                0x00000000000008f0       0x28 ./efm32zg_cmu_HAL.o
                0x00000000000008f0                zg_cmuHfperclken0Write
 .text.zg_cmuHfperclken0Clr
                0x0000000000000918       0x2c ./efm32zg_cmu_HAL.o
                0x0000000000000918                zg_cmuHfperclken0Clr
 .text.zg_cmuSyncbusyRead
                0x0000000000000944       0x20 ./efm32zg_cmu_HAL.o
                0x0000000000000944                zg_cmuSyncbusyRead
 .text.zg_cmuFreezeRead
                0x0000000000000964       0x20 ./efm32zg_cmu_HAL.o
                0x0000000000000964                zg_cmuFreezeRead
 .text.zg_cmuFreezeWrite
                0x0000000000000984       0x28 ./efm32zg_cmu_HAL.o
                0x0000000000000984                zg_cmuFreezeWrite
 .text.zg_cmuFreezeClr
                0x00000000000009ac       0x2c ./efm32zg_cmu_HAL.o
                0x00000000000009ac                zg_cmuFreezeClr
 .text.zg_cmuLfaclken0Read
                0x00000000000009d8       0x20 ./efm32zg_cmu_HAL.o
                0x00000000000009d8                zg_cmuLfaclken0Read
 .text.zg_cmuLfaclken0Write
                0x00000000000009f8       0x28 ./efm32zg_cmu_HAL.o
                0x00000000000009f8                zg_cmuLfaclken0Write
 .text.zg_cmuLfaclken0Clr
                0x0000000000000a20       0x2c ./efm32zg_cmu_HAL.o
                0x0000000000000a20                zg_cmuLfaclken0Clr
 .text.zg_cmuLfbclken0Read
                0x0000000000000a4c       0x20 ./efm32zg_cmu_HAL.o
                0x0000000000000a4c                zg_cmuLfbclken0Read
 .text.zg_cmuLfbclken0Write
                0x0000000000000a6c       0x28 ./efm32zg_cmu_HAL.o
                0x0000000000000a6c                zg_cmuLfbclken0Write
 .text.zg_cmuLfbclken0Clr
                0x0000000000000a94       0x2c ./efm32zg_cmu_HAL.o
                0x0000000000000a94                zg_cmuLfbclken0Clr
 .text.zg_cmuLfapresc0Read
                0x0000000000000ac0       0x20 ./efm32zg_cmu_HAL.o
                0x0000000000000ac0                zg_cmuLfapresc0Read
 .text.zg_cmuLfapresc0Write
                0x0000000000000ae0       0x28 ./efm32zg_cmu_HAL.o
                0x0000000000000ae0                zg_cmuLfapresc0Write
 .text.zg_cmuLfapresc0Clr
                0x0000000000000b08       0x2c ./efm32zg_cmu_HAL.o
                0x0000000000000b08                zg_cmuLfapresc0Clr
 .text.zg_cmuLfbpresc0Read
                0x0000000000000b34       0x20 ./efm32zg_cmu_HAL.o
                0x0000000000000b34                zg_cmuLfbpresc0Read
 .text.zg_cmuLfbpresc0Write
                0x0000000000000b54       0x28 ./efm32zg_cmu_HAL.o
                0x0000000000000b54                zg_cmuLfbpresc0Write
 .text.zg_cmuLfbpresc0Clr
                0x0000000000000b7c       0x2c ./efm32zg_cmu_HAL.o
                0x0000000000000b7c                zg_cmuLfbpresc0Clr
 .text.zg_cmuPcntctrlRead
                0x0000000000000ba8       0x20 ./efm32zg_cmu_HAL.o
                0x0000000000000ba8                zg_cmuPcntctrlRead
 .text.zg_cmuPcntctrlWrite
                0x0000000000000bc8       0x28 ./efm32zg_cmu_HAL.o
                0x0000000000000bc8                zg_cmuPcntctrlWrite
 .text.zg_cmuPcntctrlClr
                0x0000000000000bf0       0x2c ./efm32zg_cmu_HAL.o
                0x0000000000000bf0                zg_cmuPcntctrlClr
 .text.zg_cmuRouteRead
                0x0000000000000c1c       0x24 ./efm32zg_cmu_HAL.o
                0x0000000000000c1c                zg_cmuRouteRead
 .text.zg_cmuRouteWrite
                0x0000000000000c40       0x2c ./efm32zg_cmu_HAL.o
                0x0000000000000c40                zg_cmuRouteWrite
 .text.zg_cmuRouteClr
                0x0000000000000c6c       0x30 ./efm32zg_cmu_HAL.o
                0x0000000000000c6c                zg_cmuRouteClr
 .text.zg_cmuLockRead
                0x0000000000000c9c       0x24 ./efm32zg_cmu_HAL.o
                0x0000000000000c9c                zg_cmuLockRead
 .text.zg_cmuLockWrite
                0x0000000000000cc0       0x2c ./efm32zg_cmu_HAL.o
                0x0000000000000cc0                zg_cmuLockWrite
 .text.zg_cmuLockClr
                0x0000000000000cec       0x30 ./efm32zg_cmu_HAL.o
                0x0000000000000cec                zg_cmuLockClr
 .text.atexit   0x0000000000000d1c       0x10 /usr/arm-none-eabi/lib/thumb/v6-m/nofp/libc_nano.a(lib_a-atexit.o)
                0x0000000000000d1c                atexit
 .text.exit     0x0000000000000d2c       0x2c /usr/arm-none-eabi/lib/thumb/v6-m/nofp/libc_nano.a(lib_a-exit.o)
                0x0000000000000d2c                exit
 .text.__libc_fini_array
                0x0000000000000d58       0x28 /usr/arm-none-eabi/lib/thumb/v6-m/nofp/libc_nano.a(lib_a-fini.o)
                0x0000000000000d58                __libc_fini_array
 .text.__libc_init_array
                0x0000000000000d80       0x48 /usr/arm-none-eabi/lib/thumb/v6-m/nofp/libc_nano.a(lib_a-init.o)
                0x0000000000000d80                __libc_init_array
 .text.memset   0x0000000000000dc8       0x10 /usr/arm-none-eabi/lib/thumb/v6-m/nofp/libc_nano.a(lib_a-memset.o)
                0x0000000000000dc8                memset
 .text.__register_exitproc
                0x0000000000000dd8       0xa8 /usr/arm-none-eabi/lib/thumb/v6-m/nofp/libc_nano.a(lib_a-__atexit.o)
                0x0000000000000dd8                __register_exitproc
 .text.__call_exitprocs
                0x0000000000000e80       0x9c /usr/arm-none-eabi/lib/thumb/v6-m/nofp/libc_nano.a(lib_a-__call_atexit.o)
                0x0000000000000e80                __call_exitprocs
 .text._exit    0x0000000000000f1c        0x4 /usr/arm-none-eabi/lib/thumb/v6-m/nofp/libnosys.a(_exit.o)
                0x0000000000000f1c                _exit
 *(.init)
 .init          0x0000000000000f20        0xc /usr/lib/gcc/arm-none-eabi/9.1.0/crti.o
                0x0000000000000f20                _init
 .init          0x0000000000000f2c        0xc /usr/lib/gcc/arm-none-eabi/9.1.0/crtn.o
 *(.fini)
 .fini          0x0000000000000f38        0xc /usr/lib/gcc/arm-none-eabi/9.1.0/crti.o
                0x0000000000000f38                _fini
 .fini          0x0000000000000f44        0xc /usr/lib/gcc/arm-none-eabi/9.1.0/crtn.o
 .fini.__stub   0x0000000000000f50       0x3c linker stubs
 *crtbegin.o(.ctors)
 *crtbegin?.o(.ctors)
 *(EXCLUDE_FILE(*crtend.o *crtend?.o) .ctors)
 *(SORT_BY_NAME(.ctors.*))
 *(.ctors)
 *crtbegin.o(.dtors)
 *crtbegin?.o(.dtors)
 *(EXCLUDE_FILE(*crtend.o *crtend?.o) .dtors)
 *(SORT_BY_NAME(.dtors.*))
 *(.dtors)
 *(.rodata*)
 .rodata.cmu_config_table
                0x0000000000000fa0       0x80 ./efm32zg_cmu_HAL.o
                0x0000000000000fa0                cmu_config_table
 .rodata.cmu_ctrl_table
                0x0000000000001020        0xc ./efm32zg_cmu_HAL.o
                0x0000000000001020                cmu_ctrl_table
 .rodata.cmu_hfcoreclkdiv_table
                0x000000000000102c        0xc ./efm32zg_cmu_HAL.o
                0x000000000000102c                cmu_hfcoreclkdiv_table
 .rodata.cmu_hfperclkdiv_table
                0x0000000000001038        0xc ./efm32zg_cmu_HAL.o
                0x0000000000001038                cmu_hfperclkdiv_table
 .rodata.cmu_hfrcoctrl_table
                0x0000000000001044        0xc ./efm32zg_cmu_HAL.o
                0x0000000000001044                cmu_hfrcoctrl_table
 .rodata.cmu_lfrcoctrl_table
                0x0000000000001050        0xc ./efm32zg_cmu_HAL.o
                0x0000000000001050                cmu_lfrcoctrl_table
 .rodata.cmu_auxhfrcoctrl_table
                0x000000000000105c        0xc ./efm32zg_cmu_HAL.o
                0x000000000000105c                cmu_auxhfrcoctrl_table
 .rodata.cmu_calctrl_table
                0x0000000000001068        0xc ./efm32zg_cmu_HAL.o
                0x0000000000001068                cmu_calctrl_table
 .rodata.cmu_calcnt_table
                0x0000000000001074        0xc ./efm32zg_cmu_HAL.o
                0x0000000000001074                cmu_calcnt_table
 .rodata.cmu_oscencmd_table
                0x0000000000001080        0xc ./efm32zg_cmu_HAL.o
                0x0000000000001080                cmu_oscencmd_table
 .rodata.cmu_cmd_table
                0x000000000000108c        0xc ./efm32zg_cmu_HAL.o
                0x000000000000108c                cmu_cmd_table
 .rodata.cmu_lfclksel_table
                0x0000000000001098        0xc ./efm32zg_cmu_HAL.o
                0x0000000000001098                cmu_lfclksel_table
 .rodata.cmu_status_table
                0x00000000000010a4        0xc ./efm32zg_cmu_HAL.o
                0x00000000000010a4                cmu_status_table
 .rodata.cmu_intfread_table
                0x00000000000010b0        0xc ./efm32zg_cmu_HAL.o
                0x00000000000010b0                cmu_intfread_table
 .rodata.cmu_intfset_table
                0x00000000000010bc        0xc ./efm32zg_cmu_HAL.o
                0x00000000000010bc                cmu_intfset_table
 .rodata.cmu_intfclear_table
                0x00000000000010c8        0xc ./efm32zg_cmu_HAL.o
                0x00000000000010c8                cmu_intfclear_table
 .rodata.cmu_inten_table
                0x00000000000010d4        0xc ./efm32zg_cmu_HAL.o
                0x00000000000010d4                cmu_inten_table
 .rodata.cmu_hfcoreclken0_table
                0x00000000000010e0        0xc ./efm32zg_cmu_HAL.o
                0x00000000000010e0                cmu_hfcoreclken0_table
 .rodata.cmu_hfperclken0_table
                0x00000000000010ec        0xc ./efm32zg_cmu_HAL.o
                0x00000000000010ec                cmu_hfperclken0_table
 .rodata.cmu_syncbusy_table
                0x00000000000010f8        0xc ./efm32zg_cmu_HAL.o
                0x00000000000010f8                cmu_syncbusy_table
 .rodata.cmu_freeze_table
                0x0000000000001104        0xc ./efm32zg_cmu_HAL.o
                0x0000000000001104                cmu_freeze_table
 .rodata.cmu_lfaclken0_table
                0x0000000000001110        0xc ./efm32zg_cmu_HAL.o
                0x0000000000001110                cmu_lfaclken0_table
 .rodata.cmu_lfbclken0_table
                0x000000000000111c        0xc ./efm32zg_cmu_HAL.o
                0x000000000000111c                cmu_lfbclken0_table
 .rodata.cmu_lfapresc0_table
                0x0000000000001128        0xc ./efm32zg_cmu_HAL.o
                0x0000000000001128                cmu_lfapresc0_table
 .rodata.cmu_lfbpresc0_table
                0x0000000000001134        0xc ./efm32zg_cmu_HAL.o
                0x0000000000001134                cmu_lfbpresc0_table
 .rodata.cmu_pcntctrl_table
                0x0000000000001140        0xc ./efm32zg_cmu_HAL.o
                0x0000000000001140                cmu_pcntctrl_table
 .rodata.cmu_route_table
                0x000000000000114c        0xc ./efm32zg_cmu_HAL.o
                0x000000000000114c                cmu_route_table
 .rodata.cmu_lock_table
                0x0000000000001158        0xc ./efm32zg_cmu_HAL.o
                0x0000000000001158                cmu_lock_table
 .rodata._global_impure_ptr
                0x0000000000001164        0x4 /usr/arm-none-eabi/lib/thumb/v6-m/nofp/libc_nano.a(lib_a-impure.o)
                0x0000000000001164                _global_impure_ptr
 *(.eh_frame*)
 .eh_frame      0x0000000000001168        0x0 /usr/lib/gcc/arm-none-eabi/9.1.0/crtbegin.o
 .eh_frame      0x0000000000001168        0x4 /usr/lib/gcc/arm-none-eabi/9.1.0/crtend.o

.glue_7         0x000000000000116c        0x0
 .glue_7        0x000000000000116c        0x0 linker stubs

.glue_7t        0x000000000000116c        0x0
 .glue_7t       0x000000000000116c        0x0 linker stubs

.vfp11_veneer   0x000000000000116c        0x0
 .vfp11_veneer  0x000000000000116c        0x0 linker stubs

.v4_bx          0x000000000000116c        0x0
 .v4_bx         0x000000000000116c        0x0 linker stubs

.iplt           0x000000000000116c        0x0
 .iplt          0x000000000000116c        0x0 /usr/lib/gcc/arm-none-eabi/9.1.0/crtbegin.o

.ARM.extab
 *(.ARM.extab* .gnu.linkonce.armextab.*)
                0x000000000000116c                __exidx_start = .

.ARM.exidx      0x000000000000116c        0x8
 *(.ARM.exidx* .gnu.linkonce.armexidx.*)
 .ARM.exidx     0x000000000000116c        0x8 /usr/lib/gcc/arm-none-eabi/9.1.0/../../../../arm-none-eabi/lib/crt0.o
                0x0000000000001174                __exidx_end = .
                0x0000000000001174                __etext = .

.rel.dyn        0x0000000000001174        0x0
 .rel.iplt      0x0000000000001174        0x0 /usr/lib/gcc/arm-none-eabi/9.1.0/crtbegin.o

.data           0x0000000020000000      0x57c load address 0x0000000000001174
                0x0000000020000000                __data_start__ = .
 *(vtable)
 *(.data*)
 .data.efm32zg222f32_host
                0x0000000020000000      0x510 ./config_efm32zg222f32.o
                0x0000000020000000                efm32zg222f32_host
 .data.cmu      0x0000000020000510        0x4 ./efm32zg_types_HAL.o
                0x0000000020000510                cmu
 .data.impure_data
                0x0000000020000514       0x60 /usr/arm-none-eabi/lib/thumb/v6-m/nofp/libc_nano.a(lib_a-impure.o)
                0x0000000020000574                . = ALIGN (0x4)
 *(.ram)
                0x0000000020000574                . = ALIGN (0x4)
                0x0000000020000574                PROVIDE (__preinit_array_start = .)
 *(.preinit_array)
                0x0000000020000574                PROVIDE (__preinit_array_end = .)
                0x0000000020000574                . = ALIGN (0x4)
                0x0000000020000574                PROVIDE (__init_array_start = .)
 *(SORT_BY_NAME(.init_array.*))
 *(.init_array)
 .init_array    0x0000000020000574        0x4 /usr/lib/gcc/arm-none-eabi/9.1.0/crtbegin.o
                0x0000000020000578                PROVIDE (__init_array_end = .)
                0x0000000020000578                . = ALIGN (0x4)
                0x0000000020000578                PROVIDE (__fini_array_start = .)
 *(SORT_BY_NAME(.fini_array.*))
 *(.fini_array)
 .fini_array    0x0000000020000578        0x4 /usr/lib/gcc/arm-none-eabi/9.1.0/crtbegin.o
                0x000000002000057c                PROVIDE (__fini_array_end = .)
 *(.jcr*)
                0x000000002000057c                . = ALIGN (0x4)
                0x000000002000057c                __data_end__ = .

.igot.plt       0x000000002000057c        0x0 load address 0x00000000000016f0
 .igot.plt      0x000000002000057c        0x0 /usr/lib/gcc/arm-none-eabi/9.1.0/crtbegin.o

.bss            0x000000002000057c      0x290 load address 0x00000000000016f0
                0x000000002000057c                . = ALIGN (0x4)
                0x000000002000057c                __bss_start__ = .
 *(.bss*)
 .bss.completed.8888
                0x000000002000057c        0x1 /usr/lib/gcc/arm-none-eabi/9.1.0/crtbegin.o
 *fill*         0x000000002000057d        0x3 
 .bss.object.8893
                0x0000000020000580       0x18 /usr/lib/gcc/arm-none-eabi/9.1.0/crtbegin.o
 .bss._global_atexit0
                0x0000000020000598       0x8c /usr/arm-none-eabi/lib/thumb/v6-m/nofp/libc_nano.a(lib_a-__atexit.o)
 .bss._global_atexit
                0x0000000020000624        0x4 /usr/arm-none-eabi/lib/thumb/v6-m/nofp/libc_nano.a(lib_a-__call_atexit.o)
                0x0000000020000624                _global_atexit
 *(COMMON)
 COMMON         0x0000000020000628      0x1e2 ./config_efm32zg222f32.o
                0x0000000020000628                usart_frameconf
                0x0000000020000668                usart_periphconf
                0x00000000200006a0                gpio_periphconf
                0x00000000200006e8                cmu_periphconf
                0x0000000020000758                usart_data
                0x0000000020000780                gpio_data
                0x0000000020000790                usart_status
                0x00000000200007a0                timer_periphconf
                0x00000000200007fc                usart_error
                0x000000002000080c                . = ALIGN (0x4)
 *fill*         0x000000002000080a        0x2 
                0x000000002000080c                __bss_end__ = .

.heap           0x0000000020000810        0x0
                0x0000000020000810                __HeapBase = .
                0x0000000020000810                __end__ = .
                0x0000000020000810                end = __end__
                0x0000000020000810                _end = __end__
 *(.heap*)
 .heap          0x0000000020000810        0x0 ./startup_efm32zg.o
                0x0000000020000810                __HeapLimit = .

.stack_dummy    0x0000000020000810      0x400
 *(.stack*)
 .stack         0x0000000020000810      0x400 ./startup_efm32zg.o
                0x0000000020001000                __StackTop = (ORIGIN (RAM) + LENGTH (RAM))
                0x0000000020000c00                __StackLimit = (__StackTop - SIZEOF (.stack_dummy))
                0x0000000020001000                PROVIDE (__stack = __StackTop)
                0x0000000000000001                ASSERT ((__StackLimit >= __HeapLimit), region RAM overflowed with stack)
                0x0000000000000001                ASSERT ((LENGTH (FLASH) >= (__etext + SIZEOF (.data))), FLASH memory overflowed !)
OUTPUT(spongecake.axf elf32-littlearm)

.ARM.attributes
                0x0000000000000000       0x2d
 .ARM.attributes
                0x0000000000000000       0x1c /usr/lib/gcc/arm-none-eabi/9.1.0/crti.o
 .ARM.attributes
                0x000000000000001c       0x2a /usr/lib/gcc/arm-none-eabi/9.1.0/crtbegin.o
 .ARM.attributes
                0x0000000000000046       0x1a /usr/lib/gcc/arm-none-eabi/9.1.0/../../../../arm-none-eabi/lib/crt0.o
 .ARM.attributes
                0x0000000000000060       0x1b ./startup_efm32zg.o
 .ARM.attributes
                0x000000000000007b       0x32 ./config_efm32zg222f32.o
 .ARM.attributes
                0x00000000000000ad       0x2c ./mpi_cmu.o
 .ARM.attributes
                0x00000000000000d9       0x32 ./efm32zg_types_HAL.o
 .ARM.attributes
                0x000000000000010b       0x2c ./efm32zg222f32_adaptor.o
 .ARM.attributes
                0x0000000000000137       0x2c ./system_efm32zg.o
 .ARM.attributes
                0x0000000000000163       0x2c ./main.o
 .ARM.attributes
                0x000000000000018f       0x2c ./efm32zg_cmu_HAL.o
 .ARM.attributes
                0x00000000000001bb       0x2c /usr/arm-none-eabi/lib/thumb/v6-m/nofp/libc_nano.a(lib_a-atexit.o)
 .ARM.attributes
                0x00000000000001e7       0x2c /usr/arm-none-eabi/lib/thumb/v6-m/nofp/libc_nano.a(lib_a-exit.o)
 .ARM.attributes
                0x0000000000000213       0x2c /usr/arm-none-eabi/lib/thumb/v6-m/nofp/libc_nano.a(lib_a-fini.o)
 .ARM.attributes
                0x000000000000023f       0x2c /usr/arm-none-eabi/lib/thumb/v6-m/nofp/libc_nano.a(lib_a-impure.o)
 .ARM.attributes
                0x000000000000026b       0x2c /usr/arm-none-eabi/lib/thumb/v6-m/nofp/libc_nano.a(lib_a-init.o)
 .ARM.attributes
                0x0000000000000297       0x2c /usr/arm-none-eabi/lib/thumb/v6-m/nofp/libc_nano.a(lib_a-memset.o)
 .ARM.attributes
                0x00000000000002c3       0x2c /usr/arm-none-eabi/lib/thumb/v6-m/nofp/libc_nano.a(lib_a-__atexit.o)
 .ARM.attributes
                0x00000000000002ef       0x2c /usr/arm-none-eabi/lib/thumb/v6-m/nofp/libc_nano.a(lib_a-__call_atexit.o)
 .ARM.attributes
                0x000000000000031b       0x2c /usr/arm-none-eabi/lib/thumb/v6-m/nofp/libnosys.a(_exit.o)
 .ARM.attributes
                0x0000000000000347       0x30 /usr/lib/gcc/arm-none-eabi/9.1.0/crtend.o
 .ARM.attributes
                0x0000000000000377       0x1c /usr/lib/gcc/arm-none-eabi/9.1.0/crtn.o

.comment        0x0000000000000000       0x1d
 .comment       0x0000000000000000       0x1d ./config_efm32zg222f32.o
                                         0x1e (size before relaxing)
 .comment       0x000000000000001d       0x1e ./mpi_cmu.o
 .comment       0x000000000000001d       0x1e ./efm32zg_types_HAL.o
 .comment       0x000000000000001d       0x1e ./efm32zg222f32_adaptor.o
 .comment       0x000000000000001d       0x1e ./system_efm32zg.o
 .comment       0x000000000000001d       0x1e ./main.o
 .comment       0x000000000000001d       0x1e ./efm32zg_cmu_HAL.o

.debug_line     0x0000000000000000     0x1f9d
 .debug_line    0x0000000000000000       0xaa ./startup_efm32zg.o
 .debug_line    0x00000000000000aa      0x2cc ./config_efm32zg222f32.o
 .debug_line    0x0000000000000376       0xd0 ./mpi_cmu.o
 .debug_line    0x0000000000000446      0x219 ./efm32zg_types_HAL.o
 .debug_line    0x000000000000065f      0x5f5 ./efm32zg222f32_adaptor.o
 .debug_line    0x0000000000000c54      0x4d0 ./system_efm32zg.o
 .debug_line    0x0000000000001124      0x3b0 ./main.o
 .debug_line    0x00000000000014d4      0xac9 ./efm32zg_cmu_HAL.o

.debug_info     0x0000000000000000     0xbfa6
 .debug_info    0x0000000000000000       0x26 ./startup_efm32zg.o
 .debug_info    0x0000000000000026     0x21fe ./config_efm32zg222f32.o
 .debug_info    0x0000000000002224      0x13f ./mpi_cmu.o
 .debug_info    0x0000000000002363     0x11b5 ./efm32zg_types_HAL.o
 .debug_info    0x0000000000003518     0x283e ./efm32zg222f32_adaptor.o
 .debug_info    0x0000000000005d56      0xf2d ./system_efm32zg.o
 .debug_info    0x0000000000006c83     0x3090 ./main.o
 .debug_info    0x0000000000009d13     0x2293 ./efm32zg_cmu_HAL.o

.debug_abbrev   0x0000000000000000      0xfeb
 .debug_abbrev  0x0000000000000000       0x14 ./startup_efm32zg.o
 .debug_abbrev  0x0000000000000014      0x227 ./config_efm32zg222f32.o
 .debug_abbrev  0x000000000000023b       0xa4 ./mpi_cmu.o
 .debug_abbrev  0x00000000000002df      0x1ee ./efm32zg_types_HAL.o
 .debug_abbrev  0x00000000000004cd      0x312 ./efm32zg222f32_adaptor.o
 .debug_abbrev  0x00000000000007df      0x2c8 ./system_efm32zg.o
 .debug_abbrev  0x0000000000000aa7      0x2b3 ./main.o
 .debug_abbrev  0x0000000000000d5a      0x291 ./efm32zg_cmu_HAL.o

.debug_aranges  0x0000000000000000      0x3a0
 .debug_aranges
                0x0000000000000000       0x20 ./startup_efm32zg.o
 .debug_aranges
                0x0000000000000020       0x18 ./config_efm32zg222f32.o
 .debug_aranges
                0x0000000000000038       0x28 ./mpi_cmu.o
 .debug_aranges
                0x0000000000000060       0x18 ./efm32zg_types_HAL.o
 .debug_aranges
                0x0000000000000078       0x68 ./efm32zg222f32_adaptor.o
 .debug_aranges
                0x00000000000000e0       0x68 ./system_efm32zg.o
 .debug_aranges
                0x0000000000000148       0x28 ./main.o
 .debug_aranges
                0x0000000000000170      0x230 ./efm32zg_cmu_HAL.o

.debug_str      0x0000000000000000     0x2978
 .debug_str     0x0000000000000000       0x8e ./startup_efm32zg.o
 .debug_str     0x000000000000008e     0x119e ./config_efm32zg222f32.o
                                       0x12cc (size before relaxing)
 .debug_str     0x000000000000122c       0x97 ./mpi_cmu.o
                                        0x20d (size before relaxing)
 .debug_str     0x00000000000012c3       0x35 ./efm32zg_types_HAL.o
                                        0x88b (size before relaxing)
 .debug_str     0x00000000000012f8      0x20e ./efm32zg222f32_adaptor.o
                                       0x1446 (size before relaxing)
 .debug_str     0x0000000000001506      0x1d3 ./system_efm32zg.o
                                        0x7a5 (size before relaxing)
 .debug_str     0x00000000000016d9      0xb6a ./main.o
                                       0x1e34 (size before relaxing)
 .debug_str     0x0000000000002243      0x735 ./efm32zg_cmu_HAL.o
                                       0x10ab (size before relaxing)

.debug_loc      0x0000000000000000     0x1404
 .debug_loc     0x0000000000000000       0x70 ./mpi_cmu.o
 .debug_loc     0x0000000000000070      0x232 ./efm32zg222f32_adaptor.o
 .debug_loc     0x00000000000002a2      0x256 ./system_efm32zg.o
 .debug_loc     0x00000000000004f8       0x64 ./main.o
 .debug_loc     0x000000000000055c      0xea8 ./efm32zg_cmu_HAL.o

.debug_ranges   0x0000000000000000      0x3f8
 .debug_ranges  0x0000000000000000       0x18 ./mpi_cmu.o
 .debug_ranges  0x0000000000000018       0x58 ./efm32zg222f32_adaptor.o
 .debug_ranges  0x0000000000000070      0x150 ./system_efm32zg.o
 .debug_ranges  0x00000000000001c0       0x18 ./main.o
 .debug_ranges  0x00000000000001d8      0x220 ./efm32zg_cmu_HAL.o

.debug_frame    0x0000000000000000      0xc68
 .debug_frame   0x0000000000000000       0x50 ./mpi_cmu.o
 .debug_frame   0x0000000000000050      0x150 ./efm32zg222f32_adaptor.o
 .debug_frame   0x00000000000001a0       0xc0 ./system_efm32zg.o
 .debug_frame   0x0000000000000260       0x4c ./main.o
 .debug_frame   0x00000000000002ac      0x870 ./efm32zg_cmu_HAL.o
 .debug_frame   0x0000000000000b1c       0x28 /usr/arm-none-eabi/lib/thumb/v6-m/nofp/libc_nano.a(lib_a-atexit.o)
 .debug_frame   0x0000000000000b44       0x28 /usr/arm-none-eabi/lib/thumb/v6-m/nofp/libc_nano.a(lib_a-exit.o)
 .debug_frame   0x0000000000000b6c       0x2c /usr/arm-none-eabi/lib/thumb/v6-m/nofp/libc_nano.a(lib_a-fini.o)
 .debug_frame   0x0000000000000b98       0x2c /usr/arm-none-eabi/lib/thumb/v6-m/nofp/libc_nano.a(lib_a-init.o)
 .debug_frame   0x0000000000000bc4       0x20 /usr/arm-none-eabi/lib/thumb/v6-m/nofp/libc_nano.a(lib_a-memset.o)
 .debug_frame   0x0000000000000be4       0x30 /usr/arm-none-eabi/lib/thumb/v6-m/nofp/libc_nano.a(lib_a-__atexit.o)
 .debug_frame   0x0000000000000c14       0x34 /usr/arm-none-eabi/lib/thumb/v6-m/nofp/libc_nano.a(lib_a-__call_atexit.o)
 .debug_frame   0x0000000000000c48       0x20 /usr/arm-none-eabi/lib/thumb/v6-m/nofp/libnosys.a(_exit.o)
