Archive member included to satisfy reference by file (symbol)

/srv/code/toolchains/gnu_arm/7.2_2017q4/bin/../lib/gcc/arm-none-eabi/7.2.1/thumb/v6-m/libgcc.a(_udivsi3.o)
                              ./dw1000_tofCalcs.o (__aeabi_uidiv)
/srv/code/toolchains/gnu_arm/7.2_2017q4/bin/../lib/gcc/arm-none-eabi/7.2.1/thumb/v6-m/libgcc.a(_dvmd_tls.o)
                              /srv/code/toolchains/gnu_arm/7.2_2017q4/bin/../lib/gcc/arm-none-eabi/7.2.1/thumb/v6-m/libgcc.a(_udivsi3.o) (__aeabi_idiv0)
/srv/code/toolchains/gnu_arm/7.2_2017q4/bin/../lib/gcc/arm-none-eabi/7.2.1/thumb/v6-m/libgcc.a(_arm_cmpsf2.o)
                              ./dw1000_tofCalcs.o (__aeabi_fcmple)
/srv/code/toolchains/gnu_arm/7.2_2017q4/bin/../lib/gcc/arm-none-eabi/7.2.1/thumb/v6-m/libgcc.a(eqsf2.o)
                              /srv/code/toolchains/gnu_arm/7.2_2017q4/bin/../lib/gcc/arm-none-eabi/7.2.1/thumb/v6-m/libgcc.a(_arm_cmpsf2.o) (__eqsf2)
/srv/code/toolchains/gnu_arm/7.2_2017q4/bin/../lib/gcc/arm-none-eabi/7.2.1/thumb/v6-m/libgcc.a(gesf2.o)
                              /srv/code/toolchains/gnu_arm/7.2_2017q4/bin/../lib/gcc/arm-none-eabi/7.2.1/thumb/v6-m/libgcc.a(_arm_cmpsf2.o) (__gesf2)
/srv/code/toolchains/gnu_arm/7.2_2017q4/bin/../lib/gcc/arm-none-eabi/7.2.1/thumb/v6-m/libgcc.a(lesf2.o)
                              /srv/code/toolchains/gnu_arm/7.2_2017q4/bin/../lib/gcc/arm-none-eabi/7.2.1/thumb/v6-m/libgcc.a(_arm_cmpsf2.o) (__lesf2)
/srv/code/toolchains/gnu_arm/7.2_2017q4/bin/../lib/gcc/arm-none-eabi/7.2.1/thumb/v6-m/libgcc.a(muldf3.o)
                              ./dw1000_tofCalcs.o (__aeabi_dmul)
/srv/code/toolchains/gnu_arm/7.2_2017q4/bin/../lib/gcc/arm-none-eabi/7.2.1/thumb/v6-m/libgcc.a(floatunsidf.o)
                              ./dw1000_tofCalcs.o (__aeabi_ui2d)
/srv/code/toolchains/gnu_arm/7.2_2017q4/bin/../lib/gcc/arm-none-eabi/7.2.1/thumb/v6-m/libgcc.a(truncdfsf2.o)
                              ./dw1000_tofCalcs.o (__aeabi_d2f)
/srv/code/toolchains/gnu_arm/7.2_2017q4/bin/../lib/gcc/arm-none-eabi/7.2.1/thumb/v6-m/libgcc.a(_clzsi2.o)
                              /srv/code/toolchains/gnu_arm/7.2_2017q4/bin/../lib/gcc/arm-none-eabi/7.2.1/thumb/v6-m/libgcc.a(muldf3.o) (__clzsi2)
/srv/code/toolchains/gnu_arm/7.2_2017q4/bin/../lib/gcc/arm-none-eabi/7.2.1/../../../../arm-none-eabi/lib/thumb/v6-m/libc_nano.a(lib_a-exit.o)
                              /srv/code/toolchains/gnu_arm/7.2_2017q4/bin/../lib/gcc/arm-none-eabi/7.2.1/../../../../arm-none-eabi/lib/thumb/v6-m/crt0.o (exit)
/srv/code/toolchains/gnu_arm/7.2_2017q4/bin/../lib/gcc/arm-none-eabi/7.2.1/../../../../arm-none-eabi/lib/thumb/v6-m/libc_nano.a(lib_a-impure.o)
                              /srv/code/toolchains/gnu_arm/7.2_2017q4/bin/../lib/gcc/arm-none-eabi/7.2.1/../../../../arm-none-eabi/lib/thumb/v6-m/libc_nano.a(lib_a-exit.o) (_global_impure_ptr)
/srv/code/toolchains/gnu_arm/7.2_2017q4/bin/../lib/gcc/arm-none-eabi/7.2.1/../../../../arm-none-eabi/lib/thumb/v6-m/libc_nano.a(lib_a-init.o)
                              /srv/code/toolchains/gnu_arm/7.2_2017q4/bin/../lib/gcc/arm-none-eabi/7.2.1/../../../../arm-none-eabi/lib/thumb/v6-m/crt0.o (__libc_init_array)
/srv/code/toolchains/gnu_arm/7.2_2017q4/bin/../lib/gcc/arm-none-eabi/7.2.1/../../../../arm-none-eabi/lib/thumb/v6-m/libc_nano.a(lib_a-memcpy-stub.o)
                              ./dw1000_nodeMgmt.o (memcpy)
/srv/code/toolchains/gnu_arm/7.2_2017q4/bin/../lib/gcc/arm-none-eabi/7.2.1/../../../../arm-none-eabi/lib/thumb/v6-m/libc_nano.a(lib_a-memset.o)
                              /srv/code/toolchains/gnu_arm/7.2_2017q4/bin/../lib/gcc/arm-none-eabi/7.2.1/../../../../arm-none-eabi/lib/thumb/v6-m/crt0.o (memset)
/srv/code/toolchains/gnu_arm/7.2_2017q4/bin/../lib/gcc/arm-none-eabi/7.2.1/../../../../arm-none-eabi/lib/thumb/v6-m/libnosys.a(_exit.o)
                              /srv/code/toolchains/gnu_arm/7.2_2017q4/bin/../lib/gcc/arm-none-eabi/7.2.1/../../../../arm-none-eabi/lib/thumb/v6-m/libc_nano.a(lib_a-exit.o) (_exit)

Allocating common symbols
Common symbol       size              file

venus_config_query  0x1               ./config_venus638.o
timer0_ms_ticks     0x2               ./config_efm32zg222f32.o
timer1_us_ticks     0x2               ./config_efm32zg222f32.o
usart_data          0x28              ./config_efm32zg222f32.o
usart_rx_tx_table   0xc               ./main.o
timer0_us_ticks     0x2               ./config_efm32zg222f32.o
usart_status        0xd               ./config_efm32zg222f32.o
venus_response      0x190             ./config_venus638.o
usart_frameconf_rwc
                    0xc               ./efm32zg_usart_IO_HAL.o
timer1_ms_ticks     0x2               ./config_efm32zg222f32.o
usart_error         0xe               ./config_efm32zg222f32.o
transmitBuffer      0x3               ./efm32zg_usart_IO_HAL.o
venus_nmea          0xc8              ./config_venus638.o
venus_config        0xa0              ./config_venus638.o
venus_message       0x198             ./config_venus638.o
[...]
Memory Configuration

Name             Origin             Length             Attributes
FLASH            0x0000000000000000 0x0000000000008000 xr
RAM              0x0000000020000000 0x0000000000001000 xrw
*default*        0x0000000000000000 0xffffffffffffffff

Linker script and memory map

LOAD /srv/code/toolchains/gnu_arm/7.2_2017q4/bin/../lib/gcc/arm-none-eabi/7.2.1/thumb/v6-m/crti.o
LOAD /srv/code/toolchains/gnu_arm/7.2_2017q4/bin/../lib/gcc/arm-none-eabi/7.2.1/thumb/v6-m/crtbegin.o
LOAD /srv/code/toolchains/gnu_arm/7.2_2017q4/bin/../lib/gcc/arm-none-eabi/7.2.1/../../../../arm-none-eabi/lib/thumb/v6-m/crt0.o
LOAD ./dw1000_types.o
LOAD ./dw1000_nodeMgmt.o
LOAD ./mpi_cmu.o
LOAD ./mpi_usart.o
LOAD ./mpi_ext_dev.o
LOAD ./config_efm32zg222f32.o
LOAD ./efm32zg_types_HAL.o
LOAD ./config_dw1000.o
LOAD ./efm32zg_gpio_IO_HAL.o
LOAD ./dw1000_tofCalcs.o
LOAD ./main.o
LOAD ./config_venus638.o
LOAD ./mpi_gpio.o
LOAD ./efm32zg_usart_IO_HAL.o
LOAD ./efm32zg222f32_adaptor.o
LOAD ./efm32zg_gpio_HAL.o
LOAD ./system_efm32zg.o
LOAD ./venus638_adaptor.o
LOAD ./startup_efm32zg.o
LOAD ./config_example.o
LOAD ./dw1000_adaptor.o
LOAD ./STK3200_config.o
LOAD ./dw1000_commRxTx.o
LOAD ./efm32zg_timer_HAL.o
LOAD ./dw1000_decodeMAC.o
LOAD ./dw1000_buildMAC.o
LOAD ./efm32zg_cmu_HAL.o
LOAD ./venus638.o
LOAD ./efm32zg_usart_HAL.o
LOAD ./efm32zg_interrupts_HAL.o
LOAD ./mpi_timer.o
START GROUP
LOAD /srv/code/toolchains/gnu_arm/7.2_2017q4/bin/../lib/gcc/arm-none-eabi/7.2.1/thumb/v6-m/libgcc.a
LOAD /srv/code/toolchains/gnu_arm/7.2_2017q4/bin/../lib/gcc/arm-none-eabi/7.2.1/../../../../arm-none-eabi/lib/thumb/v6-m/libc_nano.a
LOAD /srv/code/toolchains/gnu_arm/7.2_2017q4/bin/../lib/gcc/arm-none-eabi/7.2.1/../../../../arm-none-eabi/lib/thumb/v6-m/libnosys.a
END GROUP
START GROUP
LOAD /srv/code/toolchains/gnu_arm/7.2_2017q4/bin/../lib/gcc/arm-none-eabi/7.2.1/thumb/v6-m/libgcc.a
LOAD /srv/code/toolchains/gnu_arm/7.2_2017q4/bin/../lib/gcc/arm-none-eabi/7.2.1/../../../../arm-none-eabi/lib/thumb/v6-m/libg_nano.a
LOAD /srv/code/toolchains/gnu_arm/7.2_2017q4/bin/../lib/gcc/arm-none-eabi/7.2.1/../../../../arm-none-eabi/lib/thumb/v6-m/libc_nano.a
END GROUP
START GROUP
LOAD /srv/code/toolchains/gnu_arm/7.2_2017q4/bin/../lib/gcc/arm-none-eabi/7.2.1/thumb/v6-m/libgcc.a
LOAD /srv/code/toolchains/gnu_arm/7.2_2017q4/bin/../lib/gcc/arm-none-eabi/7.2.1/../../../../arm-none-eabi/lib/thumb/v6-m/libc_nano.a
END GROUP
LOAD /srv/code/toolchains/gnu_arm/7.2_2017q4/bin/../lib/gcc/arm-none-eabi/7.2.1/thumb/v6-m/crtend.o
LOAD /srv/code/toolchains/gnu_arm/7.2_2017q4/bin/../lib/gcc/arm-none-eabi/7.2.1/thumb/v6-m/crtn.o

.text           0x0000000000000000     0x718c
 *(.vectors)
 .vectors       0x0000000000000000       0x8c ./startup_efm32zg.o
                0x0000000000000000                __Vectors
                0x000000000000008c                __Vectors_End = .
                0x000000000000008c                __Vectors_Size = (__Vectors_End - __Vectors)
                0x000000000000008c                __end__ = .
 *(.text*)
 .text          0x000000000000008c       0x48 /srv/code/toolchains/gnu_arm/7.2_2017q4/bin/../lib/gcc/arm-none-eabi/7.2.1/thumb/v6-m/crtbegin.o
 .text          0x00000000000000d4       0x78 /srv/code/toolchains/gnu_arm/7.2_2017q4/bin/../lib/gcc/arm-none-eabi/7.2.1/../../../../arm-none-eabi/lib/thumb/v6-m/crt0.o
                0x00000000000000d4                _mainCRTStartup
                0x00000000000000d4                _start
 .text.config_unique_id
                0x000000000000014c       0x58 ./dw1000_types.o
                0x000000000000014c                config_unique_id
 .text.config_pan_id
                0x00000000000001a4       0x58 ./dw1000_types.o
                0x00000000000001a4                config_pan_id
 .text.config_sys_conf
                0x00000000000001fc       0x58 ./dw1000_types.o
                0x00000000000001fc                config_sys_conf
 .text.config_tx_frame_ctrl
                0x0000000000000254       0x58 ./dw1000_types.o
                0x0000000000000254                config_tx_frame_ctrl
 .text.config_rf_tx_delay
                0x00000000000002ac       0x58 ./dw1000_types.o
                0x00000000000002ac                config_rf_tx_delay
 .text.config_sys_ctrl_reg
                0x0000000000000304       0x58 ./dw1000_types.o
                0x0000000000000304                config_sys_ctrl_reg
 .text.config_sys_event_mask
                0x000000000000035c       0x58 ./dw1000_types.o
                0x000000000000035c                config_sys_event_mask
 .text.config_sys_event_status
                0x00000000000003b4       0x58 ./dw1000_types.o
                0x00000000000003b4                config_sys_event_status
 .text.config_tx_ant_delay
                0x000000000000040c       0x58 ./dw1000_types.o
                0x000000000000040c                config_tx_ant_delay
 .text.config_ack_resp_time
                0x0000000000000464       0x58 ./dw1000_types.o
                0x0000000000000464                config_ack_resp_time
 .text.config_preamble_rx_config
                0x00000000000004bc       0x58 ./dw1000_types.o
                0x00000000000004bc                config_preamble_rx_config
 .text.config_tx_power_ctrl
                0x0000000000000514       0x58 ./dw1000_types.o
                0x0000000000000514                config_tx_power_ctrl
 .text.config_chan_ctrl
                0x000000000000056c       0x58 ./dw1000_types.o
                0x000000000000056c                config_chan_ctrl
 .text.query_dev_id
                0x00000000000005c4       0x58 ./dw1000_types.o
                0x00000000000005c4                query_dev_id
 .text.query_sys_time
                0x000000000000061c       0x58 ./dw1000_types.o
                0x000000000000061c                query_sys_time
 .text.query_rx_frame_timeout
                0x0000000000000674       0x58 ./dw1000_types.o
                0x0000000000000674                query_rx_frame_timeout
 .text.query_rx_frame_qual
                0x00000000000006cc       0x58 ./dw1000_types.o
                0x00000000000006cc                query_rx_frame_qual
 .text.query_rx_time_interval
                0x0000000000000724       0x58 ./dw1000_types.o
                0x0000000000000724                query_rx_time_interval
 .text.query_sys_state_info
                0x000000000000077c       0x10 ./dw1000_types.o
                0x000000000000077c                query_sys_state_info
 .text.query_unique_id
                0x000000000000078c       0x58 ./dw1000_types.o
                0x000000000000078c                query_unique_id
 .text.query_pan_id
                0x00000000000007e4       0x58 ./dw1000_types.o
                0x00000000000007e4                query_pan_id
 .text.query_sys_conf
                0x000000000000083c       0x10 ./dw1000_types.o
                0x000000000000083c                query_sys_conf
 .text.query_tx_frame_ctrl
                0x000000000000084c       0x10 ./dw1000_types.o
                0x000000000000084c                query_tx_frame_ctrl
 .text.query_rf_tx_delay
                0x000000000000085c       0x58 ./dw1000_types.o
                0x000000000000085c                query_rf_tx_delay
 .text.query_sys_ctrl_reg
                0x00000000000008b4       0x58 ./dw1000_types.o
                0x00000000000008b4                query_sys_ctrl_reg
 .text.query_sys_event_mask
                0x000000000000090c       0x10 ./dw1000_types.o
                0x000000000000090c                query_sys_event_mask
 .text.query_sys_event_status
                0x000000000000091c       0x10 ./dw1000_types.o
                0x000000000000091c                query_sys_event_status
 .text.query_tx_ant_delay
                0x000000000000092c       0x58 ./dw1000_types.o
                0x000000000000092c                query_tx_ant_delay
 .text.query_ack_resp_time
                0x0000000000000984       0x10 ./dw1000_types.o
                0x0000000000000984                query_ack_resp_time
 .text.query_preamble_rx_config
                0x0000000000000994       0x10 ./dw1000_types.o
                0x0000000000000994                query_preamble_rx_config
 .text.query_tx_power_ctrl
                0x00000000000009a4       0x10 ./dw1000_types.o
                0x00000000000009a4                query_tx_power_ctrl
 .text.query_chan_ctrl
                0x00000000000009b4       0x10 ./dw1000_types.o
                0x00000000000009b4                query_chan_ctrl
 .text.dw_nodeCreate
                0x00000000000009c4       0xa0 ./dw1000_nodeMgmt.o
                0x00000000000009c4                dw_nodeCreate
 .text.dw_nodeSort
                0x0000000000000a64       0x84 ./dw1000_nodeMgmt.o
                0x0000000000000a64                dw_nodeSort
 .text.dw_nodeDelete
                0x0000000000000ae8       0xa4 ./dw1000_nodeMgmt.o
                0x0000000000000ae8                dw_nodeDelete
 .text.dw_nodeSearch
                0x0000000000000b8c       0x98 ./dw1000_nodeMgmt.o
                0x0000000000000b8c                dw_nodeSearch
 .text.mpi_cmuInit
                0x0000000000000c24       0x1c ./mpi_cmu.o
                0x0000000000000c24                mpi_cmuInit
 .text.mpi_cmuConfigReg
                0x0000000000000c40       0x20 ./mpi_cmu.o
                0x0000000000000c40                mpi_cmuConfigReg
 .text.mpi_cmuQueryReg
                0x0000000000000c60       0x20 ./mpi_cmu.o
                0x0000000000000c60                mpi_cmuQueryReg
 .text.mpi_usartInit
                0x0000000000000c80       0x1c ./mpi_usart.o
                0x0000000000000c80                mpi_usartInit
 .text.mpi_extdevInit
                0x0000000000000c9c       0x22 ./mpi_ext_dev.o
                0x0000000000000c9c                mpi_extdevInit
 .text.mpi_extdevData
                0x0000000000000cbe       0x24 ./mpi_ext_dev.o
                0x0000000000000cbe                mpi_extdevData
 *fill*         0x0000000000000ce2        0x2 
 .text.zg_gpioReadIn
                0x0000000000000ce4       0x44 ./efm32zg_gpio_IO_HAL.o
                0x0000000000000ce4                zg_gpioReadIn
 .text.zg_gpioOutTgl
                0x0000000000000d28       0x3c ./efm32zg_gpio_IO_HAL.o
                0x0000000000000d28                zg_gpioOutTgl
 .text.zg_gpioOutRead
                0x0000000000000d64       0x44 ./efm32zg_gpio_IO_HAL.o
                0x0000000000000d64                zg_gpioOutRead
 .text.zg_gpioOutWrite
                0x0000000000000da8       0x5c ./efm32zg_gpio_IO_HAL.o
                0x0000000000000da8                zg_gpioOutWrite
 .text.zg_gpioOutClr
                0x0000000000000e04       0x5c ./efm32zg_gpio_IO_HAL.o
                0x0000000000000e04                zg_gpioOutClr
 .text.dw_tx_poll_ts
                0x0000000000000e60       0x9e ./dw1000_tofCalcs.o
                0x0000000000000e60                dw_tx_poll_ts
 *fill*         0x0000000000000efe        0x2 
 .text.dw_tx_resp_ts
                0x0000000000000f00      0x168 ./dw1000_tofCalcs.o
                0x0000000000000f00                dw_tx_resp_ts
 .text.dw_tx_final_ts
                0x0000000000001068      0x180 ./dw1000_tofCalcs.o
                0x0000000000001068                dw_tx_final_ts
 .text.dw_tof_dist
                0x00000000000011e8       0xdc ./dw1000_tofCalcs.o
                0x00000000000011e8                dw_tof_dist
 .text.dw_deviceStore
                0x00000000000012c4      0x288 ./dw1000_tofCalcs.o
                0x00000000000012c4                dw_deviceStore
 .text.CHIP_Init
                0x000000000000154c       0x14 ./main.o
 .text.main     0x0000000000001560      0x16c ./main.o
                0x0000000000001560                main
 .text.mpi_gpioInit
                0x00000000000016cc       0x1c ./mpi_gpio.o
                0x00000000000016cc                mpi_gpioInit
 .text.mpi_gpioData
                0x00000000000016e8       0x28 ./mpi_gpio.o
                0x00000000000016e8                mpi_gpioData
 .text.zg_usartRxdataxRead
                0x0000000000001710       0xa4 ./efm32zg_usart_IO_HAL.o
                0x0000000000001710                zg_usartRxdataxRead
 .text.zg_usartRxdataRead
                0x00000000000017b4       0x54 ./efm32zg_usart_IO_HAL.o
                0x00000000000017b4                zg_usartRxdataRead
 .text.zg_usartRxdataxpRead
                0x0000000000001808       0xa4 ./efm32zg_usart_IO_HAL.o
                0x0000000000001808                zg_usartRxdataxpRead
 .text.zg_usartRxdoublexRead
                0x00000000000018ac      0x100 ./efm32zg_usart_IO_HAL.o
                0x00000000000018ac                zg_usartRxdoublexRead
 .text.zg_usartRxdoubleRead
                0x00000000000019ac       0x54 ./efm32zg_usart_IO_HAL.o
                0x00000000000019ac                zg_usartRxdoubleRead
 .text.zg_usartRxdoublexpRead
                0x0000000000001a00      0x100 ./efm32zg_usart_IO_HAL.o
                0x0000000000001a00                zg_usartRxdoublexpRead
 .text.zg_usartTxdataxWrite
                0x0000000000001b00       0xc8 ./efm32zg_usart_IO_HAL.o
                0x0000000000001b00                zg_usartTxdataxWrite
 .text.zg_usartTxdataWrite
                0x0000000000001bc8       0x44 ./efm32zg_usart_IO_HAL.o
                0x0000000000001bc8                zg_usartTxdataWrite
 .text.zg_usartTxdoublexWrite
                0x0000000000001c0c       0xd4 ./efm32zg_usart_IO_HAL.o
                0x0000000000001c0c                zg_usartTxdoublexWrite
 .text.zg_usartTxdoubleWrite
                0x0000000000001ce0       0x44 ./efm32zg_usart_IO_HAL.o
                0x0000000000001ce0                zg_usartTxdoubleWrite
 .text.usart_assign_rx_data_8_x
                0x0000000000001d24       0x26 ./efm32zg_usart_IO_HAL.o
                0x0000000000001d24                usart_assign_rx_data_8_x
 .text.usart_assign_rx_data_8
                0x0000000000001d4a       0x26 ./efm32zg_usart_IO_HAL.o
                0x0000000000001d4a                usart_assign_rx_data_8
 .text.usart_assign_rx_data_16_x
                0x0000000000001d70       0x28 ./efm32zg_usart_IO_HAL.o
                0x0000000000001d70                usart_assign_rx_data_16_x
 .text.usart_assign_rx_data_16
                0x0000000000001d98       0x28 ./efm32zg_usart_IO_HAL.o
                0x0000000000001d98                usart_assign_rx_data_16
 .text.usart_assign_rx_data_8_xp
                0x0000000000001dc0       0x26 ./efm32zg_usart_IO_HAL.o
                0x0000000000001dc0                usart_assign_rx_data_8_xp
 .text.usart_assign_rx_data_16_xp
                0x0000000000001de6       0x28 ./efm32zg_usart_IO_HAL.o
                0x0000000000001de6                usart_assign_rx_data_16_xp
 .text.usart_assign_tx_data_8_x
                0x0000000000001e0e       0x26 ./efm32zg_usart_IO_HAL.o
                0x0000000000001e0e                usart_assign_tx_data_8_x
 .text.usart_assign_tx_data_8
                0x0000000000001e34       0x26 ./efm32zg_usart_IO_HAL.o
                0x0000000000001e34                usart_assign_tx_data_8
 .text.usart_assign_tx_data_16_x
                0x0000000000001e5a       0x28 ./efm32zg_usart_IO_HAL.o
                0x0000000000001e5a                usart_assign_tx_data_16_x
 .text.usart_assign_tx_data_16
                0x0000000000001e82       0x28 ./efm32zg_usart_IO_HAL.o
                0x0000000000001e82                usart_assign_tx_data_16
 *fill*         0x0000000000001eaa        0x2 
 .text.__NVIC_EnableIRQ
                0x0000000000001eac       0x34 ./efm32zg222f32_adaptor.o
 .text.__NVIC_ClearPendingIRQ
                0x0000000000001ee0       0x38 ./efm32zg222f32_adaptor.o
 .text.usart_Init
                0x0000000000001f18       0x74 ./efm32zg222f32_adaptor.o
                0x0000000000001f18                usart_Init
 .text.usart_ConfigReg
                0x0000000000001f8c       0x40 ./efm32zg222f32_adaptor.o
                0x0000000000001f8c                usart_ConfigReg
 .text.usart_QueryReg
                0x0000000000001fcc       0x40 ./efm32zg222f32_adaptor.o
                0x0000000000001fcc                usart_QueryReg
 .text.usart_Data
                0x000000000000200c       0xd8 ./efm32zg222f32_adaptor.o
                0x000000000000200c                usart_Data
 .text.gpio_Init
                0x00000000000020e4       0xc8 ./efm32zg222f32_adaptor.o
                0x00000000000020e4                gpio_Init
 .text.gpio_ConfigReg
                0x00000000000021ac       0x40 ./efm32zg222f32_adaptor.o
                0x00000000000021ac                gpio_ConfigReg
 .text.gpio_QueryReg
                0x00000000000021ec       0x40 ./efm32zg222f32_adaptor.o
                0x00000000000021ec                gpio_QueryReg
 .text.gpio_Data
                0x000000000000222c       0xc4 ./efm32zg222f32_adaptor.o
                0x000000000000222c                gpio_Data
 .text.cmu_Init
                0x00000000000022f0       0x90 ./efm32zg222f32_adaptor.o
                0x00000000000022f0                cmu_Init
 .text.cmu_ConfigReg
                0x0000000000002380       0x40 ./efm32zg222f32_adaptor.o
                0x0000000000002380                cmu_ConfigReg
 .text.cmu_QueryReg
                0x00000000000023c0       0x40 ./efm32zg222f32_adaptor.o
                0x00000000000023c0                cmu_QueryReg
 .text.timer_Init
                0x0000000000002400       0x70 ./efm32zg222f32_adaptor.o
                0x0000000000002400                timer_Init
 .text.timer_ConfigReg
                0x0000000000002470       0x40 ./efm32zg222f32_adaptor.o
                0x0000000000002470                timer_ConfigReg
 .text.timer_QueryReg
                0x00000000000024b0       0x40 ./efm32zg222f32_adaptor.o
                0x00000000000024b0                timer_QueryReg
 .text.timer_Delay
                0x00000000000024f0       0x40 ./efm32zg222f32_adaptor.o
                0x00000000000024f0                timer_Delay
 .text.zg_gpioPCtrlRead
                0x0000000000002530       0x38 ./efm32zg_gpio_HAL.o
                0x0000000000002530                zg_gpioPCtrlRead
 .text.zg_gpioPCtrlWrite
                0x0000000000002568       0x4c ./efm32zg_gpio_HAL.o
                0x0000000000002568                zg_gpioPCtrlWrite
 .text.zg_gpioPinModeLowRead
                0x00000000000025b4       0x40 ./efm32zg_gpio_HAL.o
                0x00000000000025b4                zg_gpioPinModeLowRead
 .text.zg_gpioPinModeLowWrite
                0x00000000000025f4       0x58 ./efm32zg_gpio_HAL.o
                0x00000000000025f4                zg_gpioPinModeLowWrite
 .text.zg_gpioPinModeLowClear
                0x000000000000264c       0x5c ./efm32zg_gpio_HAL.o
                0x000000000000264c                zg_gpioPinModeLowClear
 .text.zg_gpioPinModeHighRead
                0x00000000000026a8       0x40 ./efm32zg_gpio_HAL.o
                0x00000000000026a8                zg_gpioPinModeHighRead
 .text.zg_gpioPinModeHighWrite
                0x00000000000026e8       0x58 ./efm32zg_gpio_HAL.o
                0x00000000000026e8                zg_gpioPinModeHighWrite
 .text.zg_gpioPinModeHighClear
                0x0000000000002740       0x5c ./efm32zg_gpio_HAL.o
                0x0000000000002740                zg_gpioPinModeHighClear
 .text.zg_gpioPinLockRead
                0x000000000000279c       0x40 ./efm32zg_gpio_HAL.o
                0x000000000000279c                zg_gpioPinLockRead
 .text.zg_gpioPinLockWrite
                0x00000000000027dc       0x58 ./efm32zg_gpio_HAL.o
                0x00000000000027dc                zg_gpioPinLockWrite
 .text.zg_gpioPinLockClr
                0x0000000000002834       0x5c ./efm32zg_gpio_HAL.o
                0x0000000000002834                zg_gpioPinLockClr
 .text.zg_gpioExtIntPinLowRead
                0x0000000000002890       0x24 ./efm32zg_gpio_HAL.o
                0x0000000000002890                zg_gpioExtIntPinLowRead
 .text.zg_gpioExtIntPinLowWrite
                0x00000000000028b4       0x30 ./efm32zg_gpio_HAL.o
                0x00000000000028b4                zg_gpioExtIntPinLowWrite
 .text.zg_gpioExtIntPinLowClr
                0x00000000000028e4       0x34 ./efm32zg_gpio_HAL.o
                0x00000000000028e4                zg_gpioExtIntPinLowClr
 .text.zg_gpioExtIntPinHighRead
                0x0000000000002918       0x24 ./efm32zg_gpio_HAL.o
                0x0000000000002918                zg_gpioExtIntPinHighRead
 .text.zg_gpioExtIntPinHighWrite
                0x000000000000293c       0x30 ./efm32zg_gpio_HAL.o
                0x000000000000293c                zg_gpioExtIntPinHighWrite
 .text.zg_gpioExtIntPinHighClr
                0x000000000000296c       0x34 ./efm32zg_gpio_HAL.o
                0x000000000000296c                zg_gpioExtIntPinHighClr
 .text.zg_gpioExtIntRiseEdgeRead
                0x00000000000029a0       0x24 ./efm32zg_gpio_HAL.o
                0x00000000000029a0                zg_gpioExtIntRiseEdgeRead
 .text.zg_gpioExtIntRiseEdgeWrite
                0x00000000000029c4       0x38 ./efm32zg_gpio_HAL.o
                0x00000000000029c4                zg_gpioExtIntRiseEdgeWrite
 .text.zg_gpioExtIntRiseEdgeClr
                0x00000000000029fc       0x34 ./efm32zg_gpio_HAL.o
                0x00000000000029fc                zg_gpioExtIntRiseEdgeClr
 .text.zg_gpioExtIntFallEdgeRead
                0x0000000000002a30       0x24 ./efm32zg_gpio_HAL.o
                0x0000000000002a30                zg_gpioExtIntFallEdgeRead
 .text.zg_gpioExtIntFallEdgeWrite
                0x0000000000002a54       0x38 ./efm32zg_gpio_HAL.o
                0x0000000000002a54                zg_gpioExtIntFallEdgeWrite
 .text.zg_gpioExtIntFallEdgeClr
                0x0000000000002a8c       0x34 ./efm32zg_gpio_HAL.o
                0x0000000000002a8c                zg_gpioExtIntFallEdgeClr
 .text.zg_gpioIntEnRead
                0x0000000000002ac0       0x24 ./efm32zg_gpio_HAL.o
                0x0000000000002ac0                zg_gpioIntEnRead
 .text.zg_gpioIntEnWrite
                0x0000000000002ae4       0x30 ./efm32zg_gpio_HAL.o
                0x0000000000002ae4                zg_gpioIntEnWrite
 .text.zg_gpioIntClr
                0x0000000000002b14       0x34 ./efm32zg_gpio_HAL.o
                0x0000000000002b14                zg_gpioIntClr
 .text.zg_gpioIntFlagRead
                0x0000000000002b48       0x24 ./efm32zg_gpio_HAL.o
                0x0000000000002b48                zg_gpioIntFlagRead
 .text.zg_gpioIntFlagWrite
                0x0000000000002b6c       0x30 ./efm32zg_gpio_HAL.o
                0x0000000000002b6c                zg_gpioIntFlagWrite
 .text.zg_gpioIntFlagClr
                0x0000000000002b9c       0x24 ./efm32zg_gpio_HAL.o
                0x0000000000002b9c                zg_gpioIntFlagClr
 .text.zg_gpioSerialWireEnRead
                0x0000000000002bc0       0x24 ./efm32zg_gpio_HAL.o
                0x0000000000002bc0                zg_gpioSerialWireEnRead
 .text.zg_gpioSerialWireEnWrite
                0x0000000000002be4       0x30 ./efm32zg_gpio_HAL.o
                0x0000000000002be4                zg_gpioSerialWireEnWrite
 .text.zg_gpioSerialWireEnClr
                0x0000000000002c14       0x34 ./efm32zg_gpio_HAL.o
                0x0000000000002c14                zg_gpioSerialWireEnClr
 .text.zg_gpioSenseRead
                0x0000000000002c48       0x24 ./efm32zg_gpio_HAL.o
                0x0000000000002c48                zg_gpioSenseRead
 .text.zg_gpioSenseWrite
                0x0000000000002c6c       0x30 ./efm32zg_gpio_HAL.o
                0x0000000000002c6c                zg_gpioSenseWrite
 .text.zg_gpioSenseClr
                0x0000000000002c9c       0x34 ./efm32zg_gpio_HAL.o
                0x0000000000002c9c                zg_gpioSenseClr
 .text.zg_gpioConfLockRead
                0x0000000000002cd0       0x28 ./efm32zg_gpio_HAL.o
                0x0000000000002cd0                zg_gpioConfLockRead
 .text.zg_gpioConfLockWrite
                0x0000000000002cf8       0x28 ./efm32zg_gpio_HAL.o
                0x0000000000002cf8                zg_gpioConfLockWrite
 .text.zg_gpioConfLockClr
                0x0000000000002d20       0x28 ./efm32zg_gpio_HAL.o
                0x0000000000002d20                zg_gpioConfLockClr
 .text.zg_gpioEm4RetRead
                0x0000000000002d48       0x28 ./efm32zg_gpio_HAL.o
                0x0000000000002d48                zg_gpioEm4RetRead
 .text.zg_gpioEm4RetWrite
                0x0000000000002d70       0x34 ./efm32zg_gpio_HAL.o
                0x0000000000002d70                zg_gpioEm4RetWrite
 .text.zg_gpioEm4RetClr
                0x0000000000002da4       0x34 ./efm32zg_gpio_HAL.o
                0x0000000000002da4                zg_gpioEm4RetClr
 .text.zg_EM4WakeRead
                0x0000000000002dd8       0x28 ./efm32zg_gpio_HAL.o
                0x0000000000002dd8                zg_EM4WakeRead
 .text.zg_EM4WakeWrite
                0x0000000000002e00       0x34 ./efm32zg_gpio_HAL.o
                0x0000000000002e00                zg_EM4WakeWrite
 .text.zg_EM4WakeClr
                0x0000000000002e34       0x34 ./efm32zg_gpio_HAL.o
                0x0000000000002e34                zg_EM4WakeClr
 .text.zg_EM4PolRead
                0x0000000000002e68       0x28 ./efm32zg_gpio_HAL.o
                0x0000000000002e68                zg_EM4PolRead
 .text.zg_EM4PolWrite
                0x0000000000002e90       0x34 ./efm32zg_gpio_HAL.o
                0x0000000000002e90                zg_EM4PolWrite
 .text.zg_EM4PolClr
                0x0000000000002ec4       0x34 ./efm32zg_gpio_HAL.o
                0x0000000000002ec4                zg_EM4PolClr
 .text.zg_gpioClrEm4Request
                0x0000000000002ef8       0x1c ./efm32zg_gpio_HAL.o
                0x0000000000002ef8                zg_gpioClrEm4Request
 .text.zg_EM4Cause
                0x0000000000002f14       0x28 ./efm32zg_gpio_HAL.o
                0x0000000000002f14                zg_EM4Cause
 .text.SystemInit
                0x0000000000002f3c       0x10 ./system_efm32zg.o
                0x0000000000002f3c                SystemInit
 .text          0x0000000000002f4c       0x30 ./startup_efm32zg.o
                0x0000000000002f4c                Reset_Handler
                0x0000000000002f78                I2C0_IRQHandler
                0x0000000000002f78                HardFault_Handler
                0x0000000000002f78                SysTick_Handler
                0x0000000000002f78                USART1_RX_IRQHandler
                0x0000000000002f78                PendSV_Handler
                0x0000000000002f78                NMI_Handler
                0x0000000000002f78                USART1_TX_IRQHandler
                0x0000000000002f78                MSC_IRQHandler
                0x0000000000002f78                ADC0_IRQHandler
                0x0000000000002f78                LEUART0_IRQHandler
                0x0000000000002f78                GPIO_EVEN_IRQHandler
                0x0000000000002f78                RTC_IRQHandler
                0x0000000000002f78                TIMER1_IRQHandler
                0x0000000000002f78                Default_Handler
                0x0000000000002f78                PCNT0_IRQHandler
                0x0000000000002f78                ACMP0_IRQHandler
                0x0000000000002f78                SVC_Handler
                0x0000000000002f78                CMU_IRQHandler
                0x0000000000002f78                GPIO_ODD_IRQHandler
                0x0000000000002f78                AES_IRQHandler
                0x0000000000002f78                VCMP_IRQHandler
                0x0000000000002f78                DMA_IRQHandler
 .text.dw_Init  0x0000000000002f7c       0xb4 ./dw1000_adaptor.o
                0x0000000000002f7c                dw_Init
 .text.dw_RegDump
                0x0000000000003030       0x7c ./dw1000_adaptor.o
                0x0000000000003030                dw_RegDump
 .text.dw_ConfigReg
                0x00000000000030ac       0x9c ./dw1000_adaptor.o
                0x00000000000030ac                dw_ConfigReg
 .text.dw_QueryReg
                0x0000000000003148       0x70 ./dw1000_adaptor.o
                0x0000000000003148                dw_QueryReg
 .text.dw_Data  0x00000000000031b8      0x13c ./dw1000_adaptor.o
                0x00000000000031b8                dw_Data
 .text.dw_Tx    0x00000000000032f4       0x38 ./dw1000_commRxTx.o
                0x00000000000032f4                dw_Tx
 .text.dw_Rx    0x000000000000332c       0x58 ./dw1000_commRxTx.o
                0x000000000000332c                dw_Rx
 .text.zg_timerCtrlRead
                0x0000000000003384       0x20 ./efm32zg_timer_HAL.o
                0x0000000000003384                zg_timerCtrlRead
 .text.zg_timerCtrlWrite
                0x00000000000033a4       0x28 ./efm32zg_timer_HAL.o
                0x00000000000033a4                zg_timerCtrlWrite
 .text.zg_timerCtrlClr
                0x00000000000033cc       0x2c ./efm32zg_timer_HAL.o
                0x00000000000033cc                zg_timerCtrlClr
 .text.zg_timerCmdWrite
                0x00000000000033f8       0x28 ./efm32zg_timer_HAL.o
                0x00000000000033f8                zg_timerCmdWrite
 .text.zg_timerStatusRead
                0x0000000000003420       0x20 ./efm32zg_timer_HAL.o
                0x0000000000003420                zg_timerStatusRead
 .text.zg_timerIenRead
                0x0000000000003440       0x20 ./efm32zg_timer_HAL.o
                0x0000000000003440                zg_timerIenRead
 .text.zg_timerIenWrite
                0x0000000000003460       0x28 ./efm32zg_timer_HAL.o
                0x0000000000003460                zg_timerIenWrite
 .text.zg_timerIenClr
                0x0000000000003488       0x2c ./efm32zg_timer_HAL.o
                0x0000000000003488                zg_timerIenClr
 .text.zg_timerIfrRead
                0x00000000000034b4       0x20 ./efm32zg_timer_HAL.o
                0x00000000000034b4                zg_timerIfrRead
 .text.zg_timerIfsWrite
                0x00000000000034d4       0x28 ./efm32zg_timer_HAL.o
                0x00000000000034d4                zg_timerIfsWrite
 .text.zg_timerIfcClr
                0x00000000000034fc       0x2c ./efm32zg_timer_HAL.o
                0x00000000000034fc                zg_timerIfcClr
 .text.zg_timerTopRead
                0x0000000000003528       0x20 ./efm32zg_timer_HAL.o
                0x0000000000003528                zg_timerTopRead
 .text.zg_timerTopWrite
                0x0000000000003548       0x28 ./efm32zg_timer_HAL.o
                0x0000000000003548                zg_timerTopWrite
 .text.zg_timerTopClr
                0x0000000000003570       0x2c ./efm32zg_timer_HAL.o
                0x0000000000003570                zg_timerTopClr
 .text.zg_timerTopbRead
                0x000000000000359c       0x20 ./efm32zg_timer_HAL.o
                0x000000000000359c                zg_timerTopbRead
 .text.zg_timerTopbWrite
                0x00000000000035bc       0x28 ./efm32zg_timer_HAL.o
                0x00000000000035bc                zg_timerTopbWrite
 .text.zg_timerTopbClr
                0x00000000000035e4       0x2c ./efm32zg_timer_HAL.o
                0x00000000000035e4                zg_timerTopbClr
 .text.zg_timerCntRead
                0x0000000000003610       0x20 ./efm32zg_timer_HAL.o
                0x0000000000003610                zg_timerCntRead
 .text.zg_timerCntWrite
                0x0000000000003630       0x28 ./efm32zg_timer_HAL.o
                0x0000000000003630                zg_timerCntWrite
 .text.zg_timerCntClr
                0x0000000000003658       0x2c ./efm32zg_timer_HAL.o
                0x0000000000003658                zg_timerCntClr
 .text.zg_timerRouteRead
                0x0000000000003684       0x20 ./efm32zg_timer_HAL.o
                0x0000000000003684                zg_timerRouteRead
 .text.zg_timerRouteWrite
                0x00000000000036a4       0x28 ./efm32zg_timer_HAL.o
                0x00000000000036a4                zg_timerRouteWrite
 .text.zg_timerRouteClr
                0x00000000000036cc       0x2c ./efm32zg_timer_HAL.o
                0x00000000000036cc                zg_timerRouteClr
 .text.zg_timerCc0_ctrlRead
                0x00000000000036f8       0x20 ./efm32zg_timer_HAL.o
                0x00000000000036f8                zg_timerCc0_ctrlRead
 .text.zg_timerCc0_ctrlWrite
                0x0000000000003718       0x28 ./efm32zg_timer_HAL.o
                0x0000000000003718                zg_timerCc0_ctrlWrite
 .text.zg_timerCc0_ctrlClr
                0x0000000000003740       0x2c ./efm32zg_timer_HAL.o
                0x0000000000003740                zg_timerCc0_ctrlClr
 .text.zg_timerCc0_ccvRead
                0x000000000000376c       0x20 ./efm32zg_timer_HAL.o
                0x000000000000376c                zg_timerCc0_ccvRead
 .text.zg_timerCc0_ccvWrite
                0x000000000000378c       0x28 ./efm32zg_timer_HAL.o
                0x000000000000378c                zg_timerCc0_ccvWrite
 .text.zg_timerCc0_ccvClr
                0x00000000000037b4       0x2c ./efm32zg_timer_HAL.o
                0x00000000000037b4                zg_timerCc0_ccvClr
 .text.zg_timerCc0_ccvbRead
                0x00000000000037e0       0x20 ./efm32zg_timer_HAL.o
                0x00000000000037e0                zg_timerCc0_ccvbRead
 .text.zg_timerCc0_ccvbWrite
                0x0000000000003800       0x28 ./efm32zg_timer_HAL.o
                0x0000000000003800                zg_timerCc0_ccvbWrite
 .text.zg_timerCc0_ccvbClr
                0x0000000000003828       0x2c ./efm32zg_timer_HAL.o
                0x0000000000003828                zg_timerCc0_ccvbClr
 .text.zg_timerCc1_ctrlRead
                0x0000000000003854       0x20 ./efm32zg_timer_HAL.o
                0x0000000000003854                zg_timerCc1_ctrlRead
 .text.zg_timerCc1_ctrlWrite
                0x0000000000003874       0x28 ./efm32zg_timer_HAL.o
                0x0000000000003874                zg_timerCc1_ctrlWrite
 .text.zg_timerCc1_ctrlClr
                0x000000000000389c       0x2c ./efm32zg_timer_HAL.o
                0x000000000000389c                zg_timerCc1_ctrlClr
 .text.zg_timerCc1_ccvRead
                0x00000000000038c8       0x20 ./efm32zg_timer_HAL.o
                0x00000000000038c8                zg_timerCc1_ccvRead
 .text.zg_timerCc1_ccvWrite
                0x00000000000038e8       0x28 ./efm32zg_timer_HAL.o
                0x00000000000038e8                zg_timerCc1_ccvWrite
 .text.zg_timerCc1_ccvClr
                0x0000000000003910       0x2c ./efm32zg_timer_HAL.o
                0x0000000000003910                zg_timerCc1_ccvClr
 .text.zg_timerCc1_ccvbRead
                0x000000000000393c       0x20 ./efm32zg_timer_HAL.o
                0x000000000000393c                zg_timerCc1_ccvbRead
 .text.zg_timerCc1_ccvbWrite
                0x000000000000395c       0x28 ./efm32zg_timer_HAL.o
                0x000000000000395c                zg_timerCc1_ccvbWrite
 .text.zg_timerCc1_ccvbClr
                0x0000000000003984       0x2c ./efm32zg_timer_HAL.o
                0x0000000000003984                zg_timerCc1_ccvbClr
 .text.zg_timerCc2_ctrlRead
                0x00000000000039b0       0x20 ./efm32zg_timer_HAL.o
                0x00000000000039b0                zg_timerCc2_ctrlRead
 .text.zg_timerCc2_ctrlWrite
                0x00000000000039d0       0x28 ./efm32zg_timer_HAL.o
                0x00000000000039d0                zg_timerCc2_ctrlWrite
 .text.zg_timerCc2_ctrlClr
                0x00000000000039f8       0x2c ./efm32zg_timer_HAL.o
                0x00000000000039f8                zg_timerCc2_ctrlClr
 .text.zg_timerCc2_ccvRead
                0x0000000000003a24       0x20 ./efm32zg_timer_HAL.o
                0x0000000000003a24                zg_timerCc2_ccvRead
 .text.zg_timerCc2_ccvWrite
                0x0000000000003a44       0x28 ./efm32zg_timer_HAL.o
                0x0000000000003a44                zg_timerCc2_ccvWrite
 .text.zg_timerCc2_ccvClr
                0x0000000000003a6c       0x2c ./efm32zg_timer_HAL.o
                0x0000000000003a6c                zg_timerCc2_ccvClr
 .text.zg_timerCc2_ccvbRead
                0x0000000000003a98       0x20 ./efm32zg_timer_HAL.o
                0x0000000000003a98                zg_timerCc2_ccvbRead
 .text.zg_timerCc2_ccvbWrite
                0x0000000000003ab8       0x28 ./efm32zg_timer_HAL.o
                0x0000000000003ab8                zg_timerCc2_ccvbWrite
 .text.zg_timerCc2_ccvbClr
                0x0000000000003ae0       0x2c ./efm32zg_timer_HAL.o
                0x0000000000003ae0                zg_timerCc2_ccvbClr
 .text.zg_timerCc0_ccvpRead
                0x0000000000003b0c       0x20 ./efm32zg_timer_HAL.o
                0x0000000000003b0c                zg_timerCc0_ccvpRead
 .text.zg_timerCc1_ccvpRead
                0x0000000000003b2c       0x20 ./efm32zg_timer_HAL.o
                0x0000000000003b2c                zg_timerCc1_ccvpRead
 .text.zg_timerCc2_ccvpRead
                0x0000000000003b4c       0x20 ./efm32zg_timer_HAL.o
                0x0000000000003b4c                zg_timerCc2_ccvpRead
 .text.dw_decodeFrameCtrl
                0x0000000000003b6c       0xa4 ./dw1000_decodeMAC.o
                0x0000000000003b6c                dw_decodeFrameCtrl
 .text.dw_decodeFrameIn
                0x0000000000003c10       0xe8 ./dw1000_decodeMAC.o
                0x0000000000003c10                dw_decodeFrameIn
 .text.dw_handlerBlink
                0x0000000000003cf8      0x1ec ./dw1000_decodeMAC.o
                0x0000000000003cf8                dw_handlerBlink
 .text.dw_handlerRangeInit
                0x0000000000003ee4      0x1e0 ./dw1000_decodeMAC.o
                0x0000000000003ee4                dw_handlerRangeInit
 .text.dw_handlerPollRespFinal
                0x00000000000040c4       0xc4 ./dw1000_decodeMAC.o
                0x00000000000040c4                dw_handlerPollRespFinal
 .text.dw_handlerPoll
                0x0000000000004188      0x15c ./dw1000_decodeMAC.o
                0x0000000000004188                dw_handlerPoll
 .text.dw_handlerResp
                0x00000000000042e4      0x18c ./dw1000_decodeMAC.o
                0x00000000000042e4                dw_handlerResp
 .text.dw_handlerFinal
                0x0000000000004470      0x1e4 ./dw1000_decodeMAC.o
                0x0000000000004470                dw_handlerFinal
 .text.dw_buildMessageOut
                0x0000000000004654       0xc0 ./dw1000_buildMAC.o
                0x0000000000004654                dw_buildMessageOut
 .text.dw_buildMessageHeader
                0x0000000000004714       0x60 ./dw1000_buildMAC.o
                0x0000000000004714                dw_buildMessageHeader
 .text.dw_reg_read_write
                0x0000000000004774       0x80 ./dw1000_buildMAC.o
                0x0000000000004774                dw_reg_read_write
 .text.dw_sub_read_write
                0x00000000000047f4       0x68 ./dw1000_buildMAC.o
                0x00000000000047f4                dw_sub_read_write
 .text.dw_ext_read_write
                0x000000000000485c       0x2a ./dw1000_buildMAC.o
                0x000000000000485c                dw_ext_read_write
 .text.dw_buildConfig
                0x0000000000004886       0x66 ./dw1000_buildMAC.o
                0x0000000000004886                dw_buildConfig
 .text.dw_buildQuery
                0x00000000000048ec       0x66 ./dw1000_buildMAC.o
                0x00000000000048ec                dw_buildQuery
 *fill*         0x0000000000004952        0x2 
 .text.dw_buildBlinkFrame
                0x0000000000004954      0x178 ./dw1000_buildMAC.o
                0x0000000000004954                dw_buildBlinkFrame
 .text.dw_buildRangeInitFrame
                0x0000000000004acc      0x270 ./dw1000_buildMAC.o
                0x0000000000004acc                dw_buildRangeInitFrame
 .text.dw_buildPollFrame
                0x0000000000004d3c      0x168 ./dw1000_buildMAC.o
                0x0000000000004d3c                dw_buildPollFrame
 .text.dw_buildResponseFrame
                0x0000000000004ea4      0x1c8 ./dw1000_buildMAC.o
                0x0000000000004ea4                dw_buildResponseFrame
 .text.dw_buildFinalFrame
                0x000000000000506c      0x218 ./dw1000_buildMAC.o
                0x000000000000506c                dw_buildFinalFrame
 .text.zg_cmuCtrlRead
                0x0000000000005284       0x20 ./efm32zg_cmu_HAL.o
                0x0000000000005284                zg_cmuCtrlRead
 .text.zg_cmuCtrlWrite
                0x00000000000052a4       0x28 ./efm32zg_cmu_HAL.o
                0x00000000000052a4                zg_cmuCtrlWrite
 .text.zg_cmuCtrlClr
                0x00000000000052cc       0x2c ./efm32zg_cmu_HAL.o
                0x00000000000052cc                zg_cmuCtrlClr
 .text.zg_cmuHfcoreclkdivRead
                0x00000000000052f8       0x20 ./efm32zg_cmu_HAL.o
                0x00000000000052f8                zg_cmuHfcoreclkdivRead
 .text.zg_cmuHfcoreclkdivWrite
                0x0000000000005318       0x28 ./efm32zg_cmu_HAL.o
                0x0000000000005318                zg_cmuHfcoreclkdivWrite
 .text.zg_cmuHfcoreclkdivClr
                0x0000000000005340       0x2c ./efm32zg_cmu_HAL.o
                0x0000000000005340                zg_cmuHfcoreclkdivClr
 .text.zg_cmuHfperclkdivRead
                0x000000000000536c       0x20 ./efm32zg_cmu_HAL.o
                0x000000000000536c                zg_cmuHfperclkdivRead
 .text.zg_cmuHfperclkdivWrite
                0x000000000000538c       0x28 ./efm32zg_cmu_HAL.o
                0x000000000000538c                zg_cmuHfperclkdivWrite
 .text.zg_cmuHfperclkdivClr
                0x00000000000053b4       0x2c ./efm32zg_cmu_HAL.o
                0x00000000000053b4                zg_cmuHfperclkdivClr
 .text.zg_cmuHfrcoctrlRead
                0x00000000000053e0       0x20 ./efm32zg_cmu_HAL.o
                0x00000000000053e0                zg_cmuHfrcoctrlRead
 .text.zg_cmuHfrcoctrlWrite
                0x0000000000005400       0x28 ./efm32zg_cmu_HAL.o
                0x0000000000005400                zg_cmuHfrcoctrlWrite
 .text.zg_cmuHfrcoctrlClr
                0x0000000000005428       0x2c ./efm32zg_cmu_HAL.o
                0x0000000000005428                zg_cmuHfrcoctrlClr
 .text.zg_cmuLfrcoctrlRead
                0x0000000000005454       0x20 ./efm32zg_cmu_HAL.o
                0x0000000000005454                zg_cmuLfrcoctrlRead
 .text.zg_cmuLfrcoctrlWrite
                0x0000000000005474       0x28 ./efm32zg_cmu_HAL.o
                0x0000000000005474                zg_cmuLfrcoctrlWrite
 .text.zg_cmuLfrcoctrlClr
                0x000000000000549c       0x2c ./efm32zg_cmu_HAL.o
                0x000000000000549c                zg_cmuLfrcoctrlClr
 .text.zg_cmuAuxhfrcoctrlRead
                0x00000000000054c8       0x20 ./efm32zg_cmu_HAL.o
                0x00000000000054c8                zg_cmuAuxhfrcoctrlRead
 .text.zg_cmuAuxhfrcoctrlWrite
                0x00000000000054e8       0x28 ./efm32zg_cmu_HAL.o
                0x00000000000054e8                zg_cmuAuxhfrcoctrlWrite
 .text.zg_cmuAuxhfrcoctrlClr
                0x0000000000005510       0x2c ./efm32zg_cmu_HAL.o
                0x0000000000005510                zg_cmuAuxhfrcoctrlClr
 .text.zg_cmuCalctrlRead
                0x000000000000553c       0x20 ./efm32zg_cmu_HAL.o
                0x000000000000553c                zg_cmuCalctrlRead
 .text.zg_cmuCalctrlWrite
                0x000000000000555c       0x28 ./efm32zg_cmu_HAL.o
                0x000000000000555c                zg_cmuCalctrlWrite
 .text.zg_cmuCalctrlClr
                0x0000000000005584       0x2c ./efm32zg_cmu_HAL.o
                0x0000000000005584                zg_cmuCalctrlClr
 .text.zg_cmuCalcntRead
                0x00000000000055b0       0x20 ./efm32zg_cmu_HAL.o
                0x00000000000055b0                zg_cmuCalcntRead
 .text.zg_cmuCalcntWrite
                0x00000000000055d0       0x28 ./efm32zg_cmu_HAL.o
                0x00000000000055d0                zg_cmuCalcntWrite
 .text.zg_cmuCalcntClr
                0x00000000000055f8       0x2c ./efm32zg_cmu_HAL.o
                0x00000000000055f8                zg_cmuCalcntClr
 .text.zg_cmuOscencmdWrite
                0x0000000000005624       0x20 ./efm32zg_cmu_HAL.o
                0x0000000000005624                zg_cmuOscencmdWrite
 .text.zg_cmuCmdWrite
                0x0000000000005644       0x28 ./efm32zg_cmu_HAL.o
                0x0000000000005644                zg_cmuCmdWrite
 .text.zg_cmuLfclkselRead
                0x000000000000566c       0x20 ./efm32zg_cmu_HAL.o
                0x000000000000566c                zg_cmuLfclkselRead
 .text.zg_cmuLfclkselWrite
                0x000000000000568c       0x28 ./efm32zg_cmu_HAL.o
                0x000000000000568c                zg_cmuLfclkselWrite
 .text.zg_cmuLfclkselClr
                0x00000000000056b4       0x2c ./efm32zg_cmu_HAL.o
                0x00000000000056b4                zg_cmuLfclkselClr
 .text.zg_cmuStatusRead
                0x00000000000056e0       0x20 ./efm32zg_cmu_HAL.o
                0x00000000000056e0                zg_cmuStatusRead
 .text.zg_cmuIntfRead
                0x0000000000005700       0x20 ./efm32zg_cmu_HAL.o
                0x0000000000005700                zg_cmuIntfRead
 .text.zg_cmuIntfWrite
                0x0000000000005720       0x28 ./efm32zg_cmu_HAL.o
                0x0000000000005720                zg_cmuIntfWrite
 .text.zg_cmuIntfClr
                0x0000000000005748       0x2c ./efm32zg_cmu_HAL.o
                0x0000000000005748                zg_cmuIntfClr
 .text.zg_cmuIntenRead
                0x0000000000005774       0x20 ./efm32zg_cmu_HAL.o
                0x0000000000005774                zg_cmuIntenRead
 .text.zg_cmuIntenWrite
                0x0000000000005794       0x28 ./efm32zg_cmu_HAL.o
                0x0000000000005794                zg_cmuIntenWrite
 .text.zg_cmuIntenClr
                0x00000000000057bc       0x2c ./efm32zg_cmu_HAL.o
                0x00000000000057bc                zg_cmuIntenClr
 .text.zg_cmuHfcoreclken0Read
                0x00000000000057e8       0x20 ./efm32zg_cmu_HAL.o
                0x00000000000057e8                zg_cmuHfcoreclken0Read
 .text.zg_cmuHfcoreclken0Write
                0x0000000000005808       0x28 ./efm32zg_cmu_HAL.o
                0x0000000000005808                zg_cmuHfcoreclken0Write
 .text.zg_cmuHfcoreclken0Clr
                0x0000000000005830       0x2c ./efm32zg_cmu_HAL.o
                0x0000000000005830                zg_cmuHfcoreclken0Clr
 .text.zg_cmuHfperclken0Read
                0x000000000000585c       0x20 ./efm32zg_cmu_HAL.o
                0x000000000000585c                zg_cmuHfperclken0Read
 .text.zg_cmuHfperclken0Write
                0x000000000000587c       0x28 ./efm32zg_cmu_HAL.o
                0x000000000000587c                zg_cmuHfperclken0Write
 .text.zg_cmuHfperclken0Clr
                0x00000000000058a4       0x2c ./efm32zg_cmu_HAL.o
                0x00000000000058a4                zg_cmuHfperclken0Clr
 .text.zg_cmuSyncbusyRead
                0x00000000000058d0       0x20 ./efm32zg_cmu_HAL.o
                0x00000000000058d0                zg_cmuSyncbusyRead
 .text.zg_cmuFreezeRead
                0x00000000000058f0       0x20 ./efm32zg_cmu_HAL.o
                0x00000000000058f0                zg_cmuFreezeRead
 .text.zg_cmuFreezeWrite
                0x0000000000005910       0x28 ./efm32zg_cmu_HAL.o
                0x0000000000005910                zg_cmuFreezeWrite
 .text.zg_cmuFreezeClr
                0x0000000000005938       0x2c ./efm32zg_cmu_HAL.o
                0x0000000000005938                zg_cmuFreezeClr
 .text.zg_cmuLfaclken0Read
                0x0000000000005964       0x20 ./efm32zg_cmu_HAL.o
                0x0000000000005964                zg_cmuLfaclken0Read
 .text.zg_cmuLfaclken0Write
                0x0000000000005984       0x28 ./efm32zg_cmu_HAL.o
                0x0000000000005984                zg_cmuLfaclken0Write
 .text.zg_cmuLfaclken0Clr
                0x00000000000059ac       0x2c ./efm32zg_cmu_HAL.o
                0x00000000000059ac                zg_cmuLfaclken0Clr
 .text.zg_cmuLfbclken0Read
                0x00000000000059d8       0x20 ./efm32zg_cmu_HAL.o
                0x00000000000059d8                zg_cmuLfbclken0Read
 .text.zg_cmuLfbclken0Write
                0x00000000000059f8       0x28 ./efm32zg_cmu_HAL.o
                0x00000000000059f8                zg_cmuLfbclken0Write
 .text.zg_cmuLfbclken0Clr
                0x0000000000005a20       0x2c ./efm32zg_cmu_HAL.o
                0x0000000000005a20                zg_cmuLfbclken0Clr
 .text.zg_cmuLfapresc0Read
                0x0000000000005a4c       0x20 ./efm32zg_cmu_HAL.o
                0x0000000000005a4c                zg_cmuLfapresc0Read
 .text.zg_cmuLfapresc0Write
                0x0000000000005a6c       0x28 ./efm32zg_cmu_HAL.o
                0x0000000000005a6c                zg_cmuLfapresc0Write
 .text.zg_cmuLfapresc0Clr
                0x0000000000005a94       0x2c ./efm32zg_cmu_HAL.o
                0x0000000000005a94                zg_cmuLfapresc0Clr
 .text.zg_cmuLfbpresc0Read
                0x0000000000005ac0       0x20 ./efm32zg_cmu_HAL.o
                0x0000000000005ac0                zg_cmuLfbpresc0Read
 .text.zg_cmuLfbpresc0Write
                0x0000000000005ae0       0x28 ./efm32zg_cmu_HAL.o
                0x0000000000005ae0                zg_cmuLfbpresc0Write
 .text.zg_cmuLfbpresc0Clr
                0x0000000000005b08       0x2c ./efm32zg_cmu_HAL.o
                0x0000000000005b08                zg_cmuLfbpresc0Clr
 .text.zg_cmuPcntctrlRead
                0x0000000000005b34       0x20 ./efm32zg_cmu_HAL.o
                0x0000000000005b34                zg_cmuPcntctrlRead
 .text.zg_cmuPcntctrlWrite
                0x0000000000005b54       0x28 ./efm32zg_cmu_HAL.o
                0x0000000000005b54                zg_cmuPcntctrlWrite
 .text.zg_cmuPcntctrlClr
                0x0000000000005b7c       0x2c ./efm32zg_cmu_HAL.o
                0x0000000000005b7c                zg_cmuPcntctrlClr
 .text.zg_cmuRouteRead
                0x0000000000005ba8       0x24 ./efm32zg_cmu_HAL.o
                0x0000000000005ba8                zg_cmuRouteRead
 .text.zg_cmuRouteWrite
                0x0000000000005bcc       0x2c ./efm32zg_cmu_HAL.o
                0x0000000000005bcc                zg_cmuRouteWrite
 .text.zg_cmuRouteClr
                0x0000000000005bf8       0x30 ./efm32zg_cmu_HAL.o
                0x0000000000005bf8                zg_cmuRouteClr
 .text.zg_cmuLockRead
                0x0000000000005c28       0x24 ./efm32zg_cmu_HAL.o
                0x0000000000005c28                zg_cmuLockRead
 .text.zg_cmuLockWrite
                0x0000000000005c4c       0x2c ./efm32zg_cmu_HAL.o
                0x0000000000005c4c                zg_cmuLockWrite
 .text.zg_cmuLockClr
                0x0000000000005c78       0x30 ./efm32zg_cmu_HAL.o
                0x0000000000005c78                zg_cmuLockClr
 .text.zg_usartCtrlRead
                0x0000000000005ca8       0x20 ./efm32zg_usart_HAL.o
                0x0000000000005ca8                zg_usartCtrlRead
 .text.zg_usartCtrlWrite
                0x0000000000005cc8       0x28 ./efm32zg_usart_HAL.o
                0x0000000000005cc8                zg_usartCtrlWrite
 .text.zg_usartCtrlClr
                0x0000000000005cf0       0x2c ./efm32zg_usart_HAL.o
                0x0000000000005cf0                zg_usartCtrlClr
 .text.zg_usartFrameRead
                0x0000000000005d1c       0x20 ./efm32zg_usart_HAL.o
                0x0000000000005d1c                zg_usartFrameRead
 .text.zg_usartFrameWrite
                0x0000000000005d3c       0x28 ./efm32zg_usart_HAL.o
                0x0000000000005d3c                zg_usartFrameWrite
 .text.zg_usartFrameClr
                0x0000000000005d64       0x2c ./efm32zg_usart_HAL.o
                0x0000000000005d64                zg_usartFrameClr
 .text.zg_usartTrigctrlRead
                0x0000000000005d90       0x20 ./efm32zg_usart_HAL.o
                0x0000000000005d90                zg_usartTrigctrlRead
 .text.zg_usartTrigctrlWrite
                0x0000000000005db0       0x28 ./efm32zg_usart_HAL.o
                0x0000000000005db0                zg_usartTrigctrlWrite
 .text.zg_usartTrigctrlClr
                0x0000000000005dd8       0x2c ./efm32zg_usart_HAL.o
                0x0000000000005dd8                zg_usartTrigctrlClr
 .text.zg_usartStatusRead
                0x0000000000005e04       0x20 ./efm32zg_usart_HAL.o
                0x0000000000005e04                zg_usartStatusRead
 .text.zg_usartCmdWrite
                0x0000000000005e24       0x28 ./efm32zg_usart_HAL.o
                0x0000000000005e24                zg_usartCmdWrite
 .text.zg_usartCmdClr
                0x0000000000005e4c       0x2c ./efm32zg_usart_HAL.o
                0x0000000000005e4c                zg_usartCmdClr
 .text.zg_usartClkdivRead
                0x0000000000005e78       0x20 ./efm32zg_usart_HAL.o
                0x0000000000005e78                zg_usartClkdivRead
 .text.zg_usartClkdivWrite
                0x0000000000005e98       0x28 ./efm32zg_usart_HAL.o
                0x0000000000005e98                zg_usartClkdivWrite
 .text.zg_usartClkdivClr
                0x0000000000005ec0       0x2c ./efm32zg_usart_HAL.o
                0x0000000000005ec0                zg_usartClkdivClr
 .text.zg_usartIntflagRead
                0x0000000000005eec       0x20 ./efm32zg_usart_HAL.o
                0x0000000000005eec                zg_usartIntflagRead
 .text.zg_usartIntflagWrite
                0x0000000000005f0c       0x28 ./efm32zg_usart_HAL.o
                0x0000000000005f0c                zg_usartIntflagWrite
 .text.zg_usartIntflagClr
                0x0000000000005f34       0x2c ./efm32zg_usart_HAL.o
                0x0000000000005f34                zg_usartIntflagClr
 .text.zg_usartIrctrlRead
                0x0000000000005f60       0x20 ./efm32zg_usart_HAL.o
                0x0000000000005f60                zg_usartIrctrlRead
 .text.zg_usartIrctrlWrite
                0x0000000000005f80       0x28 ./efm32zg_usart_HAL.o
                0x0000000000005f80                zg_usartIrctrlWrite
 .text.zg_usartIrctrlClr
                0x0000000000005fa8       0x2c ./efm32zg_usart_HAL.o
                0x0000000000005fa8                zg_usartIrctrlClr
 .text.zg_usartRouteRead
                0x0000000000005fd4       0x20 ./efm32zg_usart_HAL.o
                0x0000000000005fd4                zg_usartRouteRead
 .text.zg_usartRouteWrite
                0x0000000000005ff4       0x28 ./efm32zg_usart_HAL.o
                0x0000000000005ff4                zg_usartRouteWrite
 .text.zg_usartRouteClr
                0x000000000000601c       0x2c ./efm32zg_usart_HAL.o
                0x000000000000601c                zg_usartRouteClr
 .text.zg_usartInputRead
                0x0000000000006048       0x20 ./efm32zg_usart_HAL.o
                0x0000000000006048                zg_usartInputRead
 .text.zg_usartInputWrite
                0x0000000000006068       0x28 ./efm32zg_usart_HAL.o
                0x0000000000006068                zg_usartInputWrite
 .text.zg_usartInputClr
                0x0000000000006090       0x2c ./efm32zg_usart_HAL.o
                0x0000000000006090                zg_usartInputClr
 .text.zg_usartI2sctrlRead
                0x00000000000060bc       0x20 ./efm32zg_usart_HAL.o
                0x00000000000060bc                zg_usartI2sctrlRead
 .text.zg_usartI2sctrlWrite
                0x00000000000060dc       0x28 ./efm32zg_usart_HAL.o
                0x00000000000060dc                zg_usartI2sctrlWrite
 .text.zg_usartI2sctrlClr
                0x0000000000006104       0x2c ./efm32zg_usart_HAL.o
                0x0000000000006104                zg_usartI2sctrlClr
 .text.TIMER0_IRQHandler
                0x0000000000006130       0x28 ./efm32zg_interrupts_HAL.o
                0x0000000000006130                TIMER0_IRQHandler
 .text.mpi_timerInit
                0x0000000000006158       0x1c ./mpi_timer.o
                0x0000000000006158                mpi_timerInit
 .text.mpi_timerDelay
                0x0000000000006174       0x1c ./mpi_timer.o
                0x0000000000006174                mpi_timerDelay
 .text          0x0000000000006190      0x114 /srv/code/toolchains/gnu_arm/7.2_2017q4/bin/../lib/gcc/arm-none-eabi/7.2.1/thumb/v6-m/libgcc.a(_udivsi3.o)
                0x0000000000006190                __udivsi3
                0x0000000000006190                __aeabi_uidiv
                0x000000000000629c                __aeabi_uidivmod
 .text          0x00000000000062a4        0x4 /srv/code/toolchains/gnu_arm/7.2_2017q4/bin/../lib/gcc/arm-none-eabi/7.2.1/thumb/v6-m/libgcc.a(_dvmd_tls.o)
                0x00000000000062a4                __aeabi_ldiv0
                0x00000000000062a4                __aeabi_idiv0
 .text          0x00000000000062a8       0x74 /srv/code/toolchains/gnu_arm/7.2_2017q4/bin/../lib/gcc/arm-none-eabi/7.2.1/thumb/v6-m/libgcc.a(_arm_cmpsf2.o)
                0x00000000000062a8                __aeabi_cfrcmple
                0x00000000000062b0                __aeabi_cfcmple
                0x00000000000062b0                __aeabi_cfcmpeq
                0x00000000000062c0                __aeabi_fcmpeq
                0x00000000000062cc                __aeabi_fcmplt
                0x00000000000062e0                __aeabi_fcmple
                0x00000000000062f4                __aeabi_fcmpgt
                0x0000000000006308                __aeabi_fcmpge
 .text          0x000000000000631c       0x50 /srv/code/toolchains/gnu_arm/7.2_2017q4/bin/../lib/gcc/arm-none-eabi/7.2.1/thumb/v6-m/libgcc.a(eqsf2.o)
                0x000000000000631c                __nesf2
                0x000000000000631c                __eqsf2
 .text          0x000000000000636c       0x9c /srv/code/toolchains/gnu_arm/7.2_2017q4/bin/../lib/gcc/arm-none-eabi/7.2.1/thumb/v6-m/libgcc.a(gesf2.o)
                0x000000000000636c                __gtsf2
                0x000000000000636c                __gesf2
 .text          0x0000000000006408       0xa0 /srv/code/toolchains/gnu_arm/7.2_2017q4/bin/../lib/gcc/arm-none-eabi/7.2.1/thumb/v6-m/libgcc.a(lesf2.o)
                0x0000000000006408                __lesf2
                0x0000000000006408                __ltsf2
 .text          0x00000000000064a8      0x4e4 /srv/code/toolchains/gnu_arm/7.2_2017q4/bin/../lib/gcc/arm-none-eabi/7.2.1/thumb/v6-m/libgcc.a(muldf3.o)
                0x00000000000064a8                __aeabi_dmul
 .text          0x000000000000698c       0x64 /srv/code/toolchains/gnu_arm/7.2_2017q4/bin/../lib/gcc/arm-none-eabi/7.2.1/thumb/v6-m/libgcc.a(floatunsidf.o)
                0x000000000000698c                __aeabi_ui2d
 .text          0x00000000000069f0      0x108 /srv/code/toolchains/gnu_arm/7.2_2017q4/bin/../lib/gcc/arm-none-eabi/7.2.1/thumb/v6-m/libgcc.a(truncdfsf2.o)
                0x00000000000069f0                __aeabi_d2f
 .text          0x0000000000006af8       0x3c /srv/code/toolchains/gnu_arm/7.2_2017q4/bin/../lib/gcc/arm-none-eabi/7.2.1/thumb/v6-m/libgcc.a(_clzsi2.o)
                0x0000000000006af8                __clzsi2
 .text.exit     0x0000000000006b34       0x2c /srv/code/toolchains/gnu_arm/7.2_2017q4/bin/../lib/gcc/arm-none-eabi/7.2.1/../../../../arm-none-eabi/lib/thumb/v6-m/libc_nano.a(lib_a-exit.o)
                0x0000000000006b34                exit
 .text.__libc_init_array
                0x0000000000006b60       0x48 /srv/code/toolchains/gnu_arm/7.2_2017q4/bin/../lib/gcc/arm-none-eabi/7.2.1/../../../../arm-none-eabi/lib/thumb/v6-m/libc_nano.a(lib_a-init.o)
                0x0000000000006b60                __libc_init_array
 .text.memcpy   0x0000000000006ba8       0x12 /srv/code/toolchains/gnu_arm/7.2_2017q4/bin/../lib/gcc/arm-none-eabi/7.2.1/../../../../arm-none-eabi/lib/thumb/v6-m/libc_nano.a(lib_a-memcpy-stub.o)
                0x0000000000006ba8                memcpy
 .text.memset   0x0000000000006bba       0x10 /srv/code/toolchains/gnu_arm/7.2_2017q4/bin/../lib/gcc/arm-none-eabi/7.2.1/../../../../arm-none-eabi/lib/thumb/v6-m/libc_nano.a(lib_a-memset.o)
                0x0000000000006bba                memset
 *fill*         0x0000000000006bca        0x2 
 .text._exit    0x0000000000006bcc        0x4 /srv/code/toolchains/gnu_arm/7.2_2017q4/bin/../lib/gcc/arm-none-eabi/7.2.1/../../../../arm-none-eabi/lib/thumb/v6-m/libnosys.a(_exit.o)
                0x0000000000006bcc                _exit
 *(.init)
 .init          0x0000000000006bd0        0x4 /srv/code/toolchains/gnu_arm/7.2_2017q4/bin/../lib/gcc/arm-none-eabi/7.2.1/thumb/v6-m/crti.o
                0x0000000000006bd0                _init
 .init          0x0000000000006bd4        0x8 /srv/code/toolchains/gnu_arm/7.2_2017q4/bin/../lib/gcc/arm-none-eabi/7.2.1/thumb/v6-m/crtn.o
 *(.fini)
 .fini          0x0000000000006bdc        0x4 /srv/code/toolchains/gnu_arm/7.2_2017q4/bin/../lib/gcc/arm-none-eabi/7.2.1/thumb/v6-m/crti.o
                0x0000000000006bdc                _fini
 .fini          0x0000000000006be0        0x8 /srv/code/toolchains/gnu_arm/7.2_2017q4/bin/../lib/gcc/arm-none-eabi/7.2.1/thumb/v6-m/crtn.o
 *crtbegin.o(.ctors)
 *crtbegin?.o(.ctors)
 *(EXCLUDE_FILE(*crtend.o *crtend?.o) .ctors)
 *(SORT_BY_NAME(.ctors.*))
 *(.ctors)
 *crtbegin.o(.dtors)
 *crtbegin?.o(.dtors)
 *(EXCLUDE_FILE(*crtend.o *crtend?.o) .dtors)
 *(SORT_BY_NAME(.dtors.*))
 *(.dtors)
 *(.rodata*)
 .rodata.dw_fn_code_table
                0x0000000000006be8       0x18 ./dw1000_types.o
                0x0000000000006be8                dw_fn_code_table
 .rodata.gpio_pinin_read
                0x0000000000006c00        0x4 ./efm32zg_gpio_IO_HAL.o
                0x0000000000006c00                gpio_pinin_read
 .rodata.gpio_out
                0x0000000000006c04        0xc ./efm32zg_gpio_IO_HAL.o
                0x0000000000006c04                gpio_out
 .rodata.gpio_pinout_tgl
                0x0000000000006c10        0x4 ./efm32zg_gpio_IO_HAL.o
                0x0000000000006c10                gpio_pinout_tgl
 .rodata.usart_IO_table
                0x0000000000006c14       0x18 ./efm32zg_usart_IO_HAL.o
                0x0000000000006c14                usart_IO_table
 .rodata.usart_IO_host_slave_transfer
                0x0000000000006c2c        0x8 ./efm32zg_usart_IO_HAL.o
                0x0000000000006c2c                usart_IO_host_slave_transfer
 .rodata.usart_rx_8_xp
                0x0000000000006c34        0x4 ./efm32zg_usart_IO_HAL.o
                0x0000000000006c34                usart_rx_8_xp
 .rodata.usart_rx_16_xp
                0x0000000000006c38        0x4 ./efm32zg_usart_IO_HAL.o
                0x0000000000006c38                usart_rx_16_xp
 .rodata.usart_rxtx_data_x
                0x0000000000006c3c        0x8 ./efm32zg_usart_IO_HAL.o
                0x0000000000006c3c                usart_rxtx_data_x
 .rodata.usart_rxtx_data
                0x0000000000006c44        0x8 ./efm32zg_usart_IO_HAL.o
                0x0000000000006c44                usart_rxtx_data
 .rodata.usart_rxtx_double_x
                0x0000000000006c4c        0x8 ./efm32zg_usart_IO_HAL.o
                0x0000000000006c4c                usart_rxtx_double_x
 .rodata.usart_rxtx_double
                0x0000000000006c54        0x8 ./efm32zg_usart_IO_HAL.o
                0x0000000000006c54                usart_rxtx_double
 .rodata.usart_rx_bitwidth_table
                0x0000000000006c5c       0x18 ./efm32zg_usart_IO_HAL.o
                0x0000000000006c5c                usart_rx_bitwidth_table
 .rodata.usart_tx_bitwidth_table
                0x0000000000006c74       0x18 ./efm32zg_usart_IO_HAL.o
                0x0000000000006c74                usart_tx_bitwidth_table
 .rodata.gpio_config_table
                0x0000000000006c8c       0x80 ./efm32zg_gpio_HAL.o
                0x0000000000006c8c                gpio_config_table
 .rodata.gpio_port_config_table
                0x0000000000006d0c       0x14 ./efm32zg_gpio_HAL.o
                0x0000000000006d0c                gpio_port_config_table
 .rodata.gpio_int_ctrl
                0x0000000000006d20        0xc ./efm32zg_gpio_HAL.o
                0x0000000000006d20                gpio_int_ctrl
 .rodata.gpio_extint_low_pins
                0x0000000000006d2c        0xc ./efm32zg_gpio_HAL.o
                0x0000000000006d2c                gpio_extint_low_pins
 .rodata.gpio_extint_high_pins
                0x0000000000006d38        0xc ./efm32zg_gpio_HAL.o
                0x0000000000006d38                gpio_extint_high_pins
 .rodata.gpio_extint_rise_edge
                0x0000000000006d44        0xc ./efm32zg_gpio_HAL.o
                0x0000000000006d44                gpio_extint_rise_edge
 .rodata.gpio_extint_fall_edge
                0x0000000000006d50        0xc ./efm32zg_gpio_HAL.o
                0x0000000000006d50                gpio_extint_fall_edge
 .rodata.gpio_int_flag
                0x0000000000006d5c        0xc ./efm32zg_gpio_HAL.o
                0x0000000000006d5c                gpio_int_flag
 .rodata.gpio_route
                0x0000000000006d68        0xc ./efm32zg_gpio_HAL.o
                0x0000000000006d68                gpio_route
 .rodata.gpio_insense
                0x0000000000006d74        0xc ./efm32zg_gpio_HAL.o
                0x0000000000006d74                gpio_insense
 .rodata.gpio_conf_lock
                0x0000000000006d80        0xc ./efm32zg_gpio_HAL.o
                0x0000000000006d80                gpio_conf_lock
 .rodata.gpio_em4retention
                0x0000000000006d8c        0xc ./efm32zg_gpio_HAL.o
                0x0000000000006d8c                gpio_em4retention
 .rodata.gpio_em4wake
                0x0000000000006d98        0xc ./efm32zg_gpio_HAL.o
                0x0000000000006d98                gpio_em4wake
 .rodata.gpio_em4polarity
                0x0000000000006da4        0xc ./efm32zg_gpio_HAL.o
                0x0000000000006da4                gpio_em4polarity
 .rodata.gpio_ctrl
                0x0000000000006db0        0xc ./efm32zg_gpio_HAL.o
                0x0000000000006db0                gpio_ctrl
 .rodata.gpio_low_pinmode
                0x0000000000006dbc        0xc ./efm32zg_gpio_HAL.o
                0x0000000000006dbc                gpio_low_pinmode
 .rodata.gpio_high_pinmode
                0x0000000000006dc8        0xc ./efm32zg_gpio_HAL.o
                0x0000000000006dc8                gpio_high_pinmode
 .rodata.gpio_pinlock
                0x0000000000006dd4        0xc ./efm32zg_gpio_HAL.o
                0x0000000000006dd4                gpio_pinlock
 .rodata.gpio_em4clr_all
                0x0000000000006de0        0x4 ./efm32zg_gpio_HAL.o
                0x0000000000006de0                gpio_em4clr_all
 .rodata.gpio_em4cause
                0x0000000000006de4        0x4 ./efm32zg_gpio_HAL.o
                0x0000000000006de4                gpio_em4cause
 .rodata.timer_config_table
                0x0000000000006de8       0x80 ./efm32zg_timer_HAL.o
                0x0000000000006de8                timer_config_table
 .rodata.dw_handler_table
                0x0000000000006e68       0x10 ./dw1000_decodeMAC.o
                0x0000000000006e68                dw_handler_table
 .rodata.dw_frame_build_table
                0x0000000000006e78       0x18 ./dw1000_buildMAC.o
                0x0000000000006e78                dw_frame_build_table
 .rodata.dw_frame_header_read_write_table
                0x0000000000006e90       0x10 ./dw1000_buildMAC.o
                0x0000000000006e90                dw_frame_header_read_write_table
 .rodata.cmu_config_table
                0x0000000000006ea0       0x80 ./efm32zg_cmu_HAL.o
                0x0000000000006ea0                cmu_config_table
 .rodata.cmu_ctrl_table
                0x0000000000006f20        0xc ./efm32zg_cmu_HAL.o
                0x0000000000006f20                cmu_ctrl_table
 .rodata.cmu_hfcoreclkdiv_table
                0x0000000000006f2c        0xc ./efm32zg_cmu_HAL.o
                0x0000000000006f2c                cmu_hfcoreclkdiv_table
 .rodata.cmu_hfperclkdiv_table
                0x0000000000006f38        0xc ./efm32zg_cmu_HAL.o
                0x0000000000006f38                cmu_hfperclkdiv_table
 .rodata.cmu_hfrcoctrl_table
                0x0000000000006f44        0xc ./efm32zg_cmu_HAL.o
                0x0000000000006f44                cmu_hfrcoctrl_table
 .rodata.cmu_lfrcoctrl_table
                0x0000000000006f50        0xc ./efm32zg_cmu_HAL.o
                0x0000000000006f50                cmu_lfrcoctrl_table
 .rodata.cmu_auxhfrcoctrl_table
                0x0000000000006f5c        0xc ./efm32zg_cmu_HAL.o
                0x0000000000006f5c                cmu_auxhfrcoctrl_table
 .rodata.cmu_calctrl_table
                0x0000000000006f68        0xc ./efm32zg_cmu_HAL.o
                0x0000000000006f68                cmu_calctrl_table
 .rodata.cmu_calcnt_table
                0x0000000000006f74        0xc ./efm32zg_cmu_HAL.o
                0x0000000000006f74                cmu_calcnt_table
 .rodata.cmu_lfclksel_table
                0x0000000000006f80        0xc ./efm32zg_cmu_HAL.o
                0x0000000000006f80                cmu_lfclksel_table
 .rodata.cmu_intf_table
                0x0000000000006f8c        0xc ./efm32zg_cmu_HAL.o
                0x0000000000006f8c                cmu_intf_table
 .rodata.cmu_inten_table
                0x0000000000006f98        0xc ./efm32zg_cmu_HAL.o
                0x0000000000006f98                cmu_inten_table
 .rodata.cmu_hfcoreclken0_table
                0x0000000000006fa4        0xc ./efm32zg_cmu_HAL.o
                0x0000000000006fa4                cmu_hfcoreclken0_table
 .rodata.cmu_hfperclken0_table
                0x0000000000006fb0        0xc ./efm32zg_cmu_HAL.o
                0x0000000000006fb0                cmu_hfperclken0_table
 .rodata.cmu_freeze_table
                0x0000000000006fbc        0xc ./efm32zg_cmu_HAL.o
                0x0000000000006fbc                cmu_freeze_table
 .rodata.cmu_lfaclken0_table
                0x0000000000006fc8        0xc ./efm32zg_cmu_HAL.o
                0x0000000000006fc8                cmu_lfaclken0_table
 .rodata.cmu_lfbclken0_table
                0x0000000000006fd4        0xc ./efm32zg_cmu_HAL.o
                0x0000000000006fd4                cmu_lfbclken0_table
 .rodata.cmu_lfapresc0_table
                0x0000000000006fe0        0xc ./efm32zg_cmu_HAL.o
                0x0000000000006fe0                cmu_lfapresc0_table
 .rodata.cmu_lfbpresc0_table
                0x0000000000006fec        0xc ./efm32zg_cmu_HAL.o
                0x0000000000006fec                cmu_lfbpresc0_table
 .rodata.cmu_pcntctrl_table
                0x0000000000006ff8        0xc ./efm32zg_cmu_HAL.o
                0x0000000000006ff8                cmu_pcntctrl_table
 .rodata.cmu_route_table
                0x0000000000007004        0xc ./efm32zg_cmu_HAL.o
                0x0000000000007004                cmu_route_table
 .rodata.cmu_lock_table
                0x0000000000007010        0xc ./efm32zg_cmu_HAL.o
                0x0000000000007010                cmu_lock_table
 .rodata.cmu_oscencmd_WRITE
                0x000000000000701c        0xc ./efm32zg_cmu_HAL.o
                0x000000000000701c                cmu_oscencmd_WRITE
 .rodata.cmu_cmd_WRITE
                0x0000000000007028        0xc ./efm32zg_cmu_HAL.o
                0x0000000000007028                cmu_cmd_WRITE
 .rodata.cmu_status_READ
                0x0000000000007034        0xc ./efm32zg_cmu_HAL.o
                0x0000000000007034                cmu_status_READ
 .rodata.cmu_syncbusy_READ
                0x0000000000007040        0xc ./efm32zg_cmu_HAL.o
                0x0000000000007040                cmu_syncbusy_READ
 .rodata.usart_config_table
                0x000000000000704c       0x80 ./efm32zg_usart_HAL.o
                0x000000000000704c                usart_config_table
 .rodata.usart_ctrl_table
                0x00000000000070cc        0xc ./efm32zg_usart_HAL.o
                0x00000000000070cc                usart_ctrl_table
 .rodata.usart_frame_table
                0x00000000000070d8        0xc ./efm32zg_usart_HAL.o
                0x00000000000070d8                usart_frame_table
 .rodata.usart_trig_ctrl_table
                0x00000000000070e4        0xc ./efm32zg_usart_HAL.o
                0x00000000000070e4                usart_trig_ctrl_table
 .rodata.usart_status_cmd_table
                0x00000000000070f0        0xc ./efm32zg_usart_HAL.o
                0x00000000000070f0                usart_status_cmd_table
 .rodata.usart_clkdiv_table
                0x00000000000070fc        0xc ./efm32zg_usart_HAL.o
                0x00000000000070fc                usart_clkdiv_table
 .rodata.usart_int_flag_table
                0x0000000000007108        0xc ./efm32zg_usart_HAL.o
                0x0000000000007108                usart_int_flag_table
 .rodata.usart_ir_ctrl_table
                0x0000000000007114        0xc ./efm32zg_usart_HAL.o
                0x0000000000007114                usart_ir_ctrl_table
 .rodata.usart_route_table
                0x0000000000007120        0xc ./efm32zg_usart_HAL.o
                0x0000000000007120                usart_route_table
 .rodata.usart_input_table
                0x000000000000712c        0xc ./efm32zg_usart_HAL.o
                0x000000000000712c                usart_input_table
 .rodata.usart_i2s_ctrl_table
                0x0000000000007138        0xc ./efm32zg_usart_HAL.o
                0x0000000000007138                usart_i2s_ctrl_table
 .rodata        0x0000000000007144       0x40 /srv/code/toolchains/gnu_arm/7.2_2017q4/bin/../lib/gcc/arm-none-eabi/7.2.1/thumb/v6-m/libgcc.a(muldf3.o)
 .rodata._global_impure_ptr
                0x0000000000007184        0x4 /srv/code/toolchains/gnu_arm/7.2_2017q4/bin/../lib/gcc/arm-none-eabi/7.2.1/../../../../arm-none-eabi/lib/thumb/v6-m/libc_nano.a(lib_a-impure.o)
                0x0000000000007184                _global_impure_ptr
 *(.eh_frame*)
 .eh_frame      0x0000000000007188        0x0 /srv/code/toolchains/gnu_arm/7.2_2017q4/bin/../lib/gcc/arm-none-eabi/7.2.1/thumb/v6-m/crtbegin.o
 .eh_frame      0x0000000000007188        0x4 /srv/code/toolchains/gnu_arm/7.2_2017q4/bin/../lib/gcc/arm-none-eabi/7.2.1/thumb/v6-m/crtend.o

.glue_7         0x000000000000718c        0x0
 .glue_7        0x000000000000718c        0x0 linker stubs

.glue_7t        0x000000000000718c        0x0
 .glue_7t       0x000000000000718c        0x0 linker stubs

.vfp11_veneer   0x000000000000718c        0x0
 .vfp11_veneer  0x000000000000718c        0x0 linker stubs

.v4_bx          0x000000000000718c        0x0
 .v4_bx         0x000000000000718c        0x0 linker stubs

.iplt           0x000000000000718c        0x0
 .iplt          0x000000000000718c        0x0 /srv/code/toolchains/gnu_arm/7.2_2017q4/bin/../lib/gcc/arm-none-eabi/7.2.1/thumb/v6-m/crtbegin.o

.ARM.extab
 *(.ARM.extab* .gnu.linkonce.armextab.*)
                0x000000000000718c                __exidx_start = .

.ARM.exidx      0x000000000000718c        0x8
 *(.ARM.exidx* .gnu.linkonce.armexidx.*)
 .ARM.exidx     0x000000000000718c        0x8 /srv/code/toolchains/gnu_arm/7.2_2017q4/bin/../lib/gcc/arm-none-eabi/7.2.1/../../../../arm-none-eabi/lib/thumb/v6-m/crt0.o
                0x0000000000007194                __exidx_end = .
                0x0000000000007194                __etext = .

.rel.dyn        0x0000000000007194        0x0
 .rel.iplt      0x0000000000007194        0x0 /srv/code/toolchains/gnu_arm/7.2_2017q4/bin/../lib/gcc/arm-none-eabi/7.2.1/thumb/v6-m/crtbegin.o

.data           0x0000000020000000      0xa64 load address 0x0000000000007194
                0x0000000020000000                __data_start__ = .
 *(vtable)
 *(.data*)
 .data.dw_reg_id_table
                0x0000000020000000       0x28 ./dw1000_types.o
                0x0000000020000000                dw_reg_id_table
 .data.dw_decode_build_table
                0x0000000020000028        0xc ./dw1000_types.o
                0x0000000020000028                dw_decode_build_table
 .data.dw_frame_ctrl_table
                0x0000000020000034        0x6 ./dw1000_types.o
                0x0000000020000034                dw_frame_ctrl_table
 *fill*         0x000000002000003a        0x2 
 .data.config_table_len
                0x000000002000003c       0x34 ./dw1000_types.o
                0x000000002000003c                config_table_len
 .data.config_table
                0x0000000020000070       0x34 ./dw1000_types.o
                0x0000000020000070                config_table
 .data.query_table_len
                0x00000000200000a4       0x60 ./dw1000_types.o
                0x00000000200000a4                query_table_len
 .data.query_table
                0x0000000020000104       0x64 ./dw1000_types.o
                0x0000000020000104                query_table
 .data.node_list_table
                0x0000000020000168       0x14 ./dw1000_nodeMgmt.o
                0x0000000020000168                node_list_table
 .data.cmu_periphconf
                0x000000002000017c       0x70 ./config_efm32zg222f32.o
                0x000000002000017c                cmu_periphconf
 .data.timer0_periphconf
                0x00000000200001ec       0x5c ./config_efm32zg222f32.o
                0x00000000200001ec                timer0_periphconf
 .data.usart_sync
                0x0000000020000248       0x38 ./config_efm32zg222f32.o
                0x0000000020000248                usart_sync
 .data.usart_frameconf
                0x0000000020000280       0x40 ./config_efm32zg222f32.o
                0x0000000020000280                usart_frameconf
 .data.gpio_data
                0x00000000200002c0       0x28 ./config_efm32zg222f32.o
                0x00000000200002c0                gpio_data
 .data.gpio_periphconf
                0x00000000200002e8       0x98 ./config_efm32zg222f32.o
                0x00000000200002e8                gpio_periphconf
 .data.efm32zg222f32_host
                0x0000000020000380      0x180 ./config_efm32zg222f32.o
                0x0000000020000380                efm32zg222f32_host
 .data.cmu      0x0000000020000500        0x4 ./efm32zg_types_HAL.o
                0x0000000020000500                cmu
 .data.usart    0x0000000020000504        0x4 ./efm32zg_types_HAL.o
                0x0000000020000504                usart
 .data.gpio     0x0000000020000508        0x4 ./efm32zg_types_HAL.o
                0x0000000020000508                gpio
 .data.timer0   0x000000002000050c        0x4 ./efm32zg_types_HAL.o
                0x000000002000050c                timer0
 .data.dw_devconf
                0x0000000020000510       0xc4 ./config_dw1000.o
                0x0000000020000510                dw_devconf
 *fill*         0x00000000200005d4        0x4 
 .data.dw_list  0x00000000200005d8      0x260 ./config_dw1000.o
                0x00000000200005d8                dw_list
 .data.dw1000   0x0000000020000838       0xa0 ./config_dw1000.o
                0x0000000020000838                dw1000
 .data.dw_ts_handler_table
                0x00000000200008d8       0x1c ./dw1000_tofCalcs.o
                0x00000000200008d8                dw_ts_handler_table
 .data.timer_ctrl_table
                0x00000000200008f4        0xc ./efm32zg_timer_HAL.o
                0x00000000200008f4                timer_ctrl_table
 .data.timer_ien_table
                0x0000000020000900        0xc ./efm32zg_timer_HAL.o
                0x0000000020000900                timer_ien_table
 .data.timer_ifrsc_table
                0x000000002000090c        0xc ./efm32zg_timer_HAL.o
                0x000000002000090c                timer_ifrsc_table
 .data.timer_top_table
                0x0000000020000918        0xc ./efm32zg_timer_HAL.o
                0x0000000020000918                timer_top_table
 .data.timer_topb_table
                0x0000000020000924        0xc ./efm32zg_timer_HAL.o
                0x0000000020000924                timer_topb_table
 .data.timer_cnt_table
                0x0000000020000930        0xc ./efm32zg_timer_HAL.o
                0x0000000020000930                timer_cnt_table
 .data.timer_route_table
                0x000000002000093c        0xc ./efm32zg_timer_HAL.o
                0x000000002000093c                timer_route_table
 .data.timer_cc0_ctrl_table
                0x0000000020000948        0xc ./efm32zg_timer_HAL.o
                0x0000000020000948                timer_cc0_ctrl_table
 .data.timer_cc0_ccv_table
                0x0000000020000954        0xc ./efm32zg_timer_HAL.o
                0x0000000020000954                timer_cc0_ccv_table
 .data.timer_cc0_ccvb_table
                0x0000000020000960        0xc ./efm32zg_timer_HAL.o
                0x0000000020000960                timer_cc0_ccvb_table
 .data.timer_cc1_ctrl_table
                0x000000002000096c        0xc ./efm32zg_timer_HAL.o
                0x000000002000096c                timer_cc1_ctrl_table
 .data.timer_cc1_ccv_table
                0x0000000020000978        0xc ./efm32zg_timer_HAL.o
                0x0000000020000978                timer_cc1_ccv_table
 .data.timer_cc1_ccvb_table
                0x0000000020000984        0xc ./efm32zg_timer_HAL.o
                0x0000000020000984                timer_cc1_ccvb_table
 .data.timer_cc2_ctrl_table
                0x0000000020000990        0xc ./efm32zg_timer_HAL.o
                0x0000000020000990                timer_cc2_ctrl_table
 .data.timer_cc2_ccv_table
                0x000000002000099c        0xc ./efm32zg_timer_HAL.o
                0x000000002000099c                timer_cc2_ccv_table
 .data.timer_cc2_ccvb_table
                0x00000000200009a8        0xc ./efm32zg_timer_HAL.o
                0x00000000200009a8                timer_cc2_ccvb_table
 .data.timer_cc0_ccvp_table
                0x00000000200009b4        0x4 ./efm32zg_timer_HAL.o
                0x00000000200009b4                timer_cc0_ccvp_table
 .data.timer_cc1_ccvp_table
                0x00000000200009b8        0x4 ./efm32zg_timer_HAL.o
                0x00000000200009b8                timer_cc1_ccvp_table
 .data.timer_cc2_ccvp_table
                0x00000000200009bc        0x4 ./efm32zg_timer_HAL.o
                0x00000000200009bc                timer_cc2_ccvp_table
 .data.timer_cmd_table
                0x00000000200009c0        0x4 ./efm32zg_timer_HAL.o
                0x00000000200009c0                timer_cmd_table
 .data.timer_status_table
                0x00000000200009c4        0x4 ./efm32zg_timer_HAL.o
                0x00000000200009c4                timer_status_table
 .data.pan_id_index_table
                0x00000000200009c8        0x3 ./dw1000_decodeMAC.o
                0x00000000200009c8                pan_id_index_table
 *fill*         0x00000000200009cb        0x1 
 .data.dest_addr_index_table
                0x00000000200009cc        0x3 ./dw1000_decodeMAC.o
                0x00000000200009cc                dest_addr_index_table
 *fill*         0x00000000200009cf        0x1 
 .data.src_addr_index_table
                0x00000000200009d0        0x3 ./dw1000_decodeMAC.o
                0x00000000200009d0                src_addr_index_table
 *fill*         0x00000000200009d3        0x1 
 .data.msg_index_table
                0x00000000200009d4        0x3 ./dw1000_decodeMAC.o
                0x00000000200009d4                msg_index_table
 *fill*         0x00000000200009d7        0x1 
 .data.fn_code_index_table
                0x00000000200009d8        0x3 ./dw1000_decodeMAC.o
                0x00000000200009d8                fn_code_index_table
 *fill*         0x00000000200009db        0x1 
 .data.poll_resp_final_handler_table
                0x00000000200009dc        0xc ./dw1000_decodeMAC.o
                0x00000000200009dc                poll_resp_final_handler_table
 .data.frame_len_table
                0x00000000200009e8        0x3 ./dw1000_decodeMAC.o
                0x00000000200009e8                frame_len_table
 *fill*         0x00000000200009eb        0x1 
 .data.dw_config_query_table
                0x00000000200009ec        0xc ./dw1000_buildMAC.o
                0x00000000200009ec                dw_config_query_table
 .data.dw_rw_bool_table
                0x00000000200009f8        0x3 ./dw1000_buildMAC.o
                0x00000000200009f8                dw_rw_bool_table
 *fill*         0x00000000200009fb        0x1 
 .data.impure_data
                0x00000000200009fc       0x60 /srv/code/toolchains/gnu_arm/7.2_2017q4/bin/../lib/gcc/arm-none-eabi/7.2.1/../../../../arm-none-eabi/lib/thumb/v6-m/libc_nano.a(lib_a-impure.o)
                0x0000000020000a5c                . = ALIGN (0x4)
 *(.ram)
                0x0000000020000a5c                . = ALIGN (0x4)
                0x0000000020000a5c                PROVIDE (__preinit_array_start, .)
 *(.preinit_array)
                0x0000000020000a5c                PROVIDE (__preinit_array_end, .)
                0x0000000020000a5c                . = ALIGN (0x4)
                0x0000000020000a5c                PROVIDE (__init_array_start, .)
 *(SORT_BY_NAME(.init_array.*))
 *(.init_array)
 .init_array    0x0000000020000a5c        0x4 /srv/code/toolchains/gnu_arm/7.2_2017q4/bin/../lib/gcc/arm-none-eabi/7.2.1/thumb/v6-m/crtbegin.o
                0x0000000020000a60                PROVIDE (__init_array_end, .)
                0x0000000020000a60                . = ALIGN (0x4)
                [!provide]                        PROVIDE (__fini_array_start, .)
 *(SORT_BY_NAME(.fini_array.*))
 *(.fini_array)
 .fini_array    0x0000000020000a60        0x4 /srv/code/toolchains/gnu_arm/7.2_2017q4/bin/../lib/gcc/arm-none-eabi/7.2.1/thumb/v6-m/crtbegin.o
                [!provide]                        PROVIDE (__fini_array_end, .)
 *(.jcr*)
                0x0000000020000a64                . = ALIGN (0x4)
                0x0000000020000a64                __data_end__ = .

.igot.plt       0x0000000020000a64        0x0 load address 0x0000000000007bf8
 .igot.plt      0x0000000020000a64        0x0 /srv/code/toolchains/gnu_arm/7.2_2017q4/bin/../lib/gcc/arm-none-eabi/7.2.1/thumb/v6-m/crtbegin.o

.bss            0x0000000020000a64       0x78 load address 0x0000000000007bf8
                0x0000000020000a64                . = ALIGN (0x4)
                0x0000000020000a64                __bss_start__ = .
 *(.bss*)
 .bss           0x0000000020000a64       0x1c /srv/code/toolchains/gnu_arm/7.2_2017q4/bin/../lib/gcc/arm-none-eabi/7.2.1/thumb/v6-m/crtbegin.o
 .bss.frame_index
                0x0000000020000a80        0xc ./dw1000_decodeMAC.o
 *(COMMON)
 COMMON         0x0000000020000a8c       0x4e ./config_efm32zg222f32.o
                0x0000000020000a8c                timer0_ms_ticks
                0x0000000020000a8e                timer1_us_ticks
                0x0000000020000a90                usart_data
                0x0000000020000ab8                timer0_us_ticks
                0x0000000020000abc                usart_status
                0x0000000020000aca                timer1_ms_ticks
                0x0000000020000acc                usart_error
                0x0000000020000adc                . = ALIGN (0x4)
 *fill*         0x0000000020000ada        0x2 
                0x0000000020000adc                __bss_end__ = .

.heap           0x0000000020000ae0        0x0
                0x0000000020000ae0                __HeapBase = .
                0x0000000020000ae0                __end__ = .
                0x0000000020000ae0                end = __end__
                0x0000000020000ae0                _end = __end__
 *(.heap*)
 .heap          0x0000000020000ae0        0x0 ./startup_efm32zg.o
                0x0000000020000ae0                __HeapLimit = .

.stack_dummy    0x0000000020000ae0      0x400
 *(.stack*)
 .stack         0x0000000020000ae0      0x400 ./startup_efm32zg.o
                0x0000000020001000                __StackTop = (ORIGIN (RAM) + LENGTH (RAM))
                0x0000000020000c00                __StackLimit = (__StackTop - SIZEOF (.stack_dummy))
                0x0000000020001000                PROVIDE (__stack, __StackTop)
                0x0000000000000001                ASSERT ((__StackLimit >= __HeapLimit), region RAM overflowed with stack)
                0x0000000000000001                ASSERT ((LENGTH (FLASH) >= (__etext + SIZEOF (.data))), FLASH memory overflowed !)
OUTPUT(spongecake.axf elf32-littlearm)

.ARM.attributes
                0x0000000000000000       0x28
 .ARM.attributes
                0x0000000000000000       0x1e /srv/code/toolchains/gnu_arm/7.2_2017q4/bin/../lib/gcc/arm-none-eabi/7.2.1/thumb/v6-m/crti.o
 .ARM.attributes
                0x000000000000001e       0x2c /srv/code/toolchains/gnu_arm/7.2_2017q4/bin/../lib/gcc/arm-none-eabi/7.2.1/thumb/v6-m/crtbegin.o
 .ARM.attributes
                0x000000000000004a       0x1b /srv/code/toolchains/gnu_arm/7.2_2017q4/bin/../lib/gcc/arm-none-eabi/7.2.1/../../../../arm-none-eabi/lib/thumb/v6-m/crt0.o
 .ARM.attributes
                0x0000000000000065       0x32 ./dw1000_types.o
 .ARM.attributes
                0x0000000000000097       0x32 ./dw1000_nodeMgmt.o
 .ARM.attributes
                0x00000000000000c9       0x32 ./mpi_cmu.o
 .ARM.attributes
                0x00000000000000fb       0x32 ./mpi_usart.o
 .ARM.attributes
                0x000000000000012d       0x32 ./mpi_ext_dev.o
 .ARM.attributes
                0x000000000000015f       0x32 ./config_efm32zg222f32.o
 .ARM.attributes
                0x0000000000000191       0x32 ./efm32zg_types_HAL.o
 .ARM.attributes
                0x00000000000001c3       0x32 ./config_dw1000.o
 .ARM.attributes
                0x00000000000001f5       0x32 ./efm32zg_gpio_IO_HAL.o
 .ARM.attributes
                0x0000000000000227       0x32 ./dw1000_tofCalcs.o
 .ARM.attributes
                0x0000000000000259       0x32 ./main.o
 .ARM.attributes
                0x000000000000028b       0x32 ./mpi_gpio.o
 .ARM.attributes
                0x00000000000002bd       0x32 ./efm32zg_usart_IO_HAL.o
 .ARM.attributes
                0x00000000000002ef       0x32 ./efm32zg222f32_adaptor.o
 .ARM.attributes
                0x0000000000000321       0x32 ./efm32zg_gpio_HAL.o
 .ARM.attributes
                0x0000000000000353       0x32 ./system_efm32zg.o
 .ARM.attributes
                0x0000000000000385       0x1b ./startup_efm32zg.o
 .ARM.attributes
                0x00000000000003a0       0x32 ./dw1000_adaptor.o
 .ARM.attributes
                0x00000000000003d2       0x32 ./dw1000_commRxTx.o
 .ARM.attributes
                0x0000000000000404       0x32 ./efm32zg_timer_HAL.o
 .ARM.attributes
                0x0000000000000436       0x32 ./dw1000_decodeMAC.o
 .ARM.attributes
                0x0000000000000468       0x32 ./dw1000_buildMAC.o
 .ARM.attributes
                0x000000000000049a       0x32 ./efm32zg_cmu_HAL.o
 .ARM.attributes
                0x00000000000004cc       0x32 ./efm32zg_usart_HAL.o
 .ARM.attributes
                0x00000000000004fe       0x32 ./efm32zg_interrupts_HAL.o
 .ARM.attributes
                0x0000000000000530       0x32 ./mpi_timer.o
 .ARM.attributes
                0x0000000000000562       0x1e /srv/code/toolchains/gnu_arm/7.2_2017q4/bin/../lib/gcc/arm-none-eabi/7.2.1/thumb/v6-m/libgcc.a(_udivsi3.o)
 .ARM.attributes
                0x0000000000000580       0x1e /srv/code/toolchains/gnu_arm/7.2_2017q4/bin/../lib/gcc/arm-none-eabi/7.2.1/thumb/v6-m/libgcc.a(_dvmd_tls.o)
 .ARM.attributes
                0x000000000000059e       0x1e /srv/code/toolchains/gnu_arm/7.2_2017q4/bin/../lib/gcc/arm-none-eabi/7.2.1/thumb/v6-m/libgcc.a(_arm_cmpsf2.o)
 .ARM.attributes
                0x00000000000005bc       0x2c /srv/code/toolchains/gnu_arm/7.2_2017q4/bin/../lib/gcc/arm-none-eabi/7.2.1/thumb/v6-m/libgcc.a(eqsf2.o)
 .ARM.attributes
                0x00000000000005e8       0x2c /srv/code/toolchains/gnu_arm/7.2_2017q4/bin/../lib/gcc/arm-none-eabi/7.2.1/thumb/v6-m/libgcc.a(gesf2.o)
 .ARM.attributes
                0x0000000000000614       0x2c /srv/code/toolchains/gnu_arm/7.2_2017q4/bin/../lib/gcc/arm-none-eabi/7.2.1/thumb/v6-m/libgcc.a(lesf2.o)
 .ARM.attributes
                0x0000000000000640       0x2c /srv/code/toolchains/gnu_arm/7.2_2017q4/bin/../lib/gcc/arm-none-eabi/7.2.1/thumb/v6-m/libgcc.a(muldf3.o)
 .ARM.attributes
                0x000000000000066c       0x2c /srv/code/toolchains/gnu_arm/7.2_2017q4/bin/../lib/gcc/arm-none-eabi/7.2.1/thumb/v6-m/libgcc.a(floatunsidf.o)
 .ARM.attributes
                0x0000000000000698       0x2c /srv/code/toolchains/gnu_arm/7.2_2017q4/bin/../lib/gcc/arm-none-eabi/7.2.1/thumb/v6-m/libgcc.a(truncdfsf2.o)
 .ARM.attributes
                0x00000000000006c4       0x1e /srv/code/toolchains/gnu_arm/7.2_2017q4/bin/../lib/gcc/arm-none-eabi/7.2.1/thumb/v6-m/libgcc.a(_clzsi2.o)
 .ARM.attributes
                0x00000000000006e2       0x2c /srv/code/toolchains/gnu_arm/7.2_2017q4/bin/../lib/gcc/arm-none-eabi/7.2.1/../../../../arm-none-eabi/lib/thumb/v6-m/libc_nano.a(lib_a-exit.o)
 .ARM.attributes
                0x000000000000070e       0x2c /srv/code/toolchains/gnu_arm/7.2_2017q4/bin/../lib/gcc/arm-none-eabi/7.2.1/../../../../arm-none-eabi/lib/thumb/v6-m/libc_nano.a(lib_a-impure.o)
 .ARM.attributes
                0x000000000000073a       0x2c /srv/code/toolchains/gnu_arm/7.2_2017q4/bin/../lib/gcc/arm-none-eabi/7.2.1/../../../../arm-none-eabi/lib/thumb/v6-m/libc_nano.a(lib_a-init.o)
 .ARM.attributes
                0x0000000000000766       0x2c /srv/code/toolchains/gnu_arm/7.2_2017q4/bin/../lib/gcc/arm-none-eabi/7.2.1/../../../../arm-none-eabi/lib/thumb/v6-m/libc_nano.a(lib_a-memcpy-stub.o)
 .ARM.attributes
                0x0000000000000792       0x2c /srv/code/toolchains/gnu_arm/7.2_2017q4/bin/../lib/gcc/arm-none-eabi/7.2.1/../../../../arm-none-eabi/lib/thumb/v6-m/libc_nano.a(lib_a-memset.o)
 .ARM.attributes
                0x00000000000007be       0x2c /srv/code/toolchains/gnu_arm/7.2_2017q4/bin/../lib/gcc/arm-none-eabi/7.2.1/../../../../arm-none-eabi/lib/thumb/v6-m/libnosys.a(_exit.o)
 .ARM.attributes