Archive member included to satisfy reference by file (symbol)

/srv/code/toolchains/gnu_arm/7.2_2017q4/bin/../lib/gcc/arm-none-eabi/7.2.1/thumb/v6-m/libgcc.a(_udivsi3.o)
                              ./dw1000_tofCalcs.o (__aeabi_uidiv)
/srv/code/toolchains/gnu_arm/7.2_2017q4/bin/../lib/gcc/arm-none-eabi/7.2.1/thumb/v6-m/libgcc.a(_dvmd_tls.o)
                              /srv/code/toolchains/gnu_arm/7.2_2017q4/bin/../lib/gcc/arm-none-eabi/7.2.1/thumb/v6-m/libgcc.a(_udivsi3.o) (__aeabi_idiv0)
/srv/code/toolchains/gnu_arm/7.2_2017q4/bin/../lib/gcc/arm-none-eabi/7.2.1/thumb/v6-m/libgcc.a(_arm_cmpsf2.o)
                              ./dw1000_tofCalcs.o (__aeabi_fcmple)
/srv/code/toolchains/gnu_arm/7.2_2017q4/bin/../lib/gcc/arm-none-eabi/7.2.1/thumb/v6-m/libgcc.a(eqsf2.o)
                              /srv/code/toolchains/gnu_arm/7.2_2017q4/bin/../lib/gcc/arm-none-eabi/7.2.1/thumb/v6-m/libgcc.a(_arm_cmpsf2.o) (__eqsf2)
/srv/code/toolchains/gnu_arm/7.2_2017q4/bin/../lib/gcc/arm-none-eabi/7.2.1/thumb/v6-m/libgcc.a(gesf2.o)
                              /srv/code/toolchains/gnu_arm/7.2_2017q4/bin/../lib/gcc/arm-none-eabi/7.2.1/thumb/v6-m/libgcc.a(_arm_cmpsf2.o) (__gesf2)
/srv/code/toolchains/gnu_arm/7.2_2017q4/bin/../lib/gcc/arm-none-eabi/7.2.1/thumb/v6-m/libgcc.a(lesf2.o)
                              /srv/code/toolchains/gnu_arm/7.2_2017q4/bin/../lib/gcc/arm-none-eabi/7.2.1/thumb/v6-m/libgcc.a(_arm_cmpsf2.o) (__lesf2)
/srv/code/toolchains/gnu_arm/7.2_2017q4/bin/../lib/gcc/arm-none-eabi/7.2.1/thumb/v6-m/libgcc.a(muldf3.o)
                              ./dw1000_tofCalcs.o (__aeabi_dmul)
/srv/code/toolchains/gnu_arm/7.2_2017q4/bin/../lib/gcc/arm-none-eabi/7.2.1/thumb/v6-m/libgcc.a(floatunsidf.o)
                              ./dw1000_tofCalcs.o (__aeabi_ui2d)
/srv/code/toolchains/gnu_arm/7.2_2017q4/bin/../lib/gcc/arm-none-eabi/7.2.1/thumb/v6-m/libgcc.a(truncdfsf2.o)
                              ./dw1000_tofCalcs.o (__aeabi_d2f)
/srv/code/toolchains/gnu_arm/7.2_2017q4/bin/../lib/gcc/arm-none-eabi/7.2.1/thumb/v6-m/libgcc.a(_clzsi2.o)
                              /srv/code/toolchains/gnu_arm/7.2_2017q4/bin/../lib/gcc/arm-none-eabi/7.2.1/thumb/v6-m/libgcc.a(muldf3.o) (__clzsi2)
/srv/code/toolchains/gnu_arm/7.2_2017q4/bin/../lib/gcc/arm-none-eabi/7.2.1/../../../../arm-none-eabi/lib/thumb/v6-m/libc_nano.a(lib_a-exit.o)
                              /srv/code/toolchains/gnu_arm/7.2_2017q4/bin/../lib/gcc/arm-none-eabi/7.2.1/../../../../arm-none-eabi/lib/thumb/v6-m/crt0.o (exit)
/srv/code/toolchains/gnu_arm/7.2_2017q4/bin/../lib/gcc/arm-none-eabi/7.2.1/../../../../arm-none-eabi/lib/thumb/v6-m/libc_nano.a(lib_a-impure.o)
                              /srv/code/toolchains/gnu_arm/7.2_2017q4/bin/../lib/gcc/arm-none-eabi/7.2.1/../../../../arm-none-eabi/lib/thumb/v6-m/libc_nano.a(lib_a-exit.o) (_global_impure_ptr)
/srv/code/toolchains/gnu_arm/7.2_2017q4/bin/../lib/gcc/arm-none-eabi/7.2.1/../../../../arm-none-eabi/lib/thumb/v6-m/libc_nano.a(lib_a-init.o)
                              /srv/code/toolchains/gnu_arm/7.2_2017q4/bin/../lib/gcc/arm-none-eabi/7.2.1/../../../../arm-none-eabi/lib/thumb/v6-m/crt0.o (__libc_init_array)
/srv/code/toolchains/gnu_arm/7.2_2017q4/bin/../lib/gcc/arm-none-eabi/7.2.1/../../../../arm-none-eabi/lib/thumb/v6-m/libc_nano.a(lib_a-memcpy-stub.o)
                              ./dw1000_nodeMgmt.o (memcpy)
/srv/code/toolchains/gnu_arm/7.2_2017q4/bin/../lib/gcc/arm-none-eabi/7.2.1/../../../../arm-none-eabi/lib/thumb/v6-m/libc_nano.a(lib_a-memset.o)
                              /srv/code/toolchains/gnu_arm/7.2_2017q4/bin/../lib/gcc/arm-none-eabi/7.2.1/../../../../arm-none-eabi/lib/thumb/v6-m/crt0.o (memset)
/srv/code/toolchains/gnu_arm/7.2_2017q4/bin/../lib/gcc/arm-none-eabi/7.2.1/../../../../arm-none-eabi/lib/thumb/v6-m/libnosys.a(_exit.o)
                              /srv/code/toolchains/gnu_arm/7.2_2017q4/bin/../lib/gcc/arm-none-eabi/7.2.1/../../../../arm-none-eabi/lib/thumb/v6-m/libc_nano.a(lib_a-exit.o) (_exit)

Allocating common symbols
Common symbol       size              file

venus_config_query  0x1               ./config_venus638.o
dw_devconf          0x124             ./config_dw1000.o
timer0_ms_ticks     0x2               ./efm32zg_app.o
timer1_us_ticks     0x2               ./efm32zg_app.o
usart_data          0x28              ./config_efm32zg222f32.o
usart_rx_tx_table   0xc               ./config_venus638.o
timer0_us_ticks     0x2               ./efm32zg_app.o
dw_list             0x1020510         ./config_dw1000.o
usart_status        0xd               ./config_efm32zg222f32.o
venus_response      0x190             ./config_venus638.o
usart_frameconf_rwc
                    0xc               ./efm32zg222f32_adaptor.o
dw_status           0x4               ./dw1000_types.o
timer1_ms_ticks     0x2               ./efm32zg_app.o
usart_error         0xe               ./config_efm32zg222f32.o
transmitBuffer      0x3               ./efm32zg222f32_adaptor.o
[...]
Memory Configuration

Name             Origin             Length             Attributes
FLASH            0x0000000000000000 0x0000000000008000 xr
RAM              0x0000000020000000 0x0000000000001000 xrw
*default*        0x0000000000000000 0xffffffffffffffff

Linker script and memory map

LOAD /srv/code/toolchains/gnu_arm/7.2_2017q4/bin/../lib/gcc/arm-none-eabi/7.2.1/thumb/v6-m/crti.o
LOAD /srv/code/toolchains/gnu_arm/7.2_2017q4/bin/../lib/gcc/arm-none-eabi/7.2.1/thumb/v6-m/crtbegin.o
LOAD /srv/code/toolchains/gnu_arm/7.2_2017q4/bin/../lib/gcc/arm-none-eabi/7.2.1/../../../../arm-none-eabi/lib/thumb/v6-m/crt0.o
LOAD ./dw1000_types.o
LOAD ./dw1000_nodeMgmt.o
LOAD ./startup_efm32zg.o
LOAD ./efm32zg_app.o
LOAD ./mpi_usart.o
LOAD ./mpi_ext_dev.o
LOAD ./config_efm32zg222f32.o
LOAD ./mpi_cmu.o
LOAD ./efm32zg_types_HAL.o
LOAD ./config_dw1000.o
LOAD ./dw1000_commRxTx.o
LOAD ./efm32zg_gpio_HAL.o
LOAD ./dw1000_tofCalcs.o
LOAD ./efm32zg_gpio_IO_HAL.o
LOAD ./config_venus638.o
LOAD ./mpi_gpio.o
LOAD ./efm32zg222f32_adaptor.o
LOAD ./system_efm32zg.o
LOAD ./venus638_adaptor.o
LOAD ./config_example.o
LOAD ./dw1000_adaptor.o
LOAD ./STK3200_config.o
LOAD ./dw1000_decodeMAC.o
LOAD ./efm32zg_timer_HAL.o
LOAD ./main.o
LOAD ./dw1000_buildMAC.o
LOAD ./efm32zg_cmu_HAL.o
LOAD ./venus638.o
LOAD ./efm32zg_usart_IO_HAL.o
LOAD ./efm32zg_interrupts_HAL.o
LOAD ./efm32zg_usart_HAL.o
LOAD ./mpi_timer.o
START GROUP
LOAD /srv/code/toolchains/gnu_arm/7.2_2017q4/bin/../lib/gcc/arm-none-eabi/7.2.1/thumb/v6-m/libgcc.a
LOAD /srv/code/toolchains/gnu_arm/7.2_2017q4/bin/../lib/gcc/arm-none-eabi/7.2.1/../../../../arm-none-eabi/lib/thumb/v6-m/libc_nano.a
LOAD /srv/code/toolchains/gnu_arm/7.2_2017q4/bin/../lib/gcc/arm-none-eabi/7.2.1/../../../../arm-none-eabi/lib/thumb/v6-m/libnosys.a
END GROUP
START GROUP
LOAD /srv/code/toolchains/gnu_arm/7.2_2017q4/bin/../lib/gcc/arm-none-eabi/7.2.1/thumb/v6-m/libgcc.a
LOAD /srv/code/toolchains/gnu_arm/7.2_2017q4/bin/../lib/gcc/arm-none-eabi/7.2.1/../../../../arm-none-eabi/lib/thumb/v6-m/libg_nano.a
LOAD /srv/code/toolchains/gnu_arm/7.2_2017q4/bin/../lib/gcc/arm-none-eabi/7.2.1/../../../../arm-none-eabi/lib/thumb/v6-m/libc_nano.a
END GROUP
START GROUP
LOAD /srv/code/toolchains/gnu_arm/7.2_2017q4/bin/../lib/gcc/arm-none-eabi/7.2.1/thumb/v6-m/libgcc.a
LOAD /srv/code/toolchains/gnu_arm/7.2_2017q4/bin/../lib/gcc/arm-none-eabi/7.2.1/../../../../arm-none-eabi/lib/thumb/v6-m/libc_nano.a
END GROUP
LOAD /srv/code/toolchains/gnu_arm/7.2_2017q4/bin/../lib/gcc/arm-none-eabi/7.2.1/thumb/v6-m/crtend.o
LOAD /srv/code/toolchains/gnu_arm/7.2_2017q4/bin/../lib/gcc/arm-none-eabi/7.2.1/thumb/v6-m/crtn.o

.text           0x0000000000000000     0x3a50
 *(.vectors)
 .vectors       0x0000000000000000       0x8c ./startup_efm32zg.o
                0x0000000000000000                __Vectors
                0x000000000000008c                __Vectors_End = .
                0x000000000000008c                __Vectors_Size = (__Vectors_End - __Vectors)
                0x000000000000008c                __end__ = .
 *(.text*)
 .text          0x000000000000008c       0x48 /srv/code/toolchains/gnu_arm/7.2_2017q4/bin/../lib/gcc/arm-none-eabi/7.2.1/thumb/v6-m/crtbegin.o
 .text          0x00000000000000d4       0x78 /srv/code/toolchains/gnu_arm/7.2_2017q4/bin/../lib/gcc/arm-none-eabi/7.2.1/../../../../arm-none-eabi/lib/thumb/v6-m/crt0.o
                0x00000000000000d4                _mainCRTStartup
                0x00000000000000d4                _start
 .text          0x000000000000014c       0x30 ./startup_efm32zg.o
                0x000000000000014c                Reset_Handler
                0x0000000000000178                I2C0_IRQHandler
                0x0000000000000178                HardFault_Handler
                0x0000000000000178                SysTick_Handler
                0x0000000000000178                USART1_RX_IRQHandler
                0x0000000000000178                PendSV_Handler
                0x0000000000000178                NMI_Handler
                0x0000000000000178                USART1_TX_IRQHandler
                0x0000000000000178                MSC_IRQHandler
                0x0000000000000178                ADC0_IRQHandler
                0x0000000000000178                LEUART0_IRQHandler
                0x0000000000000178                GPIO_EVEN_IRQHandler
                0x0000000000000178                RTC_IRQHandler
                0x0000000000000178                TIMER1_IRQHandler
                0x0000000000000178                Default_Handler
                0x0000000000000178                PCNT0_IRQHandler
                0x0000000000000178                ACMP0_IRQHandler
                0x0000000000000178                SVC_Handler
                0x0000000000000178                CMU_IRQHandler
                0x0000000000000178                GPIO_ODD_IRQHandler
                0x0000000000000178                AES_IRQHandler
                0x0000000000000178                VCMP_IRQHandler
                0x0000000000000178                DMA_IRQHandler
 .text.timer_Delay
                0x000000000000017c       0x48 ./efm32zg_app.o
                0x000000000000017c                timer_Delay
 .text.mpi_usartInit
                0x00000000000001c4       0x1c ./mpi_usart.o
                0x00000000000001c4                mpi_usartInit
 .text.mpi_cmuInit
                0x00000000000001e0       0x1c ./mpi_cmu.o
                0x00000000000001e0                mpi_cmuInit
 .text.mpi_cmuConfigReg
                0x00000000000001fc       0x20 ./mpi_cmu.o
                0x00000000000001fc                mpi_cmuConfigReg
 .text.mpi_cmuQueryReg
                0x000000000000021c       0x20 ./mpi_cmu.o
                0x000000000000021c                mpi_cmuQueryReg
 .text.zg_gpioPCtrlRead
                0x000000000000023c       0x38 ./efm32zg_gpio_HAL.o
                0x000000000000023c                zg_gpioPCtrlRead
 .text.zg_gpioPCtrlWrite
                0x0000000000000274       0x4c ./efm32zg_gpio_HAL.o
                0x0000000000000274                zg_gpioPCtrlWrite
 .text.zg_gpioPinModeLowRead
                0x00000000000002c0       0x40 ./efm32zg_gpio_HAL.o
                0x00000000000002c0                zg_gpioPinModeLowRead
 .text.zg_gpioPinModeLowWrite
                0x0000000000000300       0x58 ./efm32zg_gpio_HAL.o
                0x0000000000000300                zg_gpioPinModeLowWrite
 .text.zg_gpioPinModeLowClear
                0x0000000000000358       0x5c ./efm32zg_gpio_HAL.o
                0x0000000000000358                zg_gpioPinModeLowClear
 .text.zg_gpioPinModeHighRead
                0x00000000000003b4       0x40 ./efm32zg_gpio_HAL.o
                0x00000000000003b4                zg_gpioPinModeHighRead
 .text.zg_gpioPinModeHighWrite
                0x00000000000003f4       0x58 ./efm32zg_gpio_HAL.o
                0x00000000000003f4                zg_gpioPinModeHighWrite
 .text.zg_gpioPinModeHighClear
                0x000000000000044c       0x5c ./efm32zg_gpio_HAL.o
                0x000000000000044c                zg_gpioPinModeHighClear
 .text.zg_gpioPinLockRead
                0x00000000000004a8       0x40 ./efm32zg_gpio_HAL.o
                0x00000000000004a8                zg_gpioPinLockRead
 .text.zg_gpioPinLockWrite
                0x00000000000004e8       0x58 ./efm32zg_gpio_HAL.o
                0x00000000000004e8                zg_gpioPinLockWrite
 .text.zg_gpioPinLockClr
                0x0000000000000540       0x5c ./efm32zg_gpio_HAL.o
                0x0000000000000540                zg_gpioPinLockClr
 .text.zg_gpioExtIntPinLowRead
                0x000000000000059c       0x24 ./efm32zg_gpio_HAL.o
                0x000000000000059c                zg_gpioExtIntPinLowRead
 .text.zg_gpioExtIntPinLowWrite
                0x00000000000005c0       0x30 ./efm32zg_gpio_HAL.o
                0x00000000000005c0                zg_gpioExtIntPinLowWrite
 .text.zg_gpioExtIntPinLowClr
                0x00000000000005f0       0x34 ./efm32zg_gpio_HAL.o
                0x00000000000005f0                zg_gpioExtIntPinLowClr
 .text.zg_gpioExtIntPinHighRead
                0x0000000000000624       0x24 ./efm32zg_gpio_HAL.o
                0x0000000000000624                zg_gpioExtIntPinHighRead
 .text.zg_gpioExtIntPinHighWrite
                0x0000000000000648       0x30 ./efm32zg_gpio_HAL.o
                0x0000000000000648                zg_gpioExtIntPinHighWrite
 .text.zg_gpioExtIntPinHighClr
                0x0000000000000678       0x34 ./efm32zg_gpio_HAL.o
                0x0000000000000678                zg_gpioExtIntPinHighClr
 .text.zg_gpioExtIntRiseEdgeRead
                0x00000000000006ac       0x24 ./efm32zg_gpio_HAL.o
                0x00000000000006ac                zg_gpioExtIntRiseEdgeRead
 .text.zg_gpioExtIntRiseEdgeWrite
                0x00000000000006d0       0x38 ./efm32zg_gpio_HAL.o
                0x00000000000006d0                zg_gpioExtIntRiseEdgeWrite
 .text.zg_gpioExtIntRiseEdgeClr
                0x0000000000000708       0x34 ./efm32zg_gpio_HAL.o
                0x0000000000000708                zg_gpioExtIntRiseEdgeClr
 .text.zg_gpioExtIntFallEdgeRead
                0x000000000000073c       0x24 ./efm32zg_gpio_HAL.o
                0x000000000000073c                zg_gpioExtIntFallEdgeRead
 .text.zg_gpioExtIntFallEdgeWrite
                0x0000000000000760       0x38 ./efm32zg_gpio_HAL.o
                0x0000000000000760                zg_gpioExtIntFallEdgeWrite
 .text.zg_gpioExtIntFallEdgeClr
                0x0000000000000798       0x34 ./efm32zg_gpio_HAL.o
                0x0000000000000798                zg_gpioExtIntFallEdgeClr
 .text.zg_gpioIntEnRead
                0x00000000000007cc       0x24 ./efm32zg_gpio_HAL.o
                0x00000000000007cc                zg_gpioIntEnRead
 .text.zg_gpioIntEnWrite
                0x00000000000007f0       0x30 ./efm32zg_gpio_HAL.o
                0x00000000000007f0                zg_gpioIntEnWrite
 .text.zg_gpioIntClr
                0x0000000000000820       0x34 ./efm32zg_gpio_HAL.o
                0x0000000000000820                zg_gpioIntClr
 .text.zg_gpioIntFlagRead
                0x0000000000000854       0x24 ./efm32zg_gpio_HAL.o
                0x0000000000000854                zg_gpioIntFlagRead
 .text.zg_gpioIntFlagWrite
                0x0000000000000878       0x30 ./efm32zg_gpio_HAL.o
                0x0000000000000878                zg_gpioIntFlagWrite
 .text.zg_gpioIntFlagClr
                0x00000000000008a8       0x24 ./efm32zg_gpio_HAL.o
                0x00000000000008a8                zg_gpioIntFlagClr
 .text.zg_gpioSerialWireEnRead
                0x00000000000008cc       0x24 ./efm32zg_gpio_HAL.o
                0x00000000000008cc                zg_gpioSerialWireEnRead
 .text.zg_gpioSerialWireEnWrite
                0x00000000000008f0       0x30 ./efm32zg_gpio_HAL.o
                0x00000000000008f0                zg_gpioSerialWireEnWrite
 .text.zg_gpioSerialWireEnClr
                0x0000000000000920       0x34 ./efm32zg_gpio_HAL.o
                0x0000000000000920                zg_gpioSerialWireEnClr
 .text.zg_gpioSenseRead
                0x0000000000000954       0x24 ./efm32zg_gpio_HAL.o
                0x0000000000000954                zg_gpioSenseRead
 .text.zg_gpioSenseWrite
                0x0000000000000978       0x30 ./efm32zg_gpio_HAL.o
                0x0000000000000978                zg_gpioSenseWrite
 .text.zg_gpioSenseClr
                0x00000000000009a8       0x34 ./efm32zg_gpio_HAL.o
                0x00000000000009a8                zg_gpioSenseClr
 .text.zg_gpioConfLockRead
                0x00000000000009dc       0x28 ./efm32zg_gpio_HAL.o
                0x00000000000009dc                zg_gpioConfLockRead
 .text.zg_gpioConfLockWrite
                0x0000000000000a04       0x28 ./efm32zg_gpio_HAL.o
                0x0000000000000a04                zg_gpioConfLockWrite
 .text.zg_gpioConfLockClr
                0x0000000000000a2c       0x28 ./efm32zg_gpio_HAL.o
                0x0000000000000a2c                zg_gpioConfLockClr
 .text.zg_gpioEm4RetRead
                0x0000000000000a54       0x28 ./efm32zg_gpio_HAL.o
                0x0000000000000a54                zg_gpioEm4RetRead
 .text.zg_gpioEm4RetWrite
                0x0000000000000a7c       0x34 ./efm32zg_gpio_HAL.o
                0x0000000000000a7c                zg_gpioEm4RetWrite
 .text.zg_gpioEm4RetClr
                0x0000000000000ab0       0x34 ./efm32zg_gpio_HAL.o
                0x0000000000000ab0                zg_gpioEm4RetClr
 .text.zg_EM4WakeRead
                0x0000000000000ae4       0x28 ./efm32zg_gpio_HAL.o
                0x0000000000000ae4                zg_EM4WakeRead
 .text.zg_EM4WakeWrite
                0x0000000000000b0c       0x34 ./efm32zg_gpio_HAL.o
                0x0000000000000b0c                zg_EM4WakeWrite
 .text.zg_EM4WakeClr
                0x0000000000000b40       0x34 ./efm32zg_gpio_HAL.o
                0x0000000000000b40                zg_EM4WakeClr
 .text.zg_EM4PolRead
                0x0000000000000b74       0x28 ./efm32zg_gpio_HAL.o
                0x0000000000000b74                zg_EM4PolRead
 .text.zg_EM4PolWrite
                0x0000000000000b9c       0x34 ./efm32zg_gpio_HAL.o
                0x0000000000000b9c                zg_EM4PolWrite
 .text.zg_EM4PolClr
                0x0000000000000bd0       0x34 ./efm32zg_gpio_HAL.o
                0x0000000000000bd0                zg_EM4PolClr
 .text.zg_gpioClrEm4Request
                0x0000000000000c04       0x1c ./efm32zg_gpio_HAL.o
                0x0000000000000c04                zg_gpioClrEm4Request
 .text.zg_EM4Cause
                0x0000000000000c20       0x28 ./efm32zg_gpio_HAL.o
                0x0000000000000c20                zg_EM4Cause
 .text.zg_gpioReadIn
                0x0000000000000c48       0x44 ./efm32zg_gpio_IO_HAL.o
                0x0000000000000c48                zg_gpioReadIn
 .text.zg_gpioOutTgl
                0x0000000000000c8c       0x3c ./efm32zg_gpio_IO_HAL.o
                0x0000000000000c8c                zg_gpioOutTgl
 .text.zg_gpioOutRead
                0x0000000000000cc8       0x44 ./efm32zg_gpio_IO_HAL.o
                0x0000000000000cc8                zg_gpioOutRead
 .text.zg_gpioOutWrite
                0x0000000000000d0c       0x5c ./efm32zg_gpio_IO_HAL.o
                0x0000000000000d0c                zg_gpioOutWrite
 .text.zg_gpioOutClr
                0x0000000000000d68       0x5c ./efm32zg_gpio_IO_HAL.o
                0x0000000000000d68                zg_gpioOutClr
 .text.mpi_gpioInit
                0x0000000000000dc4       0x1c ./mpi_gpio.o
                0x0000000000000dc4                mpi_gpioInit
 .text.mpi_gpioData
                0x0000000000000de0       0x28 ./mpi_gpio.o
                0x0000000000000de0                mpi_gpioData
 .text.__NVIC_EnableIRQ
                0x0000000000000e08       0x34 ./efm32zg222f32_adaptor.o
 .text.__NVIC_ClearPendingIRQ
                0x0000000000000e3c       0x38 ./efm32zg222f32_adaptor.o
 .text.usart_Init
                0x0000000000000e74       0x74 ./efm32zg222f32_adaptor.o
                0x0000000000000e74                usart_Init
 .text.usart_ConfigReg
                0x0000000000000ee8       0x40 ./efm32zg222f32_adaptor.o
                0x0000000000000ee8                usart_ConfigReg
 .text.usart_QueryReg
                0x0000000000000f28       0x40 ./efm32zg222f32_adaptor.o
                0x0000000000000f28                usart_QueryReg
 .text.usart_Data
                0x0000000000000f68       0xd8 ./efm32zg222f32_adaptor.o
                0x0000000000000f68                usart_Data
 .text.gpio_Init
                0x0000000000001040       0xc8 ./efm32zg222f32_adaptor.o
                0x0000000000001040                gpio_Init
 .text.gpio_ConfigReg
                0x0000000000001108       0x40 ./efm32zg222f32_adaptor.o
                0x0000000000001108                gpio_ConfigReg
 .text.gpio_QueryReg
                0x0000000000001148       0x40 ./efm32zg222f32_adaptor.o
                0x0000000000001148                gpio_QueryReg
 .text.gpio_Data
                0x0000000000001188       0xc4 ./efm32zg222f32_adaptor.o
                0x0000000000001188                gpio_Data
 .text.cmu_Init
                0x000000000000124c       0x90 ./efm32zg222f32_adaptor.o
                0x000000000000124c                cmu_Init
 .text.cmu_ConfigReg
                0x00000000000012dc       0x40 ./efm32zg222f32_adaptor.o
                0x00000000000012dc                cmu_ConfigReg
 .text.cmu_QueryReg
                0x000000000000131c       0x40 ./efm32zg222f32_adaptor.o
                0x000000000000131c                cmu_QueryReg
 .text.timer_Init
                0x000000000000135c       0x70 ./efm32zg222f32_adaptor.o
                0x000000000000135c                timer_Init
 .text.timer_ConfigReg
                0x00000000000013cc       0x40 ./efm32zg222f32_adaptor.o
                0x00000000000013cc                timer_ConfigReg
 .text.timer_QueryReg
                0x000000000000140c       0x40 ./efm32zg222f32_adaptor.o
                0x000000000000140c                timer_QueryReg
 .text.SystemInit
                0x000000000000144c       0x10 ./system_efm32zg.o
                0x000000000000144c                SystemInit
 .text.zg_timerCtrlRead
                0x000000000000145c       0x20 ./efm32zg_timer_HAL.o
                0x000000000000145c                zg_timerCtrlRead
 .text.zg_timerCtrlWrite
                0x000000000000147c       0x28 ./efm32zg_timer_HAL.o
                0x000000000000147c                zg_timerCtrlWrite
 .text.zg_timerCtrlClr
                0x00000000000014a4       0x2c ./efm32zg_timer_HAL.o
                0x00000000000014a4                zg_timerCtrlClr
 .text.zg_timerCmdWrite
                0x00000000000014d0       0x28 ./efm32zg_timer_HAL.o
                0x00000000000014d0                zg_timerCmdWrite
 .text.zg_timerStatusRead
                0x00000000000014f8       0x20 ./efm32zg_timer_HAL.o
                0x00000000000014f8                zg_timerStatusRead
 .text.zg_timerIenRead
                0x0000000000001518       0x20 ./efm32zg_timer_HAL.o
                0x0000000000001518                zg_timerIenRead
 .text.zg_timerIenWrite
                0x0000000000001538       0x28 ./efm32zg_timer_HAL.o
                0x0000000000001538                zg_timerIenWrite
 .text.zg_timerIenClr
                0x0000000000001560       0x2c ./efm32zg_timer_HAL.o
                0x0000000000001560                zg_timerIenClr
 .text.zg_timerIfrRead
                0x000000000000158c       0x20 ./efm32zg_timer_HAL.o
                0x000000000000158c                zg_timerIfrRead
 .text.zg_timerIfsWrite
                0x00000000000015ac       0x28 ./efm32zg_timer_HAL.o
                0x00000000000015ac                zg_timerIfsWrite
 .text.zg_timerIfcClr
                0x00000000000015d4       0x2c ./efm32zg_timer_HAL.o
                0x00000000000015d4                zg_timerIfcClr
 .text.zg_timerTopRead
                0x0000000000001600       0x20 ./efm32zg_timer_HAL.o
                0x0000000000001600                zg_timerTopRead
 .text.zg_timerTopWrite
                0x0000000000001620       0x28 ./efm32zg_timer_HAL.o
                0x0000000000001620                zg_timerTopWrite
 .text.zg_timerTopClr
                0x0000000000001648       0x2c ./efm32zg_timer_HAL.o
                0x0000000000001648                zg_timerTopClr
 .text.zg_timerTopbRead
                0x0000000000001674       0x20 ./efm32zg_timer_HAL.o
                0x0000000000001674                zg_timerTopbRead
 .text.zg_timerTopbWrite
                0x0000000000001694       0x28 ./efm32zg_timer_HAL.o
                0x0000000000001694                zg_timerTopbWrite
 .text.zg_timerTopbClr
                0x00000000000016bc       0x2c ./efm32zg_timer_HAL.o
                0x00000000000016bc                zg_timerTopbClr
 .text.zg_timerCntRead
                0x00000000000016e8       0x20 ./efm32zg_timer_HAL.o
                0x00000000000016e8                zg_timerCntRead
 .text.zg_timerCntWrite
                0x0000000000001708       0x28 ./efm32zg_timer_HAL.o
                0x0000000000001708                zg_timerCntWrite
 .text.zg_timerCntClr
                0x0000000000001730       0x2c ./efm32zg_timer_HAL.o
                0x0000000000001730                zg_timerCntClr
 .text.zg_timerRouteRead
                0x000000000000175c       0x20 ./efm32zg_timer_HAL.o
                0x000000000000175c                zg_timerRouteRead
 .text.zg_timerRouteWrite
                0x000000000000177c       0x28 ./efm32zg_timer_HAL.o
                0x000000000000177c                zg_timerRouteWrite
 .text.zg_timerRouteClr
                0x00000000000017a4       0x2c ./efm32zg_timer_HAL.o
                0x00000000000017a4                zg_timerRouteClr
 .text.zg_timerCc0_ctrlRead
                0x00000000000017d0       0x20 ./efm32zg_timer_HAL.o
                0x00000000000017d0                zg_timerCc0_ctrlRead
 .text.zg_timerCc0_ctrlWrite
                0x00000000000017f0       0x28 ./efm32zg_timer_HAL.o
                0x00000000000017f0                zg_timerCc0_ctrlWrite
 .text.zg_timerCc0_ctrlClr
                0x0000000000001818       0x2c ./efm32zg_timer_HAL.o
                0x0000000000001818                zg_timerCc0_ctrlClr
 .text.zg_timerCc0_ccvRead
                0x0000000000001844       0x20 ./efm32zg_timer_HAL.o
                0x0000000000001844                zg_timerCc0_ccvRead
 .text.zg_timerCc0_ccvWrite
                0x0000000000001864       0x28 ./efm32zg_timer_HAL.o
                0x0000000000001864                zg_timerCc0_ccvWrite
 .text.zg_timerCc0_ccvClr
                0x000000000000188c       0x2c ./efm32zg_timer_HAL.o
                0x000000000000188c                zg_timerCc0_ccvClr
 .text.zg_timerCc0_ccvbRead
                0x00000000000018b8       0x20 ./efm32zg_timer_HAL.o
                0x00000000000018b8                zg_timerCc0_ccvbRead
 .text.zg_timerCc0_ccvbWrite
                0x00000000000018d8       0x28 ./efm32zg_timer_HAL.o
                0x00000000000018d8                zg_timerCc0_ccvbWrite
 .text.zg_timerCc0_ccvbClr
                0x0000000000001900       0x2c ./efm32zg_timer_HAL.o
                0x0000000000001900                zg_timerCc0_ccvbClr
 .text.zg_timerCc1_ctrlRead
                0x000000000000192c       0x20 ./efm32zg_timer_HAL.o
                0x000000000000192c                zg_timerCc1_ctrlRead
 .text.zg_timerCc1_ctrlWrite
                0x000000000000194c       0x28 ./efm32zg_timer_HAL.o
                0x000000000000194c                zg_timerCc1_ctrlWrite
 .text.zg_timerCc1_ctrlClr
                0x0000000000001974       0x2c ./efm32zg_timer_HAL.o
                0x0000000000001974                zg_timerCc1_ctrlClr
 .text.zg_timerCc1_ccvRead
                0x00000000000019a0       0x20 ./efm32zg_timer_HAL.o
                0x00000000000019a0                zg_timerCc1_ccvRead
 .text.zg_timerCc1_ccvWrite
                0x00000000000019c0       0x28 ./efm32zg_timer_HAL.o
                0x00000000000019c0                zg_timerCc1_ccvWrite
 .text.zg_timerCc1_ccvClr
                0x00000000000019e8       0x2c ./efm32zg_timer_HAL.o
                0x00000000000019e8                zg_timerCc1_ccvClr
 .text.zg_timerCc1_ccvbRead
                0x0000000000001a14       0x20 ./efm32zg_timer_HAL.o
                0x0000000000001a14                zg_timerCc1_ccvbRead
 .text.zg_timerCc1_ccvbWrite
                0x0000000000001a34       0x28 ./efm32zg_timer_HAL.o
                0x0000000000001a34                zg_timerCc1_ccvbWrite
 .text.zg_timerCc1_ccvbClr
                0x0000000000001a5c       0x2c ./efm32zg_timer_HAL.o
                0x0000000000001a5c                zg_timerCc1_ccvbClr
 .text.zg_timerCc2_ctrlRead
                0x0000000000001a88       0x20 ./efm32zg_timer_HAL.o
                0x0000000000001a88                zg_timerCc2_ctrlRead
 .text.zg_timerCc2_ctrlWrite
                0x0000000000001aa8       0x28 ./efm32zg_timer_HAL.o
                0x0000000000001aa8                zg_timerCc2_ctrlWrite
 .text.zg_timerCc2_ctrlClr
                0x0000000000001ad0       0x2c ./efm32zg_timer_HAL.o
                0x0000000000001ad0                zg_timerCc2_ctrlClr
 .text.zg_timerCc2_ccvRead
                0x0000000000001afc       0x20 ./efm32zg_timer_HAL.o
                0x0000000000001afc                zg_timerCc2_ccvRead
 .text.zg_timerCc2_ccvWrite
                0x0000000000001b1c       0x28 ./efm32zg_timer_HAL.o
                0x0000000000001b1c                zg_timerCc2_ccvWrite
 .text.zg_timerCc2_ccvClr
                0x0000000000001b44       0x2c ./efm32zg_timer_HAL.o
                0x0000000000001b44                zg_timerCc2_ccvClr
 .text.zg_timerCc2_ccvbRead
                0x0000000000001b70       0x20 ./efm32zg_timer_HAL.o
                0x0000000000001b70                zg_timerCc2_ccvbRead
 .text.zg_timerCc2_ccvbWrite
                0x0000000000001b90       0x28 ./efm32zg_timer_HAL.o
                0x0000000000001b90                zg_timerCc2_ccvbWrite
 .text.zg_timerCc2_ccvbClr
                0x0000000000001bb8       0x2c ./efm32zg_timer_HAL.o
                0x0000000000001bb8                zg_timerCc2_ccvbClr
 .text.zg_timerCc0_ccvpRead
                0x0000000000001be4       0x20 ./efm32zg_timer_HAL.o
                0x0000000000001be4                zg_timerCc0_ccvpRead
 .text.zg_timerCc1_ccvpRead
                0x0000000000001c04       0x20 ./efm32zg_timer_HAL.o
                0x0000000000001c04                zg_timerCc1_ccvpRead
 .text.zg_timerCc2_ccvpRead
                0x0000000000001c24       0x20 ./efm32zg_timer_HAL.o
                0x0000000000001c24                zg_timerCc2_ccvpRead
 .text.CHIP_Init
                0x0000000000001c44       0x14 ./main.o
 .text.main     0x0000000000001c58      0x190 ./main.o
                0x0000000000001c58                main
 .text.zg_cmuCtrlRead
                0x0000000000001de8       0x20 ./efm32zg_cmu_HAL.o
                0x0000000000001de8                zg_cmuCtrlRead
 .text.zg_cmuCtrlWrite
                0x0000000000001e08       0x28 ./efm32zg_cmu_HAL.o
                0x0000000000001e08                zg_cmuCtrlWrite
 .text.zg_cmuCtrlClr
                0x0000000000001e30       0x2c ./efm32zg_cmu_HAL.o
                0x0000000000001e30                zg_cmuCtrlClr
 .text.zg_cmuHfcoreclkdivRead
                0x0000000000001e5c       0x20 ./efm32zg_cmu_HAL.o
                0x0000000000001e5c                zg_cmuHfcoreclkdivRead
 .text.zg_cmuHfcoreclkdivWrite
                0x0000000000001e7c       0x28 ./efm32zg_cmu_HAL.o
                0x0000000000001e7c                zg_cmuHfcoreclkdivWrite
 .text.zg_cmuHfcoreclkdivClr
                0x0000000000001ea4       0x2c ./efm32zg_cmu_HAL.o
                0x0000000000001ea4                zg_cmuHfcoreclkdivClr
 .text.zg_cmuHfperclkdivRead
                0x0000000000001ed0       0x20 ./efm32zg_cmu_HAL.o
                0x0000000000001ed0                zg_cmuHfperclkdivRead
 .text.zg_cmuHfperclkdivWrite
                0x0000000000001ef0       0x28 ./efm32zg_cmu_HAL.o
                0x0000000000001ef0                zg_cmuHfperclkdivWrite
 .text.zg_cmuHfperclkdivClr
                0x0000000000001f18       0x2c ./efm32zg_cmu_HAL.o
                0x0000000000001f18                zg_cmuHfperclkdivClr
 .text.zg_cmuHfrcoctrlRead
                0x0000000000001f44       0x20 ./efm32zg_cmu_HAL.o
                0x0000000000001f44                zg_cmuHfrcoctrlRead
 .text.zg_cmuHfrcoctrlWrite
                0x0000000000001f64       0x28 ./efm32zg_cmu_HAL.o
                0x0000000000001f64                zg_cmuHfrcoctrlWrite
 .text.zg_cmuHfrcoctrlClr
                0x0000000000001f8c       0x2c ./efm32zg_cmu_HAL.o
                0x0000000000001f8c                zg_cmuHfrcoctrlClr
 .text.zg_cmuLfrcoctrlRead
                0x0000000000001fb8       0x20 ./efm32zg_cmu_HAL.o
                0x0000000000001fb8                zg_cmuLfrcoctrlRead
 .text.zg_cmuLfrcoctrlWrite
                0x0000000000001fd8       0x28 ./efm32zg_cmu_HAL.o
                0x0000000000001fd8                zg_cmuLfrcoctrlWrite
 .text.zg_cmuLfrcoctrlClr
                0x0000000000002000       0x2c ./efm32zg_cmu_HAL.o
                0x0000000000002000                zg_cmuLfrcoctrlClr
 .text.zg_cmuAuxhfrcoctrlRead
                0x000000000000202c       0x20 ./efm32zg_cmu_HAL.o
                0x000000000000202c                zg_cmuAuxhfrcoctrlRead
 .text.zg_cmuAuxhfrcoctrlWrite
                0x000000000000204c       0x28 ./efm32zg_cmu_HAL.o
                0x000000000000204c                zg_cmuAuxhfrcoctrlWrite
 .text.zg_cmuAuxhfrcoctrlClr
                0x0000000000002074       0x2c ./efm32zg_cmu_HAL.o
                0x0000000000002074                zg_cmuAuxhfrcoctrlClr
 .text.zg_cmuCalctrlRead
                0x00000000000020a0       0x20 ./efm32zg_cmu_HAL.o
                0x00000000000020a0                zg_cmuCalctrlRead
 .text.zg_cmuCalctrlWrite
                0x00000000000020c0       0x28 ./efm32zg_cmu_HAL.o
                0x00000000000020c0                zg_cmuCalctrlWrite
 .text.zg_cmuCalctrlClr
                0x00000000000020e8       0x2c ./efm32zg_cmu_HAL.o
                0x00000000000020e8                zg_cmuCalctrlClr
 .text.zg_cmuCalcntRead
                0x0000000000002114       0x20 ./efm32zg_cmu_HAL.o
                0x0000000000002114                zg_cmuCalcntRead
 .text.zg_cmuCalcntWrite
                0x0000000000002134       0x28 ./efm32zg_cmu_HAL.o
                0x0000000000002134                zg_cmuCalcntWrite
 .text.zg_cmuCalcntClr
                0x000000000000215c       0x2c ./efm32zg_cmu_HAL.o
                0x000000000000215c                zg_cmuCalcntClr
 .text.zg_cmuOscencmdWrite
                0x0000000000002188       0x20 ./efm32zg_cmu_HAL.o
                0x0000000000002188                zg_cmuOscencmdWrite
 .text.zg_cmuCmdWrite
                0x00000000000021a8       0x28 ./efm32zg_cmu_HAL.o
                0x00000000000021a8                zg_cmuCmdWrite
 .text.zg_cmuLfclkselRead
                0x00000000000021d0       0x20 ./efm32zg_cmu_HAL.o
                0x00000000000021d0                zg_cmuLfclkselRead
 .text.zg_cmuLfclkselWrite
                0x00000000000021f0       0x28 ./efm32zg_cmu_HAL.o
                0x00000000000021f0                zg_cmuLfclkselWrite
 .text.zg_cmuLfclkselClr
                0x0000000000002218       0x2c ./efm32zg_cmu_HAL.o
                0x0000000000002218                zg_cmuLfclkselClr
 .text.zg_cmuStatusRead
                0x0000000000002244       0x20 ./efm32zg_cmu_HAL.o
                0x0000000000002244                zg_cmuStatusRead
 .text.zg_cmuIntfRead
                0x0000000000002264       0x20 ./efm32zg_cmu_HAL.o
                0x0000000000002264                zg_cmuIntfRead
 .text.zg_cmuIntfWrite
                0x0000000000002284       0x28 ./efm32zg_cmu_HAL.o
                0x0000000000002284                zg_cmuIntfWrite
 .text.zg_cmuIntfClr
                0x00000000000022ac       0x2c ./efm32zg_cmu_HAL.o
                0x00000000000022ac                zg_cmuIntfClr
 .text.zg_cmuIntenRead
                0x00000000000022d8       0x20 ./efm32zg_cmu_HAL.o
                0x00000000000022d8                zg_cmuIntenRead
 .text.zg_cmuIntenWrite
                0x00000000000022f8       0x28 ./efm32zg_cmu_HAL.o
                0x00000000000022f8                zg_cmuIntenWrite
 .text.zg_cmuIntenClr
                0x0000000000002320       0x2c ./efm32zg_cmu_HAL.o
                0x0000000000002320                zg_cmuIntenClr
 .text.zg_cmuHfcoreclken0Read
                0x000000000000234c       0x20 ./efm32zg_cmu_HAL.o
                0x000000000000234c                zg_cmuHfcoreclken0Read
 .text.zg_cmuHfcoreclken0Write
                0x000000000000236c       0x28 ./efm32zg_cmu_HAL.o
                0x000000000000236c                zg_cmuHfcoreclken0Write
 .text.zg_cmuHfcoreclken0Clr
                0x0000000000002394       0x2c ./efm32zg_cmu_HAL.o
                0x0000000000002394                zg_cmuHfcoreclken0Clr
 .text.zg_cmuHfperclken0Read
                0x00000000000023c0       0x20 ./efm32zg_cmu_HAL.o
                0x00000000000023c0                zg_cmuHfperclken0Read
 .text.zg_cmuHfperclken0Write
                0x00000000000023e0       0x28 ./efm32zg_cmu_HAL.o
                0x00000000000023e0                zg_cmuHfperclken0Write
 .text.zg_cmuHfperclken0Clr
                0x0000000000002408       0x2c ./efm32zg_cmu_HAL.o
                0x0000000000002408                zg_cmuHfperclken0Clr
 .text.zg_cmuSyncbusyRead
                0x0000000000002434       0x20 ./efm32zg_cmu_HAL.o
                0x0000000000002434                zg_cmuSyncbusyRead
 .text.zg_cmuFreezeRead
                0x0000000000002454       0x20 ./efm32zg_cmu_HAL.o
                0x0000000000002454                zg_cmuFreezeRead
 .text.zg_cmuFreezeWrite
                0x0000000000002474       0x28 ./efm32zg_cmu_HAL.o
                0x0000000000002474                zg_cmuFreezeWrite
 .text.zg_cmuFreezeClr
                0x000000000000249c       0x2c ./efm32zg_cmu_HAL.o
                0x000000000000249c                zg_cmuFreezeClr
 .text.zg_cmuLfaclken0Read
                0x00000000000024c8       0x20 ./efm32zg_cmu_HAL.o
                0x00000000000024c8                zg_cmuLfaclken0Read
 .text.zg_cmuLfaclken0Write
                0x00000000000024e8       0x28 ./efm32zg_cmu_HAL.o
                0x00000000000024e8                zg_cmuLfaclken0Write
 .text.zg_cmuLfaclken0Clr
                0x0000000000002510       0x2c ./efm32zg_cmu_HAL.o
                0x0000000000002510                zg_cmuLfaclken0Clr
 .text.zg_cmuLfbclken0Read
                0x000000000000253c       0x20 ./efm32zg_cmu_HAL.o
                0x000000000000253c                zg_cmuLfbclken0Read
 .text.zg_cmuLfbclken0Write
                0x000000000000255c       0x28 ./efm32zg_cmu_HAL.o
                0x000000000000255c                zg_cmuLfbclken0Write
 .text.zg_cmuLfbclken0Clr
                0x0000000000002584       0x2c ./efm32zg_cmu_HAL.o
                0x0000000000002584                zg_cmuLfbclken0Clr
 .text.zg_cmuLfapresc0Read
                0x00000000000025b0       0x20 ./efm32zg_cmu_HAL.o
                0x00000000000025b0                zg_cmuLfapresc0Read
 .text.zg_cmuLfapresc0Write
                0x00000000000025d0       0x28 ./efm32zg_cmu_HAL.o
                0x00000000000025d0                zg_cmuLfapresc0Write
 .text.zg_cmuLfapresc0Clr
                0x00000000000025f8       0x2c ./efm32zg_cmu_HAL.o
                0x00000000000025f8                zg_cmuLfapresc0Clr
 .text.zg_cmuLfbpresc0Read
                0x0000000000002624       0x20 ./efm32zg_cmu_HAL.o
                0x0000000000002624                zg_cmuLfbpresc0Read
 .text.zg_cmuLfbpresc0Write
                0x0000000000002644       0x28 ./efm32zg_cmu_HAL.o
                0x0000000000002644                zg_cmuLfbpresc0Write
 .text.zg_cmuLfbpresc0Clr
                0x000000000000266c       0x2c ./efm32zg_cmu_HAL.o
                0x000000000000266c                zg_cmuLfbpresc0Clr
 .text.zg_cmuPcntctrlRead
                0x0000000000002698       0x20 ./efm32zg_cmu_HAL.o
                0x0000000000002698                zg_cmuPcntctrlRead
 .text.zg_cmuPcntctrlWrite
                0x00000000000026b8       0x28 ./efm32zg_cmu_HAL.o
                0x00000000000026b8                zg_cmuPcntctrlWrite
 .text.zg_cmuPcntctrlClr
                0x00000000000026e0       0x2c ./efm32zg_cmu_HAL.o
                0x00000000000026e0                zg_cmuPcntctrlClr
 .text.zg_cmuRouteRead
                0x000000000000270c       0x24 ./efm32zg_cmu_HAL.o
                0x000000000000270c                zg_cmuRouteRead
 .text.zg_cmuRouteWrite
                0x0000000000002730       0x2c ./efm32zg_cmu_HAL.o
                0x0000000000002730                zg_cmuRouteWrite
 .text.zg_cmuRouteClr
                0x000000000000275c       0x30 ./efm32zg_cmu_HAL.o
                0x000000000000275c                zg_cmuRouteClr
 .text.zg_cmuLockRead
                0x000000000000278c       0x24 ./efm32zg_cmu_HAL.o
                0x000000000000278c                zg_cmuLockRead
 .text.zg_cmuLockWrite
                0x00000000000027b0       0x2c ./efm32zg_cmu_HAL.o
                0x00000000000027b0                zg_cmuLockWrite
 .text.zg_cmuLockClr
                0x00000000000027dc       0x30 ./efm32zg_cmu_HAL.o
                0x00000000000027dc                zg_cmuLockClr
 .text.zg_usartRxdataxRead
                0x000000000000280c       0xa4 ./efm32zg_usart_IO_HAL.o
                0x000000000000280c                zg_usartRxdataxRead
 .text.zg_usartRxdataRead
                0x00000000000028b0       0x54 ./efm32zg_usart_IO_HAL.o
                0x00000000000028b0                zg_usartRxdataRead
 .text.zg_usartRxdataxpRead
                0x0000000000002904       0xa4 ./efm32zg_usart_IO_HAL.o
                0x0000000000002904                zg_usartRxdataxpRead
 .text.zg_usartRxdoublexRead
                0x00000000000029a8      0x100 ./efm32zg_usart_IO_HAL.o
                0x00000000000029a8                zg_usartRxdoublexRead
 .text.zg_usartRxdoubleRead
                0x0000000000002aa8       0x54 ./efm32zg_usart_IO_HAL.o
                0x0000000000002aa8                zg_usartRxdoubleRead
 .text.zg_usartRxdoublexpRead
                0x0000000000002afc      0x100 ./efm32zg_usart_IO_HAL.o
                0x0000000000002afc                zg_usartRxdoublexpRead
 .text.zg_usartTxdataxWrite
                0x0000000000002bfc       0xc8 ./efm32zg_usart_IO_HAL.o
                0x0000000000002bfc                zg_usartTxdataxWrite
 .text.zg_usartTxdataWrite
                0x0000000000002cc4       0x44 ./efm32zg_usart_IO_HAL.o
                0x0000000000002cc4                zg_usartTxdataWrite
 .text.zg_usartTxdoublexWrite
                0x0000000000002d08       0xd4 ./efm32zg_usart_IO_HAL.o
                0x0000000000002d08                zg_usartTxdoublexWrite
 .text.zg_usartTxdoubleWrite
                0x0000000000002ddc       0x44 ./efm32zg_usart_IO_HAL.o
                0x0000000000002ddc                zg_usartTxdoubleWrite
 .text.usart_assign_rx_data_8_x
                0x0000000000002e20       0x26 ./efm32zg_usart_IO_HAL.o
                0x0000000000002e20                usart_assign_rx_data_8_x
 .text.usart_assign_rx_data_8
                0x0000000000002e46       0x26 ./efm32zg_usart_IO_HAL.o
                0x0000000000002e46                usart_assign_rx_data_8
 .text.usart_assign_rx_data_16_x
                0x0000000000002e6c       0x28 ./efm32zg_usart_IO_HAL.o
                0x0000000000002e6c                usart_assign_rx_data_16_x
 .text.usart_assign_rx_data_16
                0x0000000000002e94       0x28 ./efm32zg_usart_IO_HAL.o
                0x0000000000002e94                usart_assign_rx_data_16
 .text.usart_assign_rx_data_8_xp
                0x0000000000002ebc       0x26 ./efm32zg_usart_IO_HAL.o
                0x0000000000002ebc                usart_assign_rx_data_8_xp
 .text.usart_assign_rx_data_16_xp
                0x0000000000002ee2       0x28 ./efm32zg_usart_IO_HAL.o
                0x0000000000002ee2                usart_assign_rx_data_16_xp
 .text.usart_assign_tx_data_8_x
                0x0000000000002f0a       0x26 ./efm32zg_usart_IO_HAL.o
                0x0000000000002f0a                usart_assign_tx_data_8_x
 .text.usart_assign_tx_data_8
                0x0000000000002f30       0x26 ./efm32zg_usart_IO_HAL.o
                0x0000000000002f30                usart_assign_tx_data_8
 .text.usart_assign_tx_data_16_x
                0x0000000000002f56       0x28 ./efm32zg_usart_IO_HAL.o
                0x0000000000002f56                usart_assign_tx_data_16_x
 .text.usart_assign_tx_data_16
                0x0000000000002f7e       0x28 ./efm32zg_usart_IO_HAL.o
                0x0000000000002f7e                usart_assign_tx_data_16
 *fill*         0x0000000000002fa6        0x2 
 .text.TIMER0_IRQHandler
                0x0000000000002fa8       0x30 ./efm32zg_interrupts_HAL.o
                0x0000000000002fa8                TIMER0_IRQHandler
 .text.zg_usartCtrlRead
                0x0000000000002fd8       0x20 ./efm32zg_usart_HAL.o
                0x0000000000002fd8                zg_usartCtrlRead
 .text.zg_usartCtrlWrite
                0x0000000000002ff8       0x28 ./efm32zg_usart_HAL.o
                0x0000000000002ff8                zg_usartCtrlWrite
 .text.zg_usartCtrlClr
                0x0000000000003020       0x2c ./efm32zg_usart_HAL.o
                0x0000000000003020                zg_usartCtrlClr
 .text.zg_usartFrameRead
                0x000000000000304c       0x20 ./efm32zg_usart_HAL.o
                0x000000000000304c                zg_usartFrameRead
 .text.zg_usartFrameWrite
                0x000000000000306c       0x28 ./efm32zg_usart_HAL.o
                0x000000000000306c                zg_usartFrameWrite
 .text.zg_usartFrameClr
                0x0000000000003094       0x2c ./efm32zg_usart_HAL.o
                0x0000000000003094                zg_usartFrameClr
 .text.zg_usartTrigctrlRead
                0x00000000000030c0       0x20 ./efm32zg_usart_HAL.o
                0x00000000000030c0                zg_usartTrigctrlRead
 .text.zg_usartTrigctrlWrite
                0x00000000000030e0       0x28 ./efm32zg_usart_HAL.o
                0x00000000000030e0                zg_usartTrigctrlWrite
 .text.zg_usartTrigctrlClr
                0x0000000000003108       0x2c ./efm32zg_usart_HAL.o
                0x0000000000003108                zg_usartTrigctrlClr
 .text.zg_usartStatusRead
                0x0000000000003134       0x20 ./efm32zg_usart_HAL.o
                0x0000000000003134                zg_usartStatusRead
 .text.zg_usartCmdWrite
                0x0000000000003154       0x28 ./efm32zg_usart_HAL.o
                0x0000000000003154                zg_usartCmdWrite
 .text.zg_usartCmdClr
                0x000000000000317c       0x2c ./efm32zg_usart_HAL.o
                0x000000000000317c                zg_usartCmdClr
 .text.zg_usartClkdivRead
                0x00000000000031a8       0x20 ./efm32zg_usart_HAL.o
                0x00000000000031a8                zg_usartClkdivRead
 .text.zg_usartClkdivWrite
                0x00000000000031c8       0x28 ./efm32zg_usart_HAL.o
                0x00000000000031c8                zg_usartClkdivWrite
 .text.zg_usartClkdivClr
                0x00000000000031f0       0x2c ./efm32zg_usart_HAL.o
                0x00000000000031f0                zg_usartClkdivClr
 .text.zg_usartIntflagRead
                0x000000000000321c       0x20 ./efm32zg_usart_HAL.o
                0x000000000000321c                zg_usartIntflagRead
 .text.zg_usartIntflagWrite
                0x000000000000323c       0x28 ./efm32zg_usart_HAL.o
                0x000000000000323c                zg_usartIntflagWrite
 .text.zg_usartIntflagClr
                0x0000000000003264       0x2c ./efm32zg_usart_HAL.o
                0x0000000000003264                zg_usartIntflagClr
 .text.zg_usartIrctrlRead
                0x0000000000003290       0x20 ./efm32zg_usart_HAL.o
                0x0000000000003290                zg_usartIrctrlRead
 .text.zg_usartIrctrlWrite
                0x00000000000032b0       0x28 ./efm32zg_usart_HAL.o
                0x00000000000032b0                zg_usartIrctrlWrite
 .text.zg_usartIrctrlClr
                0x00000000000032d8       0x2c ./efm32zg_usart_HAL.o
                0x00000000000032d8                zg_usartIrctrlClr
 .text.zg_usartRouteRead
                0x0000000000003304       0x20 ./efm32zg_usart_HAL.o
                0x0000000000003304                zg_usartRouteRead
 .text.zg_usartRouteWrite
                0x0000000000003324       0x28 ./efm32zg_usart_HAL.o
                0x0000000000003324                zg_usartRouteWrite
 .text.zg_usartRouteClr
                0x000000000000334c       0x2c ./efm32zg_usart_HAL.o
                0x000000000000334c                zg_usartRouteClr
 .text.zg_usartInputRead
                0x0000000000003378       0x20 ./efm32zg_usart_HAL.o
                0x0000000000003378                zg_usartInputRead
 .text.zg_usartInputWrite
                0x0000000000003398       0x28 ./efm32zg_usart_HAL.o
                0x0000000000003398                zg_usartInputWrite
 .text.zg_usartInputClr
                0x00000000000033c0       0x2c ./efm32zg_usart_HAL.o
                0x00000000000033c0                zg_usartInputClr
 .text.zg_usartI2sctrlRead
                0x00000000000033ec       0x20 ./efm32zg_usart_HAL.o
                0x00000000000033ec                zg_usartI2sctrlRead
 .text.zg_usartI2sctrlWrite
                0x000000000000340c       0x28 ./efm32zg_usart_HAL.o
                0x000000000000340c                zg_usartI2sctrlWrite
 .text.zg_usartI2sctrlClr
                0x0000000000003434       0x2c ./efm32zg_usart_HAL.o
                0x0000000000003434                zg_usartI2sctrlClr
 .text.mpi_timerInit
                0x0000000000003460       0x1c ./mpi_timer.o
                0x0000000000003460                mpi_timerInit
 .text.mpi_timerDelay
                0x000000000000347c       0x20 ./mpi_timer.o
                0x000000000000347c                mpi_timerDelay
 .text.exit     0x000000000000349c       0x2c /srv/code/toolchains/gnu_arm/7.2_2017q4/bin/../lib/gcc/arm-none-eabi/7.2.1/../../../../arm-none-eabi/lib/thumb/v6-m/libc_nano.a(lib_a-exit.o)
                0x000000000000349c                exit
 .text.__libc_init_array
                0x00000000000034c8       0x48 /srv/code/toolchains/gnu_arm/7.2_2017q4/bin/../lib/gcc/arm-none-eabi/7.2.1/../../../../arm-none-eabi/lib/thumb/v6-m/libc_nano.a(lib_a-init.o)
                0x00000000000034c8                __libc_init_array
 .text.memset   0x0000000000003510       0x10 /srv/code/toolchains/gnu_arm/7.2_2017q4/bin/../lib/gcc/arm-none-eabi/7.2.1/../../../../arm-none-eabi/lib/thumb/v6-m/libc_nano.a(lib_a-memset.o)
                0x0000000000003510                memset
 .text._exit    0x0000000000003520        0x4 /srv/code/toolchains/gnu_arm/7.2_2017q4/bin/../lib/gcc/arm-none-eabi/7.2.1/../../../../arm-none-eabi/lib/thumb/v6-m/libnosys.a(_exit.o)
                0x0000000000003520                _exit
 *(.init)
 .init          0x0000000000003524        0x4 /srv/code/toolchains/gnu_arm/7.2_2017q4/bin/../lib/gcc/arm-none-eabi/7.2.1/thumb/v6-m/crti.o
                0x0000000000003524                _init
 .init          0x0000000000003528        0x8 /srv/code/toolchains/gnu_arm/7.2_2017q4/bin/../lib/gcc/arm-none-eabi/7.2.1/thumb/v6-m/crtn.o
 *(.fini)
 .fini          0x0000000000003530        0x4 /srv/code/toolchains/gnu_arm/7.2_2017q4/bin/../lib/gcc/arm-none-eabi/7.2.1/thumb/v6-m/crti.o
                0x0000000000003530                _fini
 .fini          0x0000000000003534        0x8 /srv/code/toolchains/gnu_arm/7.2_2017q4/bin/../lib/gcc/arm-none-eabi/7.2.1/thumb/v6-m/crtn.o
 *crtbegin.o(.ctors)
 *crtbegin?.o(.ctors)
 *(EXCLUDE_FILE(*crtend.o *crtend?.o) .ctors)
 *(SORT_BY_NAME(.ctors.*))
 *(.ctors)
 *crtbegin.o(.dtors)
 *crtbegin?.o(.dtors)
 *(EXCLUDE_FILE(*crtend.o *crtend?.o) .dtors)
 *(SORT_BY_NAME(.dtors.*))
 *(.dtors)
 *(.rodata*)
 .rodata.gpio_config_table
                0x000000000000353c       0x80 ./efm32zg_gpio_HAL.o
                0x000000000000353c                gpio_config_table
 .rodata.gpio_port_config_table
                0x00000000000035bc       0x14 ./efm32zg_gpio_HAL.o
                0x00000000000035bc                gpio_port_config_table
 .rodata.gpio_int_ctrl
                0x00000000000035d0        0xc ./efm32zg_gpio_HAL.o
                0x00000000000035d0                gpio_int_ctrl
 .rodata.gpio_extint_low_pins
                0x00000000000035dc        0xc ./efm32zg_gpio_HAL.o
                0x00000000000035dc                gpio_extint_low_pins
 .rodata.gpio_extint_high_pins
                0x00000000000035e8        0xc ./efm32zg_gpio_HAL.o
                0x00000000000035e8                gpio_extint_high_pins
 .rodata.gpio_extint_rise_edge
                0x00000000000035f4        0xc ./efm32zg_gpio_HAL.o
                0x00000000000035f4                gpio_extint_rise_edge
 .rodata.gpio_extint_fall_edge
                0x0000000000003600        0xc ./efm32zg_gpio_HAL.o
                0x0000000000003600                gpio_extint_fall_edge
 .rodata.gpio_int_flag
                0x000000000000360c        0xc ./efm32zg_gpio_HAL.o
                0x000000000000360c                gpio_int_flag
 .rodata.gpio_route
                0x0000000000003618        0xc ./efm32zg_gpio_HAL.o
                0x0000000000003618                gpio_route
 .rodata.gpio_insense
                0x0000000000003624        0xc ./efm32zg_gpio_HAL.o
                0x0000000000003624                gpio_insense
 .rodata.gpio_conf_lock
                0x0000000000003630        0xc ./efm32zg_gpio_HAL.o
                0x0000000000003630                gpio_conf_lock
 .rodata.gpio_em4retention
                0x000000000000363c        0xc ./efm32zg_gpio_HAL.o
                0x000000000000363c                gpio_em4retention
 .rodata.gpio_em4wake
                0x0000000000003648        0xc ./efm32zg_gpio_HAL.o
                0x0000000000003648                gpio_em4wake
 .rodata.gpio_em4polarity
                0x0000000000003654        0xc ./efm32zg_gpio_HAL.o
                0x0000000000003654                gpio_em4polarity
 .rodata.gpio_ctrl
                0x0000000000003660        0xc ./efm32zg_gpio_HAL.o
                0x0000000000003660                gpio_ctrl
 .rodata.gpio_low_pinmode
                0x000000000000366c        0xc ./efm32zg_gpio_HAL.o
                0x000000000000366c                gpio_low_pinmode
 .rodata.gpio_high_pinmode
                0x0000000000003678        0xc ./efm32zg_gpio_HAL.o
                0x0000000000003678                gpio_high_pinmode
 .rodata.gpio_pinlock
                0x0000000000003684        0xc ./efm32zg_gpio_HAL.o
                0x0000000000003684                gpio_pinlock
 .rodata.gpio_em4clr_all
                0x0000000000003690        0x4 ./efm32zg_gpio_HAL.o
                0x0000000000003690                gpio_em4clr_all
 .rodata.gpio_em4cause
                0x0000000000003694        0x4 ./efm32zg_gpio_HAL.o
                0x0000000000003694                gpio_em4cause
 .rodata.gpio_pinin_read
                0x0000000000003698        0x4 ./efm32zg_gpio_IO_HAL.o
                0x0000000000003698                gpio_pinin_read
 .rodata.gpio_out
                0x000000000000369c        0xc ./efm32zg_gpio_IO_HAL.o
                0x000000000000369c                gpio_out
 .rodata.gpio_pinout_tgl
                0x00000000000036a8        0x4 ./efm32zg_gpio_IO_HAL.o
                0x00000000000036a8                gpio_pinout_tgl
 .rodata.timer_config_table
                0x00000000000036ac       0x80 ./efm32zg_timer_HAL.o
                0x00000000000036ac                timer_config_table
 .rodata.cmu_config_table
                0x000000000000372c       0x80 ./efm32zg_cmu_HAL.o
                0x000000000000372c                cmu_config_table
 .rodata.cmu_ctrl_table
                0x00000000000037ac        0xc ./efm32zg_cmu_HAL.o
                0x00000000000037ac                cmu_ctrl_table
 .rodata.cmu_hfcoreclkdiv_table
                0x00000000000037b8        0xc ./efm32zg_cmu_HAL.o
                0x00000000000037b8                cmu_hfcoreclkdiv_table
 .rodata.cmu_hfperclkdiv_table
                0x00000000000037c4        0xc ./efm32zg_cmu_HAL.o
                0x00000000000037c4                cmu_hfperclkdiv_table
 .rodata.cmu_hfrcoctrl_table
                0x00000000000037d0        0xc ./efm32zg_cmu_HAL.o
                0x00000000000037d0                cmu_hfrcoctrl_table
 .rodata.cmu_lfrcoctrl_table
                0x00000000000037dc        0xc ./efm32zg_cmu_HAL.o
                0x00000000000037dc                cmu_lfrcoctrl_table
 .rodata.cmu_auxhfrcoctrl_table
                0x00000000000037e8        0xc ./efm32zg_cmu_HAL.o
                0x00000000000037e8                cmu_auxhfrcoctrl_table
 .rodata.cmu_calctrl_table
                0x00000000000037f4        0xc ./efm32zg_cmu_HAL.o
                0x00000000000037f4                cmu_calctrl_table
 .rodata.cmu_calcnt_table
                0x0000000000003800        0xc ./efm32zg_cmu_HAL.o
                0x0000000000003800                cmu_calcnt_table
 .rodata.cmu_lfclksel_table
                0x000000000000380c        0xc ./efm32zg_cmu_HAL.o
                0x000000000000380c                cmu_lfclksel_table
 .rodata.cmu_intf_table
                0x0000000000003818        0xc ./efm32zg_cmu_HAL.o
                0x0000000000003818                cmu_intf_table
 .rodata.cmu_inten_table
                0x0000000000003824        0xc ./efm32zg_cmu_HAL.o
                0x0000000000003824                cmu_inten_table
 .rodata.cmu_hfcoreclken0_table
                0x0000000000003830        0xc ./efm32zg_cmu_HAL.o
                0x0000000000003830                cmu_hfcoreclken0_table
 .rodata.cmu_hfperclken0_table
                0x000000000000383c        0xc ./efm32zg_cmu_HAL.o
                0x000000000000383c                cmu_hfperclken0_table
 .rodata.cmu_freeze_table
                0x0000000000003848        0xc ./efm32zg_cmu_HAL.o
                0x0000000000003848                cmu_freeze_table
 .rodata.cmu_lfaclken0_table
                0x0000000000003854        0xc ./efm32zg_cmu_HAL.o
                0x0000000000003854                cmu_lfaclken0_table
 .rodata.cmu_lfbclken0_table
                0x0000000000003860        0xc ./efm32zg_cmu_HAL.o
                0x0000000000003860                cmu_lfbclken0_table
 .rodata.cmu_lfapresc0_table
                0x000000000000386c        0xc ./efm32zg_cmu_HAL.o
                0x000000000000386c                cmu_lfapresc0_table
 .rodata.cmu_lfbpresc0_table
                0x0000000000003878        0xc ./efm32zg_cmu_HAL.o
                0x0000000000003878                cmu_lfbpresc0_table
 .rodata.cmu_pcntctrl_table
                0x0000000000003884        0xc ./efm32zg_cmu_HAL.o
                0x0000000000003884                cmu_pcntctrl_table
 .rodata.cmu_route_table
                0x0000000000003890        0xc ./efm32zg_cmu_HAL.o
                0x0000000000003890                cmu_route_table
 .rodata.cmu_lock_table
                0x000000000000389c        0xc ./efm32zg_cmu_HAL.o
                0x000000000000389c                cmu_lock_table
 .rodata.cmu_oscencmd_WRITE
                0x00000000000038a8        0xc ./efm32zg_cmu_HAL.o
                0x00000000000038a8                cmu_oscencmd_WRITE
 .rodata.cmu_cmd_WRITE
                0x00000000000038b4        0xc ./efm32zg_cmu_HAL.o
                0x00000000000038b4                cmu_cmd_WRITE
 .rodata.cmu_status_READ
                0x00000000000038c0        0xc ./efm32zg_cmu_HAL.o
                0x00000000000038c0                cmu_status_READ
 .rodata.cmu_syncbusy_READ
                0x00000000000038cc        0xc ./efm32zg_cmu_HAL.o
                0x00000000000038cc                cmu_syncbusy_READ
 .rodata.usart_IO_table
                0x00000000000038d8       0x18 ./efm32zg_usart_IO_HAL.o
                0x00000000000038d8                usart_IO_table
 .rodata.usart_IO_host_slave_transfer
                0x00000000000038f0        0x8 ./efm32zg_usart_IO_HAL.o
                0x00000000000038f0                usart_IO_host_slave_transfer
 .rodata.usart_rx_8_xp
                0x00000000000038f8        0x4 ./efm32zg_usart_IO_HAL.o
                0x00000000000038f8                usart_rx_8_xp
 .rodata.usart_rx_16_xp
                0x00000000000038fc        0x4 ./efm32zg_usart_IO_HAL.o
                0x00000000000038fc                usart_rx_16_xp
 .rodata.usart_rxtx_data_x
                0x0000000000003900        0x8 ./efm32zg_usart_IO_HAL.o
                0x0000000000003900                usart_rxtx_data_x
 .rodata.usart_rxtx_data
                0x0000000000003908        0x8 ./efm32zg_usart_IO_HAL.o
                0x0000000000003908                usart_rxtx_data
 .rodata.usart_rxtx_double_x
                0x0000000000003910        0x8 ./efm32zg_usart_IO_HAL.o
                0x0000000000003910                usart_rxtx_double_x
 .rodata.usart_rxtx_double
                0x0000000000003918        0x8 ./efm32zg_usart_IO_HAL.o
                0x0000000000003918                usart_rxtx_double
 .rodata.usart_rx_bitwidth_table
                0x0000000000003920       0x18 ./efm32zg_usart_IO_HAL.o
                0x0000000000003920                usart_rx_bitwidth_table
 .rodata.usart_tx_bitwidth_table
                0x0000000000003938       0x18 ./efm32zg_usart_IO_HAL.o
                0x0000000000003938                usart_tx_bitwidth_table
 .rodata.usart_config_table
                0x0000000000003950       0x80 ./efm32zg_usart_HAL.o
                0x0000000000003950                usart_config_table
 .rodata.usart_ctrl_table
                0x00000000000039d0        0xc ./efm32zg_usart_HAL.o
                0x00000000000039d0                usart_ctrl_table
 .rodata.usart_frame_table
                0x00000000000039dc        0xc ./efm32zg_usart_HAL.o
                0x00000000000039dc                usart_frame_table
 .rodata.usart_trig_ctrl_table
                0x00000000000039e8        0xc ./efm32zg_usart_HAL.o
                0x00000000000039e8                usart_trig_ctrl_table
 .rodata.usart_status_cmd_table
                0x00000000000039f4        0xc ./efm32zg_usart_HAL.o
                0x00000000000039f4                usart_status_cmd_table
 .rodata.usart_clkdiv_table
                0x0000000000003a00        0xc ./efm32zg_usart_HAL.o
                0x0000000000003a00                usart_clkdiv_table
 .rodata.usart_int_flag_table
                0x0000000000003a0c        0xc ./efm32zg_usart_HAL.o
                0x0000000000003a0c                usart_int_flag_table
 .rodata.usart_ir_ctrl_table
                0x0000000000003a18        0xc ./efm32zg_usart_HAL.o
                0x0000000000003a18                usart_ir_ctrl_table
 .rodata.usart_route_table
                0x0000000000003a24        0xc ./efm32zg_usart_HAL.o
                0x0000000000003a24                usart_route_table
 .rodata.usart_input_table
                0x0000000000003a30        0xc ./efm32zg_usart_HAL.o
                0x0000000000003a30                usart_input_table
 .rodata.usart_i2s_ctrl_table
                0x0000000000003a3c        0xc ./efm32zg_usart_HAL.o
                0x0000000000003a3c                usart_i2s_ctrl_table
 .rodata._global_impure_ptr
                0x0000000000003a48        0x4 /srv/code/toolchains/gnu_arm/7.2_2017q4/bin/../lib/gcc/arm-none-eabi/7.2.1/../../../../arm-none-eabi/lib/thumb/v6-m/libc_nano.a(lib_a-impure.o)
                0x0000000000003a48                _global_impure_ptr
 *(.eh_frame*)
 .eh_frame      0x0000000000003a4c        0x0 /srv/code/toolchains/gnu_arm/7.2_2017q4/bin/../lib/gcc/arm-none-eabi/7.2.1/thumb/v6-m/crtbegin.o
 .eh_frame      0x0000000000003a4c        0x4 /srv/code/toolchains/gnu_arm/7.2_2017q4/bin/../lib/gcc/arm-none-eabi/7.2.1/thumb/v6-m/crtend.o

.glue_7         0x0000000000003a50        0x0
 .glue_7        0x0000000000003a50        0x0 linker stubs

.glue_7t        0x0000000000003a50        0x0
 .glue_7t       0x0000000000003a50        0x0 linker stubs

.vfp11_veneer   0x0000000000003a50        0x0
 .vfp11_veneer  0x0000000000003a50        0x0 linker stubs

.v4_bx          0x0000000000003a50        0x0
 .v4_bx         0x0000000000003a50        0x0 linker stubs

.iplt           0x0000000000003a50        0x0
 .iplt          0x0000000000003a50        0x0 /srv/code/toolchains/gnu_arm/7.2_2017q4/bin/../lib/gcc/arm-none-eabi/7.2.1/thumb/v6-m/crtbegin.o

.ARM.extab
 *(.ARM.extab* .gnu.linkonce.armextab.*)
                0x0000000000003a50                __exidx_start = .

.ARM.exidx      0x0000000000003a50        0x8
 *(.ARM.exidx* .gnu.linkonce.armexidx.*)
 .ARM.exidx     0x0000000000003a50        0x8 /srv/code/toolchains/gnu_arm/7.2_2017q4/bin/../lib/gcc/arm-none-eabi/7.2.1/../../../../arm-none-eabi/lib/thumb/v6-m/crt0.o
                0x0000000000003a58                __exidx_end = .
                0x0000000000003a58                __etext = .

.rel.dyn        0x0000000000003a58        0x0
 .rel.iplt      0x0000000000003a58        0x0 /srv/code/toolchains/gnu_arm/7.2_2017q4/bin/../lib/gcc/arm-none-eabi/7.2.1/thumb/v6-m/crtbegin.o

.data           0x0000000020000000      0x570 load address 0x0000000000003a58
                0x0000000020000000                __data_start__ = .
 *(vtable)
 *(.data*)
 .data.cmu_periphconf
                0x0000000020000000       0x70 ./config_efm32zg222f32.o
                0x0000000020000000                cmu_periphconf
 .data.timer0_periphconf
                0x0000000020000070       0x5c ./config_efm32zg222f32.o
                0x0000000020000070                timer0_periphconf
 .data.usart_sync
                0x00000000200000cc       0x38 ./config_efm32zg222f32.o
                0x00000000200000cc                usart_sync
 .data.usart_frameconf
                0x0000000020000104       0x40 ./config_efm32zg222f32.o
                0x0000000020000104                usart_frameconf
 .data.gpio_data
                0x0000000020000144       0x28 ./config_efm32zg222f32.o
                0x0000000020000144                gpio_data
 .data.gpio_periphconf
                0x000000002000016c       0x98 ./config_efm32zg222f32.o
                0x000000002000016c                gpio_periphconf
 .data.efm32zg222f32_host
                0x0000000020000204      0x180 ./config_efm32zg222f32.o
                0x0000000020000204                efm32zg222f32_host
 .data.cmu      0x0000000020000384        0x4 ./efm32zg_types_HAL.o
                0x0000000020000384                cmu
 .data.usart    0x0000000020000388        0x4 ./efm32zg_types_HAL.o
                0x0000000020000388                usart
 .data.gpio     0x000000002000038c        0x4 ./efm32zg_types_HAL.o
                0x000000002000038c                gpio
 .data.timer0   0x0000000020000390        0x4 ./efm32zg_types_HAL.o
                0x0000000020000390                timer0
 .data.dw1000   0x0000000020000394       0xa0 ./config_dw1000.o
                0x0000000020000394                dw1000
 .data.timer_ctrl_table
                0x0000000020000434        0xc ./efm32zg_timer_HAL.o
                0x0000000020000434                timer_ctrl_table
 .data.timer_ien_table
                0x0000000020000440        0xc ./efm32zg_timer_HAL.o
                0x0000000020000440                timer_ien_table
 .data.timer_ifrsc_table
                0x000000002000044c        0xc ./efm32zg_timer_HAL.o
                0x000000002000044c                timer_ifrsc_table
 .data.timer_top_table
                0x0000000020000458        0xc ./efm32zg_timer_HAL.o
                0x0000000020000458                timer_top_table
 .data.timer_topb_table
                0x0000000020000464        0xc ./efm32zg_timer_HAL.o
                0x0000000020000464                timer_topb_table
 .data.timer_cnt_table
                0x0000000020000470        0xc ./efm32zg_timer_HAL.o
                0x0000000020000470                timer_cnt_table
 .data.timer_route_table
                0x000000002000047c        0xc ./efm32zg_timer_HAL.o
                0x000000002000047c                timer_route_table
 .data.timer_cc0_ctrl_table
                0x0000000020000488        0xc ./efm32zg_timer_HAL.o
                0x0000000020000488                timer_cc0_ctrl_table
 .data.timer_cc0_ccv_table
                0x0000000020000494        0xc ./efm32zg_timer_HAL.o
                0x0000000020000494                timer_cc0_ccv_table
 .data.timer_cc0_ccvb_table
                0x00000000200004a0        0xc ./efm32zg_timer_HAL.o
                0x00000000200004a0                timer_cc0_ccvb_table
 .data.timer_cc1_ctrl_table
                0x00000000200004ac        0xc ./efm32zg_timer_HAL.o
                0x00000000200004ac                timer_cc1_ctrl_table
 .data.timer_cc1_ccv_table
                0x00000000200004b8        0xc ./efm32zg_timer_HAL.o
                0x00000000200004b8                timer_cc1_ccv_table
 .data.timer_cc1_ccvb_table
                0x00000000200004c4        0xc ./efm32zg_timer_HAL.o
                0x00000000200004c4                timer_cc1_ccvb_table
 .data.timer_cc2_ctrl_table
                0x00000000200004d0        0xc ./efm32zg_timer_HAL.o
                0x00000000200004d0                timer_cc2_ctrl_table
 .data.timer_cc2_ccv_table
                0x00000000200004dc        0xc ./efm32zg_timer_HAL.o
                0x00000000200004dc                timer_cc2_ccv_table
 .data.timer_cc2_ccvb_table
                0x00000000200004e8        0xc ./efm32zg_timer_HAL.o
                0x00000000200004e8                timer_cc2_ccvb_table
 .data.timer_cc0_ccvp_table
                0x00000000200004f4        0x4 ./efm32zg_timer_HAL.o
                0x00000000200004f4                timer_cc0_ccvp_table
 .data.timer_cc1_ccvp_table
                0x00000000200004f8        0x4 ./efm32zg_timer_HAL.o
                0x00000000200004f8                timer_cc1_ccvp_table
 .data.timer_cc2_ccvp_table
                0x00000000200004fc        0x4 ./efm32zg_timer_HAL.o
                0x00000000200004fc                timer_cc2_ccvp_table
 .data.timer_cmd_table
                0x0000000020000500        0x4 ./efm32zg_timer_HAL.o
                0x0000000020000500                timer_cmd_table
 .data.timer_status_table
                0x0000000020000504        0x4 ./efm32zg_timer_HAL.o
                0x0000000020000504                timer_status_table
 .data.impure_data
                0x0000000020000508       0x60 /srv/code/toolchains/gnu_arm/7.2_2017q4/bin/../lib/gcc/arm-none-eabi/7.2.1/../../../../arm-none-eabi/lib/thumb/v6-m/libc_nano.a(lib_a-impure.o)
                0x0000000020000568                . = ALIGN (0x4)
 *(.ram)
                0x0000000020000568                . = ALIGN (0x4)
                0x0000000020000568                PROVIDE (__preinit_array_start, .)
 *(.preinit_array)
                0x0000000020000568                PROVIDE (__preinit_array_end, .)
                0x0000000020000568                . = ALIGN (0x4)
                0x0000000020000568                PROVIDE (__init_array_start, .)
 *(SORT_BY_NAME(.init_array.*))
 *(.init_array)
 .init_array    0x0000000020000568        0x4 /srv/code/toolchains/gnu_arm/7.2_2017q4/bin/../lib/gcc/arm-none-eabi/7.2.1/thumb/v6-m/crtbegin.o
                0x000000002000056c                PROVIDE (__init_array_end, .)
                0x000000002000056c                . = ALIGN (0x4)
                [!provide]                        PROVIDE (__fini_array_start, .)
 *(SORT_BY_NAME(.fini_array.*))
 *(.fini_array)
 .fini_array    0x000000002000056c        0x4 /srv/code/toolchains/gnu_arm/7.2_2017q4/bin/../lib/gcc/arm-none-eabi/7.2.1/thumb/v6-m/crtbegin.o
                [!provide]                        PROVIDE (__fini_array_end, .)
 *(.jcr*)
                0x0000000020000570                . = ALIGN (0x4)
                0x0000000020000570                __data_end__ = .

.igot.plt       0x0000000020000570        0x0 load address 0x0000000000003fc8
 .igot.plt      0x0000000020000570        0x0 /srv/code/toolchains/gnu_arm/7.2_2017q4/bin/../lib/gcc/arm-none-eabi/7.2.1/thumb/v6-m/crtbegin.o

.bss            0x0000000020000570  0x10206a8 load address 0x0000000000003fc8
                0x0000000020000570                . = ALIGN (0x4)
                0x0000000020000570                __bss_start__ = .
 *(.bss*)
 .bss           0x0000000020000570       0x1c /srv/code/toolchains/gnu_arm/7.2_2017q4/bin/../lib/gcc/arm-none-eabi/7.2.1/thumb/v6-m/crtbegin.o
 *(COMMON)
 COMMON         0x000000002000058c        0x8 ./efm32zg_app.o
                0x000000002000058c                timer0_ms_ticks
                0x000000002000058e                timer1_us_ticks
                0x0000000020000590                timer0_us_ticks
                0x0000000020000592                timer1_ms_ticks
 COMMON         0x0000000020000594       0x46 ./config_efm32zg222f32.o
                0x0000000020000594                usart_data
                0x00000000200005bc                usart_status
                0x00000000200005cc                usart_error
 *fill*         0x00000000200005da        0x6 
 COMMON         0x00000000200005e0  0x1020638 ./config_dw1000.o
                0x00000000200005e0                dw_devconf
                0x0000000020000708                dw_list
                0x0000000021020c18                . = ALIGN (0x4)
                0x0000000021020c18                __bss_end__ = .

.heap           0x0000000021020c18        0x0
                0x0000000021020c18                __HeapBase = .
                0x0000000021020c18                __end__ = .
                0x0000000021020c18                end = __end__
                0x0000000021020c18                _end = __end__
 *(.heap*)
 .heap          0x0000000021020c18        0x0 ./startup_efm32zg.o
                0x0000000021020c18                __HeapLimit = .

.stack_dummy    0x0000000021020c18      0x400
 *(.stack*)
 .stack         0x0000000021020c18      0x400 ./startup_efm32zg.o
                0x0000000020001000                __StackTop = (ORIGIN (RAM) + LENGTH (RAM))
                0x0000000020000c00                __StackLimit = (__StackTop - SIZEOF (.stack_dummy))
                0x0000000020001000                PROVIDE (__stack, __StackTop)
                0x0000000000000000                ASSERT ((__StackLimit >= __HeapLimit), region RAM overflowed with stack)
                0x0000000000000001                ASSERT ((LENGTH (FLASH) >= (__etext + SIZEOF (.data))), FLASH memory overflowed !)
OUTPUT(spongecake.axf elf32-littlearm)

.ARM.attributes
                0x0000000000000000       0x28
 .ARM.attributes
                0x0000000000000000       0x1e /srv/code/toolchains/gnu_arm/7.2_2017q4/bin/../lib/gcc/arm-none-eabi/7.2.1/thumb/v6-m/crti.o
 .ARM.attributes
                0x000000000000001e       0x2c /srv/code/toolchains/gnu_arm/7.2_2017q4/bin/../lib/gcc/arm-none-eabi/7.2.1/thumb/v6-m/crtbegin.o
 .ARM.attributes
                0x000000000000004a       0x1b /srv/code/toolchains/gnu_arm/7.2_2017q4/bin/../lib/gcc/arm-none-eabi/7.2.1/../../../../arm-none-eabi/lib/thumb/v6-m/crt0.o
 .ARM.attributes
                0x0000000000000065       0x1b ./startup_efm32zg.o
 .ARM.attributes
                0x0000000000000080       0x32 ./efm32zg_app.o
 .ARM.attributes
                0x00000000000000b2       0x32 ./mpi_usart.o
 .ARM.attributes
                0x00000000000000e4       0x32 ./config_efm32zg222f32.o
 .ARM.attributes
                0x0000000000000116       0x32 ./mpi_cmu.o
 .ARM.attributes
                0x0000000000000148       0x32 ./efm32zg_types_HAL.o
 .ARM.attributes
                0x000000000000017a       0x32 ./config_dw1000.o
 .ARM.attributes
                0x00000000000001ac       0x32 ./efm32zg_gpio_HAL.o
 .ARM.attributes
                0x00000000000001de       0x32 ./efm32zg_gpio_IO_HAL.o
 .ARM.attributes
                0x0000000000000210       0x32 ./mpi_gpio.o
 .ARM.attributes
                0x0000000000000242       0x32 ./efm32zg222f32_adaptor.o
 .ARM.attributes
                0x0000000000000274       0x32 ./system_efm32zg.o
 .ARM.attributes
                0x00000000000002a6       0x32 ./efm32zg_timer_HAL.o
 .ARM.attributes
                0x00000000000002d8       0x32 ./main.o
 .ARM.attributes
                0x000000000000030a       0x32 ./efm32zg_cmu_HAL.o
 .ARM.attributes
                0x000000000000033c       0x32 ./efm32zg_usart_IO_HAL.o
 .ARM.attributes
                0x000000000000036e       0x32 ./efm32zg_interrupts_HAL.o
 .ARM.attributes
                0x00000000000003a0       0x32 ./efm32zg_usart_HAL.o
 .ARM.attributes
                0x00000000000003d2       0x32 ./mpi_timer.o
 .ARM.attributes
                0x0000000000000404       0x2c /srv/code/toolchains/gnu_arm/7.2_2017q4/bin/../lib/gcc/arm-none-eabi/7.2.1/../../../../arm-none-eabi/lib/thumb/v6-m/libc_nano.a(lib_a-exit.o)
 .ARM.attributes
                0x0000000000000430       0x2c /srv/code/toolchains/gnu_arm/7.2_2017q4/bin/../lib/gcc/arm-none-eabi/7.2.1/../../../../arm-none-eabi/lib/thumb/v6-m/libc_nano.a(lib_a-impure.o)
 .ARM.attributes
                0x000000000000045c       0x2c /srv/code/toolchains/gnu_arm/7.2_2017q4/bin/../lib/gcc/arm-none-eabi/7.2.1/../../../../arm-none-eabi/lib/thumb/v6-m/libc_nano.a(lib_a-init.o)
 .ARM.attributes
                0x0000000000000488       0x2c /srv/code/toolchains/gnu_arm/7.2_2017q4/bin/../lib/gcc/arm-none-eabi/7.2.1/../../../../arm-none-eabi/lib/thumb/v6-m/libc_nano.a(lib_a-memset.o)
 .ARM.attributes
                0x00000000000004b4       0x2c /srv/code/toolchains/gnu_arm/7.2_2017q4/bin/../lib/gcc/arm-none-eabi/7.2.1/../../../../arm-none-eabi/lib/thumb/v6-m/libnosys.a(_exit.o)
 .ARM.attributes
                0x00000000000004e0       0x2c /srv/code/toolchains/gnu_arm/7.2_2017q4/bin/../lib/gcc/arm-none-eabi/7.2.1/thumb/v6-m/crtend.o
 .ARM.attributes
                0x000000000000050c       0x1e /srv/code/toolchains/gnu_arm/7.2_2017q4/bin/../lib/gcc/arm-none-eabi/7.2.1/thumb/v6-m/crtn.o

.comment        0x0000000000000000       0x7e
 .comment       0x0000000000000000       0x7e ./efm32zg_app.o
                                         0x7f (size before relaxing)
 .comment       0x000000000000007e       0x7f ./mpi_usart.o
 .comment       0x000000000000007e       0x7f ./config_efm32zg222f32.o
 .comment       0x000000000000007e       0x7f ./mpi_cmu.o
 .comment       0x000000000000007e       0x7f ./efm32zg_types_HAL.o
 .comment       0x000000000000007e       0x7f ./config_dw1000.o
 .comment       0x000000000000007e       0x7f ./efm32zg_gpio_HAL.o
 .comment       0x000000000000007e       0x7f ./efm32zg_gpio_IO_HAL.o
 .comment       0x000000000000007e       0x7f ./mpi_gpio.o
 .comment       0x000000000000007e       0x7f ./efm32zg222f32_adaptor.o
 .comment       0x000000000000007e       0x7f ./system_efm32zg.o
 .comment       0x000000000000007e       0x7f ./efm32zg_timer_HAL.o
 .comment       0x000000000000007e       0x7f ./main.o
 .comment       0x000000000000007e       0x7f ./efm32zg_cmu_HAL.o
 .comment       0x000000000000007e       0x7f ./efm32zg_usart_IO_HAL.o
 .comment       0x000000000000007e       0x7f ./efm32zg_interrupts_HAL.o
 .comment       0x000000000000007e       0x7f ./efm32zg_usart_HAL.o
 .comment       0x000000000000007e       0x7f ./mpi_timer.o

.debug_line     0x0000000000000000     0x4545
 .debug_line    0x0000000000000000       0xb5 ./startup_efm32zg.o
 .debug_line    0x00000000000000b5      0x398 ./efm32zg_app.o
 .debug_line    0x000000000000044d      0x12e ./mpi_usart.o
 .debug_line    0x000000000000057b      0x363 ./config_efm32zg222f32.o
 .debug_line    0x00000000000008de      0x11b ./mpi_cmu.o
 .debug_line    0x00000000000009f9      0x2b0 ./efm32zg_types_HAL.o
 .debug_line    0x0000000000000ca9      0x17e ./config_dw1000.o
 .debug_line    0x0000000000000e27      0x68b ./efm32zg_gpio_HAL.o
 .debug_line    0x00000000000014b2      0x34f ./efm32zg_gpio_IO_HAL.o
 .debug_line    0x0000000000001801      0x12d ./mpi_gpio.o
 .debug_line    0x000000000000192e      0x5f0 ./efm32zg222f32_adaptor.o
 .debug_line    0x0000000000001f1e      0x3c7 ./system_efm32zg.o
 .debug_line    0x00000000000022e5      0x6b6 ./efm32zg_timer_HAL.o
 .debug_line    0x000000000000299b      0x4d0 ./main.o
 .debug_line    0x0000000000002e6b      0x7bc ./efm32zg_cmu_HAL.o
 .debug_line    0x0000000000003627      0x52a ./efm32zg_usart_IO_HAL.o
 .debug_line    0x0000000000003b51      0x3c7 ./efm32zg_interrupts_HAL.o
 .debug_line    0x0000000000003f18      0x4ff ./efm32zg_usart_HAL.o
 .debug_line    0x0000000000004417      0x12e ./mpi_timer.o

.debug_info     0x0000000000000000    0x18e43
 .debug_info    0x0000000000000000       0x26 ./startup_efm32zg.o
 .debug_info    0x0000000000000026     0x21e5 ./efm32zg_app.o
 .debug_info    0x000000000000220b      0x1d5 ./mpi_usart.o
 .debug_info    0x00000000000023e0     0x2235 ./config_efm32zg222f32.o
 .debug_info    0x0000000000004615      0x170 ./mpi_cmu.o
 .debug_info    0x0000000000004785     0x1144 ./efm32zg_types_HAL.o
 .debug_info    0x00000000000058c9      0x953 ./config_dw1000.o
 .debug_info    0x000000000000621c     0x1d35 ./efm32zg_gpio_HAL.o
 .debug_info    0x0000000000007f51     0x13b6 ./efm32zg_gpio_IO_HAL.o
 .debug_info    0x0000000000009307      0x1eb ./mpi_gpio.o
 .debug_info    0x00000000000094f2     0x2ba9 ./efm32zg222f32_adaptor.o
 .debug_info    0x000000000000c09b      0xebf ./system_efm32zg.o
 .debug_info    0x000000000000cf5a     0x1ddf ./efm32zg_timer_HAL.o
 .debug_info    0x000000000000ed39     0x32e8 ./main.o
 .debug_info    0x0000000000012021     0x2109 ./efm32zg_cmu_HAL.o
 .debug_info    0x000000000001412a     0x1f13 ./efm32zg_usart_IO_HAL.o
 .debug_info    0x000000000001603d     0x140b ./efm32zg_interrupts_HAL.o
 .debug_info    0x0000000000017448     0x1842 ./efm32zg_usart_HAL.o
 .debug_info    0x0000000000018c8a      0x1b9 ./mpi_timer.o

.debug_abbrev   0x0000000000000000     0x23f7
 .debug_abbrev  0x0000000000000000       0x14 ./startup_efm32zg.o
 .debug_abbrev  0x0000000000000014      0x23b ./efm32zg_app.o
 .debug_abbrev  0x000000000000024f       0x9c ./mpi_usart.o
 .debug_abbrev  0x00000000000002eb      0x217 ./config_efm32zg222f32.o
 .debug_abbrev  0x0000000000000502       0x9c ./mpi_cmu.o
 .debug_abbrev  0x000000000000059e      0x1d5 ./efm32zg_types_HAL.o
 .debug_abbrev  0x0000000000000773      0x18e ./config_dw1000.o
 .debug_abbrev  0x0000000000000901      0x2a2 ./efm32zg_gpio_HAL.o
 .debug_abbrev  0x0000000000000ba3      0x262 ./efm32zg_gpio_IO_HAL.o
 .debug_abbrev  0x0000000000000e05       0xab ./mpi_gpio.o
 .debug_abbrev  0x0000000000000eb0      0x315 ./efm32zg222f32_adaptor.o
 .debug_abbrev  0x00000000000011c5      0x293 ./system_efm32zg.o
 .debug_abbrev  0x0000000000001458      0x26c ./efm32zg_timer_HAL.o
 .debug_abbrev  0x00000000000016c4      0x28a ./main.o
 .debug_abbrev  0x000000000000194e      0x26c ./efm32zg_cmu_HAL.o
 .debug_abbrev  0x0000000000001bba      0x2b0 ./efm32zg_usart_IO_HAL.o
 .debug_abbrev  0x0000000000001e6a      0x294 ./efm32zg_interrupts_HAL.o
 .debug_abbrev  0x00000000000020fe      0x25d ./efm32zg_usart_HAL.o
 .debug_abbrev  0x000000000000235b       0x9c ./mpi_timer.o

.debug_aranges  0x0000000000000000      0xa78
 .debug_aranges
                0x0000000000000000       0x20 ./startup_efm32zg.o
 .debug_aranges
                0x0000000000000020       0x20 ./efm32zg_app.o
 .debug_aranges
                0x0000000000000040       0x38 ./mpi_usart.o
 .debug_aranges
                0x0000000000000078       0x18 ./config_efm32zg222f32.o
 .debug_aranges
                0x0000000000000090       0x30 ./mpi_cmu.o
 .debug_aranges
                0x00000000000000c0       0x18 ./efm32zg_types_HAL.o
 .debug_aranges
                0x00000000000000d8       0x18 ./config_dw1000.o
 .debug_aranges
                0x00000000000000f0      0x1a8 ./efm32zg_gpio_HAL.o
 .debug_aranges
                0x0000000000000298       0x50 ./efm32zg_gpio_IO_HAL.o
 .debug_aranges
                0x00000000000002e8       0x38 ./mpi_gpio.o
 .debug_aranges
                0x0000000000000320       0x98 ./efm32zg222f32_adaptor.o
 .debug_aranges
                0x00000000000003b8       0x68 ./system_efm32zg.o
 .debug_aranges
                0x0000000000000420      0x1c0 ./efm32zg_timer_HAL.o
 .debug_aranges
                0x00000000000005e0       0x28 ./main.o
 .debug_aranges
                0x0000000000000608      0x230 ./efm32zg_cmu_HAL.o
 .debug_aranges
                0x0000000000000838       0xb8 ./efm32zg_usart_IO_HAL.o
 .debug_aranges
                0x00000000000008f0       0x48 ./efm32zg_interrupts_HAL.o
 .debug_aranges
                0x0000000000000938      0x108 ./efm32zg_usart_HAL.o
 .debug_aranges
                0x0000000000000a40       0x38 ./mpi_timer.o

.debug_str      0x0000000000000000     0x4507
 .debug_str     0x0000000000000000       0x9c ./startup_efm32zg.o
 .debug_str     0x000000000000009c     0x12c9 ./efm32zg_app.o
                                       0x14b5 (size before relaxing)
 .debug_str     0x0000000000001365      0x107 ./mpi_usart.o
                                        0x297 (size before relaxing)
 .debug_str     0x000000000000146c       0x62 ./config_efm32zg222f32.o
                                       0x14c5 (size before relaxing)
 .debug_str     0x00000000000014ce       0x8a ./mpi_cmu.o
                                        0x236 (size before relaxing)
 .debug_str     0x0000000000001558       0x35 ./efm32zg_types_HAL.o
                                        0x8fd (size before relaxing)
 .debug_str     0x000000000000158d      0x485 ./config_dw1000.o
                                        0x68b (size before relaxing)
 .debug_str     0x0000000000001a12      0x54b ./efm32zg_gpio_HAL.o
                                        0xef0 (size before relaxing)
 .debug_str     0x0000000000001f5d       0xcd ./efm32zg_gpio_IO_HAL.o
                                        0xa14 (size before relaxing)
 .debug_str     0x000000000000202a       0xc8 ./mpi_gpio.o
                                        0x28d (size before relaxing)
 .debug_str     0x00000000000020f2      0x3ae ./efm32zg222f32_adaptor.o
                                       0x17cf (size before relaxing)
 .debug_str     0x00000000000024a0      0x227 ./system_efm32zg.o
                                        0x7f6 (size before relaxing)
 .debug_str     0x00000000000026c7      0x5b4 ./efm32zg_timer_HAL.o
                                        0xf29 (size before relaxing)
 .debug_str     0x0000000000002c7b      0x8c3 ./main.o
                                       0x21fe (size before relaxing)
 .debug_str     0x000000000000353e      0x6fd ./efm32zg_cmu_HAL.o
                                       0x10e5 (size before relaxing)
 .debug_str     0x0000000000003c3b      0x431 ./efm32zg_usart_IO_HAL.o
                                       0x1091 (size before relaxing)
 .debug_str     0x000000000000406c       0xa4 ./efm32zg_interrupts_HAL.o
                                        0xaed (size before relaxing)
 .debug_str     0x0000000000004110      0x32b ./efm32zg_usart_HAL.o
                                        0xc7c (size before relaxing)
 .debug_str     0x000000000000443b       0xcc ./mpi_timer.o
                                        0x278 (size before relaxing)

.debug_loc      0x0000000000000000     0x3d04
 .debug_loc     0x0000000000000000       0x38 ./efm32zg_app.o
 .debug_loc     0x0000000000000038       0xe0 ./mpi_usart.o
 .debug_loc     0x0000000000000118       0xa8 ./mpi_cmu.o
 .debug_loc     0x00000000000001c0      0xae4 ./efm32zg_gpio_HAL.o
 .debug_loc     0x0000000000000ca4      0x188 ./efm32zg_gpio_IO_HAL.o
 .debug_loc     0x0000000000000e2c       0xe0 ./mpi_gpio.o
 .debug_loc     0x0000000000000f0c      0x382 ./efm32zg222f32_adaptor.o
 .debug_loc     0x000000000000128e      0x2b1 ./system_efm32zg.o
 .debug_loc     0x000000000000153f      0xb98 ./efm32zg_timer_HAL.o
 .debug_loc     0x00000000000020d7       0x65 ./main.o
 .debug_loc     0x000000000000213c      0xea8 ./efm32zg_cmu_HAL.o
 .debug_loc     0x0000000000002fe4      0x460 ./efm32zg_usart_IO_HAL.o
 .debug_loc     0x0000000000003444      0x150 ./efm32zg_interrupts_HAL.o
 .debug_loc     0x0000000000003594      0x690 ./efm32zg_usart_HAL.o
 .debug_loc     0x0000000000003c24       0xe0 ./mpi_timer.o

.debug_ranges   0x0000000000000000      0xa00
 .debug_ranges  0x0000000000000000       0x10 ./efm32zg_app.o
 .debug_ranges  0x0000000000000010       0x28 ./mpi_usart.o
 .debug_ranges  0x0000000000000038       0x20 ./mpi_cmu.o
 .debug_ranges  0x0000000000000058      0x198 ./efm32zg_gpio_HAL.o
 .debug_ranges  0x00000000000001f0       0x40 ./efm32zg_gpio_IO_HAL.o
 .debug_ranges  0x0000000000000230       0x28 ./mpi_gpio.o
 .debug_ranges  0x0000000000000258       0x88 ./efm32zg222f32_adaptor.o
 .debug_ranges  0x00000000000002e0      0x138 ./system_efm32zg.o
 .debug_ranges  0x0000000000000418      0x1b0 ./efm32zg_timer_HAL.o
 .debug_ranges  0x00000000000005c8       0x18 ./main.o
 .debug_ranges  0x00000000000005e0      0x220 ./efm32zg_cmu_HAL.o
 .debug_ranges  0x0000000000000800       0xa8 ./efm32zg_usart_IO_HAL.o
 .debug_ranges  0x00000000000008a8       0x38 ./efm32zg_interrupts_HAL.o
 .debug_ranges  0x00000000000008e0       0xf8 ./efm32zg_usart_HAL.o
 .debug_ranges  0x00000000000009d8       0x28 ./mpi_timer.o

.debug_frame    0x0000000000000000     0x238c
 .debug_frame   0x0000000000000000       0x30 ./efm32zg_app.o
 .debug_frame   0x0000000000000030       0x90 ./mpi_usart.o
 .debug_frame   0x00000000000000c0       0x70 ./mpi_cmu.o
 .debug_frame   0x0000000000000130      0x64c ./efm32zg_gpio_HAL.o
 .debug_frame   0x000000000000077c       0xf0 ./efm32zg_gpio_IO_HAL.o
 .debug_frame   0x000000000000086c       0x90 ./mpi_gpio.o
 .debug_frame   0x00000000000008fc      0x210 ./efm32zg222f32_adaptor.o
 .debug_frame   0x0000000000000b0c       0xc0 ./system_efm32zg.o
 .debug_frame   0x0000000000000bcc      0x6b0 ./efm32zg_timer_HAL.o
 .debug_frame   0x000000000000127c       0x4c ./main.o
 .debug_frame   0x00000000000012c8      0x870 ./efm32zg_cmu_HAL.o
 .debug_frame   0x0000000000001b38      0x290 ./efm32zg_usart_IO_HAL.o
 .debug_frame   0x0000000000001dc8       0xd0 ./efm32zg_interrupts_HAL.o
 .debug_frame   0x0000000000001e98      0x3d0 ./efm32zg_usart_HAL.o
 .debug_frame   0x0000000000002268       0x90 ./mpi_timer.o
 .debug_frame   0x00000000000022f8       0x28 /srv/code/toolchains/gnu_arm/7.2_2017q4/bin/../lib/gcc/arm-none-eabi/7.2.1/../../../../arm-none-eabi/lib/thumb/v6-m/libc_nano.a(lib_a-exit.o)
 .debug_frame   0x0000000000002320       0x2c /srv/code/toolchains/gnu_arm/7.2_2017q4/bin/../lib/gcc/arm-none-eabi/7.2.1/../../../../arm-none-eabi/lib/thumb/v6-m/libc_nano.a(lib_a-init.o)
 .debug_frame   0x000000000000234c       0x20 /srv/code/toolchains/gnu_arm/7.2_2017q4/bin/../lib/gcc/arm-none-eabi/7.2.1/../../../../arm-none-eabi/lib/thumb/v6-m/libc_nano.a(lib_a-memset.o)
 .debug_frame   0x000000000000236c       0x20 /srv/code/toolchains/gnu_arm/7.2_2017q4/bin/../lib/gcc/arm-none-eabi/7.2.1/../../../../arm-none-eabi/lib/thumb/v6-m/libnosys.a(_exit.o)
