Archive member included to satisfy reference by file (symbol)

/usr/lib/gcc/arm-none-eabi/9.1.0/libgcc.a(_arm_muldf3.o)
                              ./dw1000_tofCalcs.o (__aeabi_dmul)
/usr/lib/gcc/arm-none-eabi/9.1.0/libgcc.a(_udivsi3.o)
                              ./dw1000_tofCalcs.o (__aeabi_uidiv)
/usr/lib/gcc/arm-none-eabi/9.1.0/libgcc.a(_dvmd_tls.o)
                              /usr/lib/gcc/arm-none-eabi/9.1.0/libgcc.a(_udivsi3.o) (__aeabi_idiv0)
/usr/lib/gcc/arm-none-eabi/9.1.0/libgcc.a(_arm_addsubdf3.o)
                              ./dw1000_tofCalcs.o (__aeabi_ui2d)
/usr/lib/gcc/arm-none-eabi/9.1.0/libgcc.a(_arm_truncdfsf2.o)
                              ./dw1000_tofCalcs.o (__aeabi_d2f)
/usr/lib/gcc/arm-none-eabi/9.1.0/libgcc.a(_arm_cmpsf2.o)
                              ./dw1000_tofCalcs.o (__aeabi_fcmple)
/usr/arm-none-eabi/lib/thumb/v6-m/nofp/libc_nano.a(lib_a-atexit.o)
                              /usr/lib/gcc/arm-none-eabi/9.1.0/../../../../arm-none-eabi/lib/crt0.o (atexit)
/usr/arm-none-eabi/lib/thumb/v6-m/nofp/libc_nano.a(lib_a-exit.o)
                              /usr/lib/gcc/arm-none-eabi/9.1.0/../../../../arm-none-eabi/lib/crt0.o (exit)
/usr/arm-none-eabi/lib/thumb/v6-m/nofp/libc_nano.a(lib_a-fini.o)
                              /usr/lib/gcc/arm-none-eabi/9.1.0/../../../../arm-none-eabi/lib/crt0.o (__libc_fini_array)
/usr/arm-none-eabi/lib/thumb/v6-m/nofp/libc_nano.a(lib_a-impure.o)
                              /usr/arm-none-eabi/lib/thumb/v6-m/nofp/libc_nano.a(lib_a-exit.o) (_global_impure_ptr)
/usr/arm-none-eabi/lib/thumb/v6-m/nofp/libc_nano.a(lib_a-init.o)
                              /usr/lib/gcc/arm-none-eabi/9.1.0/../../../../arm-none-eabi/lib/crt0.o (__libc_init_array)
/usr/arm-none-eabi/lib/thumb/v6-m/nofp/libc_nano.a(lib_a-memcpy-stub.o)
                              ./dw1000_nodeMgmt.o (memcpy)
/usr/arm-none-eabi/lib/thumb/v6-m/nofp/libc_nano.a(lib_a-memset.o)
                              /usr/lib/gcc/arm-none-eabi/9.1.0/../../../../arm-none-eabi/lib/crt0.o (memset)
/usr/arm-none-eabi/lib/thumb/v6-m/nofp/libc_nano.a(lib_a-__atexit.o)
                              /usr/arm-none-eabi/lib/thumb/v6-m/nofp/libc_nano.a(lib_a-atexit.o) (__register_exitproc)
/usr/arm-none-eabi/lib/thumb/v6-m/nofp/libc_nano.a(lib_a-__call_atexit.o)
                              /usr/arm-none-eabi/lib/thumb/v6-m/nofp/libc_nano.a(lib_a-__atexit.o) (__call_exitprocs)
/usr/arm-none-eabi/lib/thumb/v6-m/nofp/libnosys.a(_exit.o)
                              /usr/arm-none-eabi/lib/thumb/v6-m/nofp/libc_nano.a(lib_a-exit.o) (_exit)

Allocating common symbols
Common symbol       size              file

dw_devconf          0x124             ./config_dw1000.o
SystemCoreClock     0x4               ./system_efm32zg.o
usart_data          0x28              ./config_efm32zg222f32.o
usart_status        0xd               ./config_efm32zg222f32.o
timer_periphconf    0x5c              ./config_efm32zg222f32.o
venus_response      0x190             ./config_venus638.o
usart_frameconf_rwc
                    0xc               ./efm32zg222f32_adaptor.o
dw_status           0x4               ./dw1000_types.o
usart_error         0xe               ./config_efm32zg222f32.o
transmitBuffer      0x3               ./efm32zg222f32_adaptor.o
venus_nmea          0x188             ./config_venus638.o
regid               0x1               ./dw1000_buildMAC.o
venus_config        0xa0              ./config_venus638.o
venus_message       0x2818            ./config_venus638.o
receiveBuffer       0x3               ./efm32zg222f32_adaptor.o

Discarded input sections

 .text          0x0000000000000000        0x0 /usr/lib/gcc/arm-none-eabi/9.1.0/crti.o
 .data          0x0000000000000000        0x0 /usr/lib/gcc/arm-none-eabi/9.1.0/crti.o
 .bss           0x0000000000000000        0x0 /usr/lib/gcc/arm-none-eabi/9.1.0/crti.o
 .text          0x0000000000000000        0x0 /usr/lib/gcc/arm-none-eabi/9.1.0/crtbegin.o
 .data          0x0000000000000000        0x0 /usr/lib/gcc/arm-none-eabi/9.1.0/crtbegin.o
 .bss           0x0000000000000000        0x0 /usr/lib/gcc/arm-none-eabi/9.1.0/crtbegin.o
 .data.__dso_handle
                0x0000000000000000        0x4 /usr/lib/gcc/arm-none-eabi/9.1.0/crtbegin.o
 .data          0x0000000000000000        0x0 /usr/lib/gcc/arm-none-eabi/9.1.0/../../../../arm-none-eabi/lib/crt0.o
 .bss           0x0000000000000000        0x0 /usr/lib/gcc/arm-none-eabi/9.1.0/../../../../arm-none-eabi/lib/crt0.o
 .ARM.extab     0x0000000000000000        0x0 /usr/lib/gcc/arm-none-eabi/9.1.0/../../../../arm-none-eabi/lib/crt0.o
 .text          0x0000000000000000        0x0 ./dw1000_types.o
 .data          0x0000000000000000        0x0 ./dw1000_types.o
 .bss           0x0000000000000000        0x0 ./dw1000_types.o
 .data.dw_frame_ctrl_table
                0x0000000000000000        0x6 ./dw1000_types.o
 .rodata.dw_fn_code_table
                0x0000000000000000       0x18 ./dw1000_types.o
 .data.dw_decode_build_table
[...]
Memory Configuration

Name             Origin             Length             Attributes
FLASH            0x0000000000000000 0x0000000000008000 xr
RAM              0x0000000020000000 0x0000000000001000 xrw
*default*        0x0000000000000000 0xffffffffffffffff

Linker script and memory map

LOAD /usr/lib/gcc/arm-none-eabi/9.1.0/crti.o
LOAD /usr/lib/gcc/arm-none-eabi/9.1.0/crtbegin.o
LOAD /usr/lib/gcc/arm-none-eabi/9.1.0/../../../../arm-none-eabi/lib/crt0.o
LOAD ./dw1000_types.o
LOAD ./dw1000_nodeMgmt.o
LOAD ./startup_efm32zg.o
LOAD ./mpi_usart.o
LOAD ./mpi_ext_dev.o
LOAD ./config_efm32zg222f32.o
LOAD ./mpi_cmu.o
LOAD ./efm32zg_types_HAL.o
LOAD ./config_dw1000.o
LOAD ./dw1000_commRxTx.o
LOAD ./efm32zg_gpio_HAL.o
LOAD ./dw1000_tofCalcs.o
LOAD ./efm32zg_gpio_IO_HAL.o
LOAD ./config_venus638.o
LOAD ./mpi_gpio.o
LOAD ./efm32zg222f32_adaptor.o
LOAD ./system_efm32zg.o
LOAD ./venus638_adaptor.o
LOAD ./config_example.o
LOAD ./dw1000_adaptor.o
LOAD ./STK3200_config.o
LOAD ./dw1000_decodeMAC.o
LOAD ./efm32zg_timer_HAL.o
LOAD ./main.o
LOAD ./dw1000_buildMAC.o
LOAD ./efm32zg_cmu_HAL.o
LOAD ./venus638.o
LOAD ./efm32zg_usart_IO_HAL.o
LOAD ./efm32zg_interrupts_HAL.o
LOAD ./efm32zg_usart_HAL.o
LOAD ./mpi_timer.o
START GROUP
LOAD /usr/lib/gcc/arm-none-eabi/9.1.0/libgcc.a
LOAD /usr/arm-none-eabi/lib/thumb/v6-m/nofp/libc_nano.a
LOAD /usr/arm-none-eabi/lib/thumb/v6-m/nofp/libnosys.a
END GROUP
START GROUP
LOAD /usr/lib/gcc/arm-none-eabi/9.1.0/libgcc.a
LOAD /usr/arm-none-eabi/lib/thumb/v6-m/nofp/libc_nano.a
END GROUP
START GROUP
LOAD /usr/lib/gcc/arm-none-eabi/9.1.0/libgcc.a
LOAD /usr/arm-none-eabi/lib/thumb/v6-m/nofp/libc_nano.a
END GROUP
LOAD /usr/lib/gcc/arm-none-eabi/9.1.0/crtend.o
LOAD /usr/lib/gcc/arm-none-eabi/9.1.0/crtn.o

.text           0x0000000000000000      0x538
 *(.vectors)
 .vectors       0x0000000000000000       0x8c ./startup_efm32zg.o
                0x0000000000000000                __Vectors
                0x000000000000008c                __Vectors_End = .
                0x000000000000008c                __Vectors_Size = (__Vectors_End - __Vectors)
                0x0000000020000118                __end__ = .
 *(.text*)
 .text.__do_global_dtors_aux
                0x000000000000008c       0x44 /usr/lib/gcc/arm-none-eabi/9.1.0/crtbegin.o
 .text.frame_dummy
                0x00000000000000d0       0x30 /usr/lib/gcc/arm-none-eabi/9.1.0/crtbegin.o
 .text          0x0000000000000100      0x104 /usr/lib/gcc/arm-none-eabi/9.1.0/../../../../arm-none-eabi/lib/crt0.o
                0x0000000000000100                _mainCRTStartup
                0x0000000000000100                _start
 .text          0x0000000000000204       0x30 ./startup_efm32zg.o
                0x0000000000000204                Reset_Handler
                0x0000000000000230                I2C0_IRQHandler
                0x0000000000000230                HardFault_Handler
                0x0000000000000230                SysTick_Handler
                0x0000000000000230                USART1_RX_IRQHandler
                0x0000000000000230                PendSV_Handler
                0x0000000000000230                NMI_Handler
                0x0000000000000230                USART1_TX_IRQHandler
                0x0000000000000230                MSC_IRQHandler
                0x0000000000000230                ADC0_IRQHandler
                0x0000000000000230                LEUART0_IRQHandler
                0x0000000000000230                GPIO_EVEN_IRQHandler
                0x0000000000000230                RTC_IRQHandler
                0x0000000000000230                TIMER0_IRQHandler
                0x0000000000000230                TIMER1_IRQHandler
                0x0000000000000230                Default_Handler
                0x0000000000000230                PCNT0_IRQHandler
                0x0000000000000230                ACMP0_IRQHandler
                0x0000000000000230                SVC_Handler
                0x0000000000000230                CMU_IRQHandler
                0x0000000000000230                GPIO_ODD_IRQHandler
                0x0000000000000230                AES_IRQHandler
                0x0000000000000230                VCMP_IRQHandler
                0x0000000000000230                DMA_IRQHandler
 .text.SystemInit
                0x0000000000000234        0x4 ./system_efm32zg.o
                0x0000000000000234                SystemInit
 .text.CHIP_Init
                0x0000000000000238        0xa ./main.o
 *fill*         0x0000000000000242        0x2 
 .text.main     0x0000000000000244       0x64 ./main.o
                0x0000000000000244                main
 .text.atexit   0x00000000000002a8       0x10 /usr/arm-none-eabi/lib/thumb/v6-m/nofp/libc_nano.a(lib_a-atexit.o)
                0x00000000000002a8                atexit
 .text.exit     0x00000000000002b8       0x2c /usr/arm-none-eabi/lib/thumb/v6-m/nofp/libc_nano.a(lib_a-exit.o)
                0x00000000000002b8                exit
 .text.__libc_fini_array
                0x00000000000002e4       0x28 /usr/arm-none-eabi/lib/thumb/v6-m/nofp/libc_nano.a(lib_a-fini.o)
                0x00000000000002e4                __libc_fini_array
 .text.__libc_init_array
                0x000000000000030c       0x48 /usr/arm-none-eabi/lib/thumb/v6-m/nofp/libc_nano.a(lib_a-init.o)
                0x000000000000030c                __libc_init_array
 .text.memset   0x0000000000000354       0x10 /usr/arm-none-eabi/lib/thumb/v6-m/nofp/libc_nano.a(lib_a-memset.o)
                0x0000000000000354                memset
 .text.__register_exitproc
                0x0000000000000364       0xa8 /usr/arm-none-eabi/lib/thumb/v6-m/nofp/libc_nano.a(lib_a-__atexit.o)
                0x0000000000000364                __register_exitproc
 .text.__call_exitprocs
                0x000000000000040c       0x9c /usr/arm-none-eabi/lib/thumb/v6-m/nofp/libc_nano.a(lib_a-__call_atexit.o)
                0x000000000000040c                __call_exitprocs
 .text._exit    0x00000000000004a8        0x4 /usr/arm-none-eabi/lib/thumb/v6-m/nofp/libnosys.a(_exit.o)
                0x00000000000004a8                _exit
 *(.init)
 .init          0x00000000000004ac        0xc /usr/lib/gcc/arm-none-eabi/9.1.0/crti.o
                0x00000000000004ac                _init
 .init          0x00000000000004b8        0xc /usr/lib/gcc/arm-none-eabi/9.1.0/crtn.o
 *(.fini)
 .fini          0x00000000000004c4        0xc /usr/lib/gcc/arm-none-eabi/9.1.0/crti.o
                0x00000000000004c4                _fini
 .fini          0x00000000000004d0        0xc /usr/lib/gcc/arm-none-eabi/9.1.0/crtn.o
 *fill*         0x00000000000004dc        0x4 
 .fini.__stub   0x00000000000004e0       0x3c linker stubs
 *crtbegin.o(.ctors)
 *crtbegin?.o(.ctors)
 *(EXCLUDE_FILE(*crtend.o *crtend?.o) .ctors)
 *(SORT_BY_NAME(.ctors.*))
 *(.ctors)
 *crtbegin.o(.dtors)
 *crtbegin?.o(.dtors)
 *(EXCLUDE_FILE(*crtend.o *crtend?.o) .dtors)
 *(SORT_BY_NAME(.dtors.*))
 *(.dtors)
 *(.rodata*)
 .rodata._global_impure_ptr
                0x0000000000000530        0x4 /usr/arm-none-eabi/lib/thumb/v6-m/nofp/libc_nano.a(lib_a-impure.o)
                0x0000000000000530                _global_impure_ptr
 *(.eh_frame*)
 .eh_frame      0x0000000000000534        0x0 /usr/lib/gcc/arm-none-eabi/9.1.0/crtbegin.o
 .eh_frame      0x0000000000000534        0x4 /usr/lib/gcc/arm-none-eabi/9.1.0/crtend.o

.glue_7         0x0000000000000538        0x0
 .glue_7        0x0000000000000538        0x0 linker stubs

.glue_7t        0x0000000000000538        0x0
 .glue_7t       0x0000000000000538        0x0 linker stubs

.vfp11_veneer   0x0000000000000538        0x0
 .vfp11_veneer  0x0000000000000538        0x0 linker stubs

.v4_bx          0x0000000000000538        0x0
 .v4_bx         0x0000000000000538        0x0 linker stubs

.iplt           0x0000000000000538        0x0
 .iplt          0x0000000000000538        0x0 /usr/lib/gcc/arm-none-eabi/9.1.0/crtbegin.o

.ARM.extab
 *(.ARM.extab* .gnu.linkonce.armextab.*)
                0x0000000000000538                __exidx_start = .

.ARM.exidx      0x0000000000000538        0x8
 *(.ARM.exidx* .gnu.linkonce.armexidx.*)
 .ARM.exidx     0x0000000000000538        0x8 /usr/lib/gcc/arm-none-eabi/9.1.0/../../../../arm-none-eabi/lib/crt0.o
                0x0000000000000540                __exidx_end = .
                0x0000000000000540                __etext = .

.rel.dyn        0x0000000000000540        0x0
 .rel.iplt      0x0000000000000540        0x0 /usr/lib/gcc/arm-none-eabi/9.1.0/crtbegin.o

.data           0x0000000020000000       0x68 load address 0x0000000000000540
                0x0000000020000000                __data_start__ = .
 *(vtable)
 *(.data*)
 .data.impure_data
                0x0000000020000000       0x60 /usr/arm-none-eabi/lib/thumb/v6-m/nofp/libc_nano.a(lib_a-impure.o)
                0x0000000020000060                . = ALIGN (0x4)
 *(.ram)
                0x0000000020000060                . = ALIGN (0x4)
                0x0000000020000060                PROVIDE (__preinit_array_start = .)
 *(.preinit_array)
                0x0000000020000060                PROVIDE (__preinit_array_end = .)
                0x0000000020000060                . = ALIGN (0x4)
                0x0000000020000060                PROVIDE (__init_array_start = .)
 *(SORT_BY_NAME(.init_array.*))
 *(.init_array)
 .init_array    0x0000000020000060        0x4 /usr/lib/gcc/arm-none-eabi/9.1.0/crtbegin.o
                0x0000000020000064                PROVIDE (__init_array_end = .)
                0x0000000020000064                . = ALIGN (0x4)
                0x0000000020000064                PROVIDE (__fini_array_start = .)
 *(SORT_BY_NAME(.fini_array.*))
 *(.fini_array)
 .fini_array    0x0000000020000064        0x4 /usr/lib/gcc/arm-none-eabi/9.1.0/crtbegin.o
                0x0000000020000068                PROVIDE (__fini_array_end = .)
 *(.jcr*)
                0x0000000020000068                . = ALIGN (0x4)
                0x0000000020000068                __data_end__ = .

.igot.plt       0x0000000020000068        0x0 load address 0x00000000000005a8
 .igot.plt      0x0000000020000068        0x0 /usr/lib/gcc/arm-none-eabi/9.1.0/crtbegin.o

.bss            0x0000000020000068       0xac load address 0x00000000000005a8
                0x0000000020000068                . = ALIGN (0x4)
                0x0000000020000068                __bss_start__ = .
 *(.bss*)
 .bss.completed.8888
                0x0000000020000068        0x1 /usr/lib/gcc/arm-none-eabi/9.1.0/crtbegin.o
 *fill*         0x0000000020000069        0x3 
 .bss.object.8893
                0x000000002000006c       0x18 /usr/lib/gcc/arm-none-eabi/9.1.0/crtbegin.o
 .bss._global_atexit0
                0x0000000020000084       0x8c /usr/arm-none-eabi/lib/thumb/v6-m/nofp/libc_nano.a(lib_a-__atexit.o)
 .bss._global_atexit
                0x0000000020000110        0x4 /usr/arm-none-eabi/lib/thumb/v6-m/nofp/libc_nano.a(lib_a-__call_atexit.o)
                0x0000000020000110                _global_atexit
 *(COMMON)
                0x0000000020000114                . = ALIGN (0x4)
                0x0000000020000114                __bss_end__ = .

.heap           0x0000000020000118        0x0
                0x0000000020000118                __HeapBase = .
                0x0000000020000118                __end__ = .
                0x0000000020000118                end = __end__
                0x0000000020000118                _end = __end__
 *(.heap*)
 .heap          0x0000000020000118        0x0 ./startup_efm32zg.o
                0x0000000020000118                __HeapLimit = .

.stack_dummy    0x0000000020000118      0x400
 *(.stack*)
 .stack         0x0000000020000118      0x400 ./startup_efm32zg.o
                0x0000000020001000                __StackTop = (ORIGIN (RAM) + LENGTH (RAM))
                0x0000000020000c00                __StackLimit = (__StackTop - SIZEOF (.stack_dummy))
                0x0000000020001000                PROVIDE (__stack = __StackTop)
                0x0000000000000001                ASSERT ((__StackLimit >= __HeapLimit), region RAM overflowed with stack)
                0x0000000000000001                ASSERT ((LENGTH (FLASH) >= (__etext + SIZEOF (.data))), FLASH memory overflowed !)
OUTPUT(spongecake.axf elf32-littlearm)

.ARM.attributes
                0x0000000000000000       0x2d
 .ARM.attributes
                0x0000000000000000       0x1c /usr/lib/gcc/arm-none-eabi/9.1.0/crti.o
 .ARM.attributes
                0x000000000000001c       0x2a /usr/lib/gcc/arm-none-eabi/9.1.0/crtbegin.o
 .ARM.attributes
                0x0000000000000046       0x1a /usr/lib/gcc/arm-none-eabi/9.1.0/../../../../arm-none-eabi/lib/crt0.o
 .ARM.attributes
                0x0000000000000060       0x1b ./startup_efm32zg.o
 .ARM.attributes
                0x000000000000007b       0x2c ./system_efm32zg.o
 .ARM.attributes
                0x00000000000000a7       0x2c ./main.o
 .ARM.attributes
                0x00000000000000d3       0x2c /usr/arm-none-eabi/lib/thumb/v6-m/nofp/libc_nano.a(lib_a-atexit.o)
 .ARM.attributes
                0x00000000000000ff       0x2c /usr/arm-none-eabi/lib/thumb/v6-m/nofp/libc_nano.a(lib_a-exit.o)
 .ARM.attributes
                0x000000000000012b       0x2c /usr/arm-none-eabi/lib/thumb/v6-m/nofp/libc_nano.a(lib_a-fini.o)
 .ARM.attributes
                0x0000000000000157       0x2c /usr/arm-none-eabi/lib/thumb/v6-m/nofp/libc_nano.a(lib_a-impure.o)
 .ARM.attributes
                0x0000000000000183       0x2c /usr/arm-none-eabi/lib/thumb/v6-m/nofp/libc_nano.a(lib_a-init.o)
 .ARM.attributes
                0x00000000000001af       0x2c /usr/arm-none-eabi/lib/thumb/v6-m/nofp/libc_nano.a(lib_a-memset.o)
 .ARM.attributes
                0x00000000000001db       0x2c /usr/arm-none-eabi/lib/thumb/v6-m/nofp/libc_nano.a(lib_a-__atexit.o)
 .ARM.attributes
                0x0000000000000207       0x2c /usr/arm-none-eabi/lib/thumb/v6-m/nofp/libc_nano.a(lib_a-__call_atexit.o)
 .ARM.attributes
                0x0000000000000233       0x2c /usr/arm-none-eabi/lib/thumb/v6-m/nofp/libnosys.a(_exit.o)
 .ARM.attributes
                0x000000000000025f       0x30 /usr/lib/gcc/arm-none-eabi/9.1.0/crtend.o
 .ARM.attributes
                0x000000000000028f       0x1c /usr/lib/gcc/arm-none-eabi/9.1.0/crtn.o

.comment        0x0000000000000000       0x1d
 .comment       0x0000000000000000       0x1d ./system_efm32zg.o
                                         0x1e (size before relaxing)
 .comment       0x000000000000001d       0x1e ./main.o

.debug_line     0x0000000000000000      0x93c
 .debug_line    0x0000000000000000       0xaa ./startup_efm32zg.o
 .debug_line    0x00000000000000aa      0x4d0 ./system_efm32zg.o
 .debug_line    0x000000000000057a      0x3c2 ./main.o

.debug_info     0x0000000000000000     0x4058
 .debug_info    0x0000000000000000       0x26 ./startup_efm32zg.o
 .debug_info    0x0000000000000026      0xf2d ./system_efm32zg.o
 .debug_info    0x0000000000000f53     0x3105 ./main.o

.debug_abbrev   0x0000000000000000      0x58f
 .debug_abbrev  0x0000000000000000       0x14 ./startup_efm32zg.o
 .debug_abbrev  0x0000000000000014      0x2c8 ./system_efm32zg.o
 .debug_abbrev  0x00000000000002dc      0x2b3 ./main.o

.debug_aranges  0x0000000000000000       0xb0
 .debug_aranges
                0x0000000000000000       0x20 ./startup_efm32zg.o
 .debug_aranges
                0x0000000000000020       0x68 ./system_efm32zg.o
 .debug_aranges
                0x0000000000000088       0x28 ./main.o

.debug_str      0x0000000000000000     0x1f21
 .debug_str     0x0000000000000000       0x8e ./startup_efm32zg.o
 .debug_str     0x000000000000008e      0x709 ./system_efm32zg.o
                                        0x7a5 (size before relaxing)
 .debug_str     0x0000000000000797     0x178a ./main.o
                                       0x1e4b (size before relaxing)

.debug_loc      0x0000000000000000      0x2ba
 .debug_loc     0x0000000000000000      0x256 ./system_efm32zg.o
 .debug_loc     0x0000000000000256       0x64 ./main.o

.debug_ranges   0x0000000000000000      0x168
 .debug_ranges  0x0000000000000000      0x150 ./system_efm32zg.o
 .debug_ranges  0x0000000000000150       0x18 ./main.o

.debug_frame    0x0000000000000000      0x258
 .debug_frame   0x0000000000000000       0xc0 ./system_efm32zg.o
 .debug_frame   0x00000000000000c0       0x4c ./main.o
 .debug_frame   0x000000000000010c       0x28 /usr/arm-none-eabi/lib/thumb/v6-m/nofp/libc_nano.a(lib_a-atexit.o)
 .debug_frame   0x0000000000000134       0x28 /usr/arm-none-eabi/lib/thumb/v6-m/nofp/libc_nano.a(lib_a-exit.o)
 .debug_frame   0x000000000000015c       0x2c /usr/arm-none-eabi/lib/thumb/v6-m/nofp/libc_nano.a(lib_a-fini.o)
 .debug_frame   0x0000000000000188       0x2c /usr/arm-none-eabi/lib/thumb/v6-m/nofp/libc_nano.a(lib_a-init.o)
 .debug_frame   0x00000000000001b4       0x20 /usr/arm-none-eabi/lib/thumb/v6-m/nofp/libc_nano.a(lib_a-memset.o)
 .debug_frame   0x00000000000001d4       0x30 /usr/arm-none-eabi/lib/thumb/v6-m/nofp/libc_nano.a(lib_a-__atexit.o)
 .debug_frame   0x0000000000000204       0x34 /usr/arm-none-eabi/lib/thumb/v6-m/nofp/libc_nano.a(lib_a-__call_atexit.o)
 .debug_frame   0x0000000000000238       0x20 /usr/arm-none-eabi/lib/thumb/v6-m/nofp/libnosys.a(_exit.o)
