Archive member included to satisfy reference by file (symbol)

/home/access/code/toolchains/gnu_arm/7.2_2017q4/bin/../lib/gcc/arm-none-eabi/7.2.1/thumb/v6-m/libgcc.a(_udivsi3.o)
                              ./dw1000_tofCalcs.o (__aeabi_uidiv)
/home/access/code/toolchains/gnu_arm/7.2_2017q4/bin/../lib/gcc/arm-none-eabi/7.2.1/thumb/v6-m/libgcc.a(_dvmd_tls.o)
                              /home/access/code/toolchains/gnu_arm/7.2_2017q4/bin/../lib/gcc/arm-none-eabi/7.2.1/thumb/v6-m/libgcc.a(_udivsi3.o) (__aeabi_idiv0)
/home/access/code/toolchains/gnu_arm/7.2_2017q4/bin/../lib/gcc/arm-none-eabi/7.2.1/thumb/v6-m/libgcc.a(muldf3.o)
                              ./dw1000_tofCalcs.o (__aeabi_dmul)
/home/access/code/toolchains/gnu_arm/7.2_2017q4/bin/../lib/gcc/arm-none-eabi/7.2.1/thumb/v6-m/libgcc.a(floatunsidf.o)
                              ./dw1000_tofCalcs.o (__aeabi_ui2d)
/home/access/code/toolchains/gnu_arm/7.2_2017q4/bin/../lib/gcc/arm-none-eabi/7.2.1/thumb/v6-m/libgcc.a(truncdfsf2.o)
                              ./dw1000_tofCalcs.o (__aeabi_d2f)
/home/access/code/toolchains/gnu_arm/7.2_2017q4/bin/../lib/gcc/arm-none-eabi/7.2.1/thumb/v6-m/libgcc.a(_clzsi2.o)
                              /home/access/code/toolchains/gnu_arm/7.2_2017q4/bin/../lib/gcc/arm-none-eabi/7.2.1/thumb/v6-m/libgcc.a(muldf3.o) (__clzsi2)
/home/access/code/toolchains/gnu_arm/7.2_2017q4/bin/../lib/gcc/arm-none-eabi/7.2.1/../../../../arm-none-eabi/lib/thumb/v6-m/libc_nano.a(lib_a-exit.o)
                              /home/access/code/toolchains/gnu_arm/7.2_2017q4/bin/../lib/gcc/arm-none-eabi/7.2.1/../../../../arm-none-eabi/lib/thumb/v6-m/crt0.o (exit)
/home/access/code/toolchains/gnu_arm/7.2_2017q4/bin/../lib/gcc/arm-none-eabi/7.2.1/../../../../arm-none-eabi/lib/thumb/v6-m/libc_nano.a(lib_a-impure.o)
                              /home/access/code/toolchains/gnu_arm/7.2_2017q4/bin/../lib/gcc/arm-none-eabi/7.2.1/../../../../arm-none-eabi/lib/thumb/v6-m/libc_nano.a(lib_a-exit.o) (_global_impure_ptr)
/home/access/code/toolchains/gnu_arm/7.2_2017q4/bin/../lib/gcc/arm-none-eabi/7.2.1/../../../../arm-none-eabi/lib/thumb/v6-m/libc_nano.a(lib_a-init.o)
                              /home/access/code/toolchains/gnu_arm/7.2_2017q4/bin/../lib/gcc/arm-none-eabi/7.2.1/../../../../arm-none-eabi/lib/thumb/v6-m/crt0.o (__libc_init_array)
/home/access/code/toolchains/gnu_arm/7.2_2017q4/bin/../lib/gcc/arm-none-eabi/7.2.1/../../../../arm-none-eabi/lib/thumb/v6-m/libc_nano.a(lib_a-memcpy-stub.o)
                              ./dw1000_nodeMgmt.o (memcpy)
/home/access/code/toolchains/gnu_arm/7.2_2017q4/bin/../lib/gcc/arm-none-eabi/7.2.1/../../../../arm-none-eabi/lib/thumb/v6-m/libc_nano.a(lib_a-memset.o)
                              /home/access/code/toolchains/gnu_arm/7.2_2017q4/bin/../lib/gcc/arm-none-eabi/7.2.1/../../../../arm-none-eabi/lib/thumb/v6-m/crt0.o (memset)
/home/access/code/toolchains/gnu_arm/7.2_2017q4/bin/../lib/gcc/arm-none-eabi/7.2.1/../../../../arm-none-eabi/lib/thumb/v6-m/libc_nano.a(lib_a-printf.o)
                              ./spidriver_adaptor.o (printf)
/home/access/code/toolchains/gnu_arm/7.2_2017q4/bin/../lib/gcc/arm-none-eabi/7.2.1/../../../../arm-none-eabi/lib/thumb/v6-m/libc_nano.a(lib_a-findfp.o)
                              /home/access/code/toolchains/gnu_arm/7.2_2017q4/bin/../lib/gcc/arm-none-eabi/7.2.1/../../../../arm-none-eabi/lib/thumb/v6-m/libc_nano.a(lib_a-printf.o) (__sinit)
/home/access/code/toolchains/gnu_arm/7.2_2017q4/bin/../lib/gcc/arm-none-eabi/7.2.1/../../../../arm-none-eabi/lib/thumb/v6-m/libc_nano.a(lib_a-fwalk.o)
                              /home/access/code/toolchains/gnu_arm/7.2_2017q4/bin/../lib/gcc/arm-none-eabi/7.2.1/../../../../arm-none-eabi/lib/thumb/v6-m/libc_nano.a(lib_a-findfp.o) (_fwalk)
/home/access/code/toolchains/gnu_arm/7.2_2017q4/bin/../lib/gcc/arm-none-eabi/7.2.1/../../../../arm-none-eabi/lib/thumb/v6-m/libc_nano.a(lib_a-nano-mallocr.o)
                              /home/access/code/toolchains/gnu_arm/7.2_2017q4/bin/../lib/gcc/arm-none-eabi/7.2.1/../../../../arm-none-eabi/lib/thumb/v6-m/libc_nano.a(lib_a-findfp.o) (_malloc_r)
/home/access/code/toolchains/gnu_arm/7.2_2017q4/bin/../lib/gcc/arm-none-eabi/7.2.1/../../../../arm-none-eabi/lib/thumb/v6-m/libc_nano.a(lib_a-nano-vfprintf.o)
                              /home/access/code/toolchains/gnu_arm/7.2_2017q4/bin/../lib/gcc/arm-none-eabi/7.2.1/../../../../arm-none-eabi/lib/thumb/v6-m/libc_nano.a(lib_a-printf.o) (_vfprintf_r)
/home/access/code/toolchains/gnu_arm/7.2_2017q4/bin/../lib/gcc/arm-none-eabi/7.2.1/../../../../arm-none-eabi/lib/thumb/v6-m/libc_nano.a(lib_a-nano-vfprintf_i.o)
                              /home/access/code/toolchains/gnu_arm/7.2_2017q4/bin/../lib/gcc/arm-none-eabi/7.2.1/../../../../arm-none-eabi/lib/thumb/v6-m/libc_nano.a(lib_a-nano-vfprintf.o) (_printf_i)
/home/access/code/toolchains/gnu_arm/7.2_2017q4/bin/../lib/gcc/arm-none-eabi/7.2.1/../../../../arm-none-eabi/lib/thumb/v6-m/libc_nano.a(lib_a-sbrkr.o)
[...]
Memory Configuration

Name             Origin             Length             Attributes
FLASH            0x0000000000000000 0x0000000000008000 xr
RAM              0x0000000020000000 0x0000000000001000 xrw
*default*        0x0000000000000000 0xffffffffffffffff

Linker script and memory map

LOAD /home/access/code/toolchains/gnu_arm/7.2_2017q4/bin/../lib/gcc/arm-none-eabi/7.2.1/thumb/v6-m/crti.o
LOAD /home/access/code/toolchains/gnu_arm/7.2_2017q4/bin/../lib/gcc/arm-none-eabi/7.2.1/thumb/v6-m/crtbegin.o
LOAD /home/access/code/toolchains/gnu_arm/7.2_2017q4/bin/../lib/gcc/arm-none-eabi/7.2.1/../../../../arm-none-eabi/lib/thumb/v6-m/crt0.o
LOAD ./dw1000_types.o
LOAD ./efm32zg_interrupts_HAL.o
LOAD ./mpi_cmu.o
LOAD ./mpi_usart.o
LOAD ./mpi_ext_dev.o
LOAD ./config_efm32zg222f32.o
LOAD ./config_dw1000.o
LOAD ./efm32zg_gpio_IO_HAL.o
LOAD ./dw1000_tofCalcs.o
LOAD ./spidriver_adaptor.o
LOAD ./config_venus638.o
LOAD ./mpi_gpio.o
LOAD ./efm32zg_usart_IO_HAL.o
LOAD ./efm32zg222f32_adaptor.o
LOAD ./efm32zg_gpio_HAL.o
LOAD ./system_efm32zg.o
LOAD ./venus638_adaptor.o
LOAD ./startup_efm32zg.o
LOAD ./config_example.o
LOAD ./STK3200_config.o
LOAD ./dw1000_adaptor.o
LOAD ./dw1000_nodeMgmt.o
LOAD ./dw1000_commRxTx.o
LOAD ./efm32zg_timer_HAL.o
LOAD ./main.o
LOAD ./dw1000_decodeMAC.o
LOAD ./config_spidriver.o
LOAD ./dw1000_buildMAC.o
LOAD ./efm32zg_cmu_HAL.o
LOAD ./venus638.o
LOAD ./efm32zg_usart_HAL.o
LOAD ./efm32zg_types_HAL.o
LOAD ./mpi_timer.o
START GROUP
LOAD /home/access/code/toolchains/gnu_arm/7.2_2017q4/bin/../lib/gcc/arm-none-eabi/7.2.1/thumb/v6-m/libgcc.a
LOAD /home/access/code/toolchains/gnu_arm/7.2_2017q4/bin/../lib/gcc/arm-none-eabi/7.2.1/../../../../arm-none-eabi/lib/thumb/v6-m/libc_nano.a
LOAD /home/access/code/toolchains/gnu_arm/7.2_2017q4/bin/../lib/gcc/arm-none-eabi/7.2.1/../../../../arm-none-eabi/lib/thumb/v6-m/libnosys.a
END GROUP
START GROUP
LOAD /home/access/code/toolchains/gnu_arm/7.2_2017q4/bin/../lib/gcc/arm-none-eabi/7.2.1/thumb/v6-m/libgcc.a
LOAD /home/access/code/toolchains/gnu_arm/7.2_2017q4/bin/../lib/gcc/arm-none-eabi/7.2.1/../../../../arm-none-eabi/lib/thumb/v6-m/libg_nano.a
LOAD /home/access/code/toolchains/gnu_arm/7.2_2017q4/bin/../lib/gcc/arm-none-eabi/7.2.1/../../../../arm-none-eabi/lib/thumb/v6-m/libc_nano.a
END GROUP
START GROUP
LOAD /home/access/code/toolchains/gnu_arm/7.2_2017q4/bin/../lib/gcc/arm-none-eabi/7.2.1/thumb/v6-m/libgcc.a
LOAD /home/access/code/toolchains/gnu_arm/7.2_2017q4/bin/../lib/gcc/arm-none-eabi/7.2.1/../../../../arm-none-eabi/lib/thumb/v6-m/libc_nano.a
END GROUP
LOAD /home/access/code/toolchains/gnu_arm/7.2_2017q4/bin/../lib/gcc/arm-none-eabi/7.2.1/thumb/v6-m/crtend.o
LOAD /home/access/code/toolchains/gnu_arm/7.2_2017q4/bin/../lib/gcc/arm-none-eabi/7.2.1/thumb/v6-m/crtn.o

.text           0x0000000000000000     0x35f4
 *(.vectors)
 .vectors       0x0000000000000000       0x8c ./startup_efm32zg.o
                0x0000000000000000                __Vectors
                0x000000000000008c                __Vectors_End = .
                0x000000000000008c                __Vectors_Size = (__Vectors_End - __Vectors)
                0x000000000000008c                __end__ = .
 *(.text*)
 .text          0x000000000000008c       0x48 /home/access/code/toolchains/gnu_arm/7.2_2017q4/bin/../lib/gcc/arm-none-eabi/7.2.1/thumb/v6-m/crtbegin.o
 .text          0x00000000000000d4       0x78 /home/access/code/toolchains/gnu_arm/7.2_2017q4/bin/../lib/gcc/arm-none-eabi/7.2.1/../../../../arm-none-eabi/lib/thumb/v6-m/crt0.o
                0x00000000000000d4                _mainCRTStartup
                0x00000000000000d4                _start
 .text.config_unique_id
                0x000000000000014c       0x58 ./dw1000_types.o
                0x000000000000014c                config_unique_id
 .text.config_pan_id
                0x00000000000001a4       0x58 ./dw1000_types.o
                0x00000000000001a4                config_pan_id
 .text.config_sys_conf
                0x00000000000001fc       0x58 ./dw1000_types.o
                0x00000000000001fc                config_sys_conf
 .text.config_tx_frame_ctrl
                0x0000000000000254       0x58 ./dw1000_types.o
                0x0000000000000254                config_tx_frame_ctrl
 .text.config_rf_tx_delay
                0x00000000000002ac       0x58 ./dw1000_types.o
                0x00000000000002ac                config_rf_tx_delay
 .text.config_sys_ctrl_reg
                0x0000000000000304       0x58 ./dw1000_types.o
                0x0000000000000304                config_sys_ctrl_reg
 .text.config_sys_event_mask
                0x000000000000035c       0x58 ./dw1000_types.o
                0x000000000000035c                config_sys_event_mask
 .text.config_sys_event_status
                0x00000000000003b4       0x58 ./dw1000_types.o
                0x00000000000003b4                config_sys_event_status
 .text.config_tx_ant_delay
                0x000000000000040c       0x58 ./dw1000_types.o
                0x000000000000040c                config_tx_ant_delay
 .text.config_ack_resp_time
                0x0000000000000464       0x58 ./dw1000_types.o
                0x0000000000000464                config_ack_resp_time
 .text.config_preamble_rx_config
                0x00000000000004bc       0x58 ./dw1000_types.o
                0x00000000000004bc                config_preamble_rx_config
 .text.config_tx_power_ctrl
                0x0000000000000514       0x58 ./dw1000_types.o
                0x0000000000000514                config_tx_power_ctrl
 .text.config_chan_ctrl
                0x000000000000056c       0x58 ./dw1000_types.o
                0x000000000000056c                config_chan_ctrl
 .text.query_dev_id
                0x00000000000005c4       0x58 ./dw1000_types.o
                0x00000000000005c4                query_dev_id
 .text.query_sys_time
                0x000000000000061c       0x58 ./dw1000_types.o
                0x000000000000061c                query_sys_time
 .text.query_rx_frame_timeout
                0x0000000000000674       0x58 ./dw1000_types.o
                0x0000000000000674                query_rx_frame_timeout
 .text.query_rx_frame_qual
                0x00000000000006cc       0x58 ./dw1000_types.o
                0x00000000000006cc                query_rx_frame_qual
 .text.query_rx_time_interval
                0x0000000000000724       0x58 ./dw1000_types.o
                0x0000000000000724                query_rx_time_interval
 .text.query_sys_state_info
                0x000000000000077c       0x10 ./dw1000_types.o
                0x000000000000077c                query_sys_state_info
 .text.query_unique_id
                0x000000000000078c       0x58 ./dw1000_types.o
                0x000000000000078c                query_unique_id
 .text.query_pan_id
                0x00000000000007e4       0x58 ./dw1000_types.o
                0x00000000000007e4                query_pan_id
 .text.query_sys_conf
                0x000000000000083c       0x10 ./dw1000_types.o
                0x000000000000083c                query_sys_conf
 .text.query_tx_frame_ctrl
                0x000000000000084c       0x10 ./dw1000_types.o
                0x000000000000084c                query_tx_frame_ctrl
 .text.query_rf_tx_delay
                0x000000000000085c       0x58 ./dw1000_types.o
                0x000000000000085c                query_rf_tx_delay
 .text.query_sys_ctrl_reg
                0x00000000000008b4       0x58 ./dw1000_types.o
                0x00000000000008b4                query_sys_ctrl_reg
 .text.query_sys_event_mask
                0x000000000000090c       0x10 ./dw1000_types.o
                0x000000000000090c                query_sys_event_mask
 .text.query_sys_event_status
                0x000000000000091c       0x10 ./dw1000_types.o
                0x000000000000091c                query_sys_event_status
 .text.query_tx_ant_delay
                0x000000000000092c       0x58 ./dw1000_types.o
                0x000000000000092c                query_tx_ant_delay
 .text.query_ack_resp_time
                0x0000000000000984       0x10 ./dw1000_types.o
                0x0000000000000984                query_ack_resp_time
 .text.query_preamble_rx_config
                0x0000000000000994       0x10 ./dw1000_types.o
                0x0000000000000994                query_preamble_rx_config
 .text.query_tx_power_ctrl
                0x00000000000009a4       0x10 ./dw1000_types.o
                0x00000000000009a4                query_tx_power_ctrl
 .text.query_chan_ctrl
                0x00000000000009b4       0x10 ./dw1000_types.o
                0x00000000000009b4                query_chan_ctrl
 .text.TIMER0_IRQHandler
                0x00000000000009c4       0x28 ./efm32zg_interrupts_HAL.o
                0x00000000000009c4                TIMER0_IRQHandler
 .text.dw_tx_poll_ts
                0x00000000000009ec       0xa0 ./dw1000_tofCalcs.o
                0x00000000000009ec                dw_tx_poll_ts
 .text.dw_tx_resp_ts
                0x0000000000000a8c      0x168 ./dw1000_tofCalcs.o
                0x0000000000000a8c                dw_tx_resp_ts
 .text.dw_tx_final_ts
                0x0000000000000bf4      0x180 ./dw1000_tofCalcs.o
                0x0000000000000bf4                dw_tx_final_ts
 .text.dw_tof_dist
                0x0000000000000d74       0xdc ./dw1000_tofCalcs.o
                0x0000000000000d74                dw_tof_dist
 .text.dw_deviceStore
                0x0000000000000e50       0x68 ./dw1000_tofCalcs.o
                0x0000000000000e50                dw_deviceStore
 .text.SystemInit
                0x0000000000000eb8       0x10 ./system_efm32zg.o
                0x0000000000000eb8                SystemInit
 .text          0x0000000000000ec8       0x30 ./startup_efm32zg.o
                0x0000000000000ec8                Reset_Handler
                0x0000000000000ef4                I2C0_IRQHandler
                0x0000000000000ef4                HardFault_Handler
                0x0000000000000ef4                SysTick_Handler
                0x0000000000000ef4                USART1_RX_IRQHandler
                0x0000000000000ef4                PendSV_Handler
                0x0000000000000ef4                NMI_Handler
                0x0000000000000ef4                USART1_TX_IRQHandler
                0x0000000000000ef4                MSC_IRQHandler
                0x0000000000000ef4                ADC0_IRQHandler
                0x0000000000000ef4                LEUART0_IRQHandler
                0x0000000000000ef4                GPIO_EVEN_IRQHandler
                0x0000000000000ef4                RTC_IRQHandler
                0x0000000000000ef4                TIMER1_IRQHandler
                0x0000000000000ef4                Default_Handler
                0x0000000000000ef4                PCNT0_IRQHandler
                0x0000000000000ef4                ACMP0_IRQHandler
                0x0000000000000ef4                SVC_Handler
                0x0000000000000ef4                CMU_IRQHandler
                0x0000000000000ef4                GPIO_ODD_IRQHandler
                0x0000000000000ef4                AES_IRQHandler
                0x0000000000000ef4                VCMP_IRQHandler
                0x0000000000000ef4                DMA_IRQHandler
 .text.dw_Init  0x0000000000000ef8       0xbc ./dw1000_adaptor.o
                0x0000000000000ef8                dw_Init
 .text.dw_RegDump
                0x0000000000000fb4       0x7c ./dw1000_adaptor.o
                0x0000000000000fb4                dw_RegDump
 .text.dw_ConfigReg
                0x0000000000001030       0x9c ./dw1000_adaptor.o
                0x0000000000001030                dw_ConfigReg
 .text.dw_QueryReg
                0x00000000000010cc       0x70 ./dw1000_adaptor.o
                0x00000000000010cc                dw_QueryReg
 .text.dw_Data  0x000000000000113c      0x13c ./dw1000_adaptor.o
                0x000000000000113c                dw_Data
 .text.dw_nodeCreate
                0x0000000000001278       0xa0 ./dw1000_nodeMgmt.o
                0x0000000000001278                dw_nodeCreate
 .text.dw_nodeSort
                0x0000000000001318       0x7c ./dw1000_nodeMgmt.o
                0x0000000000001318                dw_nodeSort
 .text.dw_nodeDelete
                0x0000000000001394       0xa4 ./dw1000_nodeMgmt.o
                0x0000000000001394                dw_nodeDelete
 .text.dw_nodeSearch
                0x0000000000001438       0x98 ./dw1000_nodeMgmt.o
                0x0000000000001438                dw_nodeSearch
 .text.dw_Tx    0x00000000000014d0       0x28 ./dw1000_commRxTx.o
                0x00000000000014d0                dw_Tx
 .text.dw_Rx    0x00000000000014f8       0x5a ./dw1000_commRxTx.o
                0x00000000000014f8                dw_Rx
 *fill*         0x0000000000001552        0x2 
 .text.main     0x0000000000001554       0x18 ./main.o
                0x0000000000001554                main
 .text.dw_decodeFrameCtrl
                0x000000000000156c       0xa4 ./dw1000_decodeMAC.o
                0x000000000000156c                dw_decodeFrameCtrl
 .text.dw_decodeFrameIn
                0x0000000000001610       0xec ./dw1000_decodeMAC.o
                0x0000000000001610                dw_decodeFrameIn
 .text.dw_handlerBlink
                0x00000000000016fc      0x1f0 ./dw1000_decodeMAC.o
                0x00000000000016fc                dw_handlerBlink
 .text.dw_handlerRangeInit
                0x00000000000018ec      0x1e0 ./dw1000_decodeMAC.o
                0x00000000000018ec                dw_handlerRangeInit
 .text.dw_handlerPollRespFinal
                0x0000000000001acc       0xc8 ./dw1000_decodeMAC.o
                0x0000000000001acc                dw_handlerPollRespFinal
 .text.dw_handlerPoll
                0x0000000000001b94      0x15c ./dw1000_decodeMAC.o
                0x0000000000001b94                dw_handlerPoll
 .text.dw_handlerResp
                0x0000000000001cf0      0x18c ./dw1000_decodeMAC.o
                0x0000000000001cf0                dw_handlerResp
 .text.dw_handlerFinal
                0x0000000000001e7c      0x1e4 ./dw1000_decodeMAC.o
                0x0000000000001e7c                dw_handlerFinal
 .text.dw_buildMessageOut
                0x0000000000002060       0xc0 ./dw1000_buildMAC.o
                0x0000000000002060                dw_buildMessageOut
 .text.dw_buildMessageHeader
                0x0000000000002120       0x60 ./dw1000_buildMAC.o
                0x0000000000002120                dw_buildMessageHeader
 .text.dw_reg_read_write
                0x0000000000002180       0x80 ./dw1000_buildMAC.o
                0x0000000000002180                dw_reg_read_write
 .text.dw_sub_read_write
                0x0000000000002200       0x68 ./dw1000_buildMAC.o
                0x0000000000002200                dw_sub_read_write
 .text.dw_ext_read_write
                0x0000000000002268       0x2a ./dw1000_buildMAC.o
                0x0000000000002268                dw_ext_read_write
 .text.dw_buildConfig
                0x0000000000002292       0x66 ./dw1000_buildMAC.o
                0x0000000000002292                dw_buildConfig
 .text.dw_buildQuery
                0x00000000000022f8       0x66 ./dw1000_buildMAC.o
                0x00000000000022f8                dw_buildQuery
 *fill*         0x000000000000235e        0x2 
 .text.dw_buildBlinkFrame
                0x0000000000002360      0x17c ./dw1000_buildMAC.o
                0x0000000000002360                dw_buildBlinkFrame
 .text.dw_buildRangeInitFrame
                0x00000000000024dc      0x274 ./dw1000_buildMAC.o
                0x00000000000024dc                dw_buildRangeInitFrame
 .text.dw_buildPollFrame
                0x0000000000002750      0x16c ./dw1000_buildMAC.o
                0x0000000000002750                dw_buildPollFrame
 .text.dw_buildResponseFrame
                0x00000000000028bc      0x1cc ./dw1000_buildMAC.o
                0x00000000000028bc                dw_buildResponseFrame
 .text.dw_buildFinalFrame
                0x0000000000002a88      0x21c ./dw1000_buildMAC.o
                0x0000000000002a88                dw_buildFinalFrame
 .text          0x0000000000002ca4      0x114 /home/access/code/toolchains/gnu_arm/7.2_2017q4/bin/../lib/gcc/arm-none-eabi/7.2.1/thumb/v6-m/libgcc.a(_udivsi3.o)
                0x0000000000002ca4                __udivsi3
                0x0000000000002ca4                __aeabi_uidiv
                0x0000000000002db0                __aeabi_uidivmod
 .text          0x0000000000002db8        0x4 /home/access/code/toolchains/gnu_arm/7.2_2017q4/bin/../lib/gcc/arm-none-eabi/7.2.1/thumb/v6-m/libgcc.a(_dvmd_tls.o)
                0x0000000000002db8                __aeabi_ldiv0
                0x0000000000002db8                __aeabi_idiv0
 .text          0x0000000000002dbc      0x4e4 /home/access/code/toolchains/gnu_arm/7.2_2017q4/bin/../lib/gcc/arm-none-eabi/7.2.1/thumb/v6-m/libgcc.a(muldf3.o)
                0x0000000000002dbc                __aeabi_dmul
 .text          0x00000000000032a0       0x64 /home/access/code/toolchains/gnu_arm/7.2_2017q4/bin/../lib/gcc/arm-none-eabi/7.2.1/thumb/v6-m/libgcc.a(floatunsidf.o)
                0x00000000000032a0                __aeabi_ui2d
 .text          0x0000000000003304      0x108 /home/access/code/toolchains/gnu_arm/7.2_2017q4/bin/../lib/gcc/arm-none-eabi/7.2.1/thumb/v6-m/libgcc.a(truncdfsf2.o)
                0x0000000000003304                __aeabi_d2f
 .text          0x000000000000340c       0x3c /home/access/code/toolchains/gnu_arm/7.2_2017q4/bin/../lib/gcc/arm-none-eabi/7.2.1/thumb/v6-m/libgcc.a(_clzsi2.o)
                0x000000000000340c                __clzsi2
 .text.exit     0x0000000000003448       0x2c /home/access/code/toolchains/gnu_arm/7.2_2017q4/bin/../lib/gcc/arm-none-eabi/7.2.1/../../../../arm-none-eabi/lib/thumb/v6-m/libc_nano.a(lib_a-exit.o)
                0x0000000000003448                exit
 .text.__libc_init_array
                0x0000000000003474       0x48 /home/access/code/toolchains/gnu_arm/7.2_2017q4/bin/../lib/gcc/arm-none-eabi/7.2.1/../../../../arm-none-eabi/lib/thumb/v6-m/libc_nano.a(lib_a-init.o)
                0x0000000000003474                __libc_init_array
 .text.memcpy   0x00000000000034bc       0x12 /home/access/code/toolchains/gnu_arm/7.2_2017q4/bin/../lib/gcc/arm-none-eabi/7.2.1/../../../../arm-none-eabi/lib/thumb/v6-m/libc_nano.a(lib_a-memcpy-stub.o)
                0x00000000000034bc                memcpy
 .text.memset   0x00000000000034ce       0x10 /home/access/code/toolchains/gnu_arm/7.2_2017q4/bin/../lib/gcc/arm-none-eabi/7.2.1/../../../../arm-none-eabi/lib/thumb/v6-m/libc_nano.a(lib_a-memset.o)
                0x00000000000034ce                memset
 *fill*         0x00000000000034de        0x2 
 .text._exit    0x00000000000034e0        0x4 /home/access/code/toolchains/gnu_arm/7.2_2017q4/bin/../lib/gcc/arm-none-eabi/7.2.1/../../../../arm-none-eabi/lib/thumb/v6-m/libnosys.a(_exit.o)
                0x00000000000034e0                _exit
 *(.init)
 .init          0x00000000000034e4        0x4 /home/access/code/toolchains/gnu_arm/7.2_2017q4/bin/../lib/gcc/arm-none-eabi/7.2.1/thumb/v6-m/crti.o
                0x00000000000034e4                _init
 .init          0x00000000000034e8        0x8 /home/access/code/toolchains/gnu_arm/7.2_2017q4/bin/../lib/gcc/arm-none-eabi/7.2.1/thumb/v6-m/crtn.o
 *(.fini)
 .fini          0x00000000000034f0        0x4 /home/access/code/toolchains/gnu_arm/7.2_2017q4/bin/../lib/gcc/arm-none-eabi/7.2.1/thumb/v6-m/crti.o
                0x00000000000034f0                _fini
 .fini          0x00000000000034f4        0x8 /home/access/code/toolchains/gnu_arm/7.2_2017q4/bin/../lib/gcc/arm-none-eabi/7.2.1/thumb/v6-m/crtn.o
 *crtbegin.o(.ctors)
 *crtbegin?.o(.ctors)
 *(EXCLUDE_FILE(*crtend.o *crtend?.o) .ctors)
 *(SORT_BY_NAME(.ctors.*))
 *(.ctors)
 *crtbegin.o(.dtors)
 *crtbegin?.o(.dtors)
 *(EXCLUDE_FILE(*crtend.o *crtend?.o) .dtors)
 *(SORT_BY_NAME(.dtors.*))
 *(.dtors)
 *(.rodata*)
 .rodata.dw_fn_code_table
                0x00000000000034fc       0x18 ./dw1000_types.o
                0x00000000000034fc                dw_fn_code_table
 .rodata.dw_handler_table
                0x0000000000003514       0x10 ./dw1000_decodeMAC.o
                0x0000000000003514                dw_handler_table
 .rodata.dw_frame_build_table
                0x0000000000003524       0x18 ./dw1000_buildMAC.o
                0x0000000000003524                dw_frame_build_table
 .rodata.dw_frame_header_read_write_table
                0x000000000000353c       0x10 ./dw1000_buildMAC.o
                0x000000000000353c                dw_frame_header_read_write_table
 .rodata        0x000000000000354c       0x40 /home/access/code/toolchains/gnu_arm/7.2_2017q4/bin/../lib/gcc/arm-none-eabi/7.2.1/thumb/v6-m/libgcc.a(muldf3.o)
 .rodata._global_impure_ptr
                0x000000000000358c        0x4 /home/access/code/toolchains/gnu_arm/7.2_2017q4/bin/../lib/gcc/arm-none-eabi/7.2.1/../../../../arm-none-eabi/lib/thumb/v6-m/libc_nano.a(lib_a-impure.o)
                0x000000000000358c                _global_impure_ptr
 .rodata.__sf_fake_stderr
                0x0000000000003590       0x20 /home/access/code/toolchains/gnu_arm/7.2_2017q4/bin/../lib/gcc/arm-none-eabi/7.2.1/../../../../arm-none-eabi/lib/thumb/v6-m/libc_nano.a(lib_a-findfp.o)
                0x0000000000003590                __sf_fake_stderr
 .rodata.__sf_fake_stdin
                0x00000000000035b0       0x20 /home/access/code/toolchains/gnu_arm/7.2_2017q4/bin/../lib/gcc/arm-none-eabi/7.2.1/../../../../arm-none-eabi/lib/thumb/v6-m/libc_nano.a(lib_a-findfp.o)
                0x00000000000035b0                __sf_fake_stdin
 .rodata.__sf_fake_stdout
                0x00000000000035d0       0x20 /home/access/code/toolchains/gnu_arm/7.2_2017q4/bin/../lib/gcc/arm-none-eabi/7.2.1/../../../../arm-none-eabi/lib/thumb/v6-m/libc_nano.a(lib_a-findfp.o)
                0x00000000000035d0                __sf_fake_stdout
 *(.eh_frame*)
 .eh_frame      0x00000000000035f0        0x0 /home/access/code/toolchains/gnu_arm/7.2_2017q4/bin/../lib/gcc/arm-none-eabi/7.2.1/thumb/v6-m/crtbegin.o
 .eh_frame      0x00000000000035f0        0x4 /home/access/code/toolchains/gnu_arm/7.2_2017q4/bin/../lib/gcc/arm-none-eabi/7.2.1/thumb/v6-m/crtend.o

.glue_7         0x00000000000035f4        0x0
 .glue_7        0x00000000000035f4        0x0 linker stubs

.glue_7t        0x00000000000035f4        0x0
 .glue_7t       0x00000000000035f4        0x0 linker stubs

.vfp11_veneer   0x00000000000035f4        0x0
 .vfp11_veneer  0x00000000000035f4        0x0 linker stubs

.v4_bx          0x00000000000035f4        0x0
 .v4_bx         0x00000000000035f4        0x0 linker stubs

.iplt           0x00000000000035f4        0x0
 .iplt          0x00000000000035f4        0x0 /home/access/code/toolchains/gnu_arm/7.2_2017q4/bin/../lib/gcc/arm-none-eabi/7.2.1/thumb/v6-m/crtbegin.o

.ARM.extab
 *(.ARM.extab* .gnu.linkonce.armextab.*)
                0x00000000000035f4                __exidx_start = .

.ARM.exidx      0x00000000000035f4        0x8
 *(.ARM.exidx* .gnu.linkonce.armexidx.*)
 .ARM.exidx     0x00000000000035f4        0x8 /home/access/code/toolchains/gnu_arm/7.2_2017q4/bin/../lib/gcc/arm-none-eabi/7.2.1/../../../../arm-none-eabi/lib/thumb/v6-m/crt0.o
                0x00000000000035fc                __exidx_end = .
                0x00000000000035fc                __etext = .

.rel.dyn        0x00000000000035fc        0x0
 .rel.iplt      0x00000000000035fc        0x0 /home/access/code/toolchains/gnu_arm/7.2_2017q4/bin/../lib/gcc/arm-none-eabi/7.2.1/thumb/v6-m/crtbegin.o

.data           0x0000000020000000      0x628 load address 0x00000000000035fc
                0x0000000020000000                __data_start__ = .
 *(vtable)
 *(.data*)
 .data.dw_reg_id_table
                0x0000000020000000       0x28 ./dw1000_types.o
                0x0000000020000000                dw_reg_id_table
 .data.dw_decode_build_table
                0x0000000020000028        0xc ./dw1000_types.o
                0x0000000020000028                dw_decode_build_table
 .data.dw_frame_ctrl_table
                0x0000000020000034        0x6 ./dw1000_types.o
                0x0000000020000034                dw_frame_ctrl_table
 *fill*         0x000000002000003a        0x2 
 .data.config_table_len
                0x000000002000003c       0x34 ./dw1000_types.o
                0x000000002000003c                config_table_len
 .data.config_table
                0x0000000020000070       0x34 ./dw1000_types.o
                0x0000000020000070                config_table
 .data.query_table_len
                0x00000000200000a4       0x60 ./dw1000_types.o
                0x00000000200000a4                query_table_len
 .data.query_table
                0x0000000020000104       0x64 ./dw1000_types.o
                0x0000000020000104                query_table
 .data.dw_devconf
                0x0000000020000168       0xc4 ./config_dw1000.o
                0x0000000020000168                dw_devconf
 *fill*         0x000000002000022c        0x4 
 .data.dw_list  0x0000000020000230      0x258 ./config_dw1000.o
                0x0000000020000230                dw_list
 .data.dw1000   0x0000000020000488       0xd0 ./config_dw1000.o
                0x0000000020000488                dw1000
 .data.dw_ts_handler_table
                0x0000000020000558       0x1c ./dw1000_tofCalcs.o
                0x0000000020000558                dw_ts_handler_table
 .data.node_list_table
                0x0000000020000574       0x14 ./dw1000_nodeMgmt.o
                0x0000000020000574                node_list_table
 .data.pan_id_index_table
                0x0000000020000588        0x3 ./dw1000_decodeMAC.o
                0x0000000020000588                pan_id_index_table
 *fill*         0x000000002000058b        0x1 
 .data.dest_addr_index_table
                0x000000002000058c        0x3 ./dw1000_decodeMAC.o
                0x000000002000058c                dest_addr_index_table
 *fill*         0x000000002000058f        0x1 
 .data.src_addr_index_table
                0x0000000020000590        0x3 ./dw1000_decodeMAC.o
                0x0000000020000590                src_addr_index_table
 *fill*         0x0000000020000593        0x1 
 .data.msg_index_table
                0x0000000020000594        0x3 ./dw1000_decodeMAC.o
                0x0000000020000594                msg_index_table
 *fill*         0x0000000020000597        0x1 
 .data.fn_code_index_table
                0x0000000020000598        0x3 ./dw1000_decodeMAC.o
                0x0000000020000598                fn_code_index_table
 *fill*         0x000000002000059b        0x1 
 .data.poll_resp_final_handler_table
                0x000000002000059c        0xc ./dw1000_decodeMAC.o
                0x000000002000059c                poll_resp_final_handler_table
 .data.frame_len_table
                0x00000000200005a8        0x3 ./dw1000_decodeMAC.o
                0x00000000200005a8                frame_len_table
 *fill*         0x00000000200005ab        0x1 
 .data.dw_config_query_table
                0x00000000200005ac        0xc ./dw1000_buildMAC.o
                0x00000000200005ac                dw_config_query_table
 .data.dw_rw_bool_table
                0x00000000200005b8        0x3 ./dw1000_buildMAC.o
                0x00000000200005b8                dw_rw_bool_table
 *fill*         0x00000000200005bb        0x1 
 .data.timer0   0x00000000200005bc        0x4 ./efm32zg_types_HAL.o
                0x00000000200005bc                timer0
 .data.impure_data
                0x00000000200005c0       0x60 /home/access/code/toolchains/gnu_arm/7.2_2017q4/bin/../lib/gcc/arm-none-eabi/7.2.1/../../../../arm-none-eabi/lib/thumb/v6-m/libc_nano.a(lib_a-impure.o)
                0x0000000020000620                . = ALIGN (0x4)
 *(.ram)
                0x0000000020000620                . = ALIGN (0x4)
                0x0000000020000620                PROVIDE (__preinit_array_start, .)
 *(.preinit_array)
                0x0000000020000620                PROVIDE (__preinit_array_end, .)
                0x0000000020000620                . = ALIGN (0x4)
                0x0000000020000620                PROVIDE (__init_array_start, .)
 *(SORT_BY_NAME(.init_array.*))
 *(.init_array)
 .init_array    0x0000000020000620        0x4 /home/access/code/toolchains/gnu_arm/7.2_2017q4/bin/../lib/gcc/arm-none-eabi/7.2.1/thumb/v6-m/crtbegin.o
                0x0000000020000624                PROVIDE (__init_array_end, .)
                0x0000000020000624                . = ALIGN (0x4)
                [!provide]                        PROVIDE (__fini_array_start, .)
 *(SORT_BY_NAME(.fini_array.*))
 *(.fini_array)
 .fini_array    0x0000000020000624        0x4 /home/access/code/toolchains/gnu_arm/7.2_2017q4/bin/../lib/gcc/arm-none-eabi/7.2.1/thumb/v6-m/crtbegin.o
                [!provide]                        PROVIDE (__fini_array_end, .)
 *(.jcr*)
                0x0000000020000628                . = ALIGN (0x4)
                0x0000000020000628                __data_end__ = .

.igot.plt       0x0000000020000628        0x0 load address 0x0000000000003c24
 .igot.plt      0x0000000020000628        0x0 /home/access/code/toolchains/gnu_arm/7.2_2017q4/bin/../lib/gcc/arm-none-eabi/7.2.1/thumb/v6-m/crtbegin.o

.bss            0x0000000020000628       0x30 load address 0x0000000000003c24
                0x0000000020000628                . = ALIGN (0x4)
                0x0000000020000628                __bss_start__ = .
 *(.bss*)
 .bss           0x0000000020000628       0x1c /home/access/code/toolchains/gnu_arm/7.2_2017q4/bin/../lib/gcc/arm-none-eabi/7.2.1/thumb/v6-m/crtbegin.o
 .bss.frame_index
                0x0000000020000644        0xc ./dw1000_decodeMAC.o
 *(COMMON)
 COMMON         0x0000000020000650        0x8 ./efm32zg_interrupts_HAL.o
                0x0000000020000650                timer0_ms_ticks
                0x0000000020000652                timer1_us_ticks
                0x0000000020000654                timer0_us_ticks
                0x0000000020000656                timer1_ms_ticks
                0x0000000020000658                . = ALIGN (0x4)
                0x0000000020000658                __bss_end__ = .

.heap           0x0000000020000658        0x0
                0x0000000020000658                __HeapBase = .
                0x0000000020000658                __end__ = .
                0x0000000020000658                end = __end__
                0x0000000020000658                _end = __end__
 *(.heap*)
 .heap          0x0000000020000658        0x0 ./startup_efm32zg.o
                0x0000000020000658                __HeapLimit = .

.stack_dummy    0x0000000020000658      0x400
 *(.stack*)
 .stack         0x0000000020000658      0x400 ./startup_efm32zg.o
                0x0000000020001000                __StackTop = (ORIGIN (RAM) + LENGTH (RAM))
                0x0000000020000c00                __StackLimit = (__StackTop - SIZEOF (.stack_dummy))
                0x0000000020001000                PROVIDE (__stack, __StackTop)
                0x0000000000000001                ASSERT ((__StackLimit >= __HeapLimit), region RAM overflowed with stack)
                0x0000000000000001                ASSERT ((LENGTH (FLASH) >= (__etext + SIZEOF (.data))), FLASH memory overflowed !)
OUTPUT(theseus.axf elf32-littlearm)

.ARM.attributes
                0x0000000000000000       0x28
 .ARM.attributes
                0x0000000000000000       0x1e /home/access/code/toolchains/gnu_arm/7.2_2017q4/bin/../lib/gcc/arm-none-eabi/7.2.1/thumb/v6-m/crti.o
 .ARM.attributes
                0x000000000000001e       0x2c /home/access/code/toolchains/gnu_arm/7.2_2017q4/bin/../lib/gcc/arm-none-eabi/7.2.1/thumb/v6-m/crtbegin.o
 .ARM.attributes
                0x000000000000004a       0x1b /home/access/code/toolchains/gnu_arm/7.2_2017q4/bin/../lib/gcc/arm-none-eabi/7.2.1/../../../../arm-none-eabi/lib/thumb/v6-m/crt0.o
 .ARM.attributes
                0x0000000000000065       0x32 ./dw1000_types.o
 .ARM.attributes
                0x0000000000000097       0x32 ./efm32zg_interrupts_HAL.o
 .ARM.attributes
                0x00000000000000c9       0x32 ./config_dw1000.o
 .ARM.attributes
                0x00000000000000fb       0x32 ./dw1000_tofCalcs.o
 .ARM.attributes
                0x000000000000012d       0x32 ./system_efm32zg.o
 .ARM.attributes
                0x000000000000015f       0x1b ./startup_efm32zg.o
 .ARM.attributes
                0x000000000000017a       0x32 ./dw1000_adaptor.o
 .ARM.attributes
                0x00000000000001ac       0x32 ./dw1000_nodeMgmt.o
 .ARM.attributes
                0x00000000000001de       0x32 ./dw1000_commRxTx.o
 .ARM.attributes
                0x0000000000000210       0x32 ./main.o
 .ARM.attributes
                0x0000000000000242       0x32 ./dw1000_decodeMAC.o
 .ARM.attributes
                0x0000000000000274       0x32 ./dw1000_buildMAC.o
 .ARM.attributes
                0x00000000000002a6       0x32 ./efm32zg_types_HAL.o
 .ARM.attributes
                0x00000000000002d8       0x1e /home/access/code/toolchains/gnu_arm/7.2_2017q4/bin/../lib/gcc/arm-none-eabi/7.2.1/thumb/v6-m/libgcc.a(_udivsi3.o)
 .ARM.attributes
                0x00000000000002f6       0x1e /home/access/code/toolchains/gnu_arm/7.2_2017q4/bin/../lib/gcc/arm-none-eabi/7.2.1/thumb/v6-m/libgcc.a(_dvmd_tls.o)
 .ARM.attributes
                0x0000000000000314       0x2c /home/access/code/toolchains/gnu_arm/7.2_2017q4/bin/../lib/gcc/arm-none-eabi/7.2.1/thumb/v6-m/libgcc.a(muldf3.o)
 .ARM.attributes
                0x0000000000000340       0x2c /home/access/code/toolchains/gnu_arm/7.2_2017q4/bin/../lib/gcc/arm-none-eabi/7.2.1/thumb/v6-m/libgcc.a(floatunsidf.o)
 .ARM.attributes
                0x000000000000036c       0x2c /home/access/code/toolchains/gnu_arm/7.2_2017q4/bin/../lib/gcc/arm-none-eabi/7.2.1/thumb/v6-m/libgcc.a(truncdfsf2.o)
 .ARM.attributes
                0x0000000000000398       0x1e /home/access/code/toolchains/gnu_arm/7.2_2017q4/bin/../lib/gcc/arm-none-eabi/7.2.1/thumb/v6-m/libgcc.a(_clzsi2.o)
 .ARM.attributes
                0x00000000000003b6       0x2c /home/access/code/toolchains/gnu_arm/7.2_2017q4/bin/../lib/gcc/arm-none-eabi/7.2.1/../../../../arm-none-eabi/lib/thumb/v6-m/libc_nano.a(lib_a-exit.o)
 .ARM.attributes
                0x00000000000003e2       0x2c /home/access/code/toolchains/gnu_arm/7.2_2017q4/bin/../lib/gcc/arm-none-eabi/7.2.1/../../../../arm-none-eabi/lib/thumb/v6-m/libc_nano.a(lib_a-impure.o)
 .ARM.attributes
                0x000000000000040e       0x2c /home/access/code/toolchains/gnu_arm/7.2_2017q4/bin/../lib/gcc/arm-none-eabi/7.2.1/../../../../arm-none-eabi/lib/thumb/v6-m/libc_nano.a(lib_a-init.o)
 .ARM.attributes
                0x000000000000043a       0x2c /home/access/code/toolchains/gnu_arm/7.2_2017q4/bin/../lib/gcc/arm-none-eabi/7.2.1/../../../../arm-none-eabi/lib/thumb/v6-m/libc_nano.a(lib_a-memcpy-stub.o)
 .ARM.attributes
                0x0000000000000466       0x2c /home/access/code/toolchains/gnu_arm/7.2_2017q4/bin/../lib/gcc/arm-none-eabi/7.2.1/../../../../arm-none-eabi/lib/thumb/v6-m/libc_nano.a(lib_a-memset.o)
 .ARM.attributes
                0x0000000000000492       0x2c /home/access/code/toolchains/gnu_arm/7.2_2017q4/bin/../lib/gcc/arm-none-eabi/7.2.1/../../../../arm-none-eabi/lib/thumb/v6-m/libc_nano.a(lib_a-findfp.o)
 .ARM.attributes
                0x00000000000004be       0x2c /home/access/code/toolchains/gnu_arm/7.2_2017q4/bin/../lib/gcc/arm-none-eabi/7.2.1/../../../../arm-none-eabi/lib/thumb/v6-m/libnosys.a(_exit.o)
 .ARM.attributes
                0x00000000000004ea       0x2c /home/access/code/toolchains/gnu_arm/7.2_2017q4/bin/../lib/gcc/arm-none-eabi/7.2.1/thumb/v6-m/crtend.o
 .ARM.attributes
                0x0000000000000516       0x1e /home/access/code/toolchains/gnu_arm/7.2_2017q4/bin/../lib/gcc/arm-none-eabi/7.2.1/thumb/v6-m/crtn.o

.comment        0x0000000000000000       0x7e
 .comment       0x0000000000000000       0x7e ./dw1000_types.o
                                         0x7f (size before relaxing)
 .comment       0x000000000000007e       0x7f ./efm32zg_interrupts_HAL.o
 .comment       0x000000000000007e       0x7f ./config_dw1000.o
 .comment       0x000000000000007e       0x7f ./dw1000_tofCalcs.o
 .comment       0x000000000000007e       0x7f ./system_efm32zg.o
 .comment       0x000000000000007e       0x7f ./dw1000_adaptor.o
 .comment       0x000000000000007e       0x7f ./dw1000_nodeMgmt.o
 .comment       0x000000000000007e       0x7f ./dw1000_commRxTx.o
 .comment       0x000000000000007e       0x7f ./main.o
 .comment       0x000000000000007e       0x7f ./dw1000_decodeMAC.o
 .comment       0x000000000000007e       0x7f ./dw1000_buildMAC.o
 .comment       0x000000000000007e       0x7f ./efm32zg_types_HAL.o

.debug_info     0x0000000000000000     0xf201
 .debug_info    0x0000000000000000     0x1166 ./dw1000_types.o
 .debug_info    0x0000000000001166     0x13f8 ./efm32zg_interrupts_HAL.o
 .debug_info    0x000000000000255e      0xb71 ./config_dw1000.o
 .debug_info    0x00000000000030cf     0x1001 ./dw1000_tofCalcs.o
 .debug_info    0x00000000000040d0      0xebf ./system_efm32zg.o
 .debug_info    0x0000000000004f8f       0x26 ./startup_efm32zg.o
 .debug_info    0x0000000000004fb5     0x15d3 ./dw1000_adaptor.o
 .debug_info    0x0000000000006588      0xf32 ./dw1000_nodeMgmt.o
 .debug_info    0x00000000000074ba      0xf38 ./dw1000_commRxTx.o
 .debug_info    0x00000000000083f2     0x333a ./main.o
 .debug_info    0x000000000000b72c     0x1582 ./dw1000_decodeMAC.o
 .debug_info    0x000000000000ccae     0x140f ./dw1000_buildMAC.o
 .debug_info    0x000000000000e0bd     0x1144 ./efm32zg_types_HAL.o

.debug_abbrev   0x0000000000000000     0x1931
 .debug_abbrev  0x0000000000000000      0x1b0 ./dw1000_types.o
 .debug_abbrev  0x00000000000001b0      0x292 ./efm32zg_interrupts_HAL.o
 .debug_abbrev  0x0000000000000442      0x15f ./config_dw1000.o
 .debug_abbrev  0x00000000000005a1      0x1e9 ./dw1000_tofCalcs.o
 .debug_abbrev  0x000000000000078a      0x293 ./system_efm32zg.o
 .debug_abbrev  0x0000000000000a1d       0x14 ./startup_efm32zg.o
 .debug_abbrev  0x0000000000000a31      0x202 ./dw1000_adaptor.o
 .debug_abbrev  0x0000000000000c33      0x24f ./dw1000_nodeMgmt.o
 .debug_abbrev  0x0000000000000e82      0x1e2 ./dw1000_commRxTx.o
 .debug_abbrev  0x0000000000001064      0x265 ./main.o
 .debug_abbrev  0x00000000000012c9      0x236 ./dw1000_decodeMAC.o
 .debug_abbrev  0x00000000000014ff      0x25d ./dw1000_buildMAC.o
 .debug_abbrev  0x000000000000175c      0x1d5 ./efm32zg_types_HAL.o

.debug_loc      0x0000000000000000     0x14ed
 .debug_loc     0x0000000000000000      0x700 ./dw1000_types.o
 .debug_loc     0x0000000000000700      0x144 ./efm32zg_interrupts_HAL.o
 .debug_loc     0x0000000000000844      0x120 ./dw1000_tofCalcs.o
 .debug_loc     0x0000000000000964      0x2b1 ./system_efm32zg.o
 .debug_loc     0x0000000000000c15      0x120 ./dw1000_adaptor.o
 .debug_loc     0x0000000000000d35       0xe0 ./dw1000_nodeMgmt.o
 .debug_loc     0x0000000000000e15      0x230 ./dw1000_commRxTx.o
 .debug_loc     0x0000000000001045       0x38 ./main.o
 .debug_loc     0x000000000000107d      0x1ca ./dw1000_decodeMAC.o
 .debug_loc     0x0000000000001247      0x2a6 ./dw1000_buildMAC.o

.debug_aranges  0x0000000000000000      0x428
 .debug_aranges
                0x0000000000000000      0x118 ./dw1000_types.o
 .debug_aranges
                0x0000000000000118       0x48 ./efm32zg_interrupts_HAL.o
 .debug_aranges
                0x0000000000000160       0x18 ./config_dw1000.o
 .debug_aranges
                0x0000000000000178       0x40 ./dw1000_tofCalcs.o
 .debug_aranges
                0x00000000000001b8       0x68 ./system_efm32zg.o
 .debug_aranges
                0x0000000000000220       0x20 ./startup_efm32zg.o
 .debug_aranges
                0x0000000000000240       0x40 ./dw1000_adaptor.o
 .debug_aranges
                0x0000000000000280       0x38 ./dw1000_nodeMgmt.o
 .debug_aranges
                0x00000000000002b8       0x68 ./dw1000_commRxTx.o
 .debug_aranges
                0x0000000000000320       0x20 ./main.o
 .debug_aranges
                0x0000000000000340       0x58 ./dw1000_decodeMAC.o
 .debug_aranges
                0x0000000000000398       0x78 ./dw1000_buildMAC.o
 .debug_aranges
                0x0000000000000410       0x18 ./efm32zg_types_HAL.o

.debug_ranges   0x0000000000000000      0x418
 .debug_ranges  0x0000000000000000      0x108 ./dw1000_types.o
 .debug_ranges  0x0000000000000108       0x38 ./efm32zg_interrupts_HAL.o
 .debug_ranges  0x0000000000000140       0x30 ./dw1000_tofCalcs.o
 .debug_ranges  0x0000000000000170      0x138 ./system_efm32zg.o
 .debug_ranges  0x00000000000002a8       0x30 ./dw1000_adaptor.o
 .debug_ranges  0x00000000000002d8       0x28 ./dw1000_nodeMgmt.o
 .debug_ranges  0x0000000000000300       0x58 ./dw1000_commRxTx.o
 .debug_ranges  0x0000000000000358       0x10 ./main.o
 .debug_ranges  0x0000000000000368       0x48 ./dw1000_decodeMAC.o
 .debug_ranges  0x00000000000003b0       0x68 ./dw1000_buildMAC.o

.debug_line     0x0000000000000000     0x27df
 .debug_line    0x0000000000000000      0x594 ./dw1000_types.o
 .debug_line    0x0000000000000594      0x3e6 ./efm32zg_interrupts_HAL.o
 .debug_line    0x000000000000097a      0x18e ./config_dw1000.o
 .debug_line    0x0000000000000b08      0x24e ./dw1000_tofCalcs.o
 .debug_line    0x0000000000000d56      0x3df ./system_efm32zg.o
 .debug_line    0x0000000000001135       0xb5 ./startup_efm32zg.o
 .debug_line    0x00000000000011ea      0x2ab ./dw1000_adaptor.o
 .debug_line    0x0000000000001495      0x24f ./dw1000_nodeMgmt.o
 .debug_line    0x00000000000016e4      0x236 ./dw1000_commRxTx.o
 .debug_line    0x000000000000191a      0x43a ./main.o
 .debug_line    0x0000000000001d54      0x459 ./dw1000_decodeMAC.o
 .debug_line    0x00000000000021ad      0x362 ./dw1000_buildMAC.o
 .debug_line    0x000000000000250f      0x2d0 ./efm32zg_types_HAL.o

.debug_str      0x0000000000000000     0x3314
 .debug_str     0x0000000000000000      0xb7b ./dw1000_types.o
                                        0xcea (size before relaxing)
 .debug_str     0x0000000000000b7b      0x8cb ./efm32zg_interrupts_HAL.o
                                        0xaea (size before relaxing)
 .debug_str     0x0000000000001446      0x271 ./config_dw1000.o
                                        0xb35 (size before relaxing)
 .debug_str     0x00000000000016b7      0x18c ./dw1000_tofCalcs.o
                                        0xcd4 (size before relaxing)
 .debug_str     0x0000000000001843      0x227 ./system_efm32zg.o
                                        0x7fb (size before relaxing)
 .debug_str     0x0000000000001a6a       0x77 ./startup_efm32zg.o
                                         0xa1 (size before relaxing)
 .debug_str     0x0000000000001ae1      0x584 ./dw1000_adaptor.o
                                       0x12ad (size before relaxing)
 .debug_str     0x0000000000002065       0x79 ./dw1000_nodeMgmt.o
                                        0x807 (size before relaxing)
 .debug_str     0x00000000000020de       0xf2 ./dw1000_commRxTx.o
                                        0xcc1 (size before relaxing)
 .debug_str     0x00000000000021d0      0xdf7 ./main.o
                                       0x2595 (size before relaxing)
 .debug_str     0x0000000000002fc7      0x19d ./dw1000_decodeMAC.o
                                        0xe06 (size before relaxing)
 .debug_str     0x0000000000003164      0x17b ./dw1000_buildMAC.o
                                        0xd78 (size before relaxing)
 .debug_str     0x00000000000032df       0x35 ./efm32zg_types_HAL.o
                                        0x902 (size before relaxing)

.debug_frame    0x0000000000000000      0xe70
 .debug_frame   0x0000000000000000      0x410 ./dw1000_types.o
 .debug_frame   0x0000000000000410       0xcc ./efm32zg_interrupts_HAL.o
 .debug_frame   0x00000000000004dc       0xb8 ./dw1000_tofCalcs.o
 .debug_frame   0x0000000000000594       0xc0 ./system_efm32zg.o
 .debug_frame   0x0000000000000654       0xb8 ./dw1000_adaptor.o
 .debug_frame   0x000000000000070c       0x90 ./dw1000_nodeMgmt.o
 .debug_frame   0x000000000000079c      0x150 ./dw1000_commRxTx.o
 .debug_frame   0x00000000000008ec       0x30 ./main.o
 .debug_frame   0x000000000000091c      0x110 ./dw1000_decodeMAC.o
 .debug_frame   0x0000000000000a2c      0x194 ./dw1000_buildMAC.o
 .debug_frame   0x0000000000000bc0       0x20 /home/access/code/toolchains/gnu_arm/7.2_2017q4/bin/../lib/gcc/arm-none-eabi/7.2.1/thumb/v6-m/libgcc.a(_udivsi3.o)
 .debug_frame   0x0000000000000be0       0x3c /home/access/code/toolchains/gnu_arm/7.2_2017q4/bin/../lib/gcc/arm-none-eabi/7.2.1/thumb/v6-m/libgcc.a(muldf3.o)
 .debug_frame   0x0000000000000c1c       0x28 /home/access/code/toolchains/gnu_arm/7.2_2017q4/bin/../lib/gcc/arm-none-eabi/7.2.1/thumb/v6-m/libgcc.a(floatunsidf.o)
 .debug_frame   0x0000000000000c44       0x30 /home/access/code/toolchains/gnu_arm/7.2_2017q4/bin/../lib/gcc/arm-none-eabi/7.2.1/thumb/v6-m/libgcc.a(truncdfsf2.o)
 .debug_frame   0x0000000000000c74       0x28 /home/access/code/toolchains/gnu_arm/7.2_2017q4/bin/../lib/gcc/arm-none-eabi/7.2.1/../../../../arm-none-eabi/lib/thumb/v6-m/libc_nano.a(lib_a-exit.o)
 .debug_frame   0x0000000000000c9c       0x2c /home/access/code/toolchains/gnu_arm/7.2_2017q4/bin/../lib/gcc/arm-none-eabi/7.2.1/../../../../arm-none-eabi/lib/thumb/v6-m/libc_nano.a(lib_a-init.o)
 .debug_frame   0x0000000000000cc8       0x28 /home/access/code/toolchains/gnu_arm/7.2_2017q4/bin/../lib/gcc/arm-none-eabi/7.2.1/../../../../arm-none-eabi/lib/thumb/v6-m/libc_nano.a(lib_a-memcpy-stub.o)
 .debug_frame   0x0000000000000cf0       0x20 /home/access/code/toolchains/gnu_arm/7.2_2017q4/bin/../lib/gcc/arm-none-eabi/7.2.1/../../../../arm-none-eabi/lib/thumb/v6-m/libc_nano.a(lib_a-memset.o)
 .debug_frame   0x0000000000000d10      0x140 /home/access/code/toolchains/gnu_arm/7.2_2017q4/bin/../lib/gcc/arm-none-eabi/7.2.1/../../../../arm-none-eabi/lib/thumb/v6-m/libc_nano.a(lib_a-findfp.o)
 .debug_frame   0x0000000000000e50       0x20 /home/access/code/toolchains/gnu_arm/7.2_2017q4/bin/../lib/gcc/arm-none-eabi/7.2.1/../../../../arm-none-eabi/lib/thumb/v6-m/libnosys.a(_exit.o)

.stabstr        0x0000000000000000      0x14d
 .stabstr       0x0000000000000000      0x14d /home/access/code/toolchains/gnu_arm/7.2_2017q4/bin/../lib/gcc/arm-none-eabi/7.2.1/../../../../arm-none-eabi/lib/thumb/v6-m/libnosys.a(close.o)
