Archive member included to satisfy reference by file (symbol)

/srv/code/toolchains/gnu_arm/7.2_2017q4/bin/../lib/gcc/arm-none-eabi/7.2.1/thumb/v6-m/libgcc.a(_udivsi3.o)
                              ./dw1000_tofCalcs.o (__aeabi_uidiv)
/srv/code/toolchains/gnu_arm/7.2_2017q4/bin/../lib/gcc/arm-none-eabi/7.2.1/thumb/v6-m/libgcc.a(_dvmd_tls.o)
                              /srv/code/toolchains/gnu_arm/7.2_2017q4/bin/../lib/gcc/arm-none-eabi/7.2.1/thumb/v6-m/libgcc.a(_udivsi3.o) (__aeabi_idiv0)
/srv/code/toolchains/gnu_arm/7.2_2017q4/bin/../lib/gcc/arm-none-eabi/7.2.1/thumb/v6-m/libgcc.a(_arm_cmpsf2.o)
                              ./dw1000_tofCalcs.o (__aeabi_fcmple)
/srv/code/toolchains/gnu_arm/7.2_2017q4/bin/../lib/gcc/arm-none-eabi/7.2.1/thumb/v6-m/libgcc.a(eqsf2.o)
                              /srv/code/toolchains/gnu_arm/7.2_2017q4/bin/../lib/gcc/arm-none-eabi/7.2.1/thumb/v6-m/libgcc.a(_arm_cmpsf2.o) (__eqsf2)
/srv/code/toolchains/gnu_arm/7.2_2017q4/bin/../lib/gcc/arm-none-eabi/7.2.1/thumb/v6-m/libgcc.a(gesf2.o)
                              /srv/code/toolchains/gnu_arm/7.2_2017q4/bin/../lib/gcc/arm-none-eabi/7.2.1/thumb/v6-m/libgcc.a(_arm_cmpsf2.o) (__gesf2)
/srv/code/toolchains/gnu_arm/7.2_2017q4/bin/../lib/gcc/arm-none-eabi/7.2.1/thumb/v6-m/libgcc.a(lesf2.o)
                              /srv/code/toolchains/gnu_arm/7.2_2017q4/bin/../lib/gcc/arm-none-eabi/7.2.1/thumb/v6-m/libgcc.a(_arm_cmpsf2.o) (__lesf2)
/srv/code/toolchains/gnu_arm/7.2_2017q4/bin/../lib/gcc/arm-none-eabi/7.2.1/thumb/v6-m/libgcc.a(muldf3.o)
                              ./dw1000_tofCalcs.o (__aeabi_dmul)
/srv/code/toolchains/gnu_arm/7.2_2017q4/bin/../lib/gcc/arm-none-eabi/7.2.1/thumb/v6-m/libgcc.a(floatunsidf.o)
                              ./dw1000_tofCalcs.o (__aeabi_ui2d)
/srv/code/toolchains/gnu_arm/7.2_2017q4/bin/../lib/gcc/arm-none-eabi/7.2.1/thumb/v6-m/libgcc.a(truncdfsf2.o)
                              ./dw1000_tofCalcs.o (__aeabi_d2f)
/srv/code/toolchains/gnu_arm/7.2_2017q4/bin/../lib/gcc/arm-none-eabi/7.2.1/thumb/v6-m/libgcc.a(_clzsi2.o)
                              /srv/code/toolchains/gnu_arm/7.2_2017q4/bin/../lib/gcc/arm-none-eabi/7.2.1/thumb/v6-m/libgcc.a(muldf3.o) (__clzsi2)
/srv/code/toolchains/gnu_arm/7.2_2017q4/bin/../lib/gcc/arm-none-eabi/7.2.1/../../../../arm-none-eabi/lib/thumb/v6-m/libc_nano.a(lib_a-exit.o)
                              /srv/code/toolchains/gnu_arm/7.2_2017q4/bin/../lib/gcc/arm-none-eabi/7.2.1/../../../../arm-none-eabi/lib/thumb/v6-m/crt0.o (exit)
/srv/code/toolchains/gnu_arm/7.2_2017q4/bin/../lib/gcc/arm-none-eabi/7.2.1/../../../../arm-none-eabi/lib/thumb/v6-m/libc_nano.a(lib_a-impure.o)
                              /srv/code/toolchains/gnu_arm/7.2_2017q4/bin/../lib/gcc/arm-none-eabi/7.2.1/../../../../arm-none-eabi/lib/thumb/v6-m/libc_nano.a(lib_a-exit.o) (_global_impure_ptr)
/srv/code/toolchains/gnu_arm/7.2_2017q4/bin/../lib/gcc/arm-none-eabi/7.2.1/../../../../arm-none-eabi/lib/thumb/v6-m/libc_nano.a(lib_a-init.o)
                              /srv/code/toolchains/gnu_arm/7.2_2017q4/bin/../lib/gcc/arm-none-eabi/7.2.1/../../../../arm-none-eabi/lib/thumb/v6-m/crt0.o (__libc_init_array)
/srv/code/toolchains/gnu_arm/7.2_2017q4/bin/../lib/gcc/arm-none-eabi/7.2.1/../../../../arm-none-eabi/lib/thumb/v6-m/libc_nano.a(lib_a-memcpy-stub.o)
                              ./dw1000_nodeMgmt.o (memcpy)
/srv/code/toolchains/gnu_arm/7.2_2017q4/bin/../lib/gcc/arm-none-eabi/7.2.1/../../../../arm-none-eabi/lib/thumb/v6-m/libc_nano.a(lib_a-memset.o)
                              /srv/code/toolchains/gnu_arm/7.2_2017q4/bin/../lib/gcc/arm-none-eabi/7.2.1/../../../../arm-none-eabi/lib/thumb/v6-m/crt0.o (memset)
/srv/code/toolchains/gnu_arm/7.2_2017q4/bin/../lib/gcc/arm-none-eabi/7.2.1/../../../../arm-none-eabi/lib/thumb/v6-m/libnosys.a(_exit.o)
                              /srv/code/toolchains/gnu_arm/7.2_2017q4/bin/../lib/gcc/arm-none-eabi/7.2.1/../../../../arm-none-eabi/lib/thumb/v6-m/libc_nano.a(lib_a-exit.o) (_exit)

Allocating common symbols
Common symbol       size              file

venus_config_query  0x1               ./config_venus638.o
dw_devconf          0xc4              ./config_dw1000.o
dw_ext_addr_table   0x1               ./dw1000_types.o
dw_sub_addr_table   0x1               ./dw1000_types.o
timer0_ms_ticks     0x2               ./efm32zg_app.o
timer1_us_ticks     0x2               ./efm32zg_app.o
usart_data          0x28              ./config_efm32zg222f32.o
usart_rx_tx_table   0xc               ./config_venus638.o
timer0_us_ticks     0x2               ./efm32zg_app.o
usart_status        0xd               ./config_efm32zg222f32.o
venus_response      0x190             ./config_venus638.o
usart_frameconf_rwc
                    0xc               ./efm32zg222f32_adaptor.o
timer1_ms_ticks     0x2               ./efm32zg_app.o
usart_error         0xe               ./config_efm32zg222f32.o
transmitBuffer      0x3               ./efm32zg222f32_adaptor.o
[...]
Memory Configuration

Name             Origin             Length             Attributes
FLASH            0x0000000000000000 0x0000000000008000 xr
RAM              0x0000000020000000 0x0000000000001000 xrw
*default*        0x0000000000000000 0xffffffffffffffff

Linker script and memory map

LOAD /srv/code/toolchains/gnu_arm/7.2_2017q4/bin/../lib/gcc/arm-none-eabi/7.2.1/thumb/v6-m/crti.o
LOAD /srv/code/toolchains/gnu_arm/7.2_2017q4/bin/../lib/gcc/arm-none-eabi/7.2.1/thumb/v6-m/crtbegin.o
LOAD /srv/code/toolchains/gnu_arm/7.2_2017q4/bin/../lib/gcc/arm-none-eabi/7.2.1/../../../../arm-none-eabi/lib/thumb/v6-m/crt0.o
LOAD ./dw1000_types.o
LOAD ./dw1000_nodeMgmt.o
LOAD ./startup_efm32zg.o
LOAD ./efm32zg_app.o
LOAD ./mpi_usart.o
LOAD ./mpi_ext_dev.o
LOAD ./config_efm32zg222f32.o
LOAD ./mpi_cmu.o
LOAD ./efm32zg_types_HAL.o
LOAD ./config_dw1000.o
LOAD ./dw1000_commRxTx.o
LOAD ./efm32zg_gpio_HAL.o
LOAD ./dw1000_tofCalcs.o
LOAD ./efm32zg_gpio_IO_HAL.o
LOAD ./config_venus638.o
LOAD ./mpi_gpio.o
LOAD ./efm32zg222f32_adaptor.o
LOAD ./system_efm32zg.o
LOAD ./venus638_adaptor.o
LOAD ./config_example.o
LOAD ./dw1000_adaptor.o
LOAD ./STK3200_config.o
LOAD ./dw1000_decodeMAC.o
LOAD ./efm32zg_timer_HAL.o
LOAD ./main.o
LOAD ./dw1000_buildMAC.o
LOAD ./efm32zg_cmu_HAL.o
LOAD ./venus638.o
LOAD ./efm32zg_usart_IO_HAL.o
LOAD ./efm32zg_interrupts_HAL.o
LOAD ./efm32zg_usart_HAL.o
LOAD ./mpi_timer.o
START GROUP
LOAD /srv/code/toolchains/gnu_arm/7.2_2017q4/bin/../lib/gcc/arm-none-eabi/7.2.1/thumb/v6-m/libgcc.a
LOAD /srv/code/toolchains/gnu_arm/7.2_2017q4/bin/../lib/gcc/arm-none-eabi/7.2.1/../../../../arm-none-eabi/lib/thumb/v6-m/libc_nano.a
LOAD /srv/code/toolchains/gnu_arm/7.2_2017q4/bin/../lib/gcc/arm-none-eabi/7.2.1/../../../../arm-none-eabi/lib/thumb/v6-m/libnosys.a
END GROUP
START GROUP
LOAD /srv/code/toolchains/gnu_arm/7.2_2017q4/bin/../lib/gcc/arm-none-eabi/7.2.1/thumb/v6-m/libgcc.a
LOAD /srv/code/toolchains/gnu_arm/7.2_2017q4/bin/../lib/gcc/arm-none-eabi/7.2.1/../../../../arm-none-eabi/lib/thumb/v6-m/libg_nano.a
LOAD /srv/code/toolchains/gnu_arm/7.2_2017q4/bin/../lib/gcc/arm-none-eabi/7.2.1/../../../../arm-none-eabi/lib/thumb/v6-m/libc_nano.a
END GROUP
START GROUP
LOAD /srv/code/toolchains/gnu_arm/7.2_2017q4/bin/../lib/gcc/arm-none-eabi/7.2.1/thumb/v6-m/libgcc.a
LOAD /srv/code/toolchains/gnu_arm/7.2_2017q4/bin/../lib/gcc/arm-none-eabi/7.2.1/../../../../arm-none-eabi/lib/thumb/v6-m/libc_nano.a
END GROUP
LOAD /srv/code/toolchains/gnu_arm/7.2_2017q4/bin/../lib/gcc/arm-none-eabi/7.2.1/thumb/v6-m/crtend.o
LOAD /srv/code/toolchains/gnu_arm/7.2_2017q4/bin/../lib/gcc/arm-none-eabi/7.2.1/thumb/v6-m/crtn.o

.text           0x0000000000000000     0x6e7c
 *(.vectors)
 .vectors       0x0000000000000000       0x8c ./startup_efm32zg.o
                0x0000000000000000                __Vectors
                0x000000000000008c                __Vectors_End = .
                0x000000000000008c                __Vectors_Size = (__Vectors_End - __Vectors)
                0x000000000000008c                __end__ = .
 *(.text*)
 .text          0x000000000000008c       0x48 /srv/code/toolchains/gnu_arm/7.2_2017q4/bin/../lib/gcc/arm-none-eabi/7.2.1/thumb/v6-m/crtbegin.o
 .text          0x00000000000000d4       0x78 /srv/code/toolchains/gnu_arm/7.2_2017q4/bin/../lib/gcc/arm-none-eabi/7.2.1/../../../../arm-none-eabi/lib/thumb/v6-m/crt0.o
                0x00000000000000d4                _mainCRTStartup
                0x00000000000000d4                _start
 .text.config_device_id
                0x000000000000014c       0x3e ./dw1000_types.o
                0x000000000000014c                config_device_id
 .text.config_part_id
                0x000000000000018a       0x1a ./dw1000_types.o
                0x000000000000018a                config_part_id
 .text.config_lot_id
                0x00000000000001a4       0x1a ./dw1000_types.o
                0x00000000000001a4                config_lot_id
 .text.config_pan_id
                0x00000000000001be       0x34 ./dw1000_types.o
                0x00000000000001be                config_pan_id
 .text.config_channel
                0x00000000000001f2       0x1a ./dw1000_types.o
                0x00000000000001f2                config_channel
 .text.config_otp_rev
                0x000000000000020c       0x1a ./dw1000_types.o
                0x000000000000020c                config_otp_rev
 .text.config_tx_fctrl
                0x0000000000000226       0x1a ./dw1000_types.o
                0x0000000000000226                config_tx_fctrl
 .text.config_rf_tx_delay
                0x0000000000000240       0x3a ./dw1000_types.o
                0x0000000000000240                config_rf_tx_delay
 .text.config_rf_rx_delay
                0x000000000000027a       0x3a ./dw1000_types.o
                0x000000000000027a                config_rf_rx_delay
 .text.config_ant_delay
                0x00000000000002b4       0x1a ./dw1000_types.o
                0x00000000000002b4                config_ant_delay
 .text.config_xtrim
                0x00000000000002ce       0x1a ./dw1000_types.o
                0x00000000000002ce                config_xtrim
 .text.config_dbl_buff_on
                0x00000000000002e8       0x1c ./dw1000_types.o
                0x00000000000002e8                config_dbl_buff_on
 .text.config_sys_config_reg
                0x0000000000000304       0x1c ./dw1000_types.o
                0x0000000000000304                config_sys_config_reg
 .text.config_tx_pow_config
                0x0000000000000320       0x3a ./dw1000_types.o
                0x0000000000000320                config_tx_pow_config
 .text.config_prf_index
                0x000000000000035a       0x1c ./dw1000_types.o
                0x000000000000035a                config_prf_index
 .text.config_ldo_tune_low32
                0x0000000000000376       0x1c ./dw1000_types.o
                0x0000000000000376                config_ldo_tune_low32
 .text.config_long_frames
                0x0000000000000392       0x1c ./dw1000_types.o
                0x0000000000000392                config_long_frames
 .text.query_device_id
                0x00000000000003ae       0x44 ./dw1000_types.o
                0x00000000000003ae                query_device_id
 .text.query_part_id
                0x00000000000003f2       0x1a ./dw1000_types.o
                0x00000000000003f2                query_part_id
 .text.query_lot_id
                0x000000000000040c       0x1a ./dw1000_types.o
                0x000000000000040c                query_lot_id
 .text.query_pan_id
                0x0000000000000426       0x34 ./dw1000_types.o
                0x0000000000000426                query_pan_id
 .text.query_channel
                0x000000000000045a       0x1a ./dw1000_types.o
                0x000000000000045a                query_channel
 .text.query_otp_rev
                0x0000000000000474       0x10 ./dw1000_types.o
                0x0000000000000474                query_otp_rev
 .text.query_tx_fctrl
                0x0000000000000484       0x10 ./dw1000_types.o
                0x0000000000000484                query_tx_fctrl
 .text.query_rf_tx_delay
                0x0000000000000494       0x10 ./dw1000_types.o
                0x0000000000000494                query_rf_tx_delay
 .text.query_rf_rx_delay
                0x00000000000004a4       0x10 ./dw1000_types.o
                0x00000000000004a4                query_rf_rx_delay
 .text.query_ant_delay
                0x00000000000004b4       0x10 ./dw1000_types.o
                0x00000000000004b4                query_ant_delay
 .text.query_xtrim
                0x00000000000004c4       0x10 ./dw1000_types.o
                0x00000000000004c4                query_xtrim
 .text.query_dbl_buff_on
                0x00000000000004d4       0x10 ./dw1000_types.o
                0x00000000000004d4                query_dbl_buff_on
 .text.query_sys_config_reg
                0x00000000000004e4       0x10 ./dw1000_types.o
                0x00000000000004e4                query_sys_config_reg
 .text.query_tx_pow_config
                0x00000000000004f4       0x10 ./dw1000_types.o
                0x00000000000004f4                query_tx_pow_config
 .text.query_prf_index
                0x0000000000000504       0x10 ./dw1000_types.o
                0x0000000000000504                query_prf_index
 .text.query_ldo_tune_low32
                0x0000000000000514       0x10 ./dw1000_types.o
                0x0000000000000514                query_ldo_tune_low32
 .text.query_long_frames
                0x0000000000000524       0x10 ./dw1000_types.o
                0x0000000000000524                query_long_frames
 .text.dw_nodeCreate
                0x0000000000000534       0x9c ./dw1000_nodeMgmt.o
                0x0000000000000534                dw_nodeCreate
 .text.dw_nodeSort
                0x00000000000005d0       0x80 ./dw1000_nodeMgmt.o
                0x00000000000005d0                dw_nodeSort
 .text.dw_nodeDelete
                0x0000000000000650       0xa0 ./dw1000_nodeMgmt.o
                0x0000000000000650                dw_nodeDelete
 .text.dw_nodeSearch
                0x00000000000006f0       0x98 ./dw1000_nodeMgmt.o
                0x00000000000006f0                dw_nodeSearch
 .text          0x0000000000000788       0x30 ./startup_efm32zg.o
                0x0000000000000788                Reset_Handler
                0x00000000000007b4                I2C0_IRQHandler
                0x00000000000007b4                HardFault_Handler
                0x00000000000007b4                SysTick_Handler
                0x00000000000007b4                USART1_RX_IRQHandler
                0x00000000000007b4                PendSV_Handler
                0x00000000000007b4                NMI_Handler
                0x00000000000007b4                USART1_TX_IRQHandler
                0x00000000000007b4                MSC_IRQHandler
                0x00000000000007b4                ADC0_IRQHandler
                0x00000000000007b4                LEUART0_IRQHandler
                0x00000000000007b4                GPIO_EVEN_IRQHandler
                0x00000000000007b4                RTC_IRQHandler
                0x00000000000007b4                TIMER1_IRQHandler
                0x00000000000007b4                Default_Handler
                0x00000000000007b4                PCNT0_IRQHandler
                0x00000000000007b4                ACMP0_IRQHandler
                0x00000000000007b4                SVC_Handler
                0x00000000000007b4                CMU_IRQHandler
                0x00000000000007b4                GPIO_ODD_IRQHandler
                0x00000000000007b4                AES_IRQHandler
                0x00000000000007b4                VCMP_IRQHandler
                0x00000000000007b4                DMA_IRQHandler
 .text.timer_Delay
                0x00000000000007b8       0x48 ./efm32zg_app.o
                0x00000000000007b8                timer_Delay
 .text.mpi_usartInit
                0x0000000000000800       0x1c ./mpi_usart.o
                0x0000000000000800                mpi_usartInit
 .text.mpi_extdevData
                0x000000000000081c       0x24 ./mpi_ext_dev.o
                0x000000000000081c                mpi_extdevData
 .text.mpi_cmuInit
                0x0000000000000840       0x1c ./mpi_cmu.o
                0x0000000000000840                mpi_cmuInit
 .text.mpi_cmuConfigReg
                0x000000000000085c       0x20 ./mpi_cmu.o
                0x000000000000085c                mpi_cmuConfigReg
 .text.mpi_cmuQueryReg
                0x000000000000087c       0x20 ./mpi_cmu.o
                0x000000000000087c                mpi_cmuQueryReg
 .text.dw_Tx    0x000000000000089c       0x28 ./dw1000_commRxTx.o
                0x000000000000089c                dw_Tx
 .text.dw_Rx    0x00000000000008c4       0x3c ./dw1000_commRxTx.o
                0x00000000000008c4                dw_Rx
 .text.zg_gpioPCtrlRead
                0x0000000000000900       0x38 ./efm32zg_gpio_HAL.o
                0x0000000000000900                zg_gpioPCtrlRead
 .text.zg_gpioPCtrlWrite
                0x0000000000000938       0x4c ./efm32zg_gpio_HAL.o
                0x0000000000000938                zg_gpioPCtrlWrite
 .text.zg_gpioPinModeLowRead
                0x0000000000000984       0x40 ./efm32zg_gpio_HAL.o
                0x0000000000000984                zg_gpioPinModeLowRead
 .text.zg_gpioPinModeLowWrite
                0x00000000000009c4       0x58 ./efm32zg_gpio_HAL.o
                0x00000000000009c4                zg_gpioPinModeLowWrite
 .text.zg_gpioPinModeLowClear
                0x0000000000000a1c       0x5c ./efm32zg_gpio_HAL.o
                0x0000000000000a1c                zg_gpioPinModeLowClear
 .text.zg_gpioPinModeHighRead
                0x0000000000000a78       0x40 ./efm32zg_gpio_HAL.o
                0x0000000000000a78                zg_gpioPinModeHighRead
 .text.zg_gpioPinModeHighWrite
                0x0000000000000ab8       0x58 ./efm32zg_gpio_HAL.o
                0x0000000000000ab8                zg_gpioPinModeHighWrite
 .text.zg_gpioPinModeHighClear
                0x0000000000000b10       0x5c ./efm32zg_gpio_HAL.o
                0x0000000000000b10                zg_gpioPinModeHighClear
 .text.zg_gpioPinLockRead
                0x0000000000000b6c       0x40 ./efm32zg_gpio_HAL.o
                0x0000000000000b6c                zg_gpioPinLockRead
 .text.zg_gpioPinLockWrite
                0x0000000000000bac       0x58 ./efm32zg_gpio_HAL.o
                0x0000000000000bac                zg_gpioPinLockWrite
 .text.zg_gpioPinLockClr
                0x0000000000000c04       0x5c ./efm32zg_gpio_HAL.o
                0x0000000000000c04                zg_gpioPinLockClr
 .text.zg_gpioExtIntPinLowRead
                0x0000000000000c60       0x24 ./efm32zg_gpio_HAL.o
                0x0000000000000c60                zg_gpioExtIntPinLowRead
 .text.zg_gpioExtIntPinLowWrite
                0x0000000000000c84       0x30 ./efm32zg_gpio_HAL.o
                0x0000000000000c84                zg_gpioExtIntPinLowWrite
 .text.zg_gpioExtIntPinLowClr
                0x0000000000000cb4       0x34 ./efm32zg_gpio_HAL.o
                0x0000000000000cb4                zg_gpioExtIntPinLowClr
 .text.zg_gpioExtIntPinHighRead
                0x0000000000000ce8       0x24 ./efm32zg_gpio_HAL.o
                0x0000000000000ce8                zg_gpioExtIntPinHighRead
 .text.zg_gpioExtIntPinHighWrite
                0x0000000000000d0c       0x30 ./efm32zg_gpio_HAL.o
                0x0000000000000d0c                zg_gpioExtIntPinHighWrite
 .text.zg_gpioExtIntPinHighClr
                0x0000000000000d3c       0x34 ./efm32zg_gpio_HAL.o
                0x0000000000000d3c                zg_gpioExtIntPinHighClr
 .text.zg_gpioExtIntRiseEdgeRead
                0x0000000000000d70       0x24 ./efm32zg_gpio_HAL.o
                0x0000000000000d70                zg_gpioExtIntRiseEdgeRead
 .text.zg_gpioExtIntRiseEdgeWrite
                0x0000000000000d94       0x38 ./efm32zg_gpio_HAL.o
                0x0000000000000d94                zg_gpioExtIntRiseEdgeWrite
 .text.zg_gpioExtIntRiseEdgeClr
                0x0000000000000dcc       0x34 ./efm32zg_gpio_HAL.o
                0x0000000000000dcc                zg_gpioExtIntRiseEdgeClr
 .text.zg_gpioExtIntFallEdgeRead
                0x0000000000000e00       0x24 ./efm32zg_gpio_HAL.o
                0x0000000000000e00                zg_gpioExtIntFallEdgeRead
 .text.zg_gpioExtIntFallEdgeWrite
                0x0000000000000e24       0x38 ./efm32zg_gpio_HAL.o
                0x0000000000000e24                zg_gpioExtIntFallEdgeWrite
 .text.zg_gpioExtIntFallEdgeClr
                0x0000000000000e5c       0x34 ./efm32zg_gpio_HAL.o
                0x0000000000000e5c                zg_gpioExtIntFallEdgeClr
 .text.zg_gpioIntEnRead
                0x0000000000000e90       0x24 ./efm32zg_gpio_HAL.o
                0x0000000000000e90                zg_gpioIntEnRead
 .text.zg_gpioIntEnWrite
                0x0000000000000eb4       0x30 ./efm32zg_gpio_HAL.o
                0x0000000000000eb4                zg_gpioIntEnWrite
 .text.zg_gpioIntClr
                0x0000000000000ee4       0x34 ./efm32zg_gpio_HAL.o
                0x0000000000000ee4                zg_gpioIntClr
 .text.zg_gpioIntFlagRead
                0x0000000000000f18       0x24 ./efm32zg_gpio_HAL.o
                0x0000000000000f18                zg_gpioIntFlagRead
 .text.zg_gpioIntFlagWrite
                0x0000000000000f3c       0x30 ./efm32zg_gpio_HAL.o
                0x0000000000000f3c                zg_gpioIntFlagWrite
 .text.zg_gpioIntFlagClr
                0x0000000000000f6c       0x24 ./efm32zg_gpio_HAL.o
                0x0000000000000f6c                zg_gpioIntFlagClr
 .text.zg_gpioSerialWireEnRead
                0x0000000000000f90       0x24 ./efm32zg_gpio_HAL.o
                0x0000000000000f90                zg_gpioSerialWireEnRead
 .text.zg_gpioSerialWireEnWrite
                0x0000000000000fb4       0x30 ./efm32zg_gpio_HAL.o
                0x0000000000000fb4                zg_gpioSerialWireEnWrite
 .text.zg_gpioSerialWireEnClr
                0x0000000000000fe4       0x34 ./efm32zg_gpio_HAL.o
                0x0000000000000fe4                zg_gpioSerialWireEnClr
 .text.zg_gpioSenseRead
                0x0000000000001018       0x24 ./efm32zg_gpio_HAL.o
                0x0000000000001018                zg_gpioSenseRead
 .text.zg_gpioSenseWrite
                0x000000000000103c       0x30 ./efm32zg_gpio_HAL.o
                0x000000000000103c                zg_gpioSenseWrite
 .text.zg_gpioSenseClr
                0x000000000000106c       0x34 ./efm32zg_gpio_HAL.o
                0x000000000000106c                zg_gpioSenseClr
 .text.zg_gpioConfLockRead
                0x00000000000010a0       0x28 ./efm32zg_gpio_HAL.o
                0x00000000000010a0                zg_gpioConfLockRead
 .text.zg_gpioConfLockWrite
                0x00000000000010c8       0x28 ./efm32zg_gpio_HAL.o
                0x00000000000010c8                zg_gpioConfLockWrite
 .text.zg_gpioConfLockClr
                0x00000000000010f0       0x28 ./efm32zg_gpio_HAL.o
                0x00000000000010f0                zg_gpioConfLockClr
 .text.zg_gpioEm4RetRead
                0x0000000000001118       0x28 ./efm32zg_gpio_HAL.o
                0x0000000000001118                zg_gpioEm4RetRead
 .text.zg_gpioEm4RetWrite
                0x0000000000001140       0x34 ./efm32zg_gpio_HAL.o
                0x0000000000001140                zg_gpioEm4RetWrite
 .text.zg_gpioEm4RetClr
                0x0000000000001174       0x34 ./efm32zg_gpio_HAL.o
                0x0000000000001174                zg_gpioEm4RetClr
 .text.zg_EM4WakeRead
                0x00000000000011a8       0x28 ./efm32zg_gpio_HAL.o
                0x00000000000011a8                zg_EM4WakeRead
 .text.zg_EM4WakeWrite
                0x00000000000011d0       0x34 ./efm32zg_gpio_HAL.o
                0x00000000000011d0                zg_EM4WakeWrite
 .text.zg_EM4WakeClr
                0x0000000000001204       0x34 ./efm32zg_gpio_HAL.o
                0x0000000000001204                zg_EM4WakeClr
 .text.zg_EM4PolRead
                0x0000000000001238       0x28 ./efm32zg_gpio_HAL.o
                0x0000000000001238                zg_EM4PolRead
 .text.zg_EM4PolWrite
                0x0000000000001260       0x34 ./efm32zg_gpio_HAL.o
                0x0000000000001260                zg_EM4PolWrite
 .text.zg_EM4PolClr
                0x0000000000001294       0x34 ./efm32zg_gpio_HAL.o
                0x0000000000001294                zg_EM4PolClr
 .text.zg_gpioClrEm4Request
                0x00000000000012c8       0x1c ./efm32zg_gpio_HAL.o
                0x00000000000012c8                zg_gpioClrEm4Request
 .text.zg_EM4Cause
                0x00000000000012e4       0x28 ./efm32zg_gpio_HAL.o
                0x00000000000012e4                zg_EM4Cause
 .text.dw_tx_poll_ts
                0x000000000000130c       0x68 ./dw1000_tofCalcs.o
                0x000000000000130c                dw_tx_poll_ts
 .text.dw_tx_resp_ts
                0x0000000000001374       0x78 ./dw1000_tofCalcs.o
                0x0000000000001374                dw_tx_resp_ts
 .text.dw_tx_final_ts
                0x00000000000013ec       0x90 ./dw1000_tofCalcs.o
                0x00000000000013ec                dw_tx_final_ts
 .text.dw_tof_dist
                0x000000000000147c       0xb4 ./dw1000_tofCalcs.o
                0x000000000000147c                dw_tof_dist
 .text.dw_deviceStore
                0x0000000000001530      0x26c ./dw1000_tofCalcs.o
                0x0000000000001530                dw_deviceStore
 .text.zg_gpioReadIn
                0x000000000000179c       0x44 ./efm32zg_gpio_IO_HAL.o
                0x000000000000179c                zg_gpioReadIn
 .text.zg_gpioOutTgl
                0x00000000000017e0       0x3c ./efm32zg_gpio_IO_HAL.o
                0x00000000000017e0                zg_gpioOutTgl
 .text.zg_gpioOutRead
                0x000000000000181c       0x44 ./efm32zg_gpio_IO_HAL.o
                0x000000000000181c                zg_gpioOutRead
 .text.zg_gpioOutWrite
                0x0000000000001860       0x5c ./efm32zg_gpio_IO_HAL.o
                0x0000000000001860                zg_gpioOutWrite
 .text.zg_gpioOutClr
                0x00000000000018bc       0x5c ./efm32zg_gpio_IO_HAL.o
                0x00000000000018bc                zg_gpioOutClr
 .text.mpi_gpioInit
                0x0000000000001918       0x1c ./mpi_gpio.o
                0x0000000000001918                mpi_gpioInit
 .text.mpi_gpioData
                0x0000000000001934       0x28 ./mpi_gpio.o
                0x0000000000001934                mpi_gpioData
 .text.__NVIC_EnableIRQ
                0x000000000000195c       0x34 ./efm32zg222f32_adaptor.o
 .text.__NVIC_ClearPendingIRQ
                0x0000000000001990       0x38 ./efm32zg222f32_adaptor.o
 .text.usart_Init
                0x00000000000019c8       0x74 ./efm32zg222f32_adaptor.o
                0x00000000000019c8                usart_Init
 .text.usart_ConfigReg
                0x0000000000001a3c       0x40 ./efm32zg222f32_adaptor.o
                0x0000000000001a3c                usart_ConfigReg
 .text.usart_QueryReg
                0x0000000000001a7c       0x40 ./efm32zg222f32_adaptor.o
                0x0000000000001a7c                usart_QueryReg
 .text.usart_Data
                0x0000000000001abc       0xd8 ./efm32zg222f32_adaptor.o
                0x0000000000001abc                usart_Data
 .text.gpio_Init
                0x0000000000001b94       0xc8 ./efm32zg222f32_adaptor.o
                0x0000000000001b94                gpio_Init
 .text.gpio_ConfigReg
                0x0000000000001c5c       0x40 ./efm32zg222f32_adaptor.o
                0x0000000000001c5c                gpio_ConfigReg
 .text.gpio_QueryReg
                0x0000000000001c9c       0x40 ./efm32zg222f32_adaptor.o
                0x0000000000001c9c                gpio_QueryReg
 .text.gpio_Data
                0x0000000000001cdc       0xc4 ./efm32zg222f32_adaptor.o
                0x0000000000001cdc                gpio_Data
 .text.cmu_Init
                0x0000000000001da0       0x90 ./efm32zg222f32_adaptor.o
                0x0000000000001da0                cmu_Init
 .text.cmu_ConfigReg
                0x0000000000001e30       0x40 ./efm32zg222f32_adaptor.o
                0x0000000000001e30                cmu_ConfigReg
 .text.cmu_QueryReg
                0x0000000000001e70       0x40 ./efm32zg222f32_adaptor.o
                0x0000000000001e70                cmu_QueryReg
 .text.timer_Init
                0x0000000000001eb0       0x70 ./efm32zg222f32_adaptor.o
                0x0000000000001eb0                timer_Init
 .text.timer_ConfigReg
                0x0000000000001f20       0x40 ./efm32zg222f32_adaptor.o
                0x0000000000001f20                timer_ConfigReg
 .text.timer_QueryReg
                0x0000000000001f60       0x40 ./efm32zg222f32_adaptor.o
                0x0000000000001f60                timer_QueryReg
 .text.SystemInit
                0x0000000000001fa0       0x10 ./system_efm32zg.o
                0x0000000000001fa0                SystemInit
 .text.dw_Init  0x0000000000001fb0       0xb8 ./dw1000_adaptor.o
                0x0000000000001fb0                dw_Init
 .text.dw_RegDump
                0x0000000000002068       0xb8 ./dw1000_adaptor.o
                0x0000000000002068                dw_RegDump
 .text.dw_ConfigReg
                0x0000000000002120       0x94 ./dw1000_adaptor.o
                0x0000000000002120                dw_ConfigReg
 .text.dw_QueryReg
                0x00000000000021b4       0x94 ./dw1000_adaptor.o
                0x00000000000021b4                dw_QueryReg
 .text.dw_Data  0x0000000000002248      0x1d8 ./dw1000_adaptor.o
                0x0000000000002248                dw_Data
 .text.dw_Reset
                0x0000000000002420       0x98 ./dw1000_adaptor.o
                0x0000000000002420                dw_Reset
 .text.dw_Off   0x00000000000024b8       0x98 ./dw1000_adaptor.o
                0x00000000000024b8                dw_Off
 .text.dw_Sleep
                0x0000000000002550       0x98 ./dw1000_adaptor.o
                0x0000000000002550                dw_Sleep
 .text.dw_Wakeup
                0x00000000000025e8       0x98 ./dw1000_adaptor.o
                0x00000000000025e8                dw_Wakeup
 .text.dw_ModeLevel
                0x0000000000002680       0x98 ./dw1000_adaptor.o
                0x0000000000002680                dw_ModeLevel
 .text.dw_decodeFrameCtrl
                0x0000000000002718       0xa4 ./dw1000_decodeMAC.o
                0x0000000000002718                dw_decodeFrameCtrl
 .text.dw_decodeFrameIn
                0x00000000000027bc       0xec ./dw1000_decodeMAC.o
                0x00000000000027bc                dw_decodeFrameIn
 .text.dw_handlerBlink
                0x00000000000028a8      0x1b8 ./dw1000_decodeMAC.o
                0x00000000000028a8                dw_handlerBlink
 .text.dw_handlerRangeInit
                0x0000000000002a60      0x124 ./dw1000_decodeMAC.o
                0x0000000000002a60                dw_handlerRangeInit
 .text.dw_handlerPollRespFinal
                0x0000000000002b84       0xac ./dw1000_decodeMAC.o
                0x0000000000002b84                dw_handlerPollRespFinal
 .text.dw_handlerPoll
                0x0000000000002c30      0x208 ./dw1000_decodeMAC.o
                0x0000000000002c30                dw_handlerPoll
 .text.dw_handlerResp
                0x0000000000002e38      0x25c ./dw1000_decodeMAC.o
                0x0000000000002e38                dw_handlerResp
 .text.dw_handlerFinal
                0x0000000000003094      0x2d4 ./dw1000_decodeMAC.o
                0x0000000000003094                dw_handlerFinal
 .text.zg_timerCtrlRead
                0x0000000000003368       0x20 ./efm32zg_timer_HAL.o
                0x0000000000003368                zg_timerCtrlRead
 .text.zg_timerCtrlWrite
                0x0000000000003388       0x28 ./efm32zg_timer_HAL.o
                0x0000000000003388                zg_timerCtrlWrite
 .text.zg_timerCtrlClr
                0x00000000000033b0       0x2c ./efm32zg_timer_HAL.o
                0x00000000000033b0                zg_timerCtrlClr
 .text.zg_timerCmdWrite
                0x00000000000033dc       0x28 ./efm32zg_timer_HAL.o
                0x00000000000033dc                zg_timerCmdWrite
 .text.zg_timerStatusRead
                0x0000000000003404       0x20 ./efm32zg_timer_HAL.o
                0x0000000000003404                zg_timerStatusRead
 .text.zg_timerIenRead
                0x0000000000003424       0x20 ./efm32zg_timer_HAL.o
                0x0000000000003424                zg_timerIenRead
 .text.zg_timerIenWrite
                0x0000000000003444       0x28 ./efm32zg_timer_HAL.o
                0x0000000000003444                zg_timerIenWrite
 .text.zg_timerIenClr
                0x000000000000346c       0x2c ./efm32zg_timer_HAL.o
                0x000000000000346c                zg_timerIenClr
 .text.zg_timerIfrRead
                0x0000000000003498       0x20 ./efm32zg_timer_HAL.o
                0x0000000000003498                zg_timerIfrRead
 .text.zg_timerIfsWrite
                0x00000000000034b8       0x28 ./efm32zg_timer_HAL.o
                0x00000000000034b8                zg_timerIfsWrite
 .text.zg_timerIfcClr
                0x00000000000034e0       0x2c ./efm32zg_timer_HAL.o
                0x00000000000034e0                zg_timerIfcClr
 .text.zg_timerTopRead
                0x000000000000350c       0x20 ./efm32zg_timer_HAL.o
                0x000000000000350c                zg_timerTopRead
 .text.zg_timerTopWrite
                0x000000000000352c       0x28 ./efm32zg_timer_HAL.o
                0x000000000000352c                zg_timerTopWrite
 .text.zg_timerTopClr
                0x0000000000003554       0x2c ./efm32zg_timer_HAL.o
                0x0000000000003554                zg_timerTopClr
 .text.zg_timerTopbRead
                0x0000000000003580       0x20 ./efm32zg_timer_HAL.o
                0x0000000000003580                zg_timerTopbRead
 .text.zg_timerTopbWrite
                0x00000000000035a0       0x28 ./efm32zg_timer_HAL.o
                0x00000000000035a0                zg_timerTopbWrite
 .text.zg_timerTopbClr
                0x00000000000035c8       0x2c ./efm32zg_timer_HAL.o
                0x00000000000035c8                zg_timerTopbClr
 .text.zg_timerCntRead
                0x00000000000035f4       0x20 ./efm32zg_timer_HAL.o
                0x00000000000035f4                zg_timerCntRead
 .text.zg_timerCntWrite
                0x0000000000003614       0x28 ./efm32zg_timer_HAL.o
                0x0000000000003614                zg_timerCntWrite
 .text.zg_timerCntClr
                0x000000000000363c       0x2c ./efm32zg_timer_HAL.o
                0x000000000000363c                zg_timerCntClr
 .text.zg_timerRouteRead
                0x0000000000003668       0x20 ./efm32zg_timer_HAL.o
                0x0000000000003668                zg_timerRouteRead
 .text.zg_timerRouteWrite
                0x0000000000003688       0x28 ./efm32zg_timer_HAL.o
                0x0000000000003688                zg_timerRouteWrite
 .text.zg_timerRouteClr
                0x00000000000036b0       0x2c ./efm32zg_timer_HAL.o
                0x00000000000036b0                zg_timerRouteClr
 .text.zg_timerCc0_ctrlRead
                0x00000000000036dc       0x20 ./efm32zg_timer_HAL.o
                0x00000000000036dc                zg_timerCc0_ctrlRead
 .text.zg_timerCc0_ctrlWrite
                0x00000000000036fc       0x28 ./efm32zg_timer_HAL.o
                0x00000000000036fc                zg_timerCc0_ctrlWrite
 .text.zg_timerCc0_ctrlClr
                0x0000000000003724       0x2c ./efm32zg_timer_HAL.o
                0x0000000000003724                zg_timerCc0_ctrlClr
 .text.zg_timerCc0_ccvRead
                0x0000000000003750       0x20 ./efm32zg_timer_HAL.o
                0x0000000000003750                zg_timerCc0_ccvRead
 .text.zg_timerCc0_ccvWrite
                0x0000000000003770       0x28 ./efm32zg_timer_HAL.o
                0x0000000000003770                zg_timerCc0_ccvWrite
 .text.zg_timerCc0_ccvClr
                0x0000000000003798       0x2c ./efm32zg_timer_HAL.o
                0x0000000000003798                zg_timerCc0_ccvClr
 .text.zg_timerCc0_ccvbRead
                0x00000000000037c4       0x20 ./efm32zg_timer_HAL.o
                0x00000000000037c4                zg_timerCc0_ccvbRead
 .text.zg_timerCc0_ccvbWrite
                0x00000000000037e4       0x28 ./efm32zg_timer_HAL.o
                0x00000000000037e4                zg_timerCc0_ccvbWrite
 .text.zg_timerCc0_ccvbClr
                0x000000000000380c       0x2c ./efm32zg_timer_HAL.o
                0x000000000000380c                zg_timerCc0_ccvbClr
 .text.zg_timerCc1_ctrlRead
                0x0000000000003838       0x20 ./efm32zg_timer_HAL.o
                0x0000000000003838                zg_timerCc1_ctrlRead
 .text.zg_timerCc1_ctrlWrite
                0x0000000000003858       0x28 ./efm32zg_timer_HAL.o
                0x0000000000003858                zg_timerCc1_ctrlWrite
 .text.zg_timerCc1_ctrlClr
                0x0000000000003880       0x2c ./efm32zg_timer_HAL.o
                0x0000000000003880                zg_timerCc1_ctrlClr
 .text.zg_timerCc1_ccvRead
                0x00000000000038ac       0x20 ./efm32zg_timer_HAL.o
                0x00000000000038ac                zg_timerCc1_ccvRead
 .text.zg_timerCc1_ccvWrite
                0x00000000000038cc       0x28 ./efm32zg_timer_HAL.o
                0x00000000000038cc                zg_timerCc1_ccvWrite
 .text.zg_timerCc1_ccvClr
                0x00000000000038f4       0x2c ./efm32zg_timer_HAL.o
                0x00000000000038f4                zg_timerCc1_ccvClr
 .text.zg_timerCc1_ccvbRead
                0x0000000000003920       0x20 ./efm32zg_timer_HAL.o
                0x0000000000003920                zg_timerCc1_ccvbRead
 .text.zg_timerCc1_ccvbWrite
                0x0000000000003940       0x28 ./efm32zg_timer_HAL.o
                0x0000000000003940                zg_timerCc1_ccvbWrite
 .text.zg_timerCc1_ccvbClr
                0x0000000000003968       0x2c ./efm32zg_timer_HAL.o
                0x0000000000003968                zg_timerCc1_ccvbClr
 .text.zg_timerCc2_ctrlRead
                0x0000000000003994       0x20 ./efm32zg_timer_HAL.o
                0x0000000000003994                zg_timerCc2_ctrlRead
 .text.zg_timerCc2_ctrlWrite
                0x00000000000039b4       0x28 ./efm32zg_timer_HAL.o
                0x00000000000039b4                zg_timerCc2_ctrlWrite
 .text.zg_timerCc2_ctrlClr
                0x00000000000039dc       0x2c ./efm32zg_timer_HAL.o
                0x00000000000039dc                zg_timerCc2_ctrlClr
 .text.zg_timerCc2_ccvRead
                0x0000000000003a08       0x20 ./efm32zg_timer_HAL.o
                0x0000000000003a08                zg_timerCc2_ccvRead
 .text.zg_timerCc2_ccvWrite
                0x0000000000003a28       0x28 ./efm32zg_timer_HAL.o
                0x0000000000003a28                zg_timerCc2_ccvWrite
 .text.zg_timerCc2_ccvClr
                0x0000000000003a50       0x2c ./efm32zg_timer_HAL.o
                0x0000000000003a50                zg_timerCc2_ccvClr
 .text.zg_timerCc2_ccvbRead
                0x0000000000003a7c       0x20 ./efm32zg_timer_HAL.o
                0x0000000000003a7c                zg_timerCc2_ccvbRead
 .text.zg_timerCc2_ccvbWrite
                0x0000000000003a9c       0x28 ./efm32zg_timer_HAL.o
                0x0000000000003a9c                zg_timerCc2_ccvbWrite
 .text.zg_timerCc2_ccvbClr
                0x0000000000003ac4       0x2c ./efm32zg_timer_HAL.o
                0x0000000000003ac4                zg_timerCc2_ccvbClr
 .text.zg_timerCc0_ccvpRead
                0x0000000000003af0       0x20 ./efm32zg_timer_HAL.o
                0x0000000000003af0                zg_timerCc0_ccvpRead
 .text.zg_timerCc1_ccvpRead
                0x0000000000003b10       0x20 ./efm32zg_timer_HAL.o
                0x0000000000003b10                zg_timerCc1_ccvpRead
 .text.zg_timerCc2_ccvpRead
                0x0000000000003b30       0x20 ./efm32zg_timer_HAL.o
                0x0000000000003b30                zg_timerCc2_ccvpRead
 .text.CHIP_Init
                0x0000000000003b50       0x14 ./main.o
 .text.main     0x0000000000003b64      0x1ac ./main.o
                0x0000000000003b64                main
 .text.dw_buildMessageOut
                0x0000000000003d10       0xa4 ./dw1000_buildMAC.o
                0x0000000000003d10                dw_buildMessageOut
 .text.dw_buildMessageHeader
                0x0000000000003db4       0x50 ./dw1000_buildMAC.o
                0x0000000000003db4                dw_buildMessageHeader
 .text.dw_buildBlinkFrame
                0x0000000000003e04      0x13c ./dw1000_buildMAC.o
                0x0000000000003e04                dw_buildBlinkFrame
 .text.dw_buildRangeInitFrame
                0x0000000000003f40      0x234 ./dw1000_buildMAC.o
                0x0000000000003f40                dw_buildRangeInitFrame
 .text.dw_buildPollFrame
                0x0000000000004174      0x130 ./dw1000_buildMAC.o
                0x0000000000004174                dw_buildPollFrame
 .text.dw_buildResponseFrame
                0x00000000000042a4      0x194 ./dw1000_buildMAC.o
                0x00000000000042a4                dw_buildResponseFrame
 .text.dw_buildFinalFrame
                0x0000000000004438      0x1e4 ./dw1000_buildMAC.o
                0x0000000000004438                dw_buildFinalFrame
 .text.dw_buildConfig
                0x000000000000461c       0x5c ./dw1000_buildMAC.o
                0x000000000000461c                dw_buildConfig
 .text.dw_queryConfig
                0x0000000000004678       0x5c ./dw1000_buildMAC.o
                0x0000000000004678                dw_queryConfig
 .text.dw_reg_read_write
                0x00000000000046d4       0x70 ./dw1000_buildMAC.o
                0x00000000000046d4                dw_reg_read_write
 .text.dw_sub_read_write
                0x0000000000004744       0x60 ./dw1000_buildMAC.o
                0x0000000000004744                dw_sub_read_write
 .text.dw_ext_read_write
                0x00000000000047a4       0x28 ./dw1000_buildMAC.o
                0x00000000000047a4                dw_ext_read_write
 .text.zg_cmuCtrlRead
                0x00000000000047cc       0x20 ./efm32zg_cmu_HAL.o
                0x00000000000047cc                zg_cmuCtrlRead
 .text.zg_cmuCtrlWrite
                0x00000000000047ec       0x28 ./efm32zg_cmu_HAL.o
                0x00000000000047ec                zg_cmuCtrlWrite
 .text.zg_cmuCtrlClr
                0x0000000000004814       0x2c ./efm32zg_cmu_HAL.o
                0x0000000000004814                zg_cmuCtrlClr
 .text.zg_cmuHfcoreclkdivRead
                0x0000000000004840       0x20 ./efm32zg_cmu_HAL.o
                0x0000000000004840                zg_cmuHfcoreclkdivRead
 .text.zg_cmuHfcoreclkdivWrite
                0x0000000000004860       0x28 ./efm32zg_cmu_HAL.o
                0x0000000000004860                zg_cmuHfcoreclkdivWrite
 .text.zg_cmuHfcoreclkdivClr
                0x0000000000004888       0x2c ./efm32zg_cmu_HAL.o
                0x0000000000004888                zg_cmuHfcoreclkdivClr
 .text.zg_cmuHfperclkdivRead
                0x00000000000048b4       0x20 ./efm32zg_cmu_HAL.o
                0x00000000000048b4                zg_cmuHfperclkdivRead
 .text.zg_cmuHfperclkdivWrite
                0x00000000000048d4       0x28 ./efm32zg_cmu_HAL.o
                0x00000000000048d4                zg_cmuHfperclkdivWrite
 .text.zg_cmuHfperclkdivClr
                0x00000000000048fc       0x2c ./efm32zg_cmu_HAL.o
                0x00000000000048fc                zg_cmuHfperclkdivClr
 .text.zg_cmuHfrcoctrlRead
                0x0000000000004928       0x20 ./efm32zg_cmu_HAL.o
                0x0000000000004928                zg_cmuHfrcoctrlRead
 .text.zg_cmuHfrcoctrlWrite
                0x0000000000004948       0x28 ./efm32zg_cmu_HAL.o
                0x0000000000004948                zg_cmuHfrcoctrlWrite
 .text.zg_cmuHfrcoctrlClr
                0x0000000000004970       0x2c ./efm32zg_cmu_HAL.o
                0x0000000000004970                zg_cmuHfrcoctrlClr
 .text.zg_cmuLfrcoctrlRead
                0x000000000000499c       0x20 ./efm32zg_cmu_HAL.o
                0x000000000000499c                zg_cmuLfrcoctrlRead
 .text.zg_cmuLfrcoctrlWrite
                0x00000000000049bc       0x28 ./efm32zg_cmu_HAL.o
                0x00000000000049bc                zg_cmuLfrcoctrlWrite
 .text.zg_cmuLfrcoctrlClr
                0x00000000000049e4       0x2c ./efm32zg_cmu_HAL.o
                0x00000000000049e4                zg_cmuLfrcoctrlClr
 .text.zg_cmuAuxhfrcoctrlRead
                0x0000000000004a10       0x20 ./efm32zg_cmu_HAL.o
                0x0000000000004a10                zg_cmuAuxhfrcoctrlRead
 .text.zg_cmuAuxhfrcoctrlWrite
                0x0000000000004a30       0x28 ./efm32zg_cmu_HAL.o
                0x0000000000004a30                zg_cmuAuxhfrcoctrlWrite
 .text.zg_cmuAuxhfrcoctrlClr
                0x0000000000004a58       0x2c ./efm32zg_cmu_HAL.o
                0x0000000000004a58                zg_cmuAuxhfrcoctrlClr
 .text.zg_cmuCalctrlRead
                0x0000000000004a84       0x20 ./efm32zg_cmu_HAL.o
                0x0000000000004a84                zg_cmuCalctrlRead
 .text.zg_cmuCalctrlWrite
                0x0000000000004aa4       0x28 ./efm32zg_cmu_HAL.o
                0x0000000000004aa4                zg_cmuCalctrlWrite
 .text.zg_cmuCalctrlClr
                0x0000000000004acc       0x2c ./efm32zg_cmu_HAL.o
                0x0000000000004acc                zg_cmuCalctrlClr
 .text.zg_cmuCalcntRead
                0x0000000000004af8       0x20 ./efm32zg_cmu_HAL.o
                0x0000000000004af8                zg_cmuCalcntRead
 .text.zg_cmuCalcntWrite
                0x0000000000004b18       0x28 ./efm32zg_cmu_HAL.o
                0x0000000000004b18                zg_cmuCalcntWrite
 .text.zg_cmuCalcntClr
                0x0000000000004b40       0x2c ./efm32zg_cmu_HAL.o
                0x0000000000004b40                zg_cmuCalcntClr
 .text.zg_cmuOscencmdWrite
                0x0000000000004b6c       0x20 ./efm32zg_cmu_HAL.o
                0x0000000000004b6c                zg_cmuOscencmdWrite
 .text.zg_cmuCmdWrite
                0x0000000000004b8c       0x28 ./efm32zg_cmu_HAL.o
                0x0000000000004b8c                zg_cmuCmdWrite
 .text.zg_cmuLfclkselRead
                0x0000000000004bb4       0x20 ./efm32zg_cmu_HAL.o
                0x0000000000004bb4                zg_cmuLfclkselRead
 .text.zg_cmuLfclkselWrite
                0x0000000000004bd4       0x28 ./efm32zg_cmu_HAL.o
                0x0000000000004bd4                zg_cmuLfclkselWrite
 .text.zg_cmuLfclkselClr
                0x0000000000004bfc       0x2c ./efm32zg_cmu_HAL.o
                0x0000000000004bfc                zg_cmuLfclkselClr
 .text.zg_cmuStatusRead
                0x0000000000004c28       0x20 ./efm32zg_cmu_HAL.o
                0x0000000000004c28                zg_cmuStatusRead
 .text.zg_cmuIntfRead
                0x0000000000004c48       0x20 ./efm32zg_cmu_HAL.o
                0x0000000000004c48                zg_cmuIntfRead
 .text.zg_cmuIntfWrite
                0x0000000000004c68       0x28 ./efm32zg_cmu_HAL.o
                0x0000000000004c68                zg_cmuIntfWrite
 .text.zg_cmuIntfClr
                0x0000000000004c90       0x2c ./efm32zg_cmu_HAL.o
                0x0000000000004c90                zg_cmuIntfClr
 .text.zg_cmuIntenRead
                0x0000000000004cbc       0x20 ./efm32zg_cmu_HAL.o
                0x0000000000004cbc                zg_cmuIntenRead
 .text.zg_cmuIntenWrite
                0x0000000000004cdc       0x28 ./efm32zg_cmu_HAL.o
                0x0000000000004cdc                zg_cmuIntenWrite
 .text.zg_cmuIntenClr
                0x0000000000004d04       0x2c ./efm32zg_cmu_HAL.o
                0x0000000000004d04                zg_cmuIntenClr
 .text.zg_cmuHfcoreclken0Read
                0x0000000000004d30       0x20 ./efm32zg_cmu_HAL.o
                0x0000000000004d30                zg_cmuHfcoreclken0Read
 .text.zg_cmuHfcoreclken0Write
                0x0000000000004d50       0x28 ./efm32zg_cmu_HAL.o
                0x0000000000004d50                zg_cmuHfcoreclken0Write
 .text.zg_cmuHfcoreclken0Clr
                0x0000000000004d78       0x2c ./efm32zg_cmu_HAL.o
                0x0000000000004d78                zg_cmuHfcoreclken0Clr
 .text.zg_cmuHfperclken0Read
                0x0000000000004da4       0x20 ./efm32zg_cmu_HAL.o
                0x0000000000004da4                zg_cmuHfperclken0Read
 .text.zg_cmuHfperclken0Write
                0x0000000000004dc4       0x28 ./efm32zg_cmu_HAL.o
                0x0000000000004dc4                zg_cmuHfperclken0Write
 .text.zg_cmuHfperclken0Clr
                0x0000000000004dec       0x2c ./efm32zg_cmu_HAL.o
                0x0000000000004dec                zg_cmuHfperclken0Clr
 .text.zg_cmuSyncbusyRead
                0x0000000000004e18       0x20 ./efm32zg_cmu_HAL.o
                0x0000000000004e18                zg_cmuSyncbusyRead
 .text.zg_cmuFreezeRead
                0x0000000000004e38       0x20 ./efm32zg_cmu_HAL.o
                0x0000000000004e38                zg_cmuFreezeRead
 .text.zg_cmuFreezeWrite
                0x0000000000004e58       0x28 ./efm32zg_cmu_HAL.o
                0x0000000000004e58                zg_cmuFreezeWrite
 .text.zg_cmuFreezeClr
                0x0000000000004e80       0x2c ./efm32zg_cmu_HAL.o
                0x0000000000004e80                zg_cmuFreezeClr
 .text.zg_cmuLfaclken0Read
                0x0000000000004eac       0x20 ./efm32zg_cmu_HAL.o
                0x0000000000004eac                zg_cmuLfaclken0Read
 .text.zg_cmuLfaclken0Write
                0x0000000000004ecc       0x28 ./efm32zg_cmu_HAL.o
                0x0000000000004ecc                zg_cmuLfaclken0Write
 .text.zg_cmuLfaclken0Clr
                0x0000000000004ef4       0x2c ./efm32zg_cmu_HAL.o
                0x0000000000004ef4                zg_cmuLfaclken0Clr
 .text.zg_cmuLfbclken0Read
                0x0000000000004f20       0x20 ./efm32zg_cmu_HAL.o
                0x0000000000004f20                zg_cmuLfbclken0Read
 .text.zg_cmuLfbclken0Write
                0x0000000000004f40       0x28 ./efm32zg_cmu_HAL.o
                0x0000000000004f40                zg_cmuLfbclken0Write
 .text.zg_cmuLfbclken0Clr
                0x0000000000004f68       0x2c ./efm32zg_cmu_HAL.o
                0x0000000000004f68                zg_cmuLfbclken0Clr
 .text.zg_cmuLfapresc0Read
                0x0000000000004f94       0x20 ./efm32zg_cmu_HAL.o
                0x0000000000004f94                zg_cmuLfapresc0Read
 .text.zg_cmuLfapresc0Write
                0x0000000000004fb4       0x28 ./efm32zg_cmu_HAL.o
                0x0000000000004fb4                zg_cmuLfapresc0Write
 .text.zg_cmuLfapresc0Clr
                0x0000000000004fdc       0x2c ./efm32zg_cmu_HAL.o
                0x0000000000004fdc                zg_cmuLfapresc0Clr
 .text.zg_cmuLfbpresc0Read
                0x0000000000005008       0x20 ./efm32zg_cmu_HAL.o
                0x0000000000005008                zg_cmuLfbpresc0Read
 .text.zg_cmuLfbpresc0Write
                0x0000000000005028       0x28 ./efm32zg_cmu_HAL.o
                0x0000000000005028                zg_cmuLfbpresc0Write
 .text.zg_cmuLfbpresc0Clr
                0x0000000000005050       0x2c ./efm32zg_cmu_HAL.o
                0x0000000000005050                zg_cmuLfbpresc0Clr
 .text.zg_cmuPcntctrlRead
                0x000000000000507c       0x20 ./efm32zg_cmu_HAL.o
                0x000000000000507c                zg_cmuPcntctrlRead
 .text.zg_cmuPcntctrlWrite
                0x000000000000509c       0x28 ./efm32zg_cmu_HAL.o
                0x000000000000509c                zg_cmuPcntctrlWrite
 .text.zg_cmuPcntctrlClr
                0x00000000000050c4       0x2c ./efm32zg_cmu_HAL.o
                0x00000000000050c4                zg_cmuPcntctrlClr
 .text.zg_cmuRouteRead
                0x00000000000050f0       0x24 ./efm32zg_cmu_HAL.o
                0x00000000000050f0                zg_cmuRouteRead
 .text.zg_cmuRouteWrite
                0x0000000000005114       0x2c ./efm32zg_cmu_HAL.o
                0x0000000000005114                zg_cmuRouteWrite
 .text.zg_cmuRouteClr
                0x0000000000005140       0x30 ./efm32zg_cmu_HAL.o
                0x0000000000005140                zg_cmuRouteClr
 .text.zg_cmuLockRead
                0x0000000000005170       0x24 ./efm32zg_cmu_HAL.o
                0x0000000000005170                zg_cmuLockRead
 .text.zg_cmuLockWrite
                0x0000000000005194       0x2c ./efm32zg_cmu_HAL.o
                0x0000000000005194                zg_cmuLockWrite
 .text.zg_cmuLockClr
                0x00000000000051c0       0x30 ./efm32zg_cmu_HAL.o
                0x00000000000051c0                zg_cmuLockClr
 .text.zg_usartRxdataxRead
                0x00000000000051f0       0xa4 ./efm32zg_usart_IO_HAL.o
                0x00000000000051f0                zg_usartRxdataxRead
 .text.zg_usartRxdataRead
                0x0000000000005294       0x54 ./efm32zg_usart_IO_HAL.o
                0x0000000000005294                zg_usartRxdataRead
 .text.zg_usartRxdataxpRead
                0x00000000000052e8       0xa4 ./efm32zg_usart_IO_HAL.o
                0x00000000000052e8                zg_usartRxdataxpRead
 .text.zg_usartRxdoublexRead
                0x000000000000538c      0x100 ./efm32zg_usart_IO_HAL.o
                0x000000000000538c                zg_usartRxdoublexRead
 .text.zg_usartRxdoubleRead
                0x000000000000548c       0x54 ./efm32zg_usart_IO_HAL.o
                0x000000000000548c                zg_usartRxdoubleRead
 .text.zg_usartRxdoublexpRead
                0x00000000000054e0      0x100 ./efm32zg_usart_IO_HAL.o
                0x00000000000054e0                zg_usartRxdoublexpRead
 .text.zg_usartTxdataxWrite
                0x00000000000055e0       0xc8 ./efm32zg_usart_IO_HAL.o
                0x00000000000055e0                zg_usartTxdataxWrite
 .text.zg_usartTxdataWrite
                0x00000000000056a8       0x44 ./efm32zg_usart_IO_HAL.o
                0x00000000000056a8                zg_usartTxdataWrite
 .text.zg_usartTxdoublexWrite
                0x00000000000056ec       0xd4 ./efm32zg_usart_IO_HAL.o
                0x00000000000056ec                zg_usartTxdoublexWrite
 .text.zg_usartTxdoubleWrite
                0x00000000000057c0       0x44 ./efm32zg_usart_IO_HAL.o
                0x00000000000057c0                zg_usartTxdoubleWrite
 .text.usart_assign_rx_data_8_x
                0x0000000000005804       0x26 ./efm32zg_usart_IO_HAL.o
                0x0000000000005804                usart_assign_rx_data_8_x
 .text.usart_assign_rx_data_8
                0x000000000000582a       0x26 ./efm32zg_usart_IO_HAL.o
                0x000000000000582a                usart_assign_rx_data_8
 .text.usart_assign_rx_data_16_x
                0x0000000000005850       0x28 ./efm32zg_usart_IO_HAL.o
                0x0000000000005850                usart_assign_rx_data_16_x
 .text.usart_assign_rx_data_16
                0x0000000000005878       0x28 ./efm32zg_usart_IO_HAL.o
                0x0000000000005878                usart_assign_rx_data_16
 .text.usart_assign_rx_data_8_xp
                0x00000000000058a0       0x26 ./efm32zg_usart_IO_HAL.o
                0x00000000000058a0                usart_assign_rx_data_8_xp
 .text.usart_assign_rx_data_16_xp
                0x00000000000058c6       0x28 ./efm32zg_usart_IO_HAL.o
                0x00000000000058c6                usart_assign_rx_data_16_xp
 .text.usart_assign_tx_data_8_x
                0x00000000000058ee       0x26 ./efm32zg_usart_IO_HAL.o
                0x00000000000058ee                usart_assign_tx_data_8_x
 .text.usart_assign_tx_data_8
                0x0000000000005914       0x26 ./efm32zg_usart_IO_HAL.o
                0x0000000000005914                usart_assign_tx_data_8
 .text.usart_assign_tx_data_16_x
                0x000000000000593a       0x28 ./efm32zg_usart_IO_HAL.o
                0x000000000000593a                usart_assign_tx_data_16_x
 .text.usart_assign_tx_data_16
                0x0000000000005962       0x28 ./efm32zg_usart_IO_HAL.o
                0x0000000000005962                usart_assign_tx_data_16
 *fill*         0x000000000000598a        0x2 
 .text.TIMER0_IRQHandler
                0x000000000000598c       0x30 ./efm32zg_interrupts_HAL.o
                0x000000000000598c                TIMER0_IRQHandler
 .text.zg_usartCtrlRead
                0x00000000000059bc       0x20 ./efm32zg_usart_HAL.o
                0x00000000000059bc                zg_usartCtrlRead
 .text.zg_usartCtrlWrite
                0x00000000000059dc       0x28 ./efm32zg_usart_HAL.o
                0x00000000000059dc                zg_usartCtrlWrite
 .text.zg_usartCtrlClr
                0x0000000000005a04       0x2c ./efm32zg_usart_HAL.o
                0x0000000000005a04                zg_usartCtrlClr
 .text.zg_usartFrameRead
                0x0000000000005a30       0x20 ./efm32zg_usart_HAL.o
                0x0000000000005a30                zg_usartFrameRead
 .text.zg_usartFrameWrite
                0x0000000000005a50       0x28 ./efm32zg_usart_HAL.o
                0x0000000000005a50                zg_usartFrameWrite
 .text.zg_usartFrameClr
                0x0000000000005a78       0x2c ./efm32zg_usart_HAL.o
                0x0000000000005a78                zg_usartFrameClr
 .text.zg_usartTrigctrlRead
                0x0000000000005aa4       0x20 ./efm32zg_usart_HAL.o
                0x0000000000005aa4                zg_usartTrigctrlRead
 .text.zg_usartTrigctrlWrite
                0x0000000000005ac4       0x28 ./efm32zg_usart_HAL.o
                0x0000000000005ac4                zg_usartTrigctrlWrite
 .text.zg_usartTrigctrlClr
                0x0000000000005aec       0x2c ./efm32zg_usart_HAL.o
                0x0000000000005aec                zg_usartTrigctrlClr
 .text.zg_usartStatusRead
                0x0000000000005b18       0x20 ./efm32zg_usart_HAL.o
                0x0000000000005b18                zg_usartStatusRead
 .text.zg_usartCmdWrite
                0x0000000000005b38       0x28 ./efm32zg_usart_HAL.o
                0x0000000000005b38                zg_usartCmdWrite
 .text.zg_usartCmdClr
                0x0000000000005b60       0x2c ./efm32zg_usart_HAL.o
                0x0000000000005b60                zg_usartCmdClr
 .text.zg_usartClkdivRead
                0x0000000000005b8c       0x20 ./efm32zg_usart_HAL.o
                0x0000000000005b8c                zg_usartClkdivRead
 .text.zg_usartClkdivWrite
                0x0000000000005bac       0x28 ./efm32zg_usart_HAL.o
                0x0000000000005bac                zg_usartClkdivWrite
 .text.zg_usartClkdivClr
                0x0000000000005bd4       0x2c ./efm32zg_usart_HAL.o
                0x0000000000005bd4                zg_usartClkdivClr
 .text.zg_usartIntflagRead
                0x0000000000005c00       0x20 ./efm32zg_usart_HAL.o
                0x0000000000005c00                zg_usartIntflagRead
 .text.zg_usartIntflagWrite
                0x0000000000005c20       0x28 ./efm32zg_usart_HAL.o
                0x0000000000005c20                zg_usartIntflagWrite
 .text.zg_usartIntflagClr
                0x0000000000005c48       0x2c ./efm32zg_usart_HAL.o
                0x0000000000005c48                zg_usartIntflagClr
 .text.zg_usartIrctrlRead
                0x0000000000005c74       0x20 ./efm32zg_usart_HAL.o
                0x0000000000005c74                zg_usartIrctrlRead
 .text.zg_usartIrctrlWrite
                0x0000000000005c94       0x28 ./efm32zg_usart_HAL.o
                0x0000000000005c94                zg_usartIrctrlWrite
 .text.zg_usartIrctrlClr
                0x0000000000005cbc       0x2c ./efm32zg_usart_HAL.o
                0x0000000000005cbc                zg_usartIrctrlClr
 .text.zg_usartRouteRead
                0x0000000000005ce8       0x20 ./efm32zg_usart_HAL.o
                0x0000000000005ce8                zg_usartRouteRead
 .text.zg_usartRouteWrite
                0x0000000000005d08       0x28 ./efm32zg_usart_HAL.o
                0x0000000000005d08                zg_usartRouteWrite
 .text.zg_usartRouteClr
                0x0000000000005d30       0x2c ./efm32zg_usart_HAL.o
                0x0000000000005d30                zg_usartRouteClr
 .text.zg_usartInputRead
                0x0000000000005d5c       0x20 ./efm32zg_usart_HAL.o
                0x0000000000005d5c                zg_usartInputRead
 .text.zg_usartInputWrite
                0x0000000000005d7c       0x28 ./efm32zg_usart_HAL.o
                0x0000000000005d7c                zg_usartInputWrite
 .text.zg_usartInputClr
                0x0000000000005da4       0x2c ./efm32zg_usart_HAL.o
                0x0000000000005da4                zg_usartInputClr
 .text.zg_usartI2sctrlRead
                0x0000000000005dd0       0x20 ./efm32zg_usart_HAL.o
                0x0000000000005dd0                zg_usartI2sctrlRead
 .text.zg_usartI2sctrlWrite
                0x0000000000005df0       0x28 ./efm32zg_usart_HAL.o
                0x0000000000005df0                zg_usartI2sctrlWrite
 .text.zg_usartI2sctrlClr
                0x0000000000005e18       0x2c ./efm32zg_usart_HAL.o
                0x0000000000005e18                zg_usartI2sctrlClr
 .text.mpi_timerInit
                0x0000000000005e44       0x1c ./mpi_timer.o
                0x0000000000005e44                mpi_timerInit
 .text.mpi_timerDelay
                0x0000000000005e60       0x20 ./mpi_timer.o
                0x0000000000005e60                mpi_timerDelay
 .text          0x0000000000005e80      0x114 /srv/code/toolchains/gnu_arm/7.2_2017q4/bin/../lib/gcc/arm-none-eabi/7.2.1/thumb/v6-m/libgcc.a(_udivsi3.o)
                0x0000000000005e80                __udivsi3
                0x0000000000005e80                __aeabi_uidiv
                0x0000000000005f8c                __aeabi_uidivmod
 .text          0x0000000000005f94        0x4 /srv/code/toolchains/gnu_arm/7.2_2017q4/bin/../lib/gcc/arm-none-eabi/7.2.1/thumb/v6-m/libgcc.a(_dvmd_tls.o)
                0x0000000000005f94                __aeabi_ldiv0
                0x0000000000005f94                __aeabi_idiv0
 .text          0x0000000000005f98       0x74 /srv/code/toolchains/gnu_arm/7.2_2017q4/bin/../lib/gcc/arm-none-eabi/7.2.1/thumb/v6-m/libgcc.a(_arm_cmpsf2.o)
                0x0000000000005f98                __aeabi_cfrcmple
                0x0000000000005fa0                __aeabi_cfcmple
                0x0000000000005fa0                __aeabi_cfcmpeq
                0x0000000000005fb0                __aeabi_fcmpeq
                0x0000000000005fbc                __aeabi_fcmplt
                0x0000000000005fd0                __aeabi_fcmple
                0x0000000000005fe4                __aeabi_fcmpgt
                0x0000000000005ff8                __aeabi_fcmpge
 .text          0x000000000000600c       0x50 /srv/code/toolchains/gnu_arm/7.2_2017q4/bin/../lib/gcc/arm-none-eabi/7.2.1/thumb/v6-m/libgcc.a(eqsf2.o)
                0x000000000000600c                __nesf2
                0x000000000000600c                __eqsf2
 .text          0x000000000000605c       0x9c /srv/code/toolchains/gnu_arm/7.2_2017q4/bin/../lib/gcc/arm-none-eabi/7.2.1/thumb/v6-m/libgcc.a(gesf2.o)
                0x000000000000605c                __gtsf2
                0x000000000000605c                __gesf2
 .text          0x00000000000060f8       0xa0 /srv/code/toolchains/gnu_arm/7.2_2017q4/bin/../lib/gcc/arm-none-eabi/7.2.1/thumb/v6-m/libgcc.a(lesf2.o)
                0x00000000000060f8                __lesf2
                0x00000000000060f8                __ltsf2
 .text          0x0000000000006198      0x4e4 /srv/code/toolchains/gnu_arm/7.2_2017q4/bin/../lib/gcc/arm-none-eabi/7.2.1/thumb/v6-m/libgcc.a(muldf3.o)
                0x0000000000006198                __aeabi_dmul
 .text          0x000000000000667c       0x64 /srv/code/toolchains/gnu_arm/7.2_2017q4/bin/../lib/gcc/arm-none-eabi/7.2.1/thumb/v6-m/libgcc.a(floatunsidf.o)
                0x000000000000667c                __aeabi_ui2d
 .text          0x00000000000066e0      0x108 /srv/code/toolchains/gnu_arm/7.2_2017q4/bin/../lib/gcc/arm-none-eabi/7.2.1/thumb/v6-m/libgcc.a(truncdfsf2.o)
                0x00000000000066e0                __aeabi_d2f
 .text          0x00000000000067e8       0x3c /srv/code/toolchains/gnu_arm/7.2_2017q4/bin/../lib/gcc/arm-none-eabi/7.2.1/thumb/v6-m/libgcc.a(_clzsi2.o)
                0x00000000000067e8                __clzsi2
 .text.exit     0x0000000000006824       0x2c /srv/code/toolchains/gnu_arm/7.2_2017q4/bin/../lib/gcc/arm-none-eabi/7.2.1/../../../../arm-none-eabi/lib/thumb/v6-m/libc_nano.a(lib_a-exit.o)
                0x0000000000006824                exit
 .text.__libc_init_array
                0x0000000000006850       0x48 /srv/code/toolchains/gnu_arm/7.2_2017q4/bin/../lib/gcc/arm-none-eabi/7.2.1/../../../../arm-none-eabi/lib/thumb/v6-m/libc_nano.a(lib_a-init.o)
                0x0000000000006850                __libc_init_array
 .text.memcpy   0x0000000000006898       0x12 /srv/code/toolchains/gnu_arm/7.2_2017q4/bin/../lib/gcc/arm-none-eabi/7.2.1/../../../../arm-none-eabi/lib/thumb/v6-m/libc_nano.a(lib_a-memcpy-stub.o)
                0x0000000000006898                memcpy
 .text.memset   0x00000000000068aa       0x10 /srv/code/toolchains/gnu_arm/7.2_2017q4/bin/../lib/gcc/arm-none-eabi/7.2.1/../../../../arm-none-eabi/lib/thumb/v6-m/libc_nano.a(lib_a-memset.o)
                0x00000000000068aa                memset
 *fill*         0x00000000000068ba        0x2 
 .text._exit    0x00000000000068bc        0x4 /srv/code/toolchains/gnu_arm/7.2_2017q4/bin/../lib/gcc/arm-none-eabi/7.2.1/../../../../arm-none-eabi/lib/thumb/v6-m/libnosys.a(_exit.o)
                0x00000000000068bc                _exit
 *(.init)
 .init          0x00000000000068c0        0x4 /srv/code/toolchains/gnu_arm/7.2_2017q4/bin/../lib/gcc/arm-none-eabi/7.2.1/thumb/v6-m/crti.o
                0x00000000000068c0                _init
 .init          0x00000000000068c4        0x8 /srv/code/toolchains/gnu_arm/7.2_2017q4/bin/../lib/gcc/arm-none-eabi/7.2.1/thumb/v6-m/crtn.o
 *(.fini)
 .fini          0x00000000000068cc        0x4 /srv/code/toolchains/gnu_arm/7.2_2017q4/bin/../lib/gcc/arm-none-eabi/7.2.1/thumb/v6-m/crti.o
                0x00000000000068cc                _fini
 .fini          0x00000000000068d0        0x8 /srv/code/toolchains/gnu_arm/7.2_2017q4/bin/../lib/gcc/arm-none-eabi/7.2.1/thumb/v6-m/crtn.o
 *crtbegin.o(.ctors)
 *crtbegin?.o(.ctors)
 *(EXCLUDE_FILE(*crtend.o *crtend?.o) .ctors)
 *(SORT_BY_NAME(.ctors.*))
 *(.ctors)
 *crtbegin.o(.dtors)
 *crtbegin?.o(.dtors)
 *(EXCLUDE_FILE(*crtend.o *crtend?.o) .dtors)
 *(SORT_BY_NAME(.dtors.*))
 *(.dtors)
 *(.rodata*)
 .rodata.dw_fn_code_table
                0x00000000000068d8       0x18 ./dw1000_types.o
                0x00000000000068d8                dw_fn_code_table
 .rodata.gpio_config_table
                0x00000000000068f0       0x80 ./efm32zg_gpio_HAL.o
                0x00000000000068f0                gpio_config_table
 .rodata.gpio_port_config_table
                0x0000000000006970       0x14 ./efm32zg_gpio_HAL.o
                0x0000000000006970                gpio_port_config_table
 .rodata.gpio_int_ctrl
                0x0000000000006984        0xc ./efm32zg_gpio_HAL.o
                0x0000000000006984                gpio_int_ctrl
 .rodata.gpio_extint_low_pins
                0x0000000000006990        0xc ./efm32zg_gpio_HAL.o
                0x0000000000006990                gpio_extint_low_pins
 .rodata.gpio_extint_high_pins
                0x000000000000699c        0xc ./efm32zg_gpio_HAL.o
                0x000000000000699c                gpio_extint_high_pins
 .rodata.gpio_extint_rise_edge
                0x00000000000069a8        0xc ./efm32zg_gpio_HAL.o
                0x00000000000069a8                gpio_extint_rise_edge
 .rodata.gpio_extint_fall_edge
                0x00000000000069b4        0xc ./efm32zg_gpio_HAL.o
                0x00000000000069b4                gpio_extint_fall_edge
 .rodata.gpio_int_flag
                0x00000000000069c0        0xc ./efm32zg_gpio_HAL.o
                0x00000000000069c0                gpio_int_flag
 .rodata.gpio_route
                0x00000000000069cc        0xc ./efm32zg_gpio_HAL.o
                0x00000000000069cc                gpio_route
 .rodata.gpio_insense
                0x00000000000069d8        0xc ./efm32zg_gpio_HAL.o
                0x00000000000069d8                gpio_insense
 .rodata.gpio_conf_lock
                0x00000000000069e4        0xc ./efm32zg_gpio_HAL.o
                0x00000000000069e4                gpio_conf_lock
 .rodata.gpio_em4retention
                0x00000000000069f0        0xc ./efm32zg_gpio_HAL.o
                0x00000000000069f0                gpio_em4retention
 .rodata.gpio_em4wake
                0x00000000000069fc        0xc ./efm32zg_gpio_HAL.o
                0x00000000000069fc                gpio_em4wake
 .rodata.gpio_em4polarity
                0x0000000000006a08        0xc ./efm32zg_gpio_HAL.o
                0x0000000000006a08                gpio_em4polarity
 .rodata.gpio_ctrl
                0x0000000000006a14        0xc ./efm32zg_gpio_HAL.o
                0x0000000000006a14                gpio_ctrl
 .rodata.gpio_low_pinmode
                0x0000000000006a20        0xc ./efm32zg_gpio_HAL.o
                0x0000000000006a20                gpio_low_pinmode
 .rodata.gpio_high_pinmode
                0x0000000000006a2c        0xc ./efm32zg_gpio_HAL.o
                0x0000000000006a2c                gpio_high_pinmode
 .rodata.gpio_pinlock
                0x0000000000006a38        0xc ./efm32zg_gpio_HAL.o
                0x0000000000006a38                gpio_pinlock
 .rodata.gpio_em4clr_all
                0x0000000000006a44        0x4 ./efm32zg_gpio_HAL.o
                0x0000000000006a44                gpio_em4clr_all
 .rodata.gpio_em4cause
                0x0000000000006a48        0x4 ./efm32zg_gpio_HAL.o
                0x0000000000006a48                gpio_em4cause
 .rodata.gpio_pinin_read
                0x0000000000006a4c        0x4 ./efm32zg_gpio_IO_HAL.o
                0x0000000000006a4c                gpio_pinin_read
 .rodata.gpio_out
                0x0000000000006a50        0xc ./efm32zg_gpio_IO_HAL.o
                0x0000000000006a50                gpio_out
 .rodata.gpio_pinout_tgl
                0x0000000000006a5c        0x4 ./efm32zg_gpio_IO_HAL.o
                0x0000000000006a5c                gpio_pinout_tgl
 .rodata.dw_handler_table
                0x0000000000006a60       0x10 ./dw1000_decodeMAC.o
                0x0000000000006a60                dw_handler_table
 .rodata.timer_config_table
                0x0000000000006a70       0x80 ./efm32zg_timer_HAL.o
                0x0000000000006a70                timer_config_table
 .rodata.dw_frame_build_table
                0x0000000000006af0       0x18 ./dw1000_buildMAC.o
                0x0000000000006af0                dw_frame_build_table
 .rodata.dw_frame_header_read_write_table
                0x0000000000006b08       0x10 ./dw1000_buildMAC.o
                0x0000000000006b08                dw_frame_header_read_write_table
 .rodata.cmu_config_table
                0x0000000000006b18       0x80 ./efm32zg_cmu_HAL.o
                0x0000000000006b18                cmu_config_table
 .rodata.cmu_ctrl_table
                0x0000000000006b98        0xc ./efm32zg_cmu_HAL.o
                0x0000000000006b98                cmu_ctrl_table
 .rodata.cmu_hfcoreclkdiv_table
                0x0000000000006ba4        0xc ./efm32zg_cmu_HAL.o
                0x0000000000006ba4                cmu_hfcoreclkdiv_table
 .rodata.cmu_hfperclkdiv_table
                0x0000000000006bb0        0xc ./efm32zg_cmu_HAL.o
                0x0000000000006bb0                cmu_hfperclkdiv_table
 .rodata.cmu_hfrcoctrl_table
                0x0000000000006bbc        0xc ./efm32zg_cmu_HAL.o
                0x0000000000006bbc                cmu_hfrcoctrl_table
 .rodata.cmu_lfrcoctrl_table
                0x0000000000006bc8        0xc ./efm32zg_cmu_HAL.o
                0x0000000000006bc8                cmu_lfrcoctrl_table
 .rodata.cmu_auxhfrcoctrl_table
                0x0000000000006bd4        0xc ./efm32zg_cmu_HAL.o
                0x0000000000006bd4                cmu_auxhfrcoctrl_table
 .rodata.cmu_calctrl_table
                0x0000000000006be0        0xc ./efm32zg_cmu_HAL.o
                0x0000000000006be0                cmu_calctrl_table
 .rodata.cmu_calcnt_table
                0x0000000000006bec        0xc ./efm32zg_cmu_HAL.o
                0x0000000000006bec                cmu_calcnt_table
 .rodata.cmu_lfclksel_table
                0x0000000000006bf8        0xc ./efm32zg_cmu_HAL.o
                0x0000000000006bf8                cmu_lfclksel_table
 .rodata.cmu_intf_table
                0x0000000000006c04        0xc ./efm32zg_cmu_HAL.o
                0x0000000000006c04                cmu_intf_table
 .rodata.cmu_inten_table
                0x0000000000006c10        0xc ./efm32zg_cmu_HAL.o
                0x0000000000006c10                cmu_inten_table
 .rodata.cmu_hfcoreclken0_table
                0x0000000000006c1c        0xc ./efm32zg_cmu_HAL.o
                0x0000000000006c1c                cmu_hfcoreclken0_table
 .rodata.cmu_hfperclken0_table
                0x0000000000006c28        0xc ./efm32zg_cmu_HAL.o
                0x0000000000006c28                cmu_hfperclken0_table
 .rodata.cmu_freeze_table
                0x0000000000006c34        0xc ./efm32zg_cmu_HAL.o
                0x0000000000006c34                cmu_freeze_table
 .rodata.cmu_lfaclken0_table
                0x0000000000006c40        0xc ./efm32zg_cmu_HAL.o
                0x0000000000006c40                cmu_lfaclken0_table
 .rodata.cmu_lfbclken0_table
                0x0000000000006c4c        0xc ./efm32zg_cmu_HAL.o
                0x0000000000006c4c                cmu_lfbclken0_table
 .rodata.cmu_lfapresc0_table
                0x0000000000006c58        0xc ./efm32zg_cmu_HAL.o
                0x0000000000006c58                cmu_lfapresc0_table
 .rodata.cmu_lfbpresc0_table
                0x0000000000006c64        0xc ./efm32zg_cmu_HAL.o
                0x0000000000006c64                cmu_lfbpresc0_table
 .rodata.cmu_pcntctrl_table
                0x0000000000006c70        0xc ./efm32zg_cmu_HAL.o
                0x0000000000006c70                cmu_pcntctrl_table
 .rodata.cmu_route_table
                0x0000000000006c7c        0xc ./efm32zg_cmu_HAL.o
                0x0000000000006c7c                cmu_route_table
 .rodata.cmu_lock_table
                0x0000000000006c88        0xc ./efm32zg_cmu_HAL.o
                0x0000000000006c88                cmu_lock_table
 .rodata.cmu_oscencmd_WRITE
                0x0000000000006c94        0xc ./efm32zg_cmu_HAL.o
                0x0000000000006c94                cmu_oscencmd_WRITE
 .rodata.cmu_cmd_WRITE
                0x0000000000006ca0        0xc ./efm32zg_cmu_HAL.o
                0x0000000000006ca0                cmu_cmd_WRITE
 .rodata.cmu_status_READ
                0x0000000000006cac        0xc ./efm32zg_cmu_HAL.o
                0x0000000000006cac                cmu_status_READ
 .rodata.cmu_syncbusy_READ
                0x0000000000006cb8        0xc ./efm32zg_cmu_HAL.o
                0x0000000000006cb8                cmu_syncbusy_READ
 .rodata.usart_IO_table
                0x0000000000006cc4       0x18 ./efm32zg_usart_IO_HAL.o
                0x0000000000006cc4                usart_IO_table
 .rodata.usart_IO_host_slave_transfer
                0x0000000000006cdc        0x8 ./efm32zg_usart_IO_HAL.o
                0x0000000000006cdc                usart_IO_host_slave_transfer
 .rodata.usart_rx_8_xp
                0x0000000000006ce4        0x4 ./efm32zg_usart_IO_HAL.o
                0x0000000000006ce4                usart_rx_8_xp
 .rodata.usart_rx_16_xp
                0x0000000000006ce8        0x4 ./efm32zg_usart_IO_HAL.o
                0x0000000000006ce8                usart_rx_16_xp
 .rodata.usart_rxtx_data_x
                0x0000000000006cec        0x8 ./efm32zg_usart_IO_HAL.o
                0x0000000000006cec                usart_rxtx_data_x
 .rodata.usart_rxtx_data
                0x0000000000006cf4        0x8 ./efm32zg_usart_IO_HAL.o
                0x0000000000006cf4                usart_rxtx_data
 .rodata.usart_rxtx_double_x
                0x0000000000006cfc        0x8 ./efm32zg_usart_IO_HAL.o
                0x0000000000006cfc                usart_rxtx_double_x
 .rodata.usart_rxtx_double
                0x0000000000006d04        0x8 ./efm32zg_usart_IO_HAL.o
                0x0000000000006d04                usart_rxtx_double
 .rodata.usart_rx_bitwidth_table
                0x0000000000006d0c       0x18 ./efm32zg_usart_IO_HAL.o
                0x0000000000006d0c                usart_rx_bitwidth_table
 .rodata.usart_tx_bitwidth_table
                0x0000000000006d24       0x18 ./efm32zg_usart_IO_HAL.o
                0x0000000000006d24                usart_tx_bitwidth_table
 .rodata.usart_config_table
                0x0000000000006d3c       0x80 ./efm32zg_usart_HAL.o
                0x0000000000006d3c                usart_config_table
 .rodata.usart_ctrl_table
                0x0000000000006dbc        0xc ./efm32zg_usart_HAL.o
                0x0000000000006dbc                usart_ctrl_table
 .rodata.usart_frame_table
                0x0000000000006dc8        0xc ./efm32zg_usart_HAL.o
                0x0000000000006dc8                usart_frame_table
 .rodata.usart_trig_ctrl_table
                0x0000000000006dd4        0xc ./efm32zg_usart_HAL.o
                0x0000000000006dd4                usart_trig_ctrl_table
 .rodata.usart_status_cmd_table
                0x0000000000006de0        0xc ./efm32zg_usart_HAL.o
                0x0000000000006de0                usart_status_cmd_table
 .rodata.usart_clkdiv_table
                0x0000000000006dec        0xc ./efm32zg_usart_HAL.o
                0x0000000000006dec                usart_clkdiv_table
 .rodata.usart_int_flag_table
                0x0000000000006df8        0xc ./efm32zg_usart_HAL.o
                0x0000000000006df8                usart_int_flag_table
 .rodata.usart_ir_ctrl_table
                0x0000000000006e04        0xc ./efm32zg_usart_HAL.o
                0x0000000000006e04                usart_ir_ctrl_table
 .rodata.usart_route_table
                0x0000000000006e10        0xc ./efm32zg_usart_HAL.o
                0x0000000000006e10                usart_route_table
 .rodata.usart_input_table
                0x0000000000006e1c        0xc ./efm32zg_usart_HAL.o
                0x0000000000006e1c                usart_input_table
 .rodata.usart_i2s_ctrl_table
                0x0000000000006e28        0xc ./efm32zg_usart_HAL.o
                0x0000000000006e28                usart_i2s_ctrl_table
 .rodata        0x0000000000006e34       0x40 /srv/code/toolchains/gnu_arm/7.2_2017q4/bin/../lib/gcc/arm-none-eabi/7.2.1/thumb/v6-m/libgcc.a(muldf3.o)
 .rodata._global_impure_ptr
                0x0000000000006e74        0x4 /srv/code/toolchains/gnu_arm/7.2_2017q4/bin/../lib/gcc/arm-none-eabi/7.2.1/../../../../arm-none-eabi/lib/thumb/v6-m/libc_nano.a(lib_a-impure.o)
                0x0000000000006e74                _global_impure_ptr
 *(.eh_frame*)
 .eh_frame      0x0000000000006e78        0x0 /srv/code/toolchains/gnu_arm/7.2_2017q4/bin/../lib/gcc/arm-none-eabi/7.2.1/thumb/v6-m/crtbegin.o
 .eh_frame      0x0000000000006e78        0x4 /srv/code/toolchains/gnu_arm/7.2_2017q4/bin/../lib/gcc/arm-none-eabi/7.2.1/thumb/v6-m/crtend.o

.glue_7         0x0000000000006e7c        0x0
 .glue_7        0x0000000000006e7c        0x0 linker stubs

.glue_7t        0x0000000000006e7c        0x0
 .glue_7t       0x0000000000006e7c        0x0 linker stubs

.vfp11_veneer   0x0000000000006e7c        0x0
 .vfp11_veneer  0x0000000000006e7c        0x0 linker stubs

.v4_bx          0x0000000000006e7c        0x0
 .v4_bx         0x0000000000006e7c        0x0 linker stubs

.iplt           0x0000000000006e7c        0x0
 .iplt          0x0000000000006e7c        0x0 /srv/code/toolchains/gnu_arm/7.2_2017q4/bin/../lib/gcc/arm-none-eabi/7.2.1/thumb/v6-m/crtbegin.o

.ARM.extab
 *(.ARM.extab* .gnu.linkonce.armextab.*)
                0x0000000000006e7c                __exidx_start = .

.ARM.exidx      0x0000000000006e7c        0x8
 *(.ARM.exidx* .gnu.linkonce.armexidx.*)
 .ARM.exidx     0x0000000000006e7c        0x8 /srv/code/toolchains/gnu_arm/7.2_2017q4/bin/../lib/gcc/arm-none-eabi/7.2.1/../../../../arm-none-eabi/lib/thumb/v6-m/crt0.o
                0x0000000000006e84                __exidx_end = .
                0x0000000000006e84                __etext = .

.rel.dyn        0x0000000000006e84        0x0
 .rel.iplt      0x0000000000006e84        0x0 /srv/code/toolchains/gnu_arm/7.2_2017q4/bin/../lib/gcc/arm-none-eabi/7.2.1/thumb/v6-m/crtbegin.o

.data           0x0000000020000000      0x958 load address 0x0000000000006e84
                0x0000000020000000                __data_start__ = .
 *(vtable)
 *(.data*)
 .data.dw_frame_ctrl_table
                0x0000000020000000        0x6 ./dw1000_types.o
                0x0000000020000000                dw_frame_ctrl_table
 *fill*         0x0000000020000006        0x2 
 .data.config_table
                0x0000000020000008       0x4c ./dw1000_types.o
                0x0000000020000008                config_table
 .data.query_table
                0x0000000020000054       0x4c ./dw1000_types.o
                0x0000000020000054                query_table
 .data.node_list_table
                0x00000000200000a0       0x14 ./dw1000_nodeMgmt.o
                0x00000000200000a0                node_list_table
 .data.cmu_periphconf
                0x00000000200000b4       0x70 ./config_efm32zg222f32.o
                0x00000000200000b4                cmu_periphconf
 .data.timer0_periphconf
                0x0000000020000124       0x5c ./config_efm32zg222f32.o
                0x0000000020000124                timer0_periphconf
 .data.usart_sync
                0x0000000020000180       0x38 ./config_efm32zg222f32.o
                0x0000000020000180                usart_sync
 .data.usart_frameconf
                0x00000000200001b8       0x40 ./config_efm32zg222f32.o
                0x00000000200001b8                usart_frameconf
 .data.gpio_data
                0x00000000200001f8       0x28 ./config_efm32zg222f32.o
                0x00000000200001f8                gpio_data
 .data.gpio_periphconf
                0x0000000020000220       0x98 ./config_efm32zg222f32.o
                0x0000000020000220                gpio_periphconf
 .data.efm32zg222f32_host
                0x00000000200002b8      0x180 ./config_efm32zg222f32.o
                0x00000000200002b8                efm32zg222f32_host
 .data.cmu      0x0000000020000438        0x4 ./efm32zg_types_HAL.o
                0x0000000020000438                cmu
 .data.usart    0x000000002000043c        0x4 ./efm32zg_types_HAL.o
                0x000000002000043c                usart
 .data.gpio     0x0000000020000440        0x4 ./efm32zg_types_HAL.o
                0x0000000020000440                gpio
 .data.timer0   0x0000000020000444        0x4 ./efm32zg_types_HAL.o
                0x0000000020000444                timer0
 .data.dw_list  0x0000000020000448      0x260 ./config_dw1000.o
                0x0000000020000448                dw_list
 .data.dw1000   0x00000000200006a8       0xa0 ./config_dw1000.o
                0x00000000200006a8                dw1000
 .data.dw_ts_handler_table
                0x0000000020000748       0x1c ./dw1000_tofCalcs.o
                0x0000000020000748                dw_ts_handler_table
 .data.dw_decode_build_table
                0x0000000020000764        0xc ./dw1000_adaptor.o
                0x0000000020000764                dw_decode_build_table
 .data.pan_id_index_table
                0x0000000020000770        0x3 ./dw1000_decodeMAC.o
                0x0000000020000770                pan_id_index_table
 *fill*         0x0000000020000773        0x1 
 .data.dest_addr_index_table
                0x0000000020000774        0x3 ./dw1000_decodeMAC.o
                0x0000000020000774                dest_addr_index_table
 *fill*         0x0000000020000777        0x1 
 .data.src_addr_index_table
                0x0000000020000778        0x3 ./dw1000_decodeMAC.o
                0x0000000020000778                src_addr_index_table
 *fill*         0x000000002000077b        0x1 
 .data.msg_index_table
                0x000000002000077c        0x3 ./dw1000_decodeMAC.o
                0x000000002000077c                msg_index_table
 *fill*         0x000000002000077f        0x1 
 .data.fn_code_index_table
                0x0000000020000780        0x3 ./dw1000_decodeMAC.o
                0x0000000020000780                fn_code_index_table
 *fill*         0x0000000020000783        0x1 
 .data.poll_resp_final_handler_table
                0x0000000020000784        0xc ./dw1000_decodeMAC.o
                0x0000000020000784                poll_resp_final_handler_table
 .data.frame_len_table
                0x0000000020000790        0x3 ./dw1000_decodeMAC.o
                0x0000000020000790                frame_len_table
 *fill*         0x0000000020000793        0x1 
 .data.timer_ctrl_table
                0x0000000020000794        0xc ./efm32zg_timer_HAL.o
                0x0000000020000794                timer_ctrl_table
 .data.timer_ien_table
                0x00000000200007a0        0xc ./efm32zg_timer_HAL.o
                0x00000000200007a0                timer_ien_table
 .data.timer_ifrsc_table
                0x00000000200007ac        0xc ./efm32zg_timer_HAL.o
                0x00000000200007ac                timer_ifrsc_table
 .data.timer_top_table
                0x00000000200007b8        0xc ./efm32zg_timer_HAL.o
                0x00000000200007b8                timer_top_table
 .data.timer_topb_table
                0x00000000200007c4        0xc ./efm32zg_timer_HAL.o
                0x00000000200007c4                timer_topb_table
 .data.timer_cnt_table
                0x00000000200007d0        0xc ./efm32zg_timer_HAL.o
                0x00000000200007d0                timer_cnt_table
 .data.timer_route_table
                0x00000000200007dc        0xc ./efm32zg_timer_HAL.o
                0x00000000200007dc                timer_route_table
 .data.timer_cc0_ctrl_table
                0x00000000200007e8        0xc ./efm32zg_timer_HAL.o
                0x00000000200007e8                timer_cc0_ctrl_table
 .data.timer_cc0_ccv_table
                0x00000000200007f4        0xc ./efm32zg_timer_HAL.o
                0x00000000200007f4                timer_cc0_ccv_table
 .data.timer_cc0_ccvb_table
                0x0000000020000800        0xc ./efm32zg_timer_HAL.o
                0x0000000020000800                timer_cc0_ccvb_table
 .data.timer_cc1_ctrl_table
                0x000000002000080c        0xc ./efm32zg_timer_HAL.o
                0x000000002000080c                timer_cc1_ctrl_table
 .data.timer_cc1_ccv_table
                0x0000000020000818        0xc ./efm32zg_timer_HAL.o
                0x0000000020000818                timer_cc1_ccv_table
 .data.timer_cc1_ccvb_table
                0x0000000020000824        0xc ./efm32zg_timer_HAL.o
                0x0000000020000824                timer_cc1_ccvb_table
 .data.timer_cc2_ctrl_table
                0x0000000020000830        0xc ./efm32zg_timer_HAL.o
                0x0000000020000830                timer_cc2_ctrl_table
 .data.timer_cc2_ccv_table
                0x000000002000083c        0xc ./efm32zg_timer_HAL.o
                0x000000002000083c                timer_cc2_ccv_table
 .data.timer_cc2_ccvb_table
                0x0000000020000848        0xc ./efm32zg_timer_HAL.o
                0x0000000020000848                timer_cc2_ccvb_table
 .data.timer_cc0_ccvp_table
                0x0000000020000854        0x4 ./efm32zg_timer_HAL.o
                0x0000000020000854                timer_cc0_ccvp_table
 .data.timer_cc1_ccvp_table
                0x0000000020000858        0x4 ./efm32zg_timer_HAL.o
                0x0000000020000858                timer_cc1_ccvp_table
 .data.timer_cc2_ccvp_table
                0x000000002000085c        0x4 ./efm32zg_timer_HAL.o
                0x000000002000085c                timer_cc2_ccvp_table
 .data.timer_cmd_table
                0x0000000020000860        0x4 ./efm32zg_timer_HAL.o
                0x0000000020000860                timer_cmd_table
 .data.timer_status_table
                0x0000000020000864        0x4 ./efm32zg_timer_HAL.o
                0x0000000020000864                timer_status_table
 .data.dw_config_query_table
                0x0000000020000868        0xc ./dw1000_buildMAC.o
                0x0000000020000868                dw_config_query_table
 .data.dw_rw_bool_table
                0x0000000020000874        0x3 ./dw1000_buildMAC.o
                0x0000000020000874                dw_rw_bool_table
 *fill*         0x0000000020000877        0x1 
 .data.dw_reg_addr_table
                0x0000000020000878       0x27 ./dw1000_buildMAC.o
                0x0000000020000878                dw_reg_addr_table
 *fill*         0x000000002000089f        0x1 
 .data.sub_addr_bool_table
                0x00000000200008a0       0x27 ./dw1000_buildMAC.o
                0x00000000200008a0                sub_addr_bool_table
 *fill*         0x00000000200008c7        0x1 
 .data.ext_addr_bool_table
                0x00000000200008c8       0x27 ./dw1000_buildMAC.o
                0x00000000200008c8                ext_addr_bool_table
 *fill*         0x00000000200008ef        0x1 
 .data.impure_data
                0x00000000200008f0       0x60 /srv/code/toolchains/gnu_arm/7.2_2017q4/bin/../lib/gcc/arm-none-eabi/7.2.1/../../../../arm-none-eabi/lib/thumb/v6-m/libc_nano.a(lib_a-impure.o)
                0x0000000020000950                . = ALIGN (0x4)
 *(.ram)
                0x0000000020000950                . = ALIGN (0x4)
                0x0000000020000950                PROVIDE (__preinit_array_start, .)
 *(.preinit_array)
                0x0000000020000950                PROVIDE (__preinit_array_end, .)
                0x0000000020000950                . = ALIGN (0x4)
                0x0000000020000950                PROVIDE (__init_array_start, .)
 *(SORT_BY_NAME(.init_array.*))
 *(.init_array)
 .init_array    0x0000000020000950        0x4 /srv/code/toolchains/gnu_arm/7.2_2017q4/bin/../lib/gcc/arm-none-eabi/7.2.1/thumb/v6-m/crtbegin.o
                0x0000000020000954                PROVIDE (__init_array_end, .)
                0x0000000020000954                . = ALIGN (0x4)
                [!provide]                        PROVIDE (__fini_array_start, .)
 *(SORT_BY_NAME(.fini_array.*))
 *(.fini_array)
 .fini_array    0x0000000020000954        0x4 /srv/code/toolchains/gnu_arm/7.2_2017q4/bin/../lib/gcc/arm-none-eabi/7.2.1/thumb/v6-m/crtbegin.o
                [!provide]                        PROVIDE (__fini_array_end, .)
 *(.jcr*)
                0x0000000020000958                . = ALIGN (0x4)
                0x0000000020000958                __data_end__ = .

.igot.plt       0x0000000020000958        0x0 load address 0x00000000000077dc
 .igot.plt      0x0000000020000958        0x0 /srv/code/toolchains/gnu_arm/7.2_2017q4/bin/../lib/gcc/arm-none-eabi/7.2.1/thumb/v6-m/crtbegin.o

.bss            0x0000000020000958      0x1cc load address 0x00000000000077dc
                0x0000000020000958                . = ALIGN (0x4)
                0x0000000020000958                __bss_start__ = .
 *(.bss*)
 .bss           0x0000000020000958       0x1c /srv/code/toolchains/gnu_arm/7.2_2017q4/bin/../lib/gcc/arm-none-eabi/7.2.1/thumb/v6-m/crtbegin.o
 .bss.config_table_reg_id_table
                0x0000000020000974       0x48 ./dw1000_types.o
                0x0000000020000974                config_table_reg_id_table
 .bss.query_table_reg_id_table
                0x00000000200009bc       0x48 ./dw1000_types.o
                0x00000000200009bc                query_table_reg_id_table
 .bss.frame_index
                0x0000000020000a04        0xc ./dw1000_decodeMAC.o
 *(COMMON)
 COMMON         0x0000000020000a10        0x8 ./efm32zg_app.o
                0x0000000020000a10                timer0_ms_ticks
                0x0000000020000a12                timer1_us_ticks
                0x0000000020000a14                timer0_us_ticks
                0x0000000020000a16                timer1_ms_ticks
 COMMON         0x0000000020000a18       0x46 ./config_efm32zg222f32.o
                0x0000000020000a18                usart_data
                0x0000000020000a40                usart_status
                0x0000000020000a50                usart_error
 *fill*         0x0000000020000a5e        0x2 
 COMMON         0x0000000020000a60       0xc4 ./config_dw1000.o
                0x0000000020000a60                dw_devconf
                0x0000000020000b24                . = ALIGN (0x4)
                0x0000000020000b24                __bss_end__ = .

.heap           0x0000000020000b28        0x0
                0x0000000020000b28                __HeapBase = .
                0x0000000020000b28                __end__ = .
                0x0000000020000b28                end = __end__
                0x0000000020000b28                _end = __end__
 *(.heap*)
 .heap          0x0000000020000b28        0x0 ./startup_efm32zg.o
                0x0000000020000b28                __HeapLimit = .

.stack_dummy    0x0000000020000b28      0x400
 *(.stack*)
 .stack         0x0000000020000b28      0x400 ./startup_efm32zg.o
                0x0000000020001000                __StackTop = (ORIGIN (RAM) + LENGTH (RAM))
                0x0000000020000c00                __StackLimit = (__StackTop - SIZEOF (.stack_dummy))
                0x0000000020001000                PROVIDE (__stack, __StackTop)
                0x0000000000000001                ASSERT ((__StackLimit >= __HeapLimit), region RAM overflowed with stack)
                0x0000000000000001                ASSERT ((LENGTH (FLASH) >= (__etext + SIZEOF (.data))), FLASH memory overflowed !)
OUTPUT(spongecake.axf elf32-littlearm)

.ARM.attributes
                0x0000000000000000       0x28
 .ARM.attributes
                0x0000000000000000       0x1e /srv/code/toolchains/gnu_arm/7.2_2017q4/bin/../lib/gcc/arm-none-eabi/7.2.1/thumb/v6-m/crti.o
 .ARM.attributes
                0x000000000000001e       0x2c /srv/code/toolchains/gnu_arm/7.2_2017q4/bin/../lib/gcc/arm-none-eabi/7.2.1/thumb/v6-m/crtbegin.o
 .ARM.attributes
                0x000000000000004a       0x1b /srv/code/toolchains/gnu_arm/7.2_2017q4/bin/../lib/gcc/arm-none-eabi/7.2.1/../../../../arm-none-eabi/lib/thumb/v6-m/crt0.o
 .ARM.attributes
                0x0000000000000065       0x32 ./dw1000_types.o
 .ARM.attributes
                0x0000000000000097       0x32 ./dw1000_nodeMgmt.o
 .ARM.attributes
                0x00000000000000c9       0x1b ./startup_efm32zg.o
 .ARM.attributes
                0x00000000000000e4       0x32 ./efm32zg_app.o
 .ARM.attributes
                0x0000000000000116       0x32 ./mpi_usart.o
 .ARM.attributes
                0x0000000000000148       0x32 ./mpi_ext_dev.o
 .ARM.attributes
                0x000000000000017a       0x32 ./config_efm32zg222f32.o
 .ARM.attributes
                0x00000000000001ac       0x32 ./mpi_cmu.o
 .ARM.attributes
                0x00000000000001de       0x32 ./efm32zg_types_HAL.o
 .ARM.attributes
                0x0000000000000210       0x32 ./config_dw1000.o
 .ARM.attributes
                0x0000000000000242       0x32 ./dw1000_commRxTx.o
 .ARM.attributes
                0x0000000000000274       0x32 ./efm32zg_gpio_HAL.o
 .ARM.attributes
                0x00000000000002a6       0x32 ./dw1000_tofCalcs.o
 .ARM.attributes
                0x00000000000002d8       0x32 ./efm32zg_gpio_IO_HAL.o
 .ARM.attributes
                0x000000000000030a       0x32 ./mpi_gpio.o
 .ARM.attributes
                0x000000000000033c       0x32 ./efm32zg222f32_adaptor.o
 .ARM.attributes
                0x000000000000036e       0x32 ./system_efm32zg.o
 .ARM.attributes
                0x00000000000003a0       0x32 ./dw1000_adaptor.o
 .ARM.attributes
                0x00000000000003d2       0x32 ./dw1000_decodeMAC.o
 .ARM.attributes
                0x0000000000000404       0x32 ./efm32zg_timer_HAL.o
 .ARM.attributes
                0x0000000000000436       0x32 ./main.o
 .ARM.attributes
                0x0000000000000468       0x32 ./dw1000_buildMAC.o
 .ARM.attributes
                0x000000000000049a       0x32 ./efm32zg_cmu_HAL.o
 .ARM.attributes
                0x00000000000004cc       0x32 ./efm32zg_usart_IO_HAL.o
 .ARM.attributes
                0x00000000000004fe       0x32 ./efm32zg_interrupts_HAL.o
 .ARM.attributes
                0x0000000000000530       0x32 ./efm32zg_usart_HAL.o
 .ARM.attributes
                0x0000000000000562       0x32 ./mpi_timer.o
 .ARM.attributes
                0x0000000000000594       0x1e /srv/code/toolchains/gnu_arm/7.2_2017q4/bin/../lib/gcc/arm-none-eabi/7.2.1/thumb/v6-m/libgcc.a(_udivsi3.o)
 .ARM.attributes
                0x00000000000005b2       0x1e /srv/code/toolchains/gnu_arm/7.2_2017q4/bin/../lib/gcc/arm-none-eabi/7.2.1/thumb/v6-m/libgcc.a(_dvmd_tls.o)
 .ARM.attributes
                0x00000000000005d0       0x1e /srv/code/toolchains/gnu_arm/7.2_2017q4/bin/../lib/gcc/arm-none-eabi/7.2.1/thumb/v6-m/libgcc.a(_arm_cmpsf2.o)
 .ARM.attributes
                0x00000000000005ee       0x2c /srv/code/toolchains/gnu_arm/7.2_2017q4/bin/../lib/gcc/arm-none-eabi/7.2.1/thumb/v6-m/libgcc.a(eqsf2.o)
 .ARM.attributes
                0x000000000000061a       0x2c /srv/code/toolchains/gnu_arm/7.2_2017q4/bin/../lib/gcc/arm-none-eabi/7.2.1/thumb/v6-m/libgcc.a(gesf2.o)
 .ARM.attributes
                0x0000000000000646       0x2c /srv/code/toolchains/gnu_arm/7.2_2017q4/bin/../lib/gcc/arm-none-eabi/7.2.1/thumb/v6-m/libgcc.a(lesf2.o)
 .ARM.attributes
                0x0000000000000672       0x2c /srv/code/toolchains/gnu_arm/7.2_2017q4/bin/../lib/gcc/arm-none-eabi/7.2.1/thumb/v6-m/libgcc.a(muldf3.o)
 .ARM.attributes
                0x000000000000069e       0x2c /srv/code/toolchains/gnu_arm/7.2_2017q4/bin/../lib/gcc/arm-none-eabi/7.2.1/thumb/v6-m/libgcc.a(floatunsidf.o)
 .ARM.attributes
                0x00000000000006ca       0x2c /srv/code/toolchains/gnu_arm/7.2_2017q4/bin/../lib/gcc/arm-none-eabi/7.2.1/thumb/v6-m/libgcc.a(truncdfsf2.o)
 .ARM.attributes
                0x00000000000006f6       0x1e /srv/code/toolchains/gnu_arm/7.2_2017q4/bin/../lib/gcc/arm-none-eabi/7.2.1/thumb/v6-m/libgcc.a(_clzsi2.o)
 .ARM.attributes